# cwd=/home/lichenhang/lee/thesis/check/lee/duckdb-dev
# cmd=/home/lichenhang/lee/thesis/check/lee/duckdb-dev/build/release/duckdb /home/lichenhang/lee/thesis/check/lee/duckdb-dev/tpch_sf10.db -c PRAGMA bm_tpch(10);

================================================================
  TPC-H Q10 Benchmark — DDC vs WAH vs CRoaring vs EWAH (SF10)
  OR orderdate days 639..730 (92 bitmaps)
  Then AND returnflag='R' (index 2) -> aggregate revenue per c_custkey -> Top-20
  TPC-H params: o_orderdate [1993-10-01, 1994-01-01), l_returnflag = 'R'
  Bitmap dirs:
    orderdate: tpch_q5_ddc  returnflag: tpch_q1_ddc
    orderdate: tpch_q5_croaring  returnflag: tpch_q1_croaring
    orderdate: tpch_q5_wah  returnflag: tpch_q1_wah
    orderdate: tpch_q5_ewah  returnflag: tpch_q1_ewah
  Iterations: 10 (first 2 = warm-up)
================================================================

[Side-load] nation: 25 rows in 0.304 ms
[Side-load] customer: 1500000 rows (max_custkey=1500000) in 692.993 ms
[Side-load] orders:   15000000 rows (max_orderkey=60000000; flat vector 457 MiB) in 333.797 ms
[Pre-load] lineitem:  59986052 rows (l_orderkey, l_extendedprice, l_discount) in 528.235 ms

[Load] Loading bitmaps (mode=ALL)...
  WAH load:      12.988 ms
  DDC load:   70.495 ms
  CRoaring load: 19.243 ms
  CRR load:      31.376 ms
  EWAH load:     10.124 ms
  Bitset load:   375.387 ms (shared by BS / BSA)
  Concise load:  161.967 ms
  WAH      on disk: 605.12 MiB (q5+q1)
  DDC   on disk: 952.21 MiB (q5+q1)
  CRoaring on disk: 300.05 MiB (q5+q1, shared by CR / CRR)
  EWAH     on disk: 1153.46 MiB (q5+q1)
  Bitset in mem:    665.04 MiB (rebuilt from CRoaring at load)
  Concise in mem:   11.58 MiB (rebuilt from CRoaring at load)

--- Iteration 1/10 (warm-up) ---
  CB:   OR=12.75  AND+Agg=41.87  TopK=5.05  Total=59.67  rows=1147084
  CR:   OR=58.04  AND+Agg=51.85  TopK=5.06  Total=114.95  rows=1147084
  CRR:  OR=7.88  AND+Agg=50.98  TopK=5.04  Total=63.90  rows=1147084
  WAH:  OR=2.92  AND+Agg=72.37  TopK=5.05  Total=80.34  rows=1147084
  EW:   OR=69.24  AND+Agg=54.61  TopK=5.04  Total=128.88  rows=1147084
  BS:   OR=94.31  AND+Agg=29.10  TopK=5.10  Total=128.51  rows=1147084
  BSA:  OR=60.67  AND+Agg=28.40  TopK=5.10  Total=94.17  rows=1147084
  CON:  OR=91.18  AND+Agg=82.68  TopK=5.16  Total=179.02  rows=1147084

--- Iteration 2/10 (warm-up) ---
  CB:   OR=13.85  AND+Agg=40.84  TopK=5.03  Total=59.72  rows=1147084
  CR:   OR=57.93  AND+Agg=49.41  TopK=5.11  Total=112.46  rows=1147084
  CRR:  OR=7.81  AND+Agg=48.60  TopK=5.06  Total=61.47  rows=1147084
  WAH:  OR=3.11  AND+Agg=69.08  TopK=5.08  Total=77.27  rows=1147084
  EW:   OR=66.97  AND+Agg=52.96  TopK=5.04  Total=124.97  rows=1147084
  BS:   OR=94.93  AND+Agg=28.86  TopK=5.07  Total=128.86  rows=1147084
  BSA:  OR=60.95  AND+Agg=27.84  TopK=5.12  Total=93.91  rows=1147084
  CON:  OR=91.29  AND+Agg=78.01  TopK=5.02  Total=174.31  rows=1147084

--- Iteration 3/10 ---
  CB:   OR=13.86  AND+Agg=40.15  TopK=5.02  Total=59.02  rows=1147084
  CR:   OR=58.02  AND+Agg=49.62  TopK=5.03  Total=112.67  rows=1147084
  CRR:  OR=7.81  AND+Agg=48.85  TopK=5.09  Total=61.76  rows=1147084
  WAH:  OR=2.79  AND+Agg=68.01  TopK=5.07  Total=75.87  rows=1147084
  EW:   OR=80.97  AND+Agg=52.12  TopK=5.07  Total=138.16  rows=1147084
  BS:   OR=94.46  AND+Agg=27.46  TopK=5.06  Total=126.97  rows=1147084
  BSA:  OR=60.90  AND+Agg=26.99  TopK=5.03  Total=92.92  rows=1147084
  CON:  OR=91.22  AND+Agg=76.19  TopK=5.05  Total=172.47  rows=1147084

--- Iteration 4/10 ---
  CB:   OR=13.80  AND+Agg=39.11  TopK=5.08  Total=57.99  rows=1147084
  CR:   OR=58.06  AND+Agg=48.33  TopK=5.07  Total=111.45  rows=1147084
  CRR:  OR=7.82  AND+Agg=47.60  TopK=5.04  Total=60.46  rows=1147084
  WAH:  OR=3.11  AND+Agg=68.37  TopK=5.04  Total=76.53  rows=1147084
  EW:   OR=66.70  AND+Agg=51.65  TopK=5.04  Total=123.39  rows=1147084
  BS:   OR=94.38  AND+Agg=26.90  TopK=5.04  Total=126.33  rows=1147084
  BSA:  OR=60.74  AND+Agg=26.53  TopK=5.09  Total=92.36  rows=1147084
  CON:  OR=91.23  AND+Agg=74.92  TopK=5.04  Total=171.19  rows=1147084

--- Iteration 5/10 ---
  CB:   OR=14.49  AND+Agg=38.54  TopK=5.06  Total=58.10  rows=1147084
  CR:   OR=58.17  AND+Agg=48.92  TopK=5.09  Total=112.18  rows=1147084
  CRR:  OR=7.92  AND+Agg=47.86  TopK=5.08  Total=60.87  rows=1147084
  WAH:  OR=3.18  AND+Agg=68.42  TopK=5.05  Total=76.65  rows=1147084
  EW:   OR=67.70  AND+Agg=51.63  TopK=5.02  Total=124.35  rows=1147084
  BS:   OR=92.15  AND+Agg=27.02  TopK=5.03  Total=124.20  rows=1147084
  BSA:  OR=60.53  AND+Agg=26.64  TopK=5.00  Total=92.18  rows=1147084
  CON:  OR=88.91  AND+Agg=75.44  TopK=5.03  Total=169.38  rows=1147084

--- Iteration 6/10 ---
  CB:   OR=12.82  AND+Agg=38.06  TopK=5.04  Total=55.92  rows=1147084
  CR:   OR=58.35  AND+Agg=47.71  TopK=5.06  Total=111.11  rows=1147084
  CRR:  OR=7.96  AND+Agg=48.19  TopK=5.08  Total=61.23  rows=1147084
  WAH:  OR=3.39  AND+Agg=68.76  TopK=5.04  Total=77.19  rows=1147084
  EW:   OR=63.75  AND+Agg=52.33  TopK=5.03  Total=121.11  rows=1147084
  BS:   OR=91.52  AND+Agg=27.20  TopK=5.01  Total=123.73  rows=1147084
  BSA:  OR=60.59  AND+Agg=27.03  TopK=5.05  Total=92.68  rows=1147084
  CON:  OR=88.72  AND+Agg=75.30  TopK=5.02  Total=169.05  rows=1147084

--- Iteration 7/10 ---
  CB:   OR=12.93  AND+Agg=38.89  TopK=5.05  Total=56.87  rows=1147084
  CR:   OR=58.12  AND+Agg=48.11  TopK=5.03  Total=111.26  rows=1147084
  CRR:  OR=7.82  AND+Agg=47.52  TopK=5.03  Total=60.37  rows=1147084
  WAH:  OR=3.15  AND+Agg=67.62  TopK=5.06  Total=75.83  rows=1147084
  EW:   OR=63.49  AND+Agg=51.39  TopK=5.02  Total=119.90  rows=1147084
  BS:   OR=92.50  AND+Agg=27.37  TopK=5.02  Total=124.90  rows=1147084
  BSA:  OR=60.66  AND+Agg=26.96  TopK=5.10  Total=92.73  rows=1147084
  CON:  OR=88.85  AND+Agg=75.16  TopK=5.03  Total=169.04  rows=1147084

--- Iteration 8/10 ---
  CB:   OR=13.10  AND+Agg=38.62  TopK=5.05  Total=56.77  rows=1147084
  CR:   OR=58.08  AND+Agg=47.43  TopK=5.04  Total=110.55  rows=1147084
  CRR:  OR=7.87  AND+Agg=47.06  TopK=5.06  Total=60.00  rows=1147084
  WAH:  OR=3.10  AND+Agg=65.52  TopK=5.02  Total=73.64  rows=1147084
  EW:   OR=63.65  AND+Agg=49.94  TopK=5.02  Total=118.62  rows=1147084
  BS:   OR=92.15  AND+Agg=26.65  TopK=5.00  Total=123.80  rows=1147084
  BSA:  OR=60.73  AND+Agg=27.16  TopK=5.04  Total=92.93  rows=1147084
  CON:  OR=89.01  AND+Agg=75.73  TopK=5.02  Total=169.77  rows=1147084

--- Iteration 9/10 ---
  CB:   OR=12.90  AND+Agg=38.72  TopK=5.04  Total=56.66  rows=1147084
  CR:   OR=58.12  AND+Agg=47.62  TopK=5.05  Total=110.79  rows=1147084
  CRR:  OR=7.82  AND+Agg=47.17  TopK=5.07  Total=60.06  rows=1147084
  WAH:  OR=3.08  AND+Agg=67.14  TopK=5.07  Total=75.30  rows=1147084
  EW:   OR=63.51  AND+Agg=51.04  TopK=5.06  Total=119.61  rows=1147084
  BS:   OR=92.11  AND+Agg=26.76  TopK=5.01  Total=123.88  rows=1147084
  BSA:  OR=60.72  AND+Agg=26.34  TopK=5.01  Total=92.08  rows=1147084
  CON:  OR=88.99  AND+Agg=74.88  TopK=5.03  Total=168.89  rows=1147084

--- Iteration 10/10 ---
  CB:   OR=12.87  AND+Agg=38.40  TopK=5.15  Total=56.42  rows=1147084
  CR:   OR=58.12  AND+Agg=47.59  TopK=5.03  Total=110.73  rows=1147084
  CRR:  OR=7.84  AND+Agg=46.86  TopK=5.11  Total=59.81  rows=1147084
  WAH:  OR=3.14  AND+Agg=67.24  TopK=5.06  Total=75.44  rows=1147084
  EW:   OR=63.64  AND+Agg=51.41  TopK=4.99  Total=120.04  rows=1147084
  BS:   OR=92.07  AND+Agg=26.85  TopK=5.02  Total=123.94  rows=1147084
  BSA:  OR=60.73  AND+Agg=26.47  TopK=5.11  Total=92.31  rows=1147084
  CON:  OR=89.00  AND+Agg=74.33  TopK=5.03  Total=168.36  rows=1147084

[Baseline] DuckDB native SQL Top-20  (single run: 1887.17 ms)
[OK] all active backends match DuckDB SQL ground truth (Top-20, revenue within 0.01).

  Q10 Top-20 (revenue = SUM(l_extendedprice * (1 - l_discount)), sorted DESC, source=DDC):
  c_custkey c_name                         revenue     c_acctbal  n_name          c_address                                 c_phone            c_comment
  1237537   Customer#001237537         884989.6657     7840.1700  RUSSIA          mdkU4LpZECCtt20RHa76sA6b4WC               32-367-120-4327    yly regular accounts boost. requests need to nag evenly
  1116802   Customer#001116802         830214.1117      772.1700  JORDAN          iBka7YijCCLApX1f 8 sKp 5ldP               23-199-655-3770    y carefully regular deposits. packages nod ironic packages
  508954    Customer#000508954         826167.5138     3072.0700  ETHIOPIA        tKQLmGq3MOqXiTmNZQRp                      15-880-510-9487    t the quickly pending deposits. carefully express dependencies detect. blithely regular
  1487503   Customer#001487503         825996.5903     5398.1100  IRAN            D tOJIC0rcVO                              20-271-234-4401    ithely quiet deposits about the slyly final dolphins hinder carefully about the slyly ironic accounts. carefully ir
  1461247   Customer#001461247         775992.0820     3205.9300  SAUDI ARABIA    Ia1gHwdAyyFo,pCKhCkqX6                    30-137-949-5375    beans. furiously ironic realms after the slyly ironic sentiments are requests. courts was carefully about t
  1316338   Customer#001316338         765063.7003     8682.9500  INDIA           QLsXlkrrAQ7fz5TDIoDUVsUMsH1pBOG           18-793-610-3832    olites sleep furiously ironic instructions. final, final ideas wake carefully after the slyly iron
  817849    Customer#000817849         737664.7232     -380.3000  MOROCCO         UKsTjQdC5d9PwYXz u                        25-111-847-3201    ts after the slyly regular excuses wake pending accounts. deposits wake? carefully ironic foxes wa
  1335394   Customer#001335394         731259.8675     3978.5300  VIETNAM         FNdEi9tP 5eQib8C                          31-760-271-2302    ly ironic, final foxes. slyly bold instructions 
  102358    Customer#000102358         715001.8825     3564.9000  BRAZIL          3BnBw0 bZWmVue6bPGn513kOeitBl5VHj         12-941-212-8350     furiously furiously dogged deposits. regular accounts are furiously furiously pending instructions. carefu
  1432624   Customer#001432624         713512.6431      205.0800  FRANCE          e7o5TBwh,bLO6flPI05Nrp0,1Q8m19ODDs0       16-550-232-2774    y ironic packages. slyly silent instructions cajole about the a
  160528    Customer#000160528         710673.3317     3425.5200  INDONESIA       VrYJ,qyK75m PkPLTQT7KocfwMwPYQTlcEYBz     19-670-600-6340    blithely even deposits sleep until the even accounts
  1345237   Customer#001345237         707735.5745     6905.2200  FRANCE          QJxZWEukcxoDYlFOgUGIOuGay                 16-133-279-4001    symptotes integrate according to the sl
  839816    Customer#000839816         705643.2854     2110.2500  UNITED STATES   r9c CDy,MgOouA                            34-453-282-7925    sly sly pinto beans wake quickly slyly final packages. express deposit
  1136716   Customer#001136716         695043.5606     5886.0100  CHINA           yqiALHYT6gaiip1g6wgnM6ctJ                 28-729-762-5783    out the fluffily pending requests. furiously ironic forges integrate. quickly bold theod
  1439413   Customer#001439413         690161.9783     8808.6500  ETHIOPIA        5vMec8OoAWrStjng                          15-432-961-8772    boost across the regular, ironic packages. final instructions 
  1392475   Customer#001392475         685464.4086      593.2600  SAUDI ARABIA    sbjxdO1xOzy1wBIhAOzp6b2,9sHMj8q1f         30-640-220-2095    c accounts. always final instructions boost according to the final 
  616909    Customer#000616909         684978.1044     2660.8400  EGYPT           Jg9FiC98BUWmlBb3WTN                       14-185-768-2185    s about the busy ideas affix f
  314272    Customer#000314272         682212.6365     5127.9200  UNITED STATES    LKR3R5VStcAlT4D,qGBJLWYkmJU              34-674-752-5199    ng to the slyly express instructions sleep fluffily even foxes. special id
  1472980   Customer#001472980         677765.9180     6003.3600  IRAQ            JIMreXGvswrve5rkBww                       21-506-776-4657    e. packages according to the instructions are among the even, regular th
  1486201   Customer#001486201         674878.4539     -276.9200  JORDAN          8hJKgyMlv Ay3fyNDJFvszoYd                 23-611-797-4750    es nag. silent accounts are blithely daring packages. 

================================================================
  Q10 RESULTS (8 measured iterations, median +/- stddev)
================================================================
                  CB (ms)         CR (ms)        CRR (ms)        WAH (ms)        EW (ms)
  -----------------------------------------------------------------------------------------
  OR_date        13.0120 +/- 0.5833   58.1155 +/- 0.0923    7.8305 +/- 0.0510    3.1245 +/- 0.1534   63.7000 +/- 5.6174
  AND+Agg        38.6675 +/- 0.5840   47.9085 +/- 0.7158   47.5605 +/- 0.6127   67.8170 +/- 0.9651   51.5230 +/- 0.6842
  TopK            5.0495 +/- 0.0374    5.0435 +/- 0.0197    5.0740 +/- 0.0258    5.0530 +/- 0.0161    5.0240 +/- 0.0237
  -----------------------------------------------------------------------------------------
  TOTAL          56.8165 +/- 0.9742  111.1880 +/- 0.6927   60.4140 +/- 0.6291   75.8485 +/- 1.0154  120.5730 +/- 5.9604

  CB rows:  1147084  CR rows:  1147084  CRR rows: 1147084  WAH rows: 1147084  EW rows:  1147084
================================================================


================================================================
  Q10 BASELINE BACKENDS (no compression / Concise)
================================================================
                  BS (ms)         BSA (ms)        Concise (ms)     BS vs WAH   BSA vs WAH   CON vs WAH
  ----------------------------------------------------------------------------------------------
  OR_date        92.1530 +/- 1.0412   60.7210 +/- 0.1006   88.9935 +/- 1.0065     0.0339x     0.0515x     0.0351x
  AND+Agg        26.9605 +/- 0.2729   26.8045 +/- 0.2856   75.2295 +/- 0.5321     2.5154x     2.5301x     0.9015x
  TopK            5.0185 +/- 0.0181    5.0490 +/- 0.0385    5.0270 +/- 0.0101     1.0069x     1.0008x     1.0052x
  ----------------------------------------------------------------------------------------------
  TOTAL         124.0720 +/- 1.1768   92.5215 +/- 0.3128  169.2150 +/- 1.2883     0.6113x     0.8198x     0.4482x

  BS rows:  1147084  BSA rows: 1147084  CON rows: 1147084
================================================================

  [CSV] Results written to: q10_results_SF10.csv
┌───────────┬────────────────────┬───────────────┬───────────────┬───────────────┬───────────────────────────────────────┬─────────────────┬─────────────────────────────────────────────────────────────────────────────────────────────────────────────────────┐
│ c_custkey │       c_name       │    revenue    │   c_acctbal   │    n_name     │               c_address               │     c_phone     │                                                      c_comment                                                      │
│   int64   │      varchar       │ decimal(38,4) │ decimal(15,2) │    varchar    │                varchar                │     varchar     │                                                       varchar                                                       │
├───────────┼────────────────────┼───────────────┼───────────────┼───────────────┼───────────────────────────────────────┼─────────────────┼─────────────────────────────────────────────────────────────────────────────────────────────────────────────────────┤
│   1237537 │ Customer#001237537 │   884989.6657 │       7840.17 │ RUSSIA        │ mdkU4LpZECCtt20RHa76sA6b4WC           │ 32-367-120-4327 │ yly regular accounts boost. requests need to nag evenly                                                             │
│   1116802 │ Customer#001116802 │   830214.1117 │        772.17 │ JORDAN        │ iBka7YijCCLApX1f 8 sKp 5ldP           │ 23-199-655-3770 │ y carefully regular deposits. packages nod ironic packages                                                          │
│    508954 │ Customer#000508954 │   826167.5138 │       3072.07 │ ETHIOPIA      │ tKQLmGq3MOqXiTmNZQRp                  │ 15-880-510-9487 │ t the quickly pending deposits. carefully express dependencies detect. blithely regular                             │
│   1487503 │ Customer#001487503 │   825996.5903 │       5398.11 │ IRAN          │ D tOJIC0rcVO                          │ 20-271-234-4401 │ ithely quiet deposits about the slyly final dolphins hinder carefully about the slyly ironic accounts. carefully ir │
│   1461247 │ Customer#001461247 │   775992.0820 │       3205.93 │ SAUDI ARABIA  │ Ia1gHwdAyyFo,pCKhCkqX6                │ 30-137-949-5375 │ beans. furiously ironic realms after the slyly ironic sentiments are requests. courts was carefully about t         │
│   1316338 │ Customer#001316338 │   765063.7003 │       8682.95 │ INDIA         │ QLsXlkrrAQ7fz5TDIoDUVsUMsH1pBOG       │ 18-793-610-3832 │ olites sleep furiously ironic instructions. final, final ideas wake carefully after the slyly iron                  │
│    817849 │ Customer#000817849 │   737664.7232 │       -380.30 │ MOROCCO       │ UKsTjQdC5d9PwYXz u                    │ 25-111-847-3201 │ ts after the slyly regular excuses wake pending accounts. deposits wake? carefully ironic foxes wa                  │
│   1335394 │ Customer#001335394 │   731259.8675 │       3978.53 │ VIETNAM       │ FNdEi9tP 5eQib8C                      │ 31-760-271-2302 │ ly ironic, final foxes. slyly bold instructions                                                                     │
│    102358 │ Customer#000102358 │   715001.8825 │       3564.90 │ BRAZIL        │ 3BnBw0 bZWmVue6bPGn513kOeitBl5VHj     │ 12-941-212-8350 │  furiously furiously dogged deposits. regular accounts are furiously furiously pending instructions. carefu         │
│   1432624 │ Customer#001432624 │   713512.6431 │        205.08 │ FRANCE        │ e7o5TBwh,bLO6flPI05Nrp0,1Q8m19ODDs0   │ 16-550-232-2774 │ y ironic packages. slyly silent instructions cajole about the a                                                     │
│    160528 │ Customer#000160528 │   710673.3317 │       3425.52 │ INDONESIA     │ VrYJ,qyK75m PkPLTQT7KocfwMwPYQTlcEYBz │ 19-670-600-6340 │ blithely even deposits sleep until the even accounts                                                                │
│   1345237 │ Customer#001345237 │   707735.5745 │       6905.22 │ FRANCE        │ QJxZWEukcxoDYlFOgUGIOuGay             │ 16-133-279-4001 │ symptotes integrate according to the sl                                                                             │
│    839816 │ Customer#000839816 │   705643.2854 │       2110.25 │ UNITED STATES │ r9c CDy,MgOouA                        │ 34-453-282-7925 │ sly sly pinto beans wake quickly slyly final packages. express deposit                                              │
│   1136716 │ Customer#001136716 │   695043.5606 │       5886.01 │ CHINA         │ yqiALHYT6gaiip1g6wgnM6ctJ             │ 28-729-762-5783 │ out the fluffily pending requests. furiously ironic forges integrate. quickly bold theod                            │
│   1439413 │ Customer#001439413 │   690161.9783 │       8808.65 │ ETHIOPIA      │ 5vMec8OoAWrStjng                      │ 15-432-961-8772 │ boost across the regular, ironic packages. final instructions                                                       │
│   1392475 │ Customer#001392475 │   685464.4086 │        593.26 │ SAUDI ARABIA  │ sbjxdO1xOzy1wBIhAOzp6b2,9sHMj8q1f     │ 30-640-220-2095 │ c accounts. always final instructions boost according to the final                                                  │
│    616909 │ Customer#000616909 │   684978.1044 │       2660.84 │ EGYPT         │ Jg9FiC98BUWmlBb3WTN                   │ 14-185-768-2185 │ s about the busy ideas affix f                                                                                      │
│    314272 │ Customer#000314272 │   682212.6365 │       5127.92 │ UNITED STATES │  LKR3R5VStcAlT4D,qGBJLWYkmJU          │ 34-674-752-5199 │ ng to the slyly express instructions sleep fluffily even foxes. special id                                          │
│   1472980 │ Customer#001472980 │   677765.9180 │       6003.36 │ IRAQ          │ JIMreXGvswrve5rkBww                   │ 21-506-776-4657 │ e. packages according to the instructions are among the even, regular th                                            │
│   1486201 │ Customer#001486201 │   674878.4539 │       -276.92 │ JORDAN        │ 8hJKgyMlv Ay3fyNDJFvszoYd             │ 23-611-797-4750 │ es nag. silent accounts are blithely daring packages.                                                               │
├───────────┴────────────────────┴───────────────┴───────────────┴───────────────┴───────────────────────────────────────┴─────────────────┴─────────────────────────────────────────────────────────────────────────────────────────────────────────────────────┤
│ 20 rows                                                                                                                                                                                                                                              8 columns │
└────────────────────────────────────────────────────────────────────────────────────────────────────────────────────────────────────────────────────────────────────────────────────────────────────────────────────────────────────────────────────────────────┘
  [Breakdown] DDC   L1=6.07 MiB  L2=1.36 MiB  L3=10.05 MiB  L4=0.02 MiB  total=17.51 MiB
