# cwd=/home/lichenhang/lee/thesis/check/lee/duckdb-dev
# cmd=/home/lichenhang/lee/thesis/check/lee/duckdb-dev/build/release/duckdb /home/lichenhang/lee/thesis/check/lee/duckdb-dev/tpch_sf10.db -c PRAGMA bm_tpch(12);

================================================================
  TPC-H Q12 Benchmark — ComBit vs WAH vs CRoaring vs EWAH (SF10)
  OR receiptdate days 731..1095 (365 bitmaps)
  AND commit_lt_receipt, ship_lt_commit, then per-shipmode AND + 2x popcount_and
  TPC-H params: shipmodes={MAIL, SHIP}, receiptdate [1994-01-01, 1995-01-01)
  Bitmap dirs: tpch_q12_combit tpch_q12_croaring tpch_q12_wah tpch_q12_ewah
  Iterations: 10 (first 2 = warm-up)
================================================================

[Load] Loading bitmaps (mode=ALL)...
  WAH load:      141.322 ms
  ComBit load:   363.307 ms
  CRoaring load: 80.866 ms
  CRR load:      91.671 ms
  EWAH load:     110.682 ms
  Bitset load:   1785.08 ms (shared by BS / BSA)
  Concise load:  1314.93 ms
  WAH      on disk: 111.90 MiB
  ComBit   on disk: 114.10 MiB
  CRoaring on disk: 62.88 MiB (shared by CR / CRR)
  EWAH     on disk: 176.31 MiB

--- Iteration 1/10 (warm-up) ---
  CB:   OR=92.64  AND_pred=1.95  AND+Pop=9.87  Total=104.46  MAIL=(62071,93045)  SHIP=(62426,93261)
  CR:   OR=209.09  AND_pred=10.74  AND+Pop=5.32  Total=225.16
  CRR:  OR=35.98  AND_pred=10.69  AND+Pop=5.24  Total=51.91
  WAH:  OR=40.88  AND_pred=1.46  AND+Pop=15.13  Total=57.47
  EW:   OR=880.24  AND_pred=17.14  AND+Pop=23.00  Total=920.37
  BS:   OR=370.73  AND_pred=2.02  AND+Pop=11.02  Total=383.77
  BSA:  OR=244.15  AND_pred=1.32  AND+Pop=6.26  Total=251.74
  CON:  OR=1149.05  AND_pred=61.43  AND+Pop=72.45  Total=1282.93

--- Iteration 2/10 (warm-up) ---
  CB:   OR=92.97  AND_pred=1.96  AND+Pop=6.52  Total=101.46  MAIL=(62071,93045)  SHIP=(62426,93261)
  CR:   OR=206.88  AND_pred=10.57  AND+Pop=5.35  Total=222.81
  CRR:  OR=36.13  AND_pred=10.62  AND+Pop=5.23  Total=51.99
  WAH:  OR=39.17  AND_pred=1.46  AND+Pop=14.95  Total=55.58
  EW:   OR=886.69  AND_pred=16.69  AND+Pop=22.98  Total=926.36
  BS:   OR=368.51  AND_pred=2.00  AND+Pop=11.12  Total=381.63
  BSA:  OR=240.71  AND_pred=1.32  AND+Pop=6.23  Total=248.25
  CON:  OR=1151.33  AND_pred=60.86  AND+Pop=72.49  Total=1284.68

--- Iteration 3/10 ---
  CB:   OR=93.86  AND_pred=1.95  AND+Pop=9.95  Total=105.75  MAIL=(62071,93045)  SHIP=(62426,93261)
  CR:   OR=209.66  AND_pred=10.62  AND+Pop=5.35  Total=225.63
  CRR:  OR=35.96  AND_pred=10.67  AND+Pop=5.25  Total=51.87
  WAH:  OR=41.37  AND_pred=1.46  AND+Pop=15.09  Total=57.91
  EW:   OR=886.86  AND_pred=16.64  AND+Pop=22.99  Total=926.50
  BS:   OR=368.34  AND_pred=1.99  AND+Pop=11.03  Total=381.36
  BSA:  OR=241.96  AND_pred=1.32  AND+Pop=6.57  Total=249.85
  CON:  OR=1151.52  AND_pred=61.42  AND+Pop=72.68  Total=1285.63

--- Iteration 4/10 ---
  CB:   OR=94.27  AND_pred=1.96  AND+Pop=9.96  Total=106.20  MAIL=(62071,93045)  SHIP=(62426,93261)
  CR:   OR=209.11  AND_pred=10.68  AND+Pop=5.38  Total=225.17
  CRR:  OR=35.43  AND_pred=10.66  AND+Pop=5.21  Total=51.29
  WAH:  OR=41.41  AND_pred=1.47  AND+Pop=15.07  Total=57.95
  EW:   OR=939.04  AND_pred=12.48  AND+Pop=22.07  Total=973.59
  BS:   OR=365.17  AND_pred=1.98  AND+Pop=11.06  Total=378.21
  BSA:  OR=240.61  AND_pred=1.31  AND+Pop=6.25  Total=248.18
  CON:  OR=1152.00  AND_pred=60.77  AND+Pop=72.25  Total=1285.02

--- Iteration 5/10 ---
  CB:   OR=92.91  AND_pred=1.97  AND+Pop=10.00  Total=104.88  MAIL=(62071,93045)  SHIP=(62426,93261)
  CR:   OR=209.04  AND_pred=10.68  AND+Pop=5.34  Total=225.07
  CRR:  OR=35.83  AND_pred=10.66  AND+Pop=5.24  Total=51.73
  WAH:  OR=41.31  AND_pred=1.45  AND+Pop=15.09  Total=57.84
  EW:   OR=885.15  AND_pred=16.76  AND+Pop=22.84  Total=924.75
  BS:   OR=367.64  AND_pred=2.00  AND+Pop=11.04  Total=380.69
  BSA:  OR=241.09  AND_pred=1.31  AND+Pop=6.45  Total=248.85
  CON:  OR=1152.94  AND_pred=60.49  AND+Pop=73.33  Total=1286.76

--- Iteration 6/10 ---
  CB:   OR=94.10  AND_pred=1.96  AND+Pop=10.32  Total=106.39  MAIL=(62071,93045)  SHIP=(62426,93261)
  CR:   OR=206.98  AND_pred=10.62  AND+Pop=5.36  Total=222.96
  CRR:  OR=35.27  AND_pred=10.64  AND+Pop=5.26  Total=51.17
  WAH:  OR=39.08  AND_pred=1.45  AND+Pop=14.66  Total=55.20
  EW:   OR=881.74  AND_pred=14.58  AND+Pop=22.94  Total=919.25
  BS:   OR=370.12  AND_pred=2.01  AND+Pop=11.07  Total=383.20
  BSA:  OR=240.51  AND_pred=1.31  AND+Pop=6.28  Total=248.11
  CON:  OR=1148.89  AND_pred=60.79  AND+Pop=72.47  Total=1282.15

--- Iteration 7/10 ---
  CB:   OR=93.83  AND_pred=1.96  AND+Pop=9.79  Total=105.58  MAIL=(62071,93045)  SHIP=(62426,93261)
  CR:   OR=207.37  AND_pred=10.65  AND+Pop=5.39  Total=223.40
  CRR:  OR=35.40  AND_pred=10.67  AND+Pop=5.38  Total=51.46
  WAH:  OR=39.43  AND_pred=1.47  AND+Pop=14.68  Total=55.58
  EW:   OR=879.86  AND_pred=17.11  AND+Pop=22.88  Total=919.85
  BS:   OR=369.91  AND_pred=2.00  AND+Pop=10.95  Total=382.87
  BSA:  OR=241.51  AND_pred=1.32  AND+Pop=6.34  Total=249.17
  CON:  OR=1147.12  AND_pred=60.85  AND+Pop=72.36  Total=1280.34

--- Iteration 8/10 ---
  CB:   OR=95.23  AND_pred=1.96  AND+Pop=9.34  Total=106.53  MAIL=(62071,93045)  SHIP=(62426,93261)
  CR:   OR=207.18  AND_pred=10.60  AND+Pop=5.33  Total=223.11
  CRR:  OR=35.33  AND_pred=10.72  AND+Pop=5.22  Total=51.27
  WAH:  OR=38.92  AND_pred=1.46  AND+Pop=14.62  Total=54.99
  EW:   OR=878.85  AND_pred=12.46  AND+Pop=22.02  Total=913.33
  BS:   OR=369.75  AND_pred=2.01  AND+Pop=11.68  Total=383.45
  BSA:  OR=242.39  AND_pred=1.33  AND+Pop=6.23  Total=249.94
  CON:  OR=1148.48  AND_pred=60.49  AND+Pop=72.35  Total=1281.32

--- Iteration 9/10 ---
  CB:   OR=93.01  AND_pred=1.95  AND+Pop=9.51  Total=104.47  MAIL=(62071,93045)  SHIP=(62426,93261)
  CR:   OR=207.01  AND_pred=10.62  AND+Pop=5.36  Total=223.00
  CRR:  OR=35.35  AND_pred=10.63  AND+Pop=5.23  Total=51.21
  WAH:  OR=38.95  AND_pred=1.46  AND+Pop=14.65  Total=55.06
  EW:   OR=880.26  AND_pred=12.81  AND+Pop=22.13  Total=915.20
  BS:   OR=370.01  AND_pred=2.03  AND+Pop=11.67  Total=383.71
  BSA:  OR=241.61  AND_pred=1.32  AND+Pop=6.32  Total=249.24
  CON:  OR=1149.32  AND_pred=60.26  AND+Pop=72.87  Total=1282.45

--- Iteration 10/10 ---
  CB:   OR=94.04  AND_pred=1.95  AND+Pop=9.36  Total=105.35  MAIL=(62071,93045)  SHIP=(62426,93261)
  CR:   OR=207.27  AND_pred=10.59  AND+Pop=5.34  Total=223.19
  CRR:  OR=35.40  AND_pred=10.62  AND+Pop=5.19  Total=51.21
  WAH:  OR=39.16  AND_pred=1.46  AND+Pop=15.41  Total=56.02
  EW:   OR=881.36  AND_pred=16.74  AND+Pop=22.81  Total=920.91
  BS:   OR=369.30  AND_pred=1.99  AND+Pop=10.87  Total=382.14
  BSA:  OR=241.12  AND_pred=1.33  AND+Pop=6.29  Total=248.75
  CON:  OR=1146.64  AND_pred=60.76  AND+Pop=72.80  Total=1280.19

================================================================
  Q12 Correctness Validation
================================================================

  Q12 Results (ComBit values):
  l_shipmode  high_line_count  low_line_count
  MAIL                 62071           93045
  SHIP                 62426           93261
  Consistency: ALL MATCH

[Baseline] DuckDB native SQL  (single run: 1234.99 ms)
  SQL ground truth: MAIL=(62071,93045)  SHIP=(62426,93261)
[OK] all active backends match DuckDB SQL ground truth (per-shipmode high/low counts exact).

================================================================
  Q12 RESULTS (8 measured iterations, median +/- stddev)
================================================================
                  CB (ms)         CR (ms)        CRR (ms)        WAH (ms)        EW (ms)
  -----------------------------------------------------------------------------------------
  OR_date          93.95 +/-  0.68    207.32 +/-  1.04     35.40 +/-  0.24     39.29 +/-  1.10    881.55 +/- 19.03
  AND_pred          1.96 +/-  0.01     10.62 +/-  0.03     10.66 +/-  0.03      1.46 +/-  0.01     15.61 +/-  1.97
  AND+Pop           9.87 +/-  0.33      5.35 +/-  0.02      5.23 +/-  0.06     14.88 +/-  0.28     22.83 +/-  0.40
  -----------------------------------------------------------------------------------------
  TOTAL           105.66 +/-  0.68    223.30 +/-  1.06     51.28 +/-  0.25     55.80 +/-  1.26    920.38 +/- 18.20
================================================================


================================================================
  Q12 BASELINE BACKENDS (no compression / Concise)
================================================================
                  BS (ms)         BSA (ms)        Concise (ms)     BS vs WAH   BSA vs WAH   CON vs WAH
  ----------------------------------------------------------------------------------------------
  OR_date         369.52 +/-  1.59    241.31 +/-  0.60   1149.10 +/-  2.16      0.11x      0.16x      0.03x
  AND_pred          2.00 +/-  0.02      1.32 +/-  0.01     60.76 +/-  0.32      0.73x      1.10x      0.02x
  AND+Pop          11.05 +/-  0.30      6.30 +/-  0.11     72.58 +/-  0.33      1.35x      2.36x      0.20x
  ----------------------------------------------------------------------------------------------
  TOTAL           382.51 +/-  1.72    249.01 +/-  0.64   1282.30 +/-  2.34      0.15x      0.22x      0.04x
================================================================

  [CSV] Results written to: q12_results_SF10.csv
┌────────────┬─────────────────┬────────────────┐
│ l_shipmode │ high_line_count │ low_line_count │
│  varchar   │     int128      │     int128     │
├────────────┼─────────────────┼────────────────┤
│ MAIL       │           62071 │          93045 │
│ SHIP       │           62426 │          93261 │
└────────────┴─────────────────┴────────────────┘
  [Breakdown] ComBit   L1=44.69 MiB  L2=11.42 MiB  L3=41.42 MiB  L4=0.08 MiB  total=97.62 MiB
