# cwd=/home/lichenhang/lee/thesis/check/lee/duckdb-dev
# cmd=/home/lichenhang/lee/thesis/check/lee/duckdb-dev/build/release/duckdb /home/lichenhang/lee/thesis/check/lee/duckdb-dev/tpch_sf10.db -c PRAGMA bm_tpch(15);

================================================================
  TPC-H Q15 Benchmark — 8 backends (SF10)
  OR shipdate days 1461..1551 (91 bitmaps), then per-row revenue aggregation grouped by l_suppkey
  TPC-H params: l_shipdate [1996-01-01, 1996-04-01)
  Bitmap dirs: tpch_q15_ddc tpch_q15_croaring tpch_q15_wah tpch_q15_ewah
  Iterations: 10 (first 2 = warm-up)
================================================================

[Pre-load] Streaming lineitem (suppkey, price, discount) ...
[Pre-load] 59986052 rows in 1062.11 ms  (max_suppkey=100000)

[Load] Loading shipdate bitmaps (mode=ALL)...
  WAH load:      22.191 ms
  DDC load:   78.084 ms
  CRoaring load: 9.139 ms
  CRR load:      12.036 ms
  EWAH load:     20.66 ms
  Bitset load:   317.282 ms (shared by BS / BSA)
  Concise load:  38.187 ms
  WAH      on disk: 0.00 MiB
  DDC   on disk: 0.00 MiB
  CRoaring on disk: 0.00 MiB (shared by CR / CRR)
  EWAH     on disk: 0.00 MiB

--- Iteration 1/10 (warm-up) ---
  CB:   OR=27.27  Agg=44.49  Total=71.75  max=2194132.82  ties=1
  CR:   OR=84.56  Agg=55.97  Total=140.53  max=2194132.82  ties=1
  CRR:  OR=14.27  Agg=55.78  Total=70.06  max=2194132.82  ties=1
  WAH:  OR=12.49  Agg=73.80  Total=86.29  max=2194132.82  ties=1
  EW:   OR=204.15  Agg=53.21  Total=257.36  max=2194132.82  ties=1
  BS:   OR=93.22  Agg=29.59  Total=122.81  max=2194132.82  ties=1
  BSA:  OR=60.69  Agg=29.64  Total=90.32  max=2194132.82  ties=1
  CON:  OR=248.86  Agg=60.61  Total=309.47  max=2194132.82  ties=1

--- Iteration 2/10 (warm-up) ---
  CB:   OR=24.71  Agg=44.25  Total=68.97  max=2194132.82  ties=1
  CR:   OR=82.34  Agg=56.05  Total=138.40  max=2194132.82  ties=1
  CRR:  OR=12.26  Agg=55.74  Total=68.00  max=2194132.82  ties=1
  WAH:  OR=10.48  Agg=74.31  Total=84.79  max=2194132.82  ties=1
  EW:   OR=201.22  Agg=52.77  Total=253.99  max=2194132.82  ties=1
  BS:   OR=94.27  Agg=29.49  Total=123.77  max=2194132.82  ties=1
  BSA:  OR=60.35  Agg=29.41  Total=89.76  max=2194132.82  ties=1
  CON:  OR=248.20  Agg=60.22  Total=308.43  max=2194132.82  ties=1

--- Iteration 3/10 ---
  CB:   OR=25.50  Agg=44.02  Total=69.52  max=2194132.82  ties=1
  CR:   OR=82.38  Agg=55.49  Total=137.87  max=2194132.82  ties=1
  CRR:  OR=12.19  Agg=55.18  Total=67.37  max=2194132.82  ties=1
  WAH:  OR=11.01  Agg=73.33  Total=84.34  max=2194132.82  ties=1
  EW:   OR=200.78  Agg=52.79  Total=253.57  max=2194132.82  ties=1
  BS:   OR=93.22  Agg=29.37  Total=122.59  max=2194132.82  ties=1
  BSA:  OR=60.62  Agg=29.40  Total=90.02  max=2194132.82  ties=1
  CON:  OR=248.76  Agg=59.82  Total=308.58  max=2194132.82  ties=1

--- Iteration 4/10 ---
  CB:   OR=25.30  Agg=43.81  Total=69.11  max=2194132.82  ties=1
  CR:   OR=82.65  Agg=55.69  Total=138.33  max=2194132.82  ties=1
  CRR:  OR=12.22  Agg=55.67  Total=67.90  max=2194132.82  ties=1
  WAH:  OR=11.08  Agg=73.36  Total=84.45  max=2194132.82  ties=1
  EW:   OR=201.93  Agg=52.58  Total=254.51  max=2194132.82  ties=1
  BS:   OR=93.61  Agg=29.23  Total=122.84  max=2194132.82  ties=1
  BSA:  OR=60.60  Agg=29.27  Total=89.87  max=2194132.82  ties=1
  CON:  OR=245.12  Agg=60.26  Total=305.38  max=2194132.82  ties=1

--- Iteration 5/10 ---
  CB:   OR=25.60  Agg=43.85  Total=69.45  max=2194132.82  ties=1
  CR:   OR=82.43  Agg=55.65  Total=138.08  max=2194132.82  ties=1
  CRR:  OR=12.20  Agg=55.33  Total=67.52  max=2194132.82  ties=1
  WAH:  OR=13.18  Agg=78.50  Total=91.67  max=2194132.82  ties=1
  EW:   OR=200.21  Agg=52.57  Total=252.78  max=2194132.82  ties=1
  BS:   OR=91.02  Agg=29.17  Total=120.19  max=2194132.82  ties=1
  BSA:  OR=60.53  Agg=29.14  Total=89.67  max=2194132.82  ties=1
  CON:  OR=242.66  Agg=60.15  Total=302.81  max=2194132.82  ties=1

--- Iteration 6/10 ---
  CB:   OR=24.04  Agg=43.77  Total=67.81  max=2194132.82  ties=1
  CR:   OR=82.32  Agg=55.40  Total=137.72  max=2194132.82  ties=1
  CRR:  OR=12.13  Agg=55.21  Total=67.33  max=2194132.82  ties=1
  WAH:  OR=13.31  Agg=73.18  Total=86.49  max=2194132.82  ties=1
  EW:   OR=199.90  Agg=52.45  Total=252.35  max=2194132.82  ties=1
  BS:   OR=91.42  Agg=29.10  Total=120.51  max=2194132.82  ties=1
  BSA:  OR=60.98  Agg=29.32  Total=90.30  max=2194132.82  ties=1
  CON:  OR=242.77  Agg=60.03  Total=302.79  max=2194132.82  ties=1

--- Iteration 7/10 ---
  CB:   OR=24.00  Agg=43.79  Total=67.79  max=2194132.82  ties=1
  CR:   OR=82.42  Agg=55.75  Total=138.18  max=2194132.82  ties=1
  CRR:  OR=12.20  Agg=55.29  Total=67.49  max=2194132.82  ties=1
  WAH:  OR=13.29  Agg=73.54  Total=86.83  max=2194132.82  ties=1
  EW:   OR=200.76  Agg=52.66  Total=253.42  max=2194132.82  ties=1
  BS:   OR=91.11  Agg=29.20  Total=120.31  max=2194132.82  ties=1
  BSA:  OR=60.31  Agg=29.36  Total=89.67  max=2194132.82  ties=1
  CON:  OR=242.90  Agg=60.02  Total=302.92  max=2194132.82  ties=1

--- Iteration 8/10 ---
  CB:   OR=24.59  Agg=43.67  Total=68.26  max=2194132.82  ties=1
  CR:   OR=82.41  Agg=55.33  Total=137.74  max=2194132.82  ties=1
  CRR:  OR=12.14  Agg=54.85  Total=66.99  max=2194132.82  ties=1
  WAH:  OR=13.23  Agg=73.08  Total=86.30  max=2194132.82  ties=1
  EW:   OR=200.31  Agg=65.64  Total=265.96  max=2194132.82  ties=1
  BS:   OR=91.02  Agg=29.12  Total=120.15  max=2194132.82  ties=1
  BSA:  OR=60.82  Agg=29.24  Total=90.06  max=2194132.82  ties=1
  CON:  OR=242.94  Agg=59.87  Total=302.81  max=2194132.82  ties=1

--- Iteration 9/10 ---
  CB:   OR=23.81  Agg=43.65  Total=67.46  max=2194132.82  ties=1
  CR:   OR=82.39  Agg=55.29  Total=137.68  max=2194132.82  ties=1
  CRR:  OR=12.14  Agg=55.01  Total=67.14  max=2194132.82  ties=1
  WAH:  OR=11.03  Agg=72.75  Total=83.78  max=2194132.82  ties=1
  EW:   OR=209.63  Agg=52.71  Total=262.35  max=2194132.82  ties=1
  BS:   OR=93.12  Agg=29.42  Total=122.54  max=2194132.82  ties=1
  BSA:  OR=60.73  Agg=29.34  Total=90.07  max=2194132.82  ties=1
  CON:  OR=247.81  Agg=60.20  Total=308.01  max=2194132.82  ties=1

--- Iteration 10/10 ---
  CB:   OR=25.67  Agg=43.88  Total=69.56  max=2194132.82  ties=1
  CR:   OR=82.42  Agg=55.44  Total=137.85  max=2194132.82  ties=1
  CRR:  OR=12.11  Agg=55.44  Total=67.54  max=2194132.82  ties=1
  WAH:  OR=10.98  Agg=73.60  Total=84.59  max=2194132.82  ties=1
  EW:   OR=204.58  Agg=53.25  Total=257.83  max=2194132.82  ties=1
  BS:   OR=93.59  Agg=29.54  Total=123.13  max=2194132.82  ties=1
  BSA:  OR=60.45  Agg=29.38  Total=89.83  max=2194132.82  ties=1
  CON:  OR=247.67  Agg=60.21  Total=307.88  max=2194132.82  ties=1

================================================================
  Q15 Correctness Validation
================================================================
  Q15 Result (DDC):
    max total_revenue = 2194132.82   (fp=21941328166)   ties=1
    suppkey(s): 69998
  Consistency: ALL MATCH

  Tied supplier rows (bitmap pipeline):
    69998  Supplier#000069998  total_revenue=2194132.82

[Baseline] DuckDB native SQL  (single run: 552.45 ms)
  SQL ground truth rows: 1
    69998  Supplier#000069998  total_revenue=2194132.82
[OK] all active backends match DuckDB SQL ground truth (1 row(s), revenue within 0.01).

================================================================
  Q15 RESULTS (8 measured iterations, median +/- stddev)
================================================================
  CB    OR=24.94   +/- 0.74   Agg=43.80   +/- 0.11   Total=68.68   +/- 0.83  (ms)
  CR    OR=82.41   +/- 0.09   Agg=55.47   +/- 0.16   Total=137.86  +/- 0.22  (ms)
  CRR   OR=12.16   +/- 0.04   Agg=55.25   +/- 0.24   Total=67.43   +/- 0.26  (ms)
  WAH   OR=12.13   +/- 1.11   Agg=73.35   +/- 1.75   Total=85.44   +/- 2.38  (ms)
  EW    OR=200.77  +/- 3.12   Agg=52.68   +/- 4.28   Total=254.04  +/- 4.72  (ms)
  BS    OR=92.27   +/- 1.14   Agg=29.21   +/- 0.15   Total=121.53  +/- 1.26  (ms)
  BSA   OR=60.61   +/- 0.20   Agg=29.33   +/- 0.08   Total=89.95   +/- 0.20  (ms)
  CON   OR=244.03  +/- 2.46   Agg=60.09   +/- 0.15   Total=304.15  +/- 2.47  (ms)
================================================================

  [CSV] Results written to: q15_results_SF10.csv
