# cwd=/home/lichenhang/lee/thesis/check/lee/duckdb-dev
# cmd=/home/lichenhang/lee/thesis/check/lee/duckdb-dev/build/release/duckdb /home/lichenhang/lee/thesis/check/lee/duckdb-dev/tpch_sf10.db -c PRAGMA bm_tpch(17);

================================================================
  TPC-H Q17 Benchmark — 8 backends (SF10)
  Single-bitmap two-pass aggregation over is_q17_part.
  TPC-H params: p_brand='Brand#23', p_container='MED BOX'
  Bitmap dirs: tpch_q17_combit tpch_q17_croaring tpch_q17_wah tpch_q17_ewah
  Iterations: 10 (first 2 = warm-up)
================================================================

[Pre-load] Loading 59986052 rows (partkey, quantity, extendedprice) ...
[Pre-load] 59986052 rows in 1331.93 ms  (max_partkey=2000000)

[Load] Loading is_q17_part bitmaps (mode=ALL)...
  WAH load:      0.62 ms
  ComBit load:   1.19 ms
  CRoaring load: 0.23 ms
  CRR load:      0.21 ms
  EWAH load:     0.513 ms
  Bitset load:   3.858 ms (shared by BS / BSA)
  Concise load:  1.072 ms
  WAH      on disk: 0.45 MiB
  ComBit   on disk: 0.27 MiB
  CRoaring on disk: 0.12 MiB (shared by CR / CRR)
  EWAH     on disk: 0.88 MiB

--- Iteration 1/10 (warm-up) ---
  CB:   Pass1=9.40  Pass2=3.44  Total=12.84  avg_yearly=3295493.51
  CR:   Pass1=5.54  Pass2=1.51  Total=7.04  avg_yearly=3295493.51
  CRR:  Pass1=5.27  Pass2=1.46  Total=6.73  avg_yearly=3295493.51
  WAH:  Pass1=6.53  Pass2=2.90  Total=9.43  avg_yearly=3295493.51
  EW:   Pass1=5.51  Pass2=1.50  Total=7.00  avg_yearly=3295493.51
  BS:   Pass1=6.32  Pass2=2.55  Total=8.87  avg_yearly=3295493.51
  BSA:  Pass1=6.10  Pass2=2.40  Total=8.50  avg_yearly=3295493.51
  CON:  Pass1=5.90  Pass2=1.89  Total=7.79  avg_yearly=3295493.51

--- Iteration 2/10 (warm-up) ---
  CB:   Pass1=5.43  Pass2=1.72  Total=7.15  avg_yearly=3295493.51
  CR:   Pass1=5.09  Pass2=1.38  Total=6.46  avg_yearly=3295493.51
  CRR:  Pass1=5.09  Pass2=1.36  Total=6.45  avg_yearly=3295493.51
  WAH:  Pass1=6.33  Pass2=2.72  Total=9.05  avg_yearly=3295493.51
  EW:   Pass1=5.45  Pass2=1.41  Total=6.86  avg_yearly=3295493.51
  BS:   Pass1=6.22  Pass2=2.38  Total=8.60  avg_yearly=3295493.51
  BSA:  Pass1=6.21  Pass2=2.35  Total=8.57  avg_yearly=3295493.51
  CON:  Pass1=5.86  Pass2=1.89  Total=7.75  avg_yearly=3295493.51

--- Iteration 3/10 ---
  CB:   Pass1=5.39  Pass2=1.69  Total=7.08  avg_yearly=3295493.51
  CR:   Pass1=5.03  Pass2=1.37  Total=6.40  avg_yearly=3295493.51
  CRR:  Pass1=5.09  Pass2=1.37  Total=6.46  avg_yearly=3295493.51
  WAH:  Pass1=6.38  Pass2=2.71  Total=9.09  avg_yearly=3295493.51
  EW:   Pass1=5.44  Pass2=1.41  Total=6.84  avg_yearly=3295493.51
  BS:   Pass1=6.09  Pass2=2.36  Total=8.46  avg_yearly=3295493.51
  BSA:  Pass1=6.13  Pass2=2.36  Total=8.48  avg_yearly=3295493.51
  CON:  Pass1=5.94  Pass2=1.90  Total=7.84  avg_yearly=3295493.51

--- Iteration 4/10 ---
  CB:   Pass1=5.43  Pass2=1.70  Total=7.13  avg_yearly=3295493.51
  CR:   Pass1=5.08  Pass2=1.37  Total=6.45  avg_yearly=3295493.51
  CRR:  Pass1=5.09  Pass2=1.37  Total=6.46  avg_yearly=3295493.51
  WAH:  Pass1=6.37  Pass2=2.70  Total=9.07  avg_yearly=3295493.51
  EW:   Pass1=5.43  Pass2=1.42  Total=6.84  avg_yearly=3295493.51
  BS:   Pass1=6.10  Pass2=2.36  Total=8.46  avg_yearly=3295493.51
  BSA:  Pass1=6.09  Pass2=2.37  Total=8.45  avg_yearly=3295493.51
  CON:  Pass1=5.88  Pass2=1.88  Total=7.76  avg_yearly=3295493.51

--- Iteration 5/10 ---
  CB:   Pass1=5.35  Pass2=1.70  Total=7.05  avg_yearly=3295493.51
  CR:   Pass1=5.07  Pass2=1.36  Total=6.43  avg_yearly=3295493.51
  CRR:  Pass1=5.09  Pass2=1.38  Total=6.46  avg_yearly=3295493.51
  WAH:  Pass1=6.31  Pass2=2.72  Total=9.03  avg_yearly=3295493.51
  EW:   Pass1=5.42  Pass2=1.42  Total=6.84  avg_yearly=3295493.51
  BS:   Pass1=6.16  Pass2=2.36  Total=8.52  avg_yearly=3295493.51
  BSA:  Pass1=6.09  Pass2=2.38  Total=8.46  avg_yearly=3295493.51
  CON:  Pass1=5.85  Pass2=1.88  Total=7.73  avg_yearly=3295493.51

--- Iteration 6/10 ---
  CB:   Pass1=5.37  Pass2=1.69  Total=7.06  avg_yearly=3295493.51
  CR:   Pass1=5.08  Pass2=1.38  Total=6.46  avg_yearly=3295493.51
  CRR:  Pass1=5.07  Pass2=1.37  Total=6.44  avg_yearly=3295493.51
  WAH:  Pass1=6.32  Pass2=2.71  Total=9.03  avg_yearly=3295493.51
  EW:   Pass1=5.43  Pass2=1.41  Total=6.84  avg_yearly=3295493.51
  BS:   Pass1=6.09  Pass2=2.37  Total=8.47  avg_yearly=3295493.51
  BSA:  Pass1=6.20  Pass2=2.36  Total=8.56  avg_yearly=3295493.51
  CON:  Pass1=5.87  Pass2=1.88  Total=7.75  avg_yearly=3295493.51

--- Iteration 7/10 ---
  CB:   Pass1=5.32  Pass2=1.69  Total=7.01  avg_yearly=3295493.51
  CR:   Pass1=5.08  Pass2=1.36  Total=6.44  avg_yearly=3295493.51
  CRR:  Pass1=5.10  Pass2=1.37  Total=6.47  avg_yearly=3295493.51
  WAH:  Pass1=6.35  Pass2=2.73  Total=9.08  avg_yearly=3295493.51
  EW:   Pass1=5.42  Pass2=1.42  Total=6.84  avg_yearly=3295493.51
  BS:   Pass1=6.09  Pass2=2.36  Total=8.45  avg_yearly=3295493.51
  BSA:  Pass1=6.09  Pass2=2.37  Total=8.46  avg_yearly=3295493.51
  CON:  Pass1=5.85  Pass2=1.88  Total=7.73  avg_yearly=3295493.51

--- Iteration 8/10 ---
  CB:   Pass1=5.34  Pass2=1.70  Total=7.04  avg_yearly=3295493.51
  CR:   Pass1=5.01  Pass2=1.36  Total=6.37  avg_yearly=3295493.51
  CRR:  Pass1=5.08  Pass2=1.36  Total=6.44  avg_yearly=3295493.51
  WAH:  Pass1=6.35  Pass2=2.71  Total=9.07  avg_yearly=3295493.51
  EW:   Pass1=5.43  Pass2=1.41  Total=6.84  avg_yearly=3295493.51
  BS:   Pass1=6.15  Pass2=2.36  Total=8.52  avg_yearly=3295493.51
  BSA:  Pass1=6.09  Pass2=2.36  Total=8.44  avg_yearly=3295493.51
  CON:  Pass1=5.86  Pass2=1.89  Total=7.75  avg_yearly=3295493.51

--- Iteration 9/10 ---
  CB:   Pass1=5.36  Pass2=1.69  Total=7.05  avg_yearly=3295493.51
  CR:   Pass1=4.96  Pass2=1.37  Total=6.34  avg_yearly=3295493.51
  CRR:  Pass1=5.09  Pass2=1.36  Total=6.46  avg_yearly=3295493.51
  WAH:  Pass1=6.37  Pass2=2.72  Total=9.09  avg_yearly=3295493.51
  EW:   Pass1=5.43  Pass2=1.42  Total=6.85  avg_yearly=3295493.51
  BS:   Pass1=6.10  Pass2=2.36  Total=8.46  avg_yearly=3295493.51
  BSA:  Pass1=6.09  Pass2=2.37  Total=8.46  avg_yearly=3295493.51
  CON:  Pass1=5.86  Pass2=1.89  Total=7.75  avg_yearly=3295493.51

--- Iteration 10/10 ---
  CB:   Pass1=5.39  Pass2=1.70  Total=7.09  avg_yearly=3295493.51
  CR:   Pass1=5.08  Pass2=1.38  Total=6.46  avg_yearly=3295493.51
  CRR:  Pass1=5.09  Pass2=1.38  Total=6.46  avg_yearly=3295493.51
  WAH:  Pass1=6.30  Pass2=2.71  Total=9.01  avg_yearly=3295493.51
  EW:   Pass1=5.41  Pass2=1.42  Total=6.83  avg_yearly=3295493.51
  BS:   Pass1=6.10  Pass2=2.37  Total=8.47  avg_yearly=3295493.51
  BSA:  Pass1=6.13  Pass2=2.37  Total=8.50  avg_yearly=3295493.51
  CON:  Pass1=5.86  Pass2=1.88  Total=7.74  avg_yearly=3295493.51

================================================================
  Q17 Correctness Validation
================================================================
  Q17 Result (ComBit):
    avg_yearly = 3295493.51   (sum_ep×100 = 2306845459)
  Consistency: ALL MATCH

[Baseline] DuckDB native SQL  (single run: 1276.45 ms)
  SQL ground truth:  avg_yearly = 3295493.51
[OK] all active backends match DuckDB SQL ground truth (avg_yearly within 0.00).

================================================================
  Q17 RESULTS (8 measured iterations, median +/- stddev)
================================================================
  CB    Pass1=5.37    +/- 0.03   Pass2=1.69    +/- 0.01   Total=7.06    +/- 0.03  (ms)
  CR    Pass1=5.07    +/- 0.04   Pass2=1.37    +/- 0.01   Total=6.43    +/- 0.04  (ms)
  CRR   Pass1=5.09    +/- 0.01   Pass2=1.37    +/- 0.00   Total=6.46    +/- 0.01  (ms)
  WAH   Pass1=6.35    +/- 0.03   Pass2=2.71    +/- 0.01   Total=9.07    +/- 0.03  (ms)
  EW    Pass1=5.43    +/- 0.01   Pass2=1.42    +/- 0.01   Total=6.84    +/- 0.00  (ms)
  BS    Pass1=6.10    +/- 0.03   Pass2=2.36    +/- 0.00   Total=8.47    +/- 0.03  (ms)
  BSA   Pass1=6.09    +/- 0.04   Pass2=2.37    +/- 0.01   Total=8.46    +/- 0.03  (ms)
  CON   Pass1=5.86    +/- 0.03   Pass2=1.88    +/- 0.01   Total=7.75    +/- 0.03  (ms)
================================================================

  [CSV] Results written to: q17_results_SF10.csv
┌───────────────────┐
│    avg_yearly     │
│      double       │
├───────────────────┤
│ 3295493.512857143 │
└───────────────────┘
  [Breakdown] ComBit   L1=0.06 MiB  L2=0.06 MiB  L3=0.11 MiB  L4=0.00 MiB  total=0.23 MiB
