# cwd=/home/lichenhang/lee/thesis/check/lee/duckdb-dev
# cmd=/home/lichenhang/lee/thesis/check/lee/duckdb-dev/build/release/duckdb /home/lichenhang/lee/thesis/check/lee/duckdb-dev/tpch_sf10.db -c PRAGMA bm_tpch(3);

================================================================
  TPC-H Q3 Benchmark — DDC vs WAH vs CRoaring vs EWAH (SF10)
  Complement OR shipdate days 1..1169 -> NOT -> AND join_result -> Top-10
  TPC-H params: c_mktsegment='BUILDING', date=1995-03-15
  Iterations: 10 (first 2 = warm-up)
================================================================

[Side-load] orders_meta: 1461923 qualifying orders in 397.742 ms
[Pre-load] lineitem: 59986052 rows (l_orderkey, l_extendedprice, l_discount) in 528.977 ms

[Load] Loading bitmaps (mode=ALL)...
  WAH load:      270.715 ms
  DDC load:   1030.38 ms
  CRoaring load: 131.413 ms
  CRR load:      167.788 ms
  EWAH load:     245.156 ms
  Bitset load:   4019.58 ms (shared by BS / BSA)
  Concise load:  801.198 ms (incl. universe build)

--- Iteration 1/10 (warm-up) ---
  CB:   OR=283.78  NOT=4.147  AND=0.709  Agg=35.99  Total=324.628  rows=302114
  CR:   OR=277.735  NOT=0.381  AND=12.68  Agg=27.396  Total=318.193  rows=302114
  CRR:  OR=109.062  NOT=0.416  AND=12.674  Agg=25.857  Total=148.01  rows=302114
  WAH:  OR=113.323  NOT=0.326  AND=5.043  Agg=41.102  Total=159.796  rows=302114
  EW:   OR=2672.63  NOT=0.633  AND=7.057  Agg=32.35  Total=2712.68  rows=302114
  BS:   OR=1145.32  NOT=0.334  AND=1.007  Agg=35.245  Total=1181.9  rows=302114
  BSA:  OR=754.48  NOT=0.287  AND=0.663  Agg=35.078  Total=790.509  rows=302114
  CON:  OR=3545.09  NOT=10.565  AND=18.907  Agg=36.72  Total=3611.28  rows=302114

--- Iteration 2/10 (warm-up) ---
  CB:   OR=274.337  NOT=1.045  AND=0.677  Agg=33.495  Total=309.555  rows=302114
  CR:   OR=282.027  NOT=0.4  AND=12.738  Agg=27.251  Total=322.417  rows=302114
  CRR:  OR=108.322  NOT=0.399  AND=12.751  Agg=25.833  Total=147.306  rows=302114
  WAH:  OR=113.784  NOT=0.317  AND=5.269  Agg=41.026  Total=160.397  rows=302114
  EW:   OR=2811.78  NOT=0.88  AND=7.029  Agg=32.416  Total=2852.11  rows=302114
  BS:   OR=1143.88  NOT=0.316  AND=1.009  Agg=34.895  Total=1180.1  rows=302114
  BSA:  OR=751.245  NOT=0.297  AND=0.65  Agg=35.11  Total=787.304  rows=302114
  CON:  OR=3532.96  NOT=10.497  AND=18.452  Agg=36.61  Total=3598.52  rows=302114

--- Iteration 3/10 ---
  CB:   OR=275.46  NOT=1.027  AND=1.084  Agg=33.307  Total=310.879  rows=302114
  CR:   OR=281.818  NOT=0.395  AND=12.777  Agg=27.41  Total=322.4  rows=302114
  CRR:  OR=109.324  NOT=0.418  AND=12.79  Agg=26.41  Total=148.944  rows=302114
  WAH:  OR=113.746  NOT=0.312  AND=5.145  Agg=41.571  Total=160.775  rows=302114
  EW:   OR=2693.07  NOT=0.662  AND=7.126  Agg=31.886  Total=2732.75  rows=302114
  BS:   OR=1146.38  NOT=0.335  AND=0.998  Agg=35.232  Total=1182.95  rows=302114
  BSA:  OR=752.894  NOT=0.287  AND=0.652  Agg=35.054  Total=788.888  rows=302114
  CON:  OR=3539.66  NOT=10.901  AND=18.841  Agg=37.258  Total=3606.66  rows=302114

--- Iteration 4/10 ---
  CB:   OR=277.383  NOT=1.175  AND=1.072  Agg=33.632  Total=313.263  rows=302114
  CR:   OR=281.849  NOT=0.394  AND=12.768  Agg=28.317  Total=323.329  rows=302114
  CRR:  OR=108.095  NOT=0.417  AND=12.757  Agg=25.929  Total=147.2  rows=302114
  WAH:  OR=113.408  NOT=0.315  AND=5.254  Agg=41.286  Total=160.266  rows=302114
  EW:   OR=2687.23  NOT=0.648  AND=7.023  Agg=32.013  Total=2726.92  rows=302114
  BS:   OR=1144.93  NOT=0.343  AND=0.996  Agg=35.055  Total=1181.33  rows=302114
  BSA:  OR=755.565  NOT=0.303  AND=0.654  Agg=35.766  Total=792.289  rows=302114
  CON:  OR=3547.85  NOT=10.991  AND=18.538  Agg=36.995  Total=3614.38  rows=302114

--- Iteration 5/10 ---
  CB:   OR=278.093  NOT=1.128  AND=0.731  Agg=33.269  Total=313.223  rows=302114
  CR:   OR=280.889  NOT=0.395  AND=12.841  Agg=27.461  Total=321.588  rows=302114
  CRR:  OR=107.889  NOT=0.406  AND=12.822  Agg=27.278  Total=148.396  rows=302114
  WAH:  OR=113.604  NOT=0.315  AND=5.3  Agg=41.277  Total=160.497  rows=302114
  EW:   OR=2688.78  NOT=0.858  AND=7.042  Agg=32.508  Total=2729.2  rows=302114
  BS:   OR=1144.74  NOT=0.344  AND=0.997  Agg=35.276  Total=1181.36  rows=302114
  BSA:  OR=756.576  NOT=0.292  AND=0.666  Agg=35.304  Total=792.839  rows=302114
  CON:  OR=3538.05  NOT=10.313  AND=19.01  Agg=36.706  Total=3604.07  rows=302114

--- Iteration 6/10 ---
  CB:   OR=276.124  NOT=1.12  AND=1.011  Agg=33.5  Total=311.756  rows=302114
  CR:   OR=281.837  NOT=0.398  AND=12.863  Agg=27.502  Total=322.601  rows=302114
  CRR:  OR=107.588  NOT=0.396  AND=12.76  Agg=26.234  Total=146.98  rows=302114
  WAH:  OR=114.17  NOT=0.326  AND=5.324  Agg=40.969  Total=160.791  rows=302114
  EW:   OR=2708.51  NOT=0.641  AND=7.076  Agg=32.665  Total=2748.89  rows=302114
  BS:   OR=1143.22  NOT=0.339  AND=0.997  Agg=35.104  Total=1179.66  rows=302114
  BSA:  OR=756.928  NOT=0.291  AND=0.664  Agg=35.294  Total=793.179  rows=302114
  CON:  OR=3538.23  NOT=10.897  AND=18.648  Agg=36.64  Total=3604.42  rows=302114

--- Iteration 7/10 ---
  CB:   OR=278.429  NOT=1.098  AND=0.723  Agg=33.677  Total=313.929  rows=302114
  CR:   OR=281.06  NOT=0.399  AND=12.749  Agg=27.282  Total=321.491  rows=302114
  CRR:  OR=108.169  NOT=0.421  AND=12.697  Agg=26.001  Total=147.29  rows=302114
  WAH:  OR=113.525  NOT=0.319  AND=5.305  Agg=40.961  Total=160.111  rows=302114
  EW:   OR=2689.43  NOT=0.91  AND=7.049  Agg=31.996  Total=2729.39  rows=302114
  BS:   OR=1145.85  NOT=0.317  AND=1.001  Agg=35.299  Total=1182.47  rows=302114
  BSA:  OR=752.086  NOT=0.287  AND=0.657  Agg=34.894  Total=787.927  rows=302114
  CON:  OR=3558.89  NOT=11.25  AND=18.512  Agg=36.714  Total=3625.36  rows=302114

--- Iteration 8/10 ---
  CB:   OR=276.759  NOT=1.045  AND=0.696  Agg=33.137  Total=311.638  rows=302114
  CR:   OR=281.452  NOT=0.412  AND=12.724  Agg=27.423  Total=322.012  rows=302114
  CRR:  OR=107.254  NOT=0.424  AND=12.739  Agg=26.014  Total=146.432  rows=302114
  WAH:  OR=113.624  NOT=0.316  AND=5.305  Agg=40.939  Total=160.186  rows=302114
  EW:   OR=2674.56  NOT=0.649  AND=7.485  Agg=33.127  Total=2715.82  rows=302114
  BS:   OR=1145.61  NOT=0.325  AND=1.002  Agg=35.11  Total=1182.05  rows=302114
  BSA:  OR=752.592  NOT=0.293  AND=0.647  Agg=35.533  Total=789.067  rows=302114
  CON:  OR=3546.11  NOT=9.756  AND=18.494  Agg=36.8  Total=3611.16  rows=302114

--- Iteration 9/10 ---
  CB:   OR=287.888  NOT=1.118  AND=0.998  Agg=33.118  Total=323.123  rows=302114
  CR:   OR=280.684  NOT=0.398  AND=12.821  Agg=27.452  Total=321.356  rows=302114
  CRR:  OR=108.101  NOT=0.416  AND=12.718  Agg=25.988  Total=147.224  rows=302114
  WAH:  OR=113.269  NOT=0.318  AND=5.241  Agg=40.955  Total=159.784  rows=302114
  EW:   OR=2684.8  NOT=0.658  AND=7.044  Agg=31.978  Total=2724.48  rows=302114
  BS:   OR=1144.34  NOT=0.316  AND=1.005  Agg=35.271  Total=1180.94  rows=302114
  BSA:  OR=752.201  NOT=0.286  AND=0.66  Agg=34.995  Total=788.143  rows=302114
  CON:  OR=3562.82  NOT=10.538  AND=18.457  Agg=36.82  Total=3628.64  rows=302114

--- Iteration 10/10 ---
  CB:   OR=277.4  NOT=1.151  AND=1.028  Agg=33.614  Total=313.194  rows=302114
  CR:   OR=281.948  NOT=0.422  AND=12.733  Agg=27.336  Total=322.44  rows=302114
  CRR:  OR=107.627  NOT=0.432  AND=12.708  Agg=26.331  Total=147.099  rows=302114
  WAH:  OR=113.219  NOT=0.333  AND=5.303  Agg=41.106  Total=159.963  rows=302114
  EW:   OR=2692.89  NOT=0.67  AND=7.046  Agg=31.792  Total=2732.4  rows=302114
  BS:   OR=1143.74  NOT=0.322  AND=0.998  Agg=35.005  Total=1180.07  rows=302114
  BSA:  OR=752.008  NOT=0.294  AND=0.646  Agg=35.03  Total=787.98  rows=302114
  CON:  OR=3564.51  NOT=10.303  AND=18.681  Agg=36.431  Total=3629.93  rows=302114

[Baseline] DuckDB native SQL Top-10  (single run: 292.19 ms)
[OK] all active backends match DuckDB SQL ground truth (Top-10, revenue within 0.01).

  Q3 Top-10 (revenue DESC, o_orderdate ASC, source=DDC):
  l_orderkey           revenue  o_orderdate o_shippriority 
  4791171          440715.2185  1995-02-23  0              
  46678469         439855.3250  1995-01-27  0              
  23906758         432728.5737  1995-03-14  0              
  23861382         428739.1368  1995-03-09  0              
  59393639         426036.0662  1995-02-12  0              
  3355202          425100.6657  1995-03-04  0              
  9806272          425088.0568  1995-03-13  0              
  22810436         423231.9690  1995-01-02  0              
  16384100         421478.7294  1995-03-02  0              
  52974151         415367.1195  1995-02-05  0              

================================================================
  Q3 RESULTS (8 measured iterations, median +/- stddev)
================================================================
                  CB (ms)         CR (ms)        CRR (ms)        WAH (ms)        EW (ms)
  -----------------------------------------------------------------------------------------
  OR_ship       277.3915 +/- 3.6853  281.6350 +/- 0.4671  107.9920 +/- 0.5786  113.5645 +/- 0.2822  2689.1100 +/- 8.9108
  NOT             1.1190 +/- 0.0469    0.3980 +/- 0.0094    0.4175 +/- 0.0103    0.3170 +/- 0.0065    0.6600 +/- 0.1005
  AND             1.0045 +/- 0.1584   12.7725 +/- 0.0482   12.7480 +/- 0.0398    5.3015 +/- 0.0548    7.0475 +/- 0.1442
  Agg            33.4035 +/- 0.2123   27.4375 +/- 0.3073   26.1240 +/- 0.4145   41.0375 +/- 0.2129   32.0045 +/- 0.4394
  -----------------------------------------------------------------------------------------
  TOTAL         313.2085 +/- 3.6274  322.2060 +/- 0.6265  147.2120 +/- 0.7621  160.2260 +/- 0.3419  2729.2930 +/- 8.7486

  CB rows: 302114  CR rows: 302114  CRR rows: 302114  WAH rows: 302114  EW rows: 302114
================================================================


================================================================
  Q3 BASELINE BACKENDS (no compression / Concise)
================================================================
                  BS (ms)         BSA (ms)        Concise (ms)     BS vs WAH   BSA vs WAH   CON vs WAH
  ----------------------------------------------------------------------------------------------
  OR_ship       1144.8375 +/- 1.0054  752.7430 +/- 1.9864  3546.9815 +/- 10.3688     0.0992x     0.1509x     0.0320x
  NOT             0.3300 +/- 0.0108    0.2915 +/- 0.0051   10.7175 +/- 0.4525     0.9606x     1.0875x     0.0296x
  AND             0.9980 +/- 0.0029    0.6555 +/- 0.0069   18.5930 +/- 0.1803     5.3121x     8.0877x     0.2851x
  Agg            35.1710 +/- 0.1063   35.1740 +/- 0.2801   36.7570 +/- 0.2308     1.1668x     1.1667x     1.1165x
  ----------------------------------------------------------------------------------------------
  TOTAL         1181.3445 +/- 1.0583  788.9775 +/- 2.1600  3612.7705 +/- 10.1829     0.1356x     0.2031x     0.0443x

  BS rows: 302114  BSA rows: 302114  CON rows: 302114
================================================================

  [CSV] q3_results_SF10.csv
┌────────────┬───────────────┬─────────────┬────────────────┐
│ l_orderkey │    revenue    │ o_orderdate │ o_shippriority │
│   int64    │ decimal(38,4) │    date     │     int32      │
├────────────┼───────────────┼─────────────┼────────────────┤
│    4791171 │   440715.2185 │ 1995-02-23  │              0 │
│   46678469 │   439855.3250 │ 1995-01-27  │              0 │
│   23906758 │   432728.5737 │ 1995-03-14  │              0 │
│   23861382 │   428739.1368 │ 1995-03-09  │              0 │
│   59393639 │   426036.0662 │ 1995-02-12  │              0 │
│    3355202 │   425100.6657 │ 1995-03-04  │              0 │
│    9806272 │   425088.0568 │ 1995-03-13  │              0 │
│   22810436 │   423231.9690 │ 1995-01-02  │              0 │
│   16384100 │   421478.7294 │ 1995-03-02  │              0 │
│   52974151 │   415367.1195 │ 1995-02-05  │              0 │
├────────────┴───────────────┴─────────────┴────────────────┤
│ 10 rows                                         4 columns │
└───────────────────────────────────────────────────────────┘
  [Breakdown] DDC   L1=27.78 MiB  L2=26.38 MiB  L3=129.77 MiB  L4=0.26 MiB  total=184.18 MiB
