# cwd=/home/lichenhang/lee/thesis/check/lee/duckdb-dev
# cmd=/home/lichenhang/lee/thesis/check/lee/duckdb-dev/build/release/duckdb /home/lichenhang/lee/thesis/check/lee/duckdb-dev/tpch_sf10.db -c PRAGMA bm_tpch(6);

================================================================
  SYSTEM INFORMATION
================================================================
  CPU: INTEL(R) XEON(R) PLATINUM 8576C
  CPU cores: 16
  Memory: 61.4 GB
  Compiler: 13.3.0
  Optimization: enabled (-O)
  AVX-512 VBMI2: enabled
  Sizeof(void*): 8 (64-bit)

================================================================
  TPC-H Q6 Benchmark — ComBit vs WAH vs CRoaring vs EWAH (SF10, in DuckDB)
  Equality encoding on ALL columns (publication-grade)
  Bitmap dirs: tpch_q6_wah tpch_q6_combit tpch_q6_croaring tpch_q6_ewah
  Iterations: 10 (first 2 = warm-up)
  OR discount: 3 bitmaps
  OR quantity: 23 bitmaps
  OR shipdate: 365 bitmaps
  TPC-H params: discount [0.05, 0.07], quantity < 24, shipdate [1994-01-01, 1995-01-01)
================================================================

[Load] Loading bitmaps (mode=ALL)...
  WAH load:         315.9 ms (391 files)
  ComBit load:      364.6 ms (391 files)
  CRoaring load:    90.6 ms (391 files)
  CRoar+Run load:   119.7 ms (391 files)
  EWAH load:        188.1 ms (391 files)
  Bitset load:      1482.1 ms (391 files, shared by BS / BSA)
  Concise load:     961.5 ms (391 files)
  WAH      on disk: 789.93 MiB
  ComBit   on disk: 654.01 MiB
  CRoaring on disk: 325.55 MiB (shared by CR / CRR)
  EWAH     on disk: 1288.04 MiB
  Bitset in mem:    2796.02 MiB (rebuilt from CRoaring at load)
  Concise in mem:   147.14 MiB (rebuilt from CRoaring at load)

================================================================
  COMPRESSION RATIO (Q6-relevant bitmaps only)
================================================================
                 Count    Raw(MB)   ComBit(MB)  WAH(MB)  CRoar(MB)  EWAH(MB)  CB ratio  WAH ratio  CR ratio  EW ratio
  ---------------------------------------------------------------------------------------------------------------
  Discount          3      21.45       14.58    22.08     21.48     21.45      0.68      1.03      1.00      1.00
  Quantity         23     164.47       43.05   121.25     52.79    152.08      0.26      0.74      0.32      0.92
  Shipdate        365    2610.08       74.06    67.54     19.91    133.24      0.03      0.03      0.01      0.05
  ---------------------------------------------------------------------------------------------------------------
  TOTAL           391    2796.00      131.69   210.88     94.17    306.77      0.05      0.08      0.03      0.11


--- Iteration 1/10 (warm-up) ---
  WAH:  OR_disc=15.12  OR_qty=95.35  OR_ship=2391.73  AND=3.87  Decode=34.80  Total=2540.88  rows=1139264
  CB:   OR_disc=2.05  OR_qty=11.20  OR_ship=89.72  AND=1.25  Decode=6.17  Total=110.39  rows=1139264
  CR:   OR_disc=2.23  OR_qty=32.90  OR_ship=205.07  AND=11.45  Decode=1.98  Total=253.62  rows=1139264
  CRR:  OR_disc=2.19  OR_qty=15.23  OR_ship=34.08  AND=10.95  Decode=4.17  Total=66.62  rows=1139264
  EW:   OR_disc=9.57  OR_qty=219.75  OR_ship=864.16  AND=10.86  Decode=16.45  Total=1120.80  rows=1139264
  BS:   OR_disc=3.08  OR_qty=22.77  OR_ship=360.93  AND=1.71  Decode=14.94  Total=403.43  rows=1139264
  BSA:  OR_disc=2.47  OR_qty=15.50  OR_ship=236.51  AND=1.20  Decode=14.79  Total=270.47  rows=1139264
  CON:  OR_disc=41.05  OR_qty=564.66  OR_ship=1137.78  AND=46.17  Decode=18.88  Total=1808.54  rows=1139264

--- Iteration 2/10 (warm-up) ---
  WAH:  OR_disc=10.79  OR_qty=91.92  OR_ship=2383.15  AND=3.84  Decode=34.75  Total=2524.45  rows=1139264
  CB:   OR_disc=2.20  OR_qty=11.31  OR_ship=87.89  AND=1.29  Decode=5.63  Total=108.31  rows=1139264
  CR:   OR_disc=2.21  OR_qty=33.33  OR_ship=204.39  AND=11.39  Decode=2.13  Total=253.45  rows=1139264
  CRR:  OR_disc=2.19  OR_qty=15.09  OR_ship=34.33  AND=10.88  Decode=2.11  Total=64.61  rows=1139264
  EW:   OR_disc=5.66  OR_qty=216.60  OR_ship=865.69  AND=10.96  Decode=12.70  Total=1111.61  rows=1139264
  BS:   OR_disc=3.59  OR_qty=23.31  OR_ship=360.98  AND=1.80  Decode=9.94  Total=399.63  rows=1139264
  BSA:  OR_disc=2.46  OR_qty=15.46  OR_ship=235.56  AND=1.18  Decode=9.72  Total=264.39  rows=1139264
  CON:  OR_disc=29.80  OR_qty=568.13  OR_ship=1139.81  AND=43.37  Decode=18.95  Total=1800.06  rows=1139264

--- Iteration 3/10 ---
  WAH:  OR_disc=10.86  OR_qty=91.95  OR_ship=2397.17  AND=3.86  Decode=34.55  Total=2538.39  rows=1139264
  CB:   OR_disc=2.26  OR_qty=11.27  OR_ship=88.02  AND=1.35  Decode=5.61  Total=108.51  rows=1139264
  CR:   OR_disc=2.30  OR_qty=34.71  OR_ship=207.62  AND=11.33  Decode=3.73  Total=259.69  rows=1139264
  CRR:  OR_disc=2.21  OR_qty=15.22  OR_ship=34.10  AND=10.86  Decode=2.15  Total=64.54  rows=1139264
  EW:   OR_disc=9.31  OR_qty=220.55  OR_ship=868.85  AND=10.75  Decode=13.07  Total=1122.53  rows=1139264
  BS:   OR_disc=3.03  OR_qty=22.84  OR_ship=360.54  AND=1.67  Decode=9.92  Total=398.00  rows=1139264
  BSA:  OR_disc=2.48  OR_qty=15.40  OR_ship=236.08  AND=1.15  Decode=9.62  Total=264.73  rows=1139264
  CON:  OR_disc=32.76  OR_qty=567.45  OR_ship=1144.53  AND=42.13  Decode=18.97  Total=1805.83  rows=1139264

--- Iteration 4/10 ---
  WAH:  OR_disc=10.38  OR_qty=91.80  OR_ship=2402.13  AND=3.84  Decode=34.97  Total=2543.13  rows=1139264
  CB:   OR_disc=2.27  OR_qty=11.38  OR_ship=88.13  AND=1.34  Decode=5.60  Total=108.72  rows=1139264
  CR:   OR_disc=2.16  OR_qty=33.31  OR_ship=204.94  AND=11.35  Decode=3.67  Total=255.43  rows=1139264
  CRR:  OR_disc=2.17  OR_qty=15.09  OR_ship=34.27  AND=10.90  Decode=2.13  Total=64.56  rows=1139264
  EW:   OR_disc=9.20  OR_qty=221.52  OR_ship=878.74  AND=10.71  Decode=16.60  Total=1136.77  rows=1139264
  BS:   OR_disc=3.23  OR_qty=22.83  OR_ship=360.33  AND=1.63  Decode=9.92  Total=397.94  rows=1139264
  BSA:  OR_disc=2.47  OR_qty=15.42  OR_ship=235.38  AND=1.16  Decode=9.98  Total=264.41  rows=1139264
  CON:  OR_disc=32.44  OR_qty=570.08  OR_ship=1142.15  AND=41.74  Decode=18.91  Total=1805.33  rows=1139264

--- Iteration 5/10 ---
  WAH:  OR_disc=11.27  OR_qty=91.86  OR_ship=2405.19  AND=3.90  Decode=34.67  Total=2546.89  rows=1139264
  CB:   OR_disc=2.32  OR_qty=11.41  OR_ship=88.19  AND=1.36  Decode=5.65  Total=108.94  rows=1139264
  CR:   OR_disc=2.22  OR_qty=33.46  OR_ship=204.70  AND=11.37  Decode=3.66  Total=255.41  rows=1139264
  CRR:  OR_disc=2.17  OR_qty=15.14  OR_ship=34.32  AND=10.93  Decode=2.15  Total=64.71  rows=1139264
  EW:   OR_disc=9.33  OR_qty=220.84  OR_ship=875.64  AND=10.83  Decode=18.98  Total=1135.63  rows=1139264
  BS:   OR_disc=3.11  OR_qty=22.67  OR_ship=360.02  AND=1.77  Decode=9.97  Total=397.55  rows=1139264
  BSA:  OR_disc=2.50  OR_qty=15.46  OR_ship=236.58  AND=1.26  Decode=10.09  Total=265.89  rows=1139264
  CON:  OR_disc=32.96  OR_qty=572.09  OR_ship=1141.30  AND=41.62  Decode=18.90  Total=1806.87  rows=1139264

--- Iteration 6/10 ---
  WAH:  OR_disc=11.27  OR_qty=94.50  OR_ship=2394.57  AND=3.90  Decode=34.79  Total=2539.03  rows=1139264
  CB:   OR_disc=2.31  OR_qty=11.35  OR_ship=88.50  AND=1.35  Decode=5.62  Total=109.14  rows=1139264
  CR:   OR_disc=2.24  OR_qty=33.46  OR_ship=204.79  AND=11.35  Decode=2.13  Total=253.97  rows=1139264
  CRR:  OR_disc=2.17  OR_qty=15.14  OR_ship=34.22  AND=10.89  Decode=2.10  Total=64.51  rows=1139264
  EW:   OR_disc=8.33  OR_qty=220.64  OR_ship=874.29  AND=10.78  Decode=19.14  Total=1133.18  rows=1139264
  BS:   OR_disc=3.09  OR_qty=23.33  OR_ship=360.56  AND=1.76  Decode=10.15  Total=398.89  rows=1139264
  BSA:  OR_disc=2.48  OR_qty=15.40  OR_ship=236.97  AND=1.15  Decode=9.64  Total=265.64  rows=1139264
  CON:  OR_disc=32.02  OR_qty=572.03  OR_ship=1144.25  AND=41.89  Decode=18.98  Total=1809.18  rows=1139264

--- Iteration 7/10 ---
  WAH:  OR_disc=11.40  OR_qty=94.38  OR_ship=2392.77  AND=3.93  Decode=34.60  Total=2537.09  rows=1139264
  CB:   OR_disc=2.40  OR_qty=11.39  OR_ship=87.89  AND=1.36  Decode=5.69  Total=108.74  rows=1139264
  CR:   OR_disc=2.24  OR_qty=33.20  OR_ship=204.79  AND=11.35  Decode=2.10  Total=253.69  rows=1139264
  CRR:  OR_disc=2.19  OR_qty=15.20  OR_ship=34.36  AND=10.92  Decode=2.07  Total=64.74  rows=1139264
  EW:   OR_disc=8.37  OR_qty=221.08  OR_ship=869.33  AND=10.80  Decode=13.12  Total=1122.69  rows=1139264
  BS:   OR_disc=3.10  OR_qty=22.87  OR_ship=360.76  AND=1.70  Decode=9.93  Total=398.37  rows=1139264
  BSA:  OR_disc=2.54  OR_qty=15.55  OR_ship=236.52  AND=1.20  Decode=9.69  Total=265.49  rows=1139264
  CON:  OR_disc=32.60  OR_qty=571.89  OR_ship=1140.70  AND=42.81  Decode=19.07  Total=1807.08  rows=1139264

--- Iteration 8/10 ---
  WAH:  OR_disc=11.09  OR_qty=92.08  OR_ship=2411.48  AND=3.90  Decode=34.81  Total=2553.36  rows=1139264
  CB:   OR_disc=2.36  OR_qty=11.45  OR_ship=90.86  AND=1.39  Decode=5.69  Total=111.74  rows=1139264
  CR:   OR_disc=2.30  OR_qty=33.38  OR_ship=206.62  AND=11.67  Decode=3.75  Total=257.71  rows=1139264
  CRR:  OR_disc=2.19  OR_qty=15.24  OR_ship=34.97  AND=10.93  Decode=2.12  Total=65.44  rows=1139264
  EW:   OR_disc=9.32  OR_qty=223.85  OR_ship=873.71  AND=10.79  Decode=16.48  Total=1134.15  rows=1139264
  BS:   OR_disc=3.08  OR_qty=23.11  OR_ship=364.52  AND=1.74  Decode=9.92  Total=402.38  rows=1139264
  BSA:  OR_disc=2.50  OR_qty=15.59  OR_ship=240.72  AND=1.18  Decode=9.77  Total=269.77  rows=1139264
  CON:  OR_disc=32.83  OR_qty=568.94  OR_ship=1140.11  AND=42.23  Decode=19.02  Total=1803.14  rows=1139264

--- Iteration 9/10 ---
  WAH:  OR_disc=10.90  OR_qty=92.02  OR_ship=2403.96  AND=3.89  Decode=34.55  Total=2545.32  rows=1139264
  CB:   OR_disc=2.33  OR_qty=11.49  OR_ship=90.29  AND=1.38  Decode=5.65  Total=111.15  rows=1139264
  CR:   OR_disc=2.27  OR_qty=33.40  OR_ship=205.52  AND=11.43  Decode=3.77  Total=256.39  rows=1139264
  CRR:  OR_disc=2.20  OR_qty=15.27  OR_ship=34.58  AND=10.91  Decode=2.14  Total=65.10  rows=1139264
  EW:   OR_disc=9.29  OR_qty=221.58  OR_ship=873.93  AND=10.96  Decode=16.71  Total=1132.47  rows=1139264
  BS:   OR_disc=3.13  OR_qty=23.14  OR_ship=365.46  AND=1.76  Decode=10.02  Total=403.51  rows=1139264
  BSA:  OR_disc=2.52  OR_qty=15.67  OR_ship=240.34  AND=1.20  Decode=9.69  Total=269.42  rows=1139264
  CON:  OR_disc=32.88  OR_qty=568.98  OR_ship=1141.36  AND=43.61  Decode=19.19  Total=1806.03  rows=1139264

--- Iteration 10/10 ---
  WAH:  OR_disc=10.85  OR_qty=92.01  OR_ship=2409.62  AND=3.88  Decode=34.87  Total=2551.25  rows=1139264
  CB:   OR_disc=2.33  OR_qty=11.48  OR_ship=90.12  AND=1.38  Decode=5.64  Total=110.96  rows=1139264
  CR:   OR_disc=2.27  OR_qty=33.53  OR_ship=205.73  AND=11.36  Decode=3.77  Total=256.65  rows=1139264
  CRR:  OR_disc=2.24  OR_qty=15.30  OR_ship=34.52  AND=10.98  Decode=2.15  Total=65.20  rows=1139264
  EW:   OR_disc=9.36  OR_qty=221.66  OR_ship=873.16  AND=10.86  Decode=12.99  Total=1128.03  rows=1139264
  BS:   OR_disc=3.11  OR_qty=23.12  OR_ship=365.44  AND=1.81  Decode=9.97  Total=403.45  rows=1139264
  BSA:  OR_disc=2.55  OR_qty=15.67  OR_ship=240.83  AND=1.22  Decode=9.64  Total=269.91  rows=1139264
  CON:  OR_disc=32.73  OR_qty=568.56  OR_ship=1142.83  AND=41.91  Decode=19.07  Total=1805.09  rows=1139264

[Baseline] DuckDB native SQL count(*) = 1139264  (single run: 507.02 ms)
[OK] all active backends match DuckDB SQL ground truth (1139264 rows).

================================================================
  RESULTS (8 measured iterations, median ± stddev)
================================================================
                       WAH (ms)              ComBit (ms)         CRoaring (ms)      CRoar+Run (ms)       EWAH (ms)          CB vs WAH   CR vs WAH  CRR vs WAH   EW vs WAH
  --------------------------------------------------------------------------------------------------------------------------------
  OR discount        10.99 ±   0.31         2.32 ±   0.04         2.25 ±   0.04         2.19 ±   0.02         9.30 ±   0.41      4.73x      4.88x      5.01x      1.18x
  OR quantity        92.02 ±   1.08        11.40 ±   0.07        33.43 ±   0.45        15.21 ±   0.07       221.30 ±   0.99      8.07x      2.75x      6.05x      0.42x
  OR shipdate      2403.05 ±   6.38        88.34 ±   1.13       205.23 ±   0.98        34.34 ±   0.25       873.82 ±   3.00     27.20x     11.71x     69.98x      2.75x
  AND (3-way)         3.89 ±   0.03         1.36 ±   0.02        11.36 ±   0.10        10.91 ±   0.03        10.79 ±   0.07      2.86x      0.34x      0.36x      0.36x
  Decode             34.73 ±   0.15         5.65 ±   0.03         3.70 ±   0.70         2.14 ±   0.03        16.54 ±   2.39      6.15x      9.39x     16.25x      2.10x
  --------------------------------------------------------------------------------------------------------------------------------
  TOTAL            2544.22 ±   5.63       109.04 ±   1.23       255.91 ±   1.84        64.72 ±   0.33      1132.82 ±   5.25     23.33x      9.94x     39.31x      2.25x

  WAH rows:        1139264
  ComBit rows:     1139264
  CRoaring rows:   1139264
  CRoar+Run rows:  1139264
  EWAH rows:       1139264
================================================================


================================================================
  Q6 BASELINE BACKENDS (no compression / Concise)
================================================================
                       BS (ms)              BSA (ms)            Concise (ms)        BS vs WAH   BSA vs WAH   CON vs WAH
  -------------------------------------------------------------------------------------------------------------
  OR discount         3.11 ±   0.05         2.50 ±   0.03        32.75 ±   0.28      3.54x      4.40x      0.34x
  OR quantity        22.99 ±   0.21        15.51 ±   0.11       569.53 ±   1.69      4.00x      5.93x      0.16x
  OR shipdate       360.66 ±   2.30       236.78 ±   2.14      1141.75 ±   1.51      6.66x     10.15x      2.10x
  AND (3-way)         1.75 ±   0.05         1.19 ±   0.04        42.02 ±   0.62      2.23x      3.28x      0.09x
  Decode              9.95 ±   0.08         9.69 ±   0.16        19.00 ±   0.09      3.49x      3.58x      1.83x
  -------------------------------------------------------------------------------------------------------------
  TOTAL             398.63 ±   2.45       265.76 ±   2.21      1805.93 ±   1.64      6.38x      9.57x      1.41x

  Bitset rows:         1139264
  Bitset+AVX512 rows:  1139264
  Concise rows:        1139264
================================================================

  [CSV] Results written to: q6_results_SF10.csv
  [CSV] Compression written to: q6_compression_SF10.csv
┌─────────────────┐
│     revenue     │
│  decimal(38,4)  │
├─────────────────┤
│ 1230113636.0101 │
└─────────────────┘
  [Breakdown] ComBit   L1=44.56 MiB  L2=26.02 MiB  L3=43.68 MiB  L4=0.09 MiB  total=114.34 MiB
