# cwd=/home/lichenhang/lee/thesis/check/lee/duckdb-dev
# pattern_qs_per_backend Q10

# === Backend CB (DEBIT_BM=cb) ===
# sql=
PRAGMA load_bitmap('orderkey');
PRAGMA load_bitmap('returnflag');
PRAGMA bm_tpch(10);
[load_bitmap] orderkey: scanned 59986052 rows in 646 ms
[load_bitmap] orderkey: built ComBit index (15000000 keys, 4448.84 MB) in 12978 ms
[load_bitmap] returnflag: scanned 59986052 rows in 526 ms
[load_bitmap] returnflag: built ComBit index (3 keys, 29.7765 MB) in 2326 ms

================================================================
  TPC-H Q10 (BitEngine pattern, runtime semi-joins)
  Pre-loaded: bitmap_orderkey + bitmap_returnflag
================================================================

--- Iteration 1/5 (warm-up) ---
  ComBit:  PhaseA(orders)=186.203  PhaseB(okey_OR)=190.956  PhaseC(rf_OR)=2.947  PhaseD(AND+rids)=11.767  PhaseE(BMFetch+agg)=369.378  PhaseF(top20)=7.754  Total=769.008  rows=1147084  custkeys=381105  top1=1237537/8849896657

--- Iteration 2/5 ---
  ComBit:  PhaseA(orders)=91.743  PhaseB(okey_OR)=191.492  PhaseC(rf_OR)=3.749  PhaseD(AND+rids)=11.642  PhaseE(BMFetch+agg)=205.735  PhaseF(top20)=7.109  Total=511.472  rows=1147084  custkeys=381105  top1=1237537/8849896657

--- Iteration 3/5 ---
  ComBit:  PhaseA(orders)=92.8  PhaseB(okey_OR)=191.364  PhaseC(rf_OR)=2.943  PhaseD(AND+rids)=11.676  PhaseE(BMFetch+agg)=208.108  PhaseF(top20)=7.704  Total=514.598  rows=1147084  custkeys=381105  top1=1237537/8849896657

--- Iteration 4/5 ---
  ComBit:  PhaseA(orders)=93.185  PhaseB(okey_OR)=191.457  PhaseC(rf_OR)=2.961  PhaseD(AND+rids)=11.662  PhaseE(BMFetch+agg)=205.891  PhaseF(top20)=7.364  Total=512.522  rows=1147084  custkeys=381105  top1=1237537/8849896657

--- Iteration 5/5 ---
  ComBit:  PhaseA(orders)=92.682  PhaseB(okey_OR)=191.644  PhaseC(rf_OR)=2.965  PhaseD(AND+rids)=11.664  PhaseE(BMFetch+agg)=206.536  PhaseF(top20)=7.261  Total=512.754  rows=1147084  custkeys=381105  top1=1237537/8849896657

[OK] ComBit matches DuckDB SQL ground truth (top-1 custkey=1237537 revenue=884990).

================================================================
  Q10 RESULTS — ComBit (4 measured iter, median +/- stddev)
================================================================
  PhaseA (orders scan)       : 92.741 +/- 0.529946 ms
  PhaseB (orderkey OR)       : 191.474 +/- 0.10085 ms
  PhaseC (returnflag OR)     : 2.963 +/- 0.343335 ms
  PhaseD (AND + get_rowids)  : 11.663 +/- 0.0122066 ms
  PhaseE (BMFetch + revenue) : 206.214 +/- 0.938728 ms
  PhaseF (top-20 heap)       : 7.3125 +/- 0.218605 ms
  TOTAL                      : 512.638 +/- 1.12588 ms
================================================================

  [CSV] q10_results_SF10.csv
┌───────────┬────────────────────┬───────────────┬───────────────┬───────────────┬───────────────────────────────────────┬─────────────────┬─────────────────────────────────────────────────────────────────────────────────────────────────────────────────────┐
│ c_custkey │       c_name       │    revenue    │   c_acctbal   │    n_name     │               c_address               │     c_phone     │                                                      c_comment                                                      │
│   int64   │      varchar       │ decimal(38,4) │ decimal(15,2) │    varchar    │                varchar                │     varchar     │                                                       varchar                                                       │
├───────────┼────────────────────┼───────────────┼───────────────┼───────────────┼───────────────────────────────────────┼─────────────────┼─────────────────────────────────────────────────────────────────────────────────────────────────────────────────────┤
│   1237537 │ Customer#001237537 │   884989.6657 │       7840.17 │ RUSSIA        │ mdkU4LpZECCtt20RHa76sA6b4WC           │ 32-367-120-4327 │ yly regular accounts boost. requests need to nag evenly                                                             │
│   1116802 │ Customer#001116802 │   830214.1117 │        772.17 │ JORDAN        │ iBka7YijCCLApX1f 8 sKp 5ldP           │ 23-199-655-3770 │ y carefully regular deposits. packages nod ironic packages                                                          │
│    508954 │ Customer#000508954 │   826167.5138 │       3072.07 │ ETHIOPIA      │ tKQLmGq3MOqXiTmNZQRp                  │ 15-880-510-9487 │ t the quickly pending deposits. carefully express dependencies detect. blithely regular                             │
│   1487503 │ Customer#001487503 │   825996.5903 │       5398.11 │ IRAN          │ D tOJIC0rcVO                          │ 20-271-234-4401 │ ithely quiet deposits about the slyly final dolphins hinder carefully about the slyly ironic accounts. carefully ir │
│   1461247 │ Customer#001461247 │   775992.0820 │       3205.93 │ SAUDI ARABIA  │ Ia1gHwdAyyFo,pCKhCkqX6                │ 30-137-949-5375 │ beans. furiously ironic realms after the slyly ironic sentiments are requests. courts was carefully about t         │
│   1316338 │ Customer#001316338 │   765063.7003 │       8682.95 │ INDIA         │ QLsXlkrrAQ7fz5TDIoDUVsUMsH1pBOG       │ 18-793-610-3832 │ olites sleep furiously ironic instructions. final, final ideas wake carefully after the slyly iron                  │
│    817849 │ Customer#000817849 │   737664.7232 │       -380.30 │ MOROCCO       │ UKsTjQdC5d9PwYXz u                    │ 25-111-847-3201 │ ts after the slyly regular excuses wake pending accounts. deposits wake? carefully ironic foxes wa                  │
│   1335394 │ Customer#001335394 │   731259.8675 │       3978.53 │ VIETNAM       │ FNdEi9tP 5eQib8C                      │ 31-760-271-2302 │ ly ironic, final foxes. slyly bold instructions                                                                     │
│    102358 │ Customer#000102358 │   715001.8825 │       3564.90 │ BRAZIL        │ 3BnBw0 bZWmVue6bPGn513kOeitBl5VHj     │ 12-941-212-8350 │  furiously furiously dogged deposits. regular accounts are furiously furiously pending instructions. carefu         │
│   1432624 │ Customer#001432624 │   713512.6431 │        205.08 │ FRANCE        │ e7o5TBwh,bLO6flPI05Nrp0,1Q8m19ODDs0   │ 16-550-232-2774 │ y ironic packages. slyly silent instructions cajole about the a                                                     │
│    160528 │ Customer#000160528 │   710673.3317 │       3425.52 │ INDONESIA     │ VrYJ,qyK75m PkPLTQT7KocfwMwPYQTlcEYBz │ 19-670-600-6340 │ blithely even deposits sleep until the even accounts                                                                │
│   1345237 │ Customer#001345237 │   707735.5745 │       6905.22 │ FRANCE        │ QJxZWEukcxoDYlFOgUGIOuGay             │ 16-133-279-4001 │ symptotes integrate according to the sl                                                                             │
│    839816 │ Customer#000839816 │   705643.2854 │       2110.25 │ UNITED STATES │ r9c CDy,MgOouA                        │ 34-453-282-7925 │ sly sly pinto beans wake quickly slyly final packages. express deposit                                              │
│   1136716 │ Customer#001136716 │   695043.5606 │       5886.01 │ CHINA         │ yqiALHYT6gaiip1g6wgnM6ctJ             │ 28-729-762-5783 │ out the fluffily pending requests. furiously ironic forges integrate. quickly bold theod                            │
│   1439413 │ Customer#001439413 │   690161.9783 │       8808.65 │ ETHIOPIA      │ 5vMec8OoAWrStjng                      │ 15-432-961-8772 │ boost across the regular, ironic packages. final instructions                                                       │
│   1392475 │ Customer#001392475 │   685464.4086 │        593.26 │ SAUDI ARABIA  │ sbjxdO1xOzy1wBIhAOzp6b2,9sHMj8q1f     │ 30-640-220-2095 │ c accounts. always final instructions boost according to the final                                                  │
│    616909 │ Customer#000616909 │   684978.1044 │       2660.84 │ EGYPT         │ Jg9FiC98BUWmlBb3WTN                   │ 14-185-768-2185 │ s about the busy ideas affix f                                                                                      │
│    314272 │ Customer#000314272 │   682212.6365 │       5127.92 │ UNITED STATES │  LKR3R5VStcAlT4D,qGBJLWYkmJU          │ 34-674-752-5199 │ ng to the slyly express instructions sleep fluffily even foxes. special id                                          │
│   1472980 │ Customer#001472980 │   677765.9180 │       6003.36 │ IRAQ          │ JIMreXGvswrve5rkBww                   │ 21-506-776-4657 │ e. packages according to the instructions are among the even, regular th                                            │
│   1486201 │ Customer#001486201 │   674878.4539 │       -276.92 │ JORDAN        │ 8hJKgyMlv Ay3fyNDJFvszoYd             │ 23-611-797-4750 │ es nag. silent accounts are blithely daring packages.                                                               │
├───────────┴────────────────────┴───────────────┴───────────────┴───────────────┴───────────────────────────────────────┴─────────────────┴─────────────────────────────────────────────────────────────────────────────────────────────────────────────────────┤
│ 20 rows                                                                                                                                                                                                                                              8 columns │
└────────────────────────────────────────────────────────────────────────────────────────────────────────────────────────────────────────────────────────────────────────────────────────────────────────────────────────────────────────────────────────────────┘

# === Backend CR (DEBIT_BM=cr) ===
# sql=
PRAGMA load_bitmap('orderkey');
PRAGMA load_bitmap('returnflag');
PRAGMA bm_tpch(10);
[load_bitmap] orderkey: scanned 59986052 rows in 649 ms
[load_bitmap] orderkey: built CRoaring index (15000000 keys, 359.978 MB) in 6462 ms
[load_bitmap] returnflag: scanned 59986052 rows in 527 ms
[load_bitmap] returnflag: built CRoaring index (3 keys, 22.5336 MB) in 579 ms

================================================================
  TPC-H Q10 (BitEngine pattern, runtime semi-joins)
  Pre-loaded: bitmap_orderkey + bitmap_returnflag
================================================================

--- Iteration 1/5 (warm-up) ---
  CRoaring:  PhaseA(orders)=211.656  PhaseB(okey_OR)=280.667  PhaseC(rf_OR)=2.122  PhaseD(AND+rids)=9.301  PhaseE(BMFetch+agg)=376.341  PhaseF(top20)=8.374  Total=888.464  rows=1147084  custkeys=381105  top1=1237537/8849896657

--- Iteration 2/5 ---
  CRoaring:  PhaseA(orders)=108.98  PhaseB(okey_OR)=271.512  PhaseC(rf_OR)=0.939  PhaseD(AND+rids)=8.066  PhaseE(BMFetch+agg)=213.672  PhaseF(top20)=7.683  Total=610.855  rows=1147084  custkeys=381105  top1=1237537/8849896657

--- Iteration 3/5 ---
  CRoaring:  PhaseA(orders)=100.19  PhaseB(okey_OR)=273.97  PhaseC(rf_OR)=1.02  PhaseD(AND+rids)=7.698  PhaseE(BMFetch+agg)=211.978  PhaseF(top20)=7.647  Total=602.506  rows=1147084  custkeys=381105  top1=1237537/8849896657

--- Iteration 4/5 ---
  CRoaring:  PhaseA(orders)=99.013  PhaseB(okey_OR)=273.05  PhaseC(rf_OR)=0.953  PhaseD(AND+rids)=8.278  PhaseE(BMFetch+agg)=210.122  PhaseF(top20)=7.637  Total=599.056  rows=1147084  custkeys=381105  top1=1237537/8849896657

--- Iteration 5/5 ---
  CRoaring:  PhaseA(orders)=99.412  PhaseB(okey_OR)=273.501  PhaseC(rf_OR)=0.97  PhaseD(AND+rids)=9.317  PhaseE(BMFetch+agg)=211.987  PhaseF(top20)=7.781  Total=602.97  rows=1147084  custkeys=381105  top1=1237537/8849896657

[OK] CRoaring matches DuckDB SQL ground truth (top-1 custkey=1237537 revenue=884990).

================================================================
  Q10 RESULTS — CRoaring (4 measured iter, median +/- stddev)
================================================================
  PhaseA (orders scan)       : 99.801 +/- 4.11021 ms
  PhaseB (orderkey OR)       : 273.275 +/- 0.923075 ms
  PhaseC (returnflag OR)     : 0.9615 +/- 0.0306145 ms
  PhaseD (AND + get_rowids)  : 8.172 +/- 0.601168 ms
  PhaseE (BMFetch + revenue) : 211.983 +/- 1.25585 ms
  PhaseF (top-20 heap)       : 7.665 +/- 0.0569034 ms
  TOTAL                      : 602.738 +/- 4.31952 ms
================================================================

  [CSV] q10_results_SF10.csv
┌───────────┬────────────────────┬───────────────┬───────────────┬───────────────┬───────────────────────────────────────┬─────────────────┬─────────────────────────────────────────────────────────────────────────────────────────────────────────────────────┐
│ c_custkey │       c_name       │    revenue    │   c_acctbal   │    n_name     │               c_address               │     c_phone     │                                                      c_comment                                                      │
│   int64   │      varchar       │ decimal(38,4) │ decimal(15,2) │    varchar    │                varchar                │     varchar     │                                                       varchar                                                       │
├───────────┼────────────────────┼───────────────┼───────────────┼───────────────┼───────────────────────────────────────┼─────────────────┼─────────────────────────────────────────────────────────────────────────────────────────────────────────────────────┤
│   1237537 │ Customer#001237537 │   884989.6657 │       7840.17 │ RUSSIA        │ mdkU4LpZECCtt20RHa76sA6b4WC           │ 32-367-120-4327 │ yly regular accounts boost. requests need to nag evenly                                                             │
│   1116802 │ Customer#001116802 │   830214.1117 │        772.17 │ JORDAN        │ iBka7YijCCLApX1f 8 sKp 5ldP           │ 23-199-655-3770 │ y carefully regular deposits. packages nod ironic packages                                                          │
│    508954 │ Customer#000508954 │   826167.5138 │       3072.07 │ ETHIOPIA      │ tKQLmGq3MOqXiTmNZQRp                  │ 15-880-510-9487 │ t the quickly pending deposits. carefully express dependencies detect. blithely regular                             │
│   1487503 │ Customer#001487503 │   825996.5903 │       5398.11 │ IRAN          │ D tOJIC0rcVO                          │ 20-271-234-4401 │ ithely quiet deposits about the slyly final dolphins hinder carefully about the slyly ironic accounts. carefully ir │
│   1461247 │ Customer#001461247 │   775992.0820 │       3205.93 │ SAUDI ARABIA  │ Ia1gHwdAyyFo,pCKhCkqX6                │ 30-137-949-5375 │ beans. furiously ironic realms after the slyly ironic sentiments are requests. courts was carefully about t         │
│   1316338 │ Customer#001316338 │   765063.7003 │       8682.95 │ INDIA         │ QLsXlkrrAQ7fz5TDIoDUVsUMsH1pBOG       │ 18-793-610-3832 │ olites sleep furiously ironic instructions. final, final ideas wake carefully after the slyly iron                  │
│    817849 │ Customer#000817849 │   737664.7232 │       -380.30 │ MOROCCO       │ UKsTjQdC5d9PwYXz u                    │ 25-111-847-3201 │ ts after the slyly regular excuses wake pending accounts. deposits wake? carefully ironic foxes wa                  │
│   1335394 │ Customer#001335394 │   731259.8675 │       3978.53 │ VIETNAM       │ FNdEi9tP 5eQib8C                      │ 31-760-271-2302 │ ly ironic, final foxes. slyly bold instructions                                                                     │
│    102358 │ Customer#000102358 │   715001.8825 │       3564.90 │ BRAZIL        │ 3BnBw0 bZWmVue6bPGn513kOeitBl5VHj     │ 12-941-212-8350 │  furiously furiously dogged deposits. regular accounts are furiously furiously pending instructions. carefu         │
│   1432624 │ Customer#001432624 │   713512.6431 │        205.08 │ FRANCE        │ e7o5TBwh,bLO6flPI05Nrp0,1Q8m19ODDs0   │ 16-550-232-2774 │ y ironic packages. slyly silent instructions cajole about the a                                                     │
│    160528 │ Customer#000160528 │   710673.3317 │       3425.52 │ INDONESIA     │ VrYJ,qyK75m PkPLTQT7KocfwMwPYQTlcEYBz │ 19-670-600-6340 │ blithely even deposits sleep until the even accounts                                                                │
│   1345237 │ Customer#001345237 │   707735.5745 │       6905.22 │ FRANCE        │ QJxZWEukcxoDYlFOgUGIOuGay             │ 16-133-279-4001 │ symptotes integrate according to the sl                                                                             │
│    839816 │ Customer#000839816 │   705643.2854 │       2110.25 │ UNITED STATES │ r9c CDy,MgOouA                        │ 34-453-282-7925 │ sly sly pinto beans wake quickly slyly final packages. express deposit                                              │
│   1136716 │ Customer#001136716 │   695043.5606 │       5886.01 │ CHINA         │ yqiALHYT6gaiip1g6wgnM6ctJ             │ 28-729-762-5783 │ out the fluffily pending requests. furiously ironic forges integrate. quickly bold theod                            │
│   1439413 │ Customer#001439413 │   690161.9783 │       8808.65 │ ETHIOPIA      │ 5vMec8OoAWrStjng                      │ 15-432-961-8772 │ boost across the regular, ironic packages. final instructions                                                       │
│   1392475 │ Customer#001392475 │   685464.4086 │        593.26 │ SAUDI ARABIA  │ sbjxdO1xOzy1wBIhAOzp6b2,9sHMj8q1f     │ 30-640-220-2095 │ c accounts. always final instructions boost according to the final                                                  │
│    616909 │ Customer#000616909 │   684978.1044 │       2660.84 │ EGYPT         │ Jg9FiC98BUWmlBb3WTN                   │ 14-185-768-2185 │ s about the busy ideas affix f                                                                                      │
│    314272 │ Customer#000314272 │   682212.6365 │       5127.92 │ UNITED STATES │  LKR3R5VStcAlT4D,qGBJLWYkmJU          │ 34-674-752-5199 │ ng to the slyly express instructions sleep fluffily even foxes. special id                                          │
│   1472980 │ Customer#001472980 │   677765.9180 │       6003.36 │ IRAQ          │ JIMreXGvswrve5rkBww                   │ 21-506-776-4657 │ e. packages according to the instructions are among the even, regular th                                            │
│   1486201 │ Customer#001486201 │   674878.4539 │       -276.92 │ JORDAN        │ 8hJKgyMlv Ay3fyNDJFvszoYd             │ 23-611-797-4750 │ es nag. silent accounts are blithely daring packages.                                                               │
├───────────┴────────────────────┴───────────────┴───────────────┴───────────────┴───────────────────────────────────────┴─────────────────┴─────────────────────────────────────────────────────────────────────────────────────────────────────────────────────┤
│ 20 rows                                                                                                                                                                                                                                              8 columns │
└────────────────────────────────────────────────────────────────────────────────────────────────────────────────────────────────────────────────────────────────────────────────────────────────────────────────────────────────────────────────────────────────┘

# === Backend CRR (DEBIT_BM=crr) ===
# sql=
PRAGMA load_bitmap('orderkey');
PRAGMA load_bitmap('returnflag');
PRAGMA bm_tpch(10);
[load_bitmap] orderkey: scanned 59986052 rows in 648 ms
[load_bitmap] orderkey: built CRoaringRun index (15000000 keys, 257.154 MB) in 6885 ms
[load_bitmap] returnflag: scanned 59986052 rows in 528 ms
[load_bitmap] returnflag: built CRoaringRun index (3 keys, 22.5311 MB) in 576 ms

================================================================
  TPC-H Q10 (BitEngine pattern, runtime semi-joins)
  Pre-loaded: bitmap_orderkey + bitmap_returnflag
================================================================

--- Iteration 1/5 (warm-up) ---
  CRoaringRun:  PhaseA(orders)=183.868  PhaseB(okey_OR)=258.107  PhaseC(rf_OR)=0.898  PhaseD(AND+rids)=8.085  PhaseE(BMFetch+agg)=375.679  PhaseF(top20)=8.055  Total=834.695  rows=1147084  custkeys=381105  top1=1237537/8849896657

--- Iteration 2/5 ---
  CRoaringRun:  PhaseA(orders)=92.405  PhaseB(okey_OR)=257.788  PhaseC(rf_OR)=0.944  PhaseD(AND+rids)=7.628  PhaseE(BMFetch+agg)=204.122  PhaseF(top20)=7.587  Total=570.477  rows=1147084  custkeys=381105  top1=1237537/8849896657

--- Iteration 3/5 ---
  CRoaringRun:  PhaseA(orders)=92.14  PhaseB(okey_OR)=257.665  PhaseC(rf_OR)=0.941  PhaseD(AND+rids)=7.664  PhaseE(BMFetch+agg)=202.25  PhaseF(top20)=7.513  Total=568.175  rows=1147084  custkeys=381105  top1=1237537/8849896657

--- Iteration 4/5 ---
  CRoaringRun:  PhaseA(orders)=92.535  PhaseB(okey_OR)=258.21  PhaseC(rf_OR)=0.954  PhaseD(AND+rids)=7.61  PhaseE(BMFetch+agg)=206.776  PhaseF(top20)=7.582  Total=573.669  rows=1147084  custkeys=381105  top1=1237537/8849896657

--- Iteration 5/5 ---
  CRoaringRun:  PhaseA(orders)=92.049  PhaseB(okey_OR)=257.717  PhaseC(rf_OR)=0.93  PhaseD(AND+rids)=7.799  PhaseE(BMFetch+agg)=203.735  PhaseF(top20)=7.611  Total=569.843  rows=1147084  custkeys=381105  top1=1237537/8849896657

[OK] CRoaringRun matches DuckDB SQL ground truth (top-1 custkey=1237537 revenue=884990).

================================================================
  Q10 RESULTS — CRoaringRun (4 measured iter, median +/- stddev)
================================================================
  PhaseA (orders scan)       : 92.2725 +/- 0.195953 ms
  PhaseB (orderkey OR)       : 257.752 +/- 0.215208 ms
  PhaseC (returnflag OR)     : 0.9425 +/- 0.00855497 ms
  PhaseD (AND + get_rowids)  : 7.646 +/- 0.0740452 ms
  PhaseE (BMFetch + revenue) : 203.929 +/- 1.6324 ms
  PhaseF (top-20 heap)       : 7.5845 +/- 0.0364717 ms
  TOTAL                      : 570.16 +/- 1.99209 ms
================================================================

  [CSV] q10_results_SF10.csv
┌───────────┬────────────────────┬───────────────┬───────────────┬───────────────┬───────────────────────────────────────┬─────────────────┬─────────────────────────────────────────────────────────────────────────────────────────────────────────────────────┐
│ c_custkey │       c_name       │    revenue    │   c_acctbal   │    n_name     │               c_address               │     c_phone     │                                                      c_comment                                                      │
│   int64   │      varchar       │ decimal(38,4) │ decimal(15,2) │    varchar    │                varchar                │     varchar     │                                                       varchar                                                       │
├───────────┼────────────────────┼───────────────┼───────────────┼───────────────┼───────────────────────────────────────┼─────────────────┼─────────────────────────────────────────────────────────────────────────────────────────────────────────────────────┤
│   1237537 │ Customer#001237537 │   884989.6657 │       7840.17 │ RUSSIA        │ mdkU4LpZECCtt20RHa76sA6b4WC           │ 32-367-120-4327 │ yly regular accounts boost. requests need to nag evenly                                                             │
│   1116802 │ Customer#001116802 │   830214.1117 │        772.17 │ JORDAN        │ iBka7YijCCLApX1f 8 sKp 5ldP           │ 23-199-655-3770 │ y carefully regular deposits. packages nod ironic packages                                                          │
│    508954 │ Customer#000508954 │   826167.5138 │       3072.07 │ ETHIOPIA      │ tKQLmGq3MOqXiTmNZQRp                  │ 15-880-510-9487 │ t the quickly pending deposits. carefully express dependencies detect. blithely regular                             │
│   1487503 │ Customer#001487503 │   825996.5903 │       5398.11 │ IRAN          │ D tOJIC0rcVO                          │ 20-271-234-4401 │ ithely quiet deposits about the slyly final dolphins hinder carefully about the slyly ironic accounts. carefully ir │
│   1461247 │ Customer#001461247 │   775992.0820 │       3205.93 │ SAUDI ARABIA  │ Ia1gHwdAyyFo,pCKhCkqX6                │ 30-137-949-5375 │ beans. furiously ironic realms after the slyly ironic sentiments are requests. courts was carefully about t         │
│   1316338 │ Customer#001316338 │   765063.7003 │       8682.95 │ INDIA         │ QLsXlkrrAQ7fz5TDIoDUVsUMsH1pBOG       │ 18-793-610-3832 │ olites sleep furiously ironic instructions. final, final ideas wake carefully after the slyly iron                  │
│    817849 │ Customer#000817849 │   737664.7232 │       -380.30 │ MOROCCO       │ UKsTjQdC5d9PwYXz u                    │ 25-111-847-3201 │ ts after the slyly regular excuses wake pending accounts. deposits wake? carefully ironic foxes wa                  │
│   1335394 │ Customer#001335394 │   731259.8675 │       3978.53 │ VIETNAM       │ FNdEi9tP 5eQib8C                      │ 31-760-271-2302 │ ly ironic, final foxes. slyly bold instructions                                                                     │
│    102358 │ Customer#000102358 │   715001.8825 │       3564.90 │ BRAZIL        │ 3BnBw0 bZWmVue6bPGn513kOeitBl5VHj     │ 12-941-212-8350 │  furiously furiously dogged deposits. regular accounts are furiously furiously pending instructions. carefu         │
│   1432624 │ Customer#001432624 │   713512.6431 │        205.08 │ FRANCE        │ e7o5TBwh,bLO6flPI05Nrp0,1Q8m19ODDs0   │ 16-550-232-2774 │ y ironic packages. slyly silent instructions cajole about the a                                                     │
│    160528 │ Customer#000160528 │   710673.3317 │       3425.52 │ INDONESIA     │ VrYJ,qyK75m PkPLTQT7KocfwMwPYQTlcEYBz │ 19-670-600-6340 │ blithely even deposits sleep until the even accounts                                                                │
│   1345237 │ Customer#001345237 │   707735.5745 │       6905.22 │ FRANCE        │ QJxZWEukcxoDYlFOgUGIOuGay             │ 16-133-279-4001 │ symptotes integrate according to the sl                                                                             │
│    839816 │ Customer#000839816 │   705643.2854 │       2110.25 │ UNITED STATES │ r9c CDy,MgOouA                        │ 34-453-282-7925 │ sly sly pinto beans wake quickly slyly final packages. express deposit                                              │
│   1136716 │ Customer#001136716 │   695043.5606 │       5886.01 │ CHINA         │ yqiALHYT6gaiip1g6wgnM6ctJ             │ 28-729-762-5783 │ out the fluffily pending requests. furiously ironic forges integrate. quickly bold theod                            │
│   1439413 │ Customer#001439413 │   690161.9783 │       8808.65 │ ETHIOPIA      │ 5vMec8OoAWrStjng                      │ 15-432-961-8772 │ boost across the regular, ironic packages. final instructions                                                       │
│   1392475 │ Customer#001392475 │   685464.4086 │        593.26 │ SAUDI ARABIA  │ sbjxdO1xOzy1wBIhAOzp6b2,9sHMj8q1f     │ 30-640-220-2095 │ c accounts. always final instructions boost according to the final                                                  │
│    616909 │ Customer#000616909 │   684978.1044 │       2660.84 │ EGYPT         │ Jg9FiC98BUWmlBb3WTN                   │ 14-185-768-2185 │ s about the busy ideas affix f                                                                                      │
│    314272 │ Customer#000314272 │   682212.6365 │       5127.92 │ UNITED STATES │  LKR3R5VStcAlT4D,qGBJLWYkmJU          │ 34-674-752-5199 │ ng to the slyly express instructions sleep fluffily even foxes. special id                                          │
│   1472980 │ Customer#001472980 │   677765.9180 │       6003.36 │ IRAQ          │ JIMreXGvswrve5rkBww                   │ 21-506-776-4657 │ e. packages according to the instructions are among the even, regular th                                            │
│   1486201 │ Customer#001486201 │   674878.4539 │       -276.92 │ JORDAN        │ 8hJKgyMlv Ay3fyNDJFvszoYd             │ 23-611-797-4750 │ es nag. silent accounts are blithely daring packages.                                                               │
├───────────┴────────────────────┴───────────────┴───────────────┴───────────────┴───────────────────────────────────────┴─────────────────┴─────────────────────────────────────────────────────────────────────────────────────────────────────────────────────┤
│ 20 rows                                                                                                                                                                                                                                              8 columns │
└────────────────────────────────────────────────────────────────────────────────────────────────────────────────────────────────────────────────────────────────────────────────────────────────────────────────────────────────────────────────────────────────┘

# === Backend WAH (DEBIT_BM=wah) ===
# sql=
PRAGMA load_bitmap('orderkey');
PRAGMA load_bitmap('returnflag');
PRAGMA bm_tpch(10);
[load_bitmap] orderkey: scanned 59986052 rows in 645 ms
[load_bitmap] orderkey: built WAH index (15000000 keys, 1265.8 MB) in 10620 ms
[load_bitmap] returnflag: scanned 59986052 rows in 523 ms
[load_bitmap] returnflag: built WAH index (3 keys, 23.218 MB) in 717 ms

================================================================
  TPC-H Q10 (BitEngine pattern, runtime semi-joins)
  Pre-loaded: bitmap_orderkey + bitmap_returnflag
================================================================

--- Iteration 1/5 (warm-up) ---
  WAH:  PhaseA(orders)=208.93  PhaseB(okey_OR)=763.187  PhaseC(rf_OR)=0.002  PhaseD(AND+rids)=41.344  PhaseE(BMFetch+agg)=382.555  PhaseF(top20)=8.667  Total=1404.69  rows=1147084  custkeys=381105  top1=1237537/8849896657

--- Iteration 2/5 ---
  WAH:  PhaseA(orders)=107.163  PhaseB(okey_OR)=728.528  PhaseC(rf_OR)=0.002  PhaseD(AND+rids)=37.328  PhaseE(BMFetch+agg)=211.786  PhaseF(top20)=7.627  Total=1092.44  rows=1147084  custkeys=381105  top1=1237537/8849896657

--- Iteration 3/5 ---
  WAH:  PhaseA(orders)=93.709  PhaseB(okey_OR)=713.944  PhaseC(rf_OR)=0.002  PhaseD(AND+rids)=37.41  PhaseE(BMFetch+agg)=213.969  PhaseF(top20)=7.632  Total=1066.67  rows=1147084  custkeys=381105  top1=1237537/8849896657

--- Iteration 4/5 ---
  WAH:  PhaseA(orders)=93.284  PhaseB(okey_OR)=711.621  PhaseC(rf_OR)=0.002  PhaseD(AND+rids)=37.692  PhaseE(BMFetch+agg)=210.004  PhaseF(top20)=7.644  Total=1060.25  rows=1147084  custkeys=381105  top1=1237537/8849896657

--- Iteration 5/5 ---
  WAH:  PhaseA(orders)=92.607  PhaseB(okey_OR)=715.509  PhaseC(rf_OR)=0.002  PhaseD(AND+rids)=42.03  PhaseE(BMFetch+agg)=213.674  PhaseF(top20)=7.66  Total=1071.48  rows=1147084  custkeys=381105  top1=1237537/8849896657

[OK] WAH matches DuckDB SQL ground truth (top-1 custkey=1237537 revenue=884990).

================================================================
  Q10 RESULTS — WAH (4 measured iter, median +/- stddev)
================================================================
  PhaseA (orders scan)       : 93.4965 +/- 6.05892 ms
  PhaseB (orderkey OR)       : 714.726 +/- 6.5717 ms
  PhaseC (returnflag OR)     : 0.002 +/- 0 ms
  PhaseD (AND + get_rowids)  : 37.551 +/- 1.97627 ms
  PhaseE (BMFetch + revenue) : 212.73 +/- 1.59653 ms
  PhaseF (top-20 heap)       : 7.638 +/- 0.0127156 ms
  TOTAL                      : 1069.08 +/- 12.0662 ms
================================================================

  [CSV] q10_results_SF10.csv
┌───────────┬────────────────────┬───────────────┬───────────────┬───────────────┬───────────────────────────────────────┬─────────────────┬─────────────────────────────────────────────────────────────────────────────────────────────────────────────────────┐
│ c_custkey │       c_name       │    revenue    │   c_acctbal   │    n_name     │               c_address               │     c_phone     │                                                      c_comment                                                      │
│   int64   │      varchar       │ decimal(38,4) │ decimal(15,2) │    varchar    │                varchar                │     varchar     │                                                       varchar                                                       │
├───────────┼────────────────────┼───────────────┼───────────────┼───────────────┼───────────────────────────────────────┼─────────────────┼─────────────────────────────────────────────────────────────────────────────────────────────────────────────────────┤
│   1237537 │ Customer#001237537 │   884989.6657 │       7840.17 │ RUSSIA        │ mdkU4LpZECCtt20RHa76sA6b4WC           │ 32-367-120-4327 │ yly regular accounts boost. requests need to nag evenly                                                             │
│   1116802 │ Customer#001116802 │   830214.1117 │        772.17 │ JORDAN        │ iBka7YijCCLApX1f 8 sKp 5ldP           │ 23-199-655-3770 │ y carefully regular deposits. packages nod ironic packages                                                          │
│    508954 │ Customer#000508954 │   826167.5138 │       3072.07 │ ETHIOPIA      │ tKQLmGq3MOqXiTmNZQRp                  │ 15-880-510-9487 │ t the quickly pending deposits. carefully express dependencies detect. blithely regular                             │
│   1487503 │ Customer#001487503 │   825996.5903 │       5398.11 │ IRAN          │ D tOJIC0rcVO                          │ 20-271-234-4401 │ ithely quiet deposits about the slyly final dolphins hinder carefully about the slyly ironic accounts. carefully ir │
│   1461247 │ Customer#001461247 │   775992.0820 │       3205.93 │ SAUDI ARABIA  │ Ia1gHwdAyyFo,pCKhCkqX6                │ 30-137-949-5375 │ beans. furiously ironic realms after the slyly ironic sentiments are requests. courts was carefully about t         │
│   1316338 │ Customer#001316338 │   765063.7003 │       8682.95 │ INDIA         │ QLsXlkrrAQ7fz5TDIoDUVsUMsH1pBOG       │ 18-793-610-3832 │ olites sleep furiously ironic instructions. final, final ideas wake carefully after the slyly iron                  │
│    817849 │ Customer#000817849 │   737664.7232 │       -380.30 │ MOROCCO       │ UKsTjQdC5d9PwYXz u                    │ 25-111-847-3201 │ ts after the slyly regular excuses wake pending accounts. deposits wake? carefully ironic foxes wa                  │
│   1335394 │ Customer#001335394 │   731259.8675 │       3978.53 │ VIETNAM       │ FNdEi9tP 5eQib8C                      │ 31-760-271-2302 │ ly ironic, final foxes. slyly bold instructions                                                                     │
│    102358 │ Customer#000102358 │   715001.8825 │       3564.90 │ BRAZIL        │ 3BnBw0 bZWmVue6bPGn513kOeitBl5VHj     │ 12-941-212-8350 │  furiously furiously dogged deposits. regular accounts are furiously furiously pending instructions. carefu         │
│   1432624 │ Customer#001432624 │   713512.6431 │        205.08 │ FRANCE        │ e7o5TBwh,bLO6flPI05Nrp0,1Q8m19ODDs0   │ 16-550-232-2774 │ y ironic packages. slyly silent instructions cajole about the a                                                     │
│    160528 │ Customer#000160528 │   710673.3317 │       3425.52 │ INDONESIA     │ VrYJ,qyK75m PkPLTQT7KocfwMwPYQTlcEYBz │ 19-670-600-6340 │ blithely even deposits sleep until the even accounts                                                                │
│   1345237 │ Customer#001345237 │   707735.5745 │       6905.22 │ FRANCE        │ QJxZWEukcxoDYlFOgUGIOuGay             │ 16-133-279-4001 │ symptotes integrate according to the sl                                                                             │
│    839816 │ Customer#000839816 │   705643.2854 │       2110.25 │ UNITED STATES │ r9c CDy,MgOouA                        │ 34-453-282-7925 │ sly sly pinto beans wake quickly slyly final packages. express deposit                                              │
│   1136716 │ Customer#001136716 │   695043.5606 │       5886.01 │ CHINA         │ yqiALHYT6gaiip1g6wgnM6ctJ             │ 28-729-762-5783 │ out the fluffily pending requests. furiously ironic forges integrate. quickly bold theod                            │
│   1439413 │ Customer#001439413 │   690161.9783 │       8808.65 │ ETHIOPIA      │ 5vMec8OoAWrStjng                      │ 15-432-961-8772 │ boost across the regular, ironic packages. final instructions                                                       │
│   1392475 │ Customer#001392475 │   685464.4086 │        593.26 │ SAUDI ARABIA  │ sbjxdO1xOzy1wBIhAOzp6b2,9sHMj8q1f     │ 30-640-220-2095 │ c accounts. always final instructions boost according to the final                                                  │
│    616909 │ Customer#000616909 │   684978.1044 │       2660.84 │ EGYPT         │ Jg9FiC98BUWmlBb3WTN                   │ 14-185-768-2185 │ s about the busy ideas affix f                                                                                      │
│    314272 │ Customer#000314272 │   682212.6365 │       5127.92 │ UNITED STATES │  LKR3R5VStcAlT4D,qGBJLWYkmJU          │ 34-674-752-5199 │ ng to the slyly express instructions sleep fluffily even foxes. special id                                          │
│   1472980 │ Customer#001472980 │   677765.9180 │       6003.36 │ IRAQ          │ JIMreXGvswrve5rkBww                   │ 21-506-776-4657 │ e. packages according to the instructions are among the even, regular th                                            │
│   1486201 │ Customer#001486201 │   674878.4539 │       -276.92 │ JORDAN        │ 8hJKgyMlv Ay3fyNDJFvszoYd             │ 23-611-797-4750 │ es nag. silent accounts are blithely daring packages.                                                               │
├───────────┴────────────────────┴───────────────┴───────────────┴───────────────┴───────────────────────────────────────┴─────────────────┴─────────────────────────────────────────────────────────────────────────────────────────────────────────────────────┤
│ 20 rows                                                                                                                                                                                                                                              8 columns │
└────────────────────────────────────────────────────────────────────────────────────────────────────────────────────────────────────────────────────────────────────────────────────────────────────────────────────────────────────────────────────────────────┘

# === Backend EW (DEBIT_BM=ew) ===
# sql=
PRAGMA load_bitmap('orderkey');
PRAGMA load_bitmap('returnflag');
PRAGMA bm_tpch(10);
[load_bitmap] orderkey: scanned 59986052 rows in 649 ms
[load_bitmap] orderkey: built EWAH index (15000000 keys, 365.622 MB) in 5180 ms
[load_bitmap] returnflag: scanned 59986052 rows in 528 ms
[load_bitmap] returnflag: built EWAH index (3 keys, 22.4948 MB) in 465 ms

================================================================
  TPC-H Q10 (BitEngine pattern, runtime semi-joins)
  Pre-loaded: bitmap_orderkey + bitmap_returnflag
================================================================

--- Iteration 1/5 (warm-up) ---
  EWAH:  PhaseA(orders)=185.644  PhaseB(okey_OR)=274.611  PhaseC(rf_OR)=2.038  PhaseD(AND+rids)=19.426  PhaseE(BMFetch+agg)=384.16  PhaseF(top20)=7.682  Total=873.564  rows=1147084  custkeys=381105  top1=1237537/8849896657

--- Iteration 2/5 ---
  EWAH:  PhaseA(orders)=93.595  PhaseB(okey_OR)=276.563  PhaseC(rf_OR)=1.522  PhaseD(AND+rids)=19.382  PhaseE(BMFetch+agg)=214.942  PhaseF(top20)=7.337  Total=613.343  rows=1147084  custkeys=381105  top1=1237537/8849896657

--- Iteration 3/5 ---
  EWAH:  PhaseA(orders)=91.998  PhaseB(okey_OR)=276.034  PhaseC(rf_OR)=1.69  PhaseD(AND+rids)=19.434  PhaseE(BMFetch+agg)=215.5  PhaseF(top20)=7.403  Total=612.062  rows=1147084  custkeys=381105  top1=1237537/8849896657

--- Iteration 4/5 ---
  EWAH:  PhaseA(orders)=92.637  PhaseB(okey_OR)=276.687  PhaseC(rf_OR)=1.666  PhaseD(AND+rids)=19.552  PhaseE(BMFetch+agg)=214.068  PhaseF(top20)=7.382  Total=611.994  rows=1147084  custkeys=381105  top1=1237537/8849896657

--- Iteration 5/5 ---
  EWAH:  PhaseA(orders)=93.889  PhaseB(okey_OR)=276.921  PhaseC(rf_OR)=1.66  PhaseD(AND+rids)=19.347  PhaseE(BMFetch+agg)=214.288  PhaseF(top20)=7.308  Total=613.415  rows=1147084  custkeys=381105  top1=1237537/8849896657

[OK] EWAH matches DuckDB SQL ground truth (top-1 custkey=1237537 revenue=884990).

================================================================
  Q10 RESULTS — EWAH (4 measured iter, median +/- stddev)
================================================================
  PhaseA (orders scan)       : 93.116 +/- 0.754417 ms
  PhaseB (orderkey OR)       : 276.625 +/- 0.325126 ms
  PhaseC (returnflag OR)     : 1.663 +/- 0.0659147 ms
  PhaseD (AND + get_rowids)  : 19.408 +/- 0.0775995 ms
  PhaseE (BMFetch + revenue) : 214.615 +/- 0.562968 ms
  PhaseF (top-20 heap)       : 7.3595 +/- 0.0372189 ms
  TOTAL                      : 612.702 +/- 0.676407 ms
================================================================

  [CSV] q10_results_SF10.csv
┌───────────┬────────────────────┬───────────────┬───────────────┬───────────────┬───────────────────────────────────────┬─────────────────┬─────────────────────────────────────────────────────────────────────────────────────────────────────────────────────┐
│ c_custkey │       c_name       │    revenue    │   c_acctbal   │    n_name     │               c_address               │     c_phone     │                                                      c_comment                                                      │
│   int64   │      varchar       │ decimal(38,4) │ decimal(15,2) │    varchar    │                varchar                │     varchar     │                                                       varchar                                                       │
├───────────┼────────────────────┼───────────────┼───────────────┼───────────────┼───────────────────────────────────────┼─────────────────┼─────────────────────────────────────────────────────────────────────────────────────────────────────────────────────┤
│   1237537 │ Customer#001237537 │   884989.6657 │       7840.17 │ RUSSIA        │ mdkU4LpZECCtt20RHa76sA6b4WC           │ 32-367-120-4327 │ yly regular accounts boost. requests need to nag evenly                                                             │
│   1116802 │ Customer#001116802 │   830214.1117 │        772.17 │ JORDAN        │ iBka7YijCCLApX1f 8 sKp 5ldP           │ 23-199-655-3770 │ y carefully regular deposits. packages nod ironic packages                                                          │
│    508954 │ Customer#000508954 │   826167.5138 │       3072.07 │ ETHIOPIA      │ tKQLmGq3MOqXiTmNZQRp                  │ 15-880-510-9487 │ t the quickly pending deposits. carefully express dependencies detect. blithely regular                             │
│   1487503 │ Customer#001487503 │   825996.5903 │       5398.11 │ IRAN          │ D tOJIC0rcVO                          │ 20-271-234-4401 │ ithely quiet deposits about the slyly final dolphins hinder carefully about the slyly ironic accounts. carefully ir │
│   1461247 │ Customer#001461247 │   775992.0820 │       3205.93 │ SAUDI ARABIA  │ Ia1gHwdAyyFo,pCKhCkqX6                │ 30-137-949-5375 │ beans. furiously ironic realms after the slyly ironic sentiments are requests. courts was carefully about t         │
│   1316338 │ Customer#001316338 │   765063.7003 │       8682.95 │ INDIA         │ QLsXlkrrAQ7fz5TDIoDUVsUMsH1pBOG       │ 18-793-610-3832 │ olites sleep furiously ironic instructions. final, final ideas wake carefully after the slyly iron                  │
│    817849 │ Customer#000817849 │   737664.7232 │       -380.30 │ MOROCCO       │ UKsTjQdC5d9PwYXz u                    │ 25-111-847-3201 │ ts after the slyly regular excuses wake pending accounts. deposits wake? carefully ironic foxes wa                  │
│   1335394 │ Customer#001335394 │   731259.8675 │       3978.53 │ VIETNAM       │ FNdEi9tP 5eQib8C                      │ 31-760-271-2302 │ ly ironic, final foxes. slyly bold instructions                                                                     │
│    102358 │ Customer#000102358 │   715001.8825 │       3564.90 │ BRAZIL        │ 3BnBw0 bZWmVue6bPGn513kOeitBl5VHj     │ 12-941-212-8350 │  furiously furiously dogged deposits. regular accounts are furiously furiously pending instructions. carefu         │
│   1432624 │ Customer#001432624 │   713512.6431 │        205.08 │ FRANCE        │ e7o5TBwh,bLO6flPI05Nrp0,1Q8m19ODDs0   │ 16-550-232-2774 │ y ironic packages. slyly silent instructions cajole about the a                                                     │
│    160528 │ Customer#000160528 │   710673.3317 │       3425.52 │ INDONESIA     │ VrYJ,qyK75m PkPLTQT7KocfwMwPYQTlcEYBz │ 19-670-600-6340 │ blithely even deposits sleep until the even accounts                                                                │
│   1345237 │ Customer#001345237 │   707735.5745 │       6905.22 │ FRANCE        │ QJxZWEukcxoDYlFOgUGIOuGay             │ 16-133-279-4001 │ symptotes integrate according to the sl                                                                             │
│    839816 │ Customer#000839816 │   705643.2854 │       2110.25 │ UNITED STATES │ r9c CDy,MgOouA                        │ 34-453-282-7925 │ sly sly pinto beans wake quickly slyly final packages. express deposit                                              │
│   1136716 │ Customer#001136716 │   695043.5606 │       5886.01 │ CHINA         │ yqiALHYT6gaiip1g6wgnM6ctJ             │ 28-729-762-5783 │ out the fluffily pending requests. furiously ironic forges integrate. quickly bold theod                            │
│   1439413 │ Customer#001439413 │   690161.9783 │       8808.65 │ ETHIOPIA      │ 5vMec8OoAWrStjng                      │ 15-432-961-8772 │ boost across the regular, ironic packages. final instructions                                                       │
│   1392475 │ Customer#001392475 │   685464.4086 │        593.26 │ SAUDI ARABIA  │ sbjxdO1xOzy1wBIhAOzp6b2,9sHMj8q1f     │ 30-640-220-2095 │ c accounts. always final instructions boost according to the final                                                  │
│    616909 │ Customer#000616909 │   684978.1044 │       2660.84 │ EGYPT         │ Jg9FiC98BUWmlBb3WTN                   │ 14-185-768-2185 │ s about the busy ideas affix f                                                                                      │
│    314272 │ Customer#000314272 │   682212.6365 │       5127.92 │ UNITED STATES │  LKR3R5VStcAlT4D,qGBJLWYkmJU          │ 34-674-752-5199 │ ng to the slyly express instructions sleep fluffily even foxes. special id                                          │
│   1472980 │ Customer#001472980 │   677765.9180 │       6003.36 │ IRAQ          │ JIMreXGvswrve5rkBww                   │ 21-506-776-4657 │ e. packages according to the instructions are among the even, regular th                                            │
│   1486201 │ Customer#001486201 │   674878.4539 │       -276.92 │ JORDAN        │ 8hJKgyMlv Ay3fyNDJFvszoYd             │ 23-611-797-4750 │ es nag. silent accounts are blithely daring packages.                                                               │
├───────────┴────────────────────┴───────────────┴───────────────┴───────────────┴───────────────────────────────────────┴─────────────────┴─────────────────────────────────────────────────────────────────────────────────────────────────────────────────────┤
│ 20 rows                                                                                                                                                                                                                                              8 columns │
└────────────────────────────────────────────────────────────────────────────────────────────────────────────────────────────────────────────────────────────────────────────────────────────────────────────────────────────────────────────────────────────────┘

# === Backend CON (DEBIT_BM=con) ===
# sql=
PRAGMA load_bitmap('orderkey');
PRAGMA load_bitmap('returnflag');
PRAGMA bm_tpch(10);
[load_bitmap] orderkey: scanned 59986052 rows in 649 ms
[load_bitmap] orderkey: built Concise index (15000000 keys, 239.944 MB) in 4911 ms
[load_bitmap] returnflag: scanned 59986052 rows in 529 ms
[load_bitmap] returnflag: built Concise index (3 keys, 239.944 MB) in 637 ms

================================================================
  TPC-H Q10 (BitEngine pattern, runtime semi-joins)
  Pre-loaded: bitmap_orderkey + bitmap_returnflag
================================================================

--- Iteration 1/5 (warm-up) ---
  Concise:  PhaseA(orders)=184.935  PhaseB(okey_OR)=351.632  PhaseC(rf_OR)=1.262  PhaseD(AND+rids)=40.826  PhaseE(BMFetch+agg)=378.116  PhaseF(top20)=7.686  Total=964.46  rows=1147084  custkeys=381105  top1=1237537/8849896657

--- Iteration 2/5 ---
  Concise:  PhaseA(orders)=92.176  PhaseB(okey_OR)=352.774  PhaseC(rf_OR)=1.477  PhaseD(AND+rids)=40.812  PhaseE(BMFetch+agg)=205.833  PhaseF(top20)=7.351  Total=700.427  rows=1147084  custkeys=381105  top1=1237537/8849896657

--- Iteration 3/5 ---
  Concise:  PhaseA(orders)=91.758  PhaseB(okey_OR)=354.104  PhaseC(rf_OR)=1.4  PhaseD(AND+rids)=40.873  PhaseE(BMFetch+agg)=205.382  PhaseF(top20)=7.282  Total=700.801  rows=1147084  custkeys=381105  top1=1237537/8849896657

--- Iteration 4/5 ---
  Concise:  PhaseA(orders)=92.669  PhaseB(okey_OR)=353.991  PhaseC(rf_OR)=1.493  PhaseD(AND+rids)=40.781  PhaseE(BMFetch+agg)=204.806  PhaseF(top20)=7.278  Total=701.02  rows=1147084  custkeys=381105  top1=1237537/8849896657

--- Iteration 5/5 ---
  Concise:  PhaseA(orders)=93.077  PhaseB(okey_OR)=355.048  PhaseC(rf_OR)=1.424  PhaseD(AND+rids)=41.027  PhaseE(BMFetch+agg)=209.633  PhaseF(top20)=7.684  Total=707.896  rows=1147084  custkeys=381105  top1=1237537/8849896657

[OK] Concise matches DuckDB SQL ground truth (top-1 custkey=1237537 revenue=884990).

================================================================
  Q10 RESULTS — Concise (4 measured iter, median +/- stddev)
================================================================
  PhaseA (orders scan)       : 92.4225 +/- 0.497853 ms
  PhaseB (orderkey OR)       : 354.048 +/- 0.807861 ms
  PhaseC (returnflag OR)     : 1.4505 +/- 0.0378979 ms
  PhaseD (AND + get_rowids)  : 40.8425 +/- 0.0947375 ms
  PhaseE (BMFetch + revenue) : 205.608 +/- 1.89408 ms
  PhaseF (top-20 heap)       : 7.3165 +/- 0.167226 ms
  TOTAL                      : 700.91 +/- 3.10185 ms
================================================================

  [CSV] q10_results_SF10.csv
┌───────────┬────────────────────┬───────────────┬───────────────┬───────────────┬───────────────────────────────────────┬─────────────────┬─────────────────────────────────────────────────────────────────────────────────────────────────────────────────────┐
│ c_custkey │       c_name       │    revenue    │   c_acctbal   │    n_name     │               c_address               │     c_phone     │                                                      c_comment                                                      │
│   int64   │      varchar       │ decimal(38,4) │ decimal(15,2) │    varchar    │                varchar                │     varchar     │                                                       varchar                                                       │
├───────────┼────────────────────┼───────────────┼───────────────┼───────────────┼───────────────────────────────────────┼─────────────────┼─────────────────────────────────────────────────────────────────────────────────────────────────────────────────────┤
│   1237537 │ Customer#001237537 │   884989.6657 │       7840.17 │ RUSSIA        │ mdkU4LpZECCtt20RHa76sA6b4WC           │ 32-367-120-4327 │ yly regular accounts boost. requests need to nag evenly                                                             │
│   1116802 │ Customer#001116802 │   830214.1117 │        772.17 │ JORDAN        │ iBka7YijCCLApX1f 8 sKp 5ldP           │ 23-199-655-3770 │ y carefully regular deposits. packages nod ironic packages                                                          │
│    508954 │ Customer#000508954 │   826167.5138 │       3072.07 │ ETHIOPIA      │ tKQLmGq3MOqXiTmNZQRp                  │ 15-880-510-9487 │ t the quickly pending deposits. carefully express dependencies detect. blithely regular                             │
│   1487503 │ Customer#001487503 │   825996.5903 │       5398.11 │ IRAN          │ D tOJIC0rcVO                          │ 20-271-234-4401 │ ithely quiet deposits about the slyly final dolphins hinder carefully about the slyly ironic accounts. carefully ir │
│   1461247 │ Customer#001461247 │   775992.0820 │       3205.93 │ SAUDI ARABIA  │ Ia1gHwdAyyFo,pCKhCkqX6                │ 30-137-949-5375 │ beans. furiously ironic realms after the slyly ironic sentiments are requests. courts was carefully about t         │
│   1316338 │ Customer#001316338 │   765063.7003 │       8682.95 │ INDIA         │ QLsXlkrrAQ7fz5TDIoDUVsUMsH1pBOG       │ 18-793-610-3832 │ olites sleep furiously ironic instructions. final, final ideas wake carefully after the slyly iron                  │
│    817849 │ Customer#000817849 │   737664.7232 │       -380.30 │ MOROCCO       │ UKsTjQdC5d9PwYXz u                    │ 25-111-847-3201 │ ts after the slyly regular excuses wake pending accounts. deposits wake? carefully ironic foxes wa                  │
│   1335394 │ Customer#001335394 │   731259.8675 │       3978.53 │ VIETNAM       │ FNdEi9tP 5eQib8C                      │ 31-760-271-2302 │ ly ironic, final foxes. slyly bold instructions                                                                     │
│    102358 │ Customer#000102358 │   715001.8825 │       3564.90 │ BRAZIL        │ 3BnBw0 bZWmVue6bPGn513kOeitBl5VHj     │ 12-941-212-8350 │  furiously furiously dogged deposits. regular accounts are furiously furiously pending instructions. carefu         │
│   1432624 │ Customer#001432624 │   713512.6431 │        205.08 │ FRANCE        │ e7o5TBwh,bLO6flPI05Nrp0,1Q8m19ODDs0   │ 16-550-232-2774 │ y ironic packages. slyly silent instructions cajole about the a                                                     │
│    160528 │ Customer#000160528 │   710673.3317 │       3425.52 │ INDONESIA     │ VrYJ,qyK75m PkPLTQT7KocfwMwPYQTlcEYBz │ 19-670-600-6340 │ blithely even deposits sleep until the even accounts                                                                │
│   1345237 │ Customer#001345237 │   707735.5745 │       6905.22 │ FRANCE        │ QJxZWEukcxoDYlFOgUGIOuGay             │ 16-133-279-4001 │ symptotes integrate according to the sl                                                                             │
│    839816 │ Customer#000839816 │   705643.2854 │       2110.25 │ UNITED STATES │ r9c CDy,MgOouA                        │ 34-453-282-7925 │ sly sly pinto beans wake quickly slyly final packages. express deposit                                              │
│   1136716 │ Customer#001136716 │   695043.5606 │       5886.01 │ CHINA         │ yqiALHYT6gaiip1g6wgnM6ctJ             │ 28-729-762-5783 │ out the fluffily pending requests. furiously ironic forges integrate. quickly bold theod                            │
│   1439413 │ Customer#001439413 │   690161.9783 │       8808.65 │ ETHIOPIA      │ 5vMec8OoAWrStjng                      │ 15-432-961-8772 │ boost across the regular, ironic packages. final instructions                                                       │
│   1392475 │ Customer#001392475 │   685464.4086 │        593.26 │ SAUDI ARABIA  │ sbjxdO1xOzy1wBIhAOzp6b2,9sHMj8q1f     │ 30-640-220-2095 │ c accounts. always final instructions boost according to the final                                                  │
│    616909 │ Customer#000616909 │   684978.1044 │       2660.84 │ EGYPT         │ Jg9FiC98BUWmlBb3WTN                   │ 14-185-768-2185 │ s about the busy ideas affix f                                                                                      │
│    314272 │ Customer#000314272 │   682212.6365 │       5127.92 │ UNITED STATES │  LKR3R5VStcAlT4D,qGBJLWYkmJU          │ 34-674-752-5199 │ ng to the slyly express instructions sleep fluffily even foxes. special id                                          │
│   1472980 │ Customer#001472980 │   677765.9180 │       6003.36 │ IRAQ          │ JIMreXGvswrve5rkBww                   │ 21-506-776-4657 │ e. packages according to the instructions are among the even, regular th                                            │
│   1486201 │ Customer#001486201 │   674878.4539 │       -276.92 │ JORDAN        │ 8hJKgyMlv Ay3fyNDJFvszoYd             │ 23-611-797-4750 │ es nag. silent accounts are blithely daring packages.                                                               │
├───────────┴────────────────────┴───────────────┴───────────────┴───────────────┴───────────────────────────────────────┴─────────────────┴─────────────────────────────────────────────────────────────────────────────────────────────────────────────────────┤
│ 20 rows                                                                                                                                                                                                                                              8 columns │
└────────────────────────────────────────────────────────────────────────────────────────────────────────────────────────────────────────────────────────────────────────────────────────────────────────────────────────────────────────────────────────────────┘
