# cwd=/home/lichenhang/lee/thesis/check/lee/duckdb-dev
# pattern_qs_per_backend Q3

# === Backend CB (DEBIT_BM=cb) ===
# sql=
PRAGMA load_bitmap('orderkey');
PRAGMA load_bitmap('shipdate');
PRAGMA load_bitmap('shipdate_BPE');
PRAGMA bm_tpch(3);
[load_bitmap] orderkey: scanned 59986052 rows in 660 ms
[load_bitmap] orderkey: built ComBit index (15000000 keys, 4448.84 MB) in 13054 ms
[load_bitmap] shipdate: scanned 59986052 rows in 276 ms
[load_bitmap] shipdate: built ComBit index (2526 keys, 6586.64 MB) in 23357 ms
[load_bitmap] shipdate_BPE: scanned 59986052 rows in 370 ms
[load_bitmap] shipdate_BPE: built ComBitBPE index (26 keys, 188.472 MB) in 5010 ms

================================================================
  TPC-H Q3 (BitEngine pattern, runtime semi-joins)
  Pre-loaded: bitmap_orderkey + bitmap_shipdate
================================================================

--- Iteration 1/5 (warm-up) ---
  ComBit:  PhaseA(cust_scan)=25.873  PhaseB(orders+okey_OR)=944.254  PhaseC(shipdate_OR)=34.603  PhaseD(AND+rowids)=6.432  PhaseE(BMFetch+agg)=258.335  Total=1269.5  rows=302114

--- Iteration 2/5 ---
  ComBit:  PhaseA(cust_scan)=24.805  PhaseB(orders+okey_OR)=792.424  PhaseC(shipdate_OR)=34.545  PhaseD(AND+rowids)=6.21  PhaseE(BMFetch+agg)=82.337  Total=940.324  rows=302114

--- Iteration 3/5 ---
  ComBit:  PhaseA(cust_scan)=24.427  PhaseB(orders+okey_OR)=795.367  PhaseC(shipdate_OR)=34.051  PhaseD(AND+rowids)=5.516  PhaseE(BMFetch+agg)=82.04  Total=941.401  rows=302114

--- Iteration 4/5 ---
  ComBit:  PhaseA(cust_scan)=24.455  PhaseB(orders+okey_OR)=798.154  PhaseC(shipdate_OR)=33.942  PhaseD(AND+rowids)=5.497  PhaseE(BMFetch+agg)=83.115  Total=945.165  rows=302114

--- Iteration 5/5 ---
  ComBit:  PhaseA(cust_scan)=24.445  PhaseB(orders+okey_OR)=803.434  PhaseC(shipdate_OR)=33.984  PhaseD(AND+rowids)=5.476  PhaseE(BMFetch+agg)=82.522  Total=949.862  rows=302114

[OK] ComBit matches DuckDB SQL ground truth (top 10).

  Q3 top-10 (orderkey, revenue, orderdate, shippriority):
    4791171  440715.2185  1995-02-23  9060
    46678469  439855.3250  1995-01-27  10015
    23906758  432728.5737  1995-03-14  9744
    23861382  428739.1368  1995-03-09  8687
    59393639  426036.0662  1995-02-12  8084
    3355202  425100.6657  1995-03-04  9763
    9806272  425088.0568  1995-03-13  8601
    22810436  423231.9690  1995-01-02  8326
    16384100  421478.7294  1995-03-02  9793
    52974151  415367.1195  1995-02-05  9882

================================================================
  Q3 RESULTS — ComBit (4 measured iter, median +/- stddev)
================================================================
  PhaseA (customer scan)    : 24.4500 +/- 0.1574 ms
  PhaseB (orders+orderkey OR): 796.7605 +/- 4.0577 ms
  PhaseC (shipdate range OR): 34.0175 +/- 0.2424 ms
  PhaseD (AND + get rowids) : 5.5065 +/- 0.3094 ms
  PhaseE (BMFetch + agg)    : 82.4295 +/- 0.3927 ms
  TOTAL                     : 943.2830 +/- 3.7365 ms
================================================================

  [CSV] q3_results_SF10.csv
┌────────────┬───────────────┬─────────────┬────────────────┐
│ l_orderkey │    revenue    │ o_orderdate │ o_shippriority │
│   int64    │ decimal(38,4) │    date     │     int32      │
├────────────┼───────────────┼─────────────┼────────────────┤
│    4791171 │   440715.2185 │ 1995-02-23  │              0 │
│   46678469 │   439855.3250 │ 1995-01-27  │              0 │
│   23906758 │   432728.5737 │ 1995-03-14  │              0 │
│   23861382 │   428739.1368 │ 1995-03-09  │              0 │
│   59393639 │   426036.0662 │ 1995-02-12  │              0 │
│    3355202 │   425100.6657 │ 1995-03-04  │              0 │
│    9806272 │   425088.0568 │ 1995-03-13  │              0 │
│   22810436 │   423231.9690 │ 1995-01-02  │              0 │
│   16384100 │   421478.7294 │ 1995-03-02  │              0 │
│   52974151 │   415367.1195 │ 1995-02-05  │              0 │
├────────────┴───────────────┴─────────────┴────────────────┤
│ 10 rows                                         4 columns │
└───────────────────────────────────────────────────────────┘

# === Backend CR (DEBIT_BM=cr) ===
# sql=
PRAGMA load_bitmap('orderkey');
PRAGMA load_bitmap('shipdate');
PRAGMA load_bitmap('shipdate_BPE');
PRAGMA bm_tpch(3);
[load_bitmap] orderkey: scanned 59986052 rows in 651 ms
[load_bitmap] orderkey: built CRoaring index (15000000 keys, 359.978 MB) in 6420 ms
[load_bitmap] shipdate: scanned 59986052 rows in 282 ms
[load_bitmap] shipdate: built CRoaring index (2526 keys, 138.443 MB) in 1340 ms
[load_bitmap] shipdate_BPE: scanned 59986052 rows in 394 ms
[load_bitmap] shipdate_BPE: built CRoaringBPE index (26 keys, 189.239 MB) in 623 ms

================================================================
  TPC-H Q3 (BitEngine pattern, runtime semi-joins)
  Pre-loaded: bitmap_orderkey + bitmap_shipdate
================================================================

--- Iteration 1/5 (warm-up) ---
  CRoaring:  PhaseA(cust_scan)=31.069  PhaseB(orders+okey_OR)=1397.18  PhaseC(shipdate_OR)=22.295  PhaseD(AND+rowids)=5.865  PhaseE(BMFetch+agg)=258.715  Total=1715.12  rows=302114

--- Iteration 2/5 ---
  CRoaring:  PhaseA(cust_scan)=22.43  PhaseB(orders+okey_OR)=1211.25  PhaseC(shipdate_OR)=22.094  PhaseD(AND+rowids)=5.226  PhaseE(BMFetch+agg)=82.046  Total=1343.05  rows=302114

--- Iteration 3/5 ---
  CRoaring:  PhaseA(cust_scan)=22.167  PhaseB(orders+okey_OR)=1196.32  PhaseC(shipdate_OR)=19.427  PhaseD(AND+rowids)=5.217  PhaseE(BMFetch+agg)=82.263  Total=1325.4  rows=302114

--- Iteration 4/5 ---
  CRoaring:  PhaseA(cust_scan)=22.198  PhaseB(orders+okey_OR)=1195.35  PhaseC(shipdate_OR)=19.617  PhaseD(AND+rowids)=5.239  PhaseE(BMFetch+agg)=82.569  Total=1324.98  rows=302114

--- Iteration 5/5 ---
  CRoaring:  PhaseA(cust_scan)=22.302  PhaseB(orders+okey_OR)=1191.36  PhaseC(shipdate_OR)=19.535  PhaseD(AND+rowids)=5.434  PhaseE(BMFetch+agg)=82.367  Total=1321  rows=302114

[OK] CRoaring matches DuckDB SQL ground truth (top 10).

  Q3 top-10 (orderkey, revenue, orderdate, shippriority):
    4791171  440715.2185  1995-02-23  9060
    46678469  439855.3250  1995-01-27  10015
    23906758  432728.5737  1995-03-14  9744
    23861382  428739.1368  1995-03-09  8687
    59393639  426036.0662  1995-02-12  8084
    3355202  425100.6657  1995-03-04  9763
    9806272  425088.0568  1995-03-13  8601
    22810436  423231.9690  1995-01-02  8326
    16384100  421478.7294  1995-03-02  9793
    52974151  415367.1195  1995-02-05  9882

================================================================
  Q3 RESULTS — CRoaring (4 measured iter, median +/- stddev)
================================================================
  PhaseA (customer scan)    : 22.2500 +/- 0.1029 ms
  PhaseB (orders+orderkey OR): 1195.8380 +/- 7.5538 ms
  PhaseC (shipdate range OR): 19.5760 +/- 1.1139 ms
  PhaseD (AND + get rowids) : 5.2325 +/- 0.0898 ms
  PhaseE (BMFetch + agg)    : 82.3150 +/- 0.1886 ms
  TOTAL                     : 1325.1885 +/- 8.5136 ms
================================================================

  [CSV] q3_results_SF10.csv
┌────────────┬───────────────┬─────────────┬────────────────┐
│ l_orderkey │    revenue    │ o_orderdate │ o_shippriority │
│   int64    │ decimal(38,4) │    date     │     int32      │
├────────────┼───────────────┼─────────────┼────────────────┤
│    4791171 │   440715.2185 │ 1995-02-23  │              0 │
│   46678469 │   439855.3250 │ 1995-01-27  │              0 │
│   23906758 │   432728.5737 │ 1995-03-14  │              0 │
│   23861382 │   428739.1368 │ 1995-03-09  │              0 │
│   59393639 │   426036.0662 │ 1995-02-12  │              0 │
│    3355202 │   425100.6657 │ 1995-03-04  │              0 │
│    9806272 │   425088.0568 │ 1995-03-13  │              0 │
│   22810436 │   423231.9690 │ 1995-01-02  │              0 │
│   16384100 │   421478.7294 │ 1995-03-02  │              0 │
│   52974151 │   415367.1195 │ 1995-02-05  │              0 │
├────────────┴───────────────┴─────────────┴────────────────┤
│ 10 rows                                         4 columns │
└───────────────────────────────────────────────────────────┘

# === Backend CRR (DEBIT_BM=crr) ===
# sql=
PRAGMA load_bitmap('orderkey');
PRAGMA load_bitmap('shipdate');
PRAGMA load_bitmap('shipdate_BPE');
PRAGMA bm_tpch(3);
[load_bitmap] orderkey: scanned 59986052 rows in 651 ms
[load_bitmap] orderkey: built CRoaringRun index (15000000 keys, 257.154 MB) in 6753 ms
[load_bitmap] shipdate: scanned 59986052 rows in 275 ms
[load_bitmap] shipdate: built CRoaringRun index (2526 keys, 138.443 MB) in 1419 ms
[load_bitmap] shipdate_BPE: scanned 59986052 rows in 390 ms
[load_bitmap] shipdate_BPE: built CRoaringBPE index (26 keys, 165.09 MB) in 711 ms

================================================================
  TPC-H Q3 (BitEngine pattern, runtime semi-joins)
  Pre-loaded: bitmap_orderkey + bitmap_shipdate
================================================================

--- Iteration 1/5 (warm-up) ---
  CRoaringRun:  PhaseA(cust_scan)=26.182  PhaseB(orders+okey_OR)=1319.37  PhaseC(shipdate_OR)=18.787  PhaseD(AND+rowids)=5.304  PhaseE(BMFetch+agg)=258  Total=1627.65  rows=302114

--- Iteration 2/5 ---
  CRoaringRun:  PhaseA(cust_scan)=23.505  PhaseB(orders+okey_OR)=1161.15  PhaseC(shipdate_OR)=11.961  PhaseD(AND+rowids)=5.362  PhaseE(BMFetch+agg)=82.411  Total=1284.39  rows=302114

--- Iteration 3/5 ---
  CRoaringRun:  PhaseA(cust_scan)=23.378  PhaseB(orders+okey_OR)=1156.2  PhaseC(shipdate_OR)=10.793  PhaseD(AND+rowids)=5.331  PhaseE(BMFetch+agg)=82.212  Total=1277.91  rows=302114

--- Iteration 4/5 ---
  CRoaringRun:  PhaseA(cust_scan)=23.508  PhaseB(orders+okey_OR)=1172.86  PhaseC(shipdate_OR)=10.663  PhaseD(AND+rowids)=5.324  PhaseE(BMFetch+agg)=82.352  Total=1294.71  rows=302114

--- Iteration 5/5 ---
  CRoaringRun:  PhaseA(cust_scan)=23.436  PhaseB(orders+okey_OR)=1158.79  PhaseC(shipdate_OR)=10.902  PhaseD(AND+rowids)=5.328  PhaseE(BMFetch+agg)=82.213  Total=1280.67  rows=302114

[OK] CRoaringRun matches DuckDB SQL ground truth (top 10).

  Q3 top-10 (orderkey, revenue, orderdate, shippriority):
    4791171  440715.2185  1995-02-23  9060
    46678469  439855.3250  1995-01-27  10015
    23906758  432728.5737  1995-03-14  9744
    23861382  428739.1368  1995-03-09  8687
    59393639  426036.0662  1995-02-12  8084
    3355202  425100.6657  1995-03-04  9763
    9806272  425088.0568  1995-03-13  8601
    22810436  423231.9690  1995-01-02  8326
    16384100  421478.7294  1995-03-02  9793
    52974151  415367.1195  1995-02-05  9882

================================================================
  Q3 RESULTS — CRoaringRun (4 measured iter, median +/- stddev)
================================================================
  PhaseA (customer scan)    : 23.4705 +/- 0.0538 ms
  PhaseB (orders+orderkey OR): 1159.9735 +/- 6.3704 ms
  PhaseC (shipdate range OR): 10.8475 +/- 0.5158 ms
  PhaseD (AND + get rowids) : 5.3295 +/- 0.0151 ms
  PhaseE (BMFetch + agg)    : 82.2825 +/- 0.0870 ms
  TOTAL                     : 1282.5340 +/- 6.3678 ms
================================================================

  [CSV] q3_results_SF10.csv
┌────────────┬───────────────┬─────────────┬────────────────┐
│ l_orderkey │    revenue    │ o_orderdate │ o_shippriority │
│   int64    │ decimal(38,4) │    date     │     int32      │
├────────────┼───────────────┼─────────────┼────────────────┤
│    4791171 │   440715.2185 │ 1995-02-23  │              0 │
│   46678469 │   439855.3250 │ 1995-01-27  │              0 │
│   23906758 │   432728.5737 │ 1995-03-14  │              0 │
│   23861382 │   428739.1368 │ 1995-03-09  │              0 │
│   59393639 │   426036.0662 │ 1995-02-12  │              0 │
│    3355202 │   425100.6657 │ 1995-03-04  │              0 │
│    9806272 │   425088.0568 │ 1995-03-13  │              0 │
│   22810436 │   423231.9690 │ 1995-01-02  │              0 │
│   16384100 │   421478.7294 │ 1995-03-02  │              0 │
│   52974151 │   415367.1195 │ 1995-02-05  │              0 │
├────────────┴───────────────┴─────────────┴────────────────┤
│ 10 rows                                         4 columns │
└───────────────────────────────────────────────────────────┘

# === Backend WAH (DEBIT_BM=wah) ===
# sql=
PRAGMA load_bitmap('orderkey');
PRAGMA load_bitmap('shipdate');
PRAGMA load_bitmap('shipdate_BPE');
PRAGMA bm_tpch(3);
[load_bitmap] orderkey: scanned 59986052 rows in 653 ms
[load_bitmap] orderkey: built WAH index (15000000 keys, 1265.8 MB) in 10585 ms
[load_bitmap] shipdate: scanned 59986052 rows in 281 ms
[load_bitmap] shipdate: built WAH index (2526 keys, 467.132 MB) in 1758 ms
[load_bitmap] shipdate_BPE: scanned 59986052 rows in 388 ms
[load_bitmap] shipdate_BPE: WAH BPE not implemented; skipping (Q-dispatch will fall back to non-BPE path).

================================================================
  TPC-H Q3 (BitEngine pattern, runtime semi-joins)
  Pre-loaded: bitmap_orderkey + bitmap_shipdate
================================================================

--- Iteration 1/5 (warm-up) ---
  WAH:  PhaseA(cust_scan)=24.766  PhaseB(orders+okey_OR)=2439.8  PhaseC(shipdate_OR)=1272.41  PhaseD(AND+rowids)=14.522  PhaseE(BMFetch+agg)=261.066  Total=4012.57  rows=302114

--- Iteration 2/5 ---
  WAH:  PhaseA(cust_scan)=22.03  PhaseB(orders+okey_OR)=2190.68  PhaseC(shipdate_OR)=1272.23  PhaseD(AND+rowids)=14.277  PhaseE(BMFetch+agg)=83.306  Total=3582.53  rows=302114

--- Iteration 3/5 ---
  WAH:  PhaseA(cust_scan)=22.144  PhaseB(orders+okey_OR)=2202.17  PhaseC(shipdate_OR)=1427.14  PhaseD(AND+rowids)=14.444  PhaseE(BMFetch+agg)=82.989  Total=3748.9  rows=302114

--- Iteration 4/5 ---
  WAH:  PhaseA(cust_scan)=22.202  PhaseB(orders+okey_OR)=2220  PhaseC(shipdate_OR)=1280.55  PhaseD(AND+rowids)=14.331  PhaseE(BMFetch+agg)=83.167  Total=3620.26  rows=302114

--- Iteration 5/5 ---
  WAH:  PhaseA(cust_scan)=22.039  PhaseB(orders+okey_OR)=2192.74  PhaseC(shipdate_OR)=1273.53  PhaseD(AND+rowids)=14.403  PhaseE(BMFetch+agg)=83.136  Total=3585.85  rows=302114

[OK] WAH matches DuckDB SQL ground truth (top 10).

  Q3 top-10 (orderkey, revenue, orderdate, shippriority):
    4791171  440715.2185  1995-02-23  9060
    46678469  439855.3250  1995-01-27  10015
    23906758  432728.5737  1995-03-14  9744
    23861382  428739.1368  1995-03-09  8687
    59393639  426036.0662  1995-02-12  8084
    3355202  425100.6657  1995-03-04  9763
    9806272  425088.0568  1995-03-13  8601
    22810436  423231.9690  1995-01-02  8326
    16384100  421478.7294  1995-03-02  9793
    52974151  415367.1195  1995-02-05  9882

================================================================
  Q3 RESULTS — WAH (4 measured iter, median +/- stddev)
================================================================
  PhaseA (customer scan)    : 22.0915 +/- 0.0723 ms
  PhaseB (orders+orderkey OR): 2197.4560 +/- 11.5825 ms
  PhaseC (shipdate range OR): 1277.0420 +/- 65.7653 ms
  PhaseD (AND + get rowids) : 14.3670 +/- 0.0644 ms
  PhaseE (BMFetch + agg)    : 83.1515 +/- 0.1126 ms
  TOTAL                     : 3603.0540 +/- 67.7438 ms
================================================================

  [CSV] q3_results_SF10.csv
┌────────────┬───────────────┬─────────────┬────────────────┐
│ l_orderkey │    revenue    │ o_orderdate │ o_shippriority │
│   int64    │ decimal(38,4) │    date     │     int32      │
├────────────┼───────────────┼─────────────┼────────────────┤
│    4791171 │   440715.2185 │ 1995-02-23  │              0 │
│   46678469 │   439855.3250 │ 1995-01-27  │              0 │
│   23906758 │   432728.5737 │ 1995-03-14  │              0 │
│   23861382 │   428739.1368 │ 1995-03-09  │              0 │
│   59393639 │   426036.0662 │ 1995-02-12  │              0 │
│    3355202 │   425100.6657 │ 1995-03-04  │              0 │
│    9806272 │   425088.0568 │ 1995-03-13  │              0 │
│   22810436 │   423231.9690 │ 1995-01-02  │              0 │
│   16384100 │   421478.7294 │ 1995-03-02  │              0 │
│   52974151 │   415367.1195 │ 1995-02-05  │              0 │
├────────────┴───────────────┴─────────────┴────────────────┤
│ 10 rows                                         4 columns │
└───────────────────────────────────────────────────────────┘

# === Backend EW (DEBIT_BM=ew) ===
# sql=
PRAGMA load_bitmap('orderkey');
PRAGMA load_bitmap('shipdate');
PRAGMA load_bitmap('shipdate_BPE');
PRAGMA bm_tpch(3);
[load_bitmap] orderkey: scanned 59986052 rows in 649 ms
[load_bitmap] orderkey: built EWAH index (15000000 keys, 365.622 MB) in 5189 ms
[load_bitmap] shipdate: scanned 59986052 rows in 279 ms
[load_bitmap] shipdate: built EWAH index (2526 keys, 921.388 MB) in 1352 ms
[load_bitmap] shipdate_BPE: scanned 59986052 rows in 383 ms
[load_bitmap] shipdate_BPE: EWAH BPE not implemented; skipping.

================================================================
  TPC-H Q3 (BitEngine pattern, runtime semi-joins)
  Pre-loaded: bitmap_orderkey + bitmap_shipdate
================================================================

--- Iteration 1/5 (warm-up) ---
  EWAH:  PhaseA(cust_scan)=30.817  PhaseB(orders+okey_OR)=1570.5  PhaseC(shipdate_OR)=3340.81  PhaseD(AND+rowids)=9.795  PhaseE(BMFetch+agg)=258.425  Total=5210.35  rows=302114

--- Iteration 2/5 ---
  EWAH:  PhaseA(cust_scan)=21.885  PhaseB(orders+okey_OR)=1339  PhaseC(shipdate_OR)=3201.9  PhaseD(AND+rowids)=12.696  PhaseE(BMFetch+agg)=82.82  Total=4658.3  rows=302114

--- Iteration 3/5 ---
  EWAH:  PhaseA(cust_scan)=22.395  PhaseB(orders+okey_OR)=1294.7  PhaseC(shipdate_OR)=3157.25  PhaseD(AND+rowids)=9.784  PhaseE(BMFetch+agg)=82.486  Total=4566.62  rows=302114

--- Iteration 4/5 ---
  EWAH:  PhaseA(cust_scan)=22.016  PhaseB(orders+okey_OR)=1300.77  PhaseC(shipdate_OR)=3185.89  PhaseD(AND+rowids)=9.762  PhaseE(BMFetch+agg)=82.439  Total=4600.88  rows=302114

--- Iteration 5/5 ---
  EWAH:  PhaseA(cust_scan)=21.974  PhaseB(orders+okey_OR)=1297.84  PhaseC(shipdate_OR)=2901.75  PhaseD(AND+rowids)=9.76  PhaseE(BMFetch+agg)=82.804  Total=4314.14  rows=302114

[OK] EWAH matches DuckDB SQL ground truth (top 10).

  Q3 top-10 (orderkey, revenue, orderdate, shippriority):
    4791171  440715.2185  1995-02-23  9060
    46678469  439855.3250  1995-01-27  10015
    23906758  432728.5737  1995-03-14  9744
    23861382  428739.1368  1995-03-09  8687
    59393639  426036.0662  1995-02-12  8084
    3355202  425100.6657  1995-03-04  9763
    9806272  425088.0568  1995-03-13  8601
    22810436  423231.9690  1995-01-02  8326
    16384100  421478.7294  1995-03-02  9793
    52974151  415367.1195  1995-02-05  9882

================================================================
  Q3 RESULTS — EWAH (4 measured iter, median +/- stddev)
================================================================
  PhaseA (customer scan)    : 21.9950 +/- 0.1949 ms
  PhaseB (orders+orderkey OR): 1299.3080 +/- 17.9804 ms
  PhaseC (shipdate range OR): 3171.5700 +/- 122.2624 ms
  PhaseD (AND + get rowids) : 9.7730 +/- 1.2676 ms
  PhaseE (BMFetch + agg)    : 82.6450 +/- 0.1756 ms
  TOTAL                     : 4583.7510 +/- 131.6473 ms
================================================================

  [CSV] q3_results_SF10.csv
┌────────────┬───────────────┬─────────────┬────────────────┐
│ l_orderkey │    revenue    │ o_orderdate │ o_shippriority │
│   int64    │ decimal(38,4) │    date     │     int32      │
├────────────┼───────────────┼─────────────┼────────────────┤
│    4791171 │   440715.2185 │ 1995-02-23  │              0 │
│   46678469 │   439855.3250 │ 1995-01-27  │              0 │
│   23906758 │   432728.5737 │ 1995-03-14  │              0 │
│   23861382 │   428739.1368 │ 1995-03-09  │              0 │
│   59393639 │   426036.0662 │ 1995-02-12  │              0 │
│    3355202 │   425100.6657 │ 1995-03-04  │              0 │
│    9806272 │   425088.0568 │ 1995-03-13  │              0 │
│   22810436 │   423231.9690 │ 1995-01-02  │              0 │
│   16384100 │   421478.7294 │ 1995-03-02  │              0 │
│   52974151 │   415367.1195 │ 1995-02-05  │              0 │
├────────────┴───────────────┴─────────────┴────────────────┤
│ 10 rows                                         4 columns │
└───────────────────────────────────────────────────────────┘

# === Backend CON (DEBIT_BM=con) ===
# sql=
PRAGMA load_bitmap('orderkey');
PRAGMA load_bitmap('shipdate');
PRAGMA load_bitmap('shipdate_BPE');
PRAGMA bm_tpch(3);
[load_bitmap] orderkey: scanned 59986052 rows in 663 ms
[load_bitmap] orderkey: built Concise index (15000000 keys, 239.944 MB) in 4950 ms
[load_bitmap] shipdate: scanned 59986052 rows in 285 ms
[load_bitmap] shipdate: built Concise index (2526 keys, 239.944 MB) in 1294 ms
[load_bitmap] shipdate_BPE: scanned 59986052 rows in 392 ms
[load_bitmap] shipdate_BPE: Concise BPE not implemented; skipping.

================================================================
  TPC-H Q3 (BitEngine pattern, runtime semi-joins)
  Pre-loaded: bitmap_orderkey + bitmap_shipdate
================================================================

--- Iteration 1/5 (warm-up) ---
  Concise:  PhaseA(cust_scan)=24.796  PhaseB(orders+okey_OR)=1439.67  PhaseC(shipdate_OR)=3694.79  PhaseD(AND+rowids)=28.811  PhaseE(BMFetch+agg)=261.914  Total=5449.98  rows=302114

--- Iteration 2/5 ---
  Concise:  PhaseA(cust_scan)=22.144  PhaseB(orders+okey_OR)=1236.06  PhaseC(shipdate_OR)=3604.81  PhaseD(AND+rowids)=28.544  PhaseE(BMFetch+agg)=83.244  Total=4974.8  rows=302114

--- Iteration 3/5 ---
  Concise:  PhaseA(cust_scan)=22.206  PhaseB(orders+okey_OR)=1229.13  PhaseC(shipdate_OR)=3605.2  PhaseD(AND+rowids)=28.319  PhaseE(BMFetch+agg)=83.048  Total=4967.91  rows=302114

--- Iteration 4/5 ---
  Concise:  PhaseA(cust_scan)=22.155  PhaseB(orders+okey_OR)=1224.6  PhaseC(shipdate_OR)=3606.03  PhaseD(AND+rowids)=28.517  PhaseE(BMFetch+agg)=82.937  Total=4964.24  rows=302114

--- Iteration 5/5 ---
  Concise:  PhaseA(cust_scan)=22.115  PhaseB(orders+okey_OR)=1221.61  PhaseC(shipdate_OR)=3601.01  PhaseD(AND+rowids)=28.506  PhaseE(BMFetch+agg)=82.902  Total=4956.14  rows=302114

[OK] Concise matches DuckDB SQL ground truth (top 10).

  Q3 top-10 (orderkey, revenue, orderdate, shippriority):
    4791171  440715.2185  1995-02-23  9060
    46678469  439855.3250  1995-01-27  10015
    23906758  432728.5737  1995-03-14  9744
    23861382  428739.1368  1995-03-09  8687
    59393639  426036.0662  1995-02-12  8084
    3355202  425100.6657  1995-03-04  9763
    9806272  425088.0568  1995-03-13  8601
    22810436  423231.9690  1995-01-02  8326
    16384100  421478.7294  1995-03-02  9793
    52974151  415367.1195  1995-02-05  9882

================================================================
  Q3 RESULTS — Concise (4 measured iter, median +/- stddev)
================================================================
  PhaseA (customer scan)    : 22.1495 +/- 0.0329 ms
  PhaseB (orders+orderkey OR): 1226.8640 +/- 5.4463 ms
  PhaseC (shipdate range OR): 3605.0055 +/- 1.9290 ms
  PhaseD (AND + get rowids) : 28.5115 +/- 0.0891 ms
  PhaseE (BMFetch + agg)    : 82.9925 +/- 0.1333 ms
  TOTAL                     : 4966.0760 +/- 6.7301 ms
================================================================

  [CSV] q3_results_SF10.csv
┌────────────┬───────────────┬─────────────┬────────────────┐
│ l_orderkey │    revenue    │ o_orderdate │ o_shippriority │
│   int64    │ decimal(38,4) │    date     │     int32      │
├────────────┼───────────────┼─────────────┼────────────────┤
│    4791171 │   440715.2185 │ 1995-02-23  │              0 │
│   46678469 │   439855.3250 │ 1995-01-27  │              0 │
│   23906758 │   432728.5737 │ 1995-03-14  │              0 │
│   23861382 │   428739.1368 │ 1995-03-09  │              0 │
│   59393639 │   426036.0662 │ 1995-02-12  │              0 │
│    3355202 │   425100.6657 │ 1995-03-04  │              0 │
│    9806272 │   425088.0568 │ 1995-03-13  │              0 │
│   22810436 │   423231.9690 │ 1995-01-02  │              0 │
│   16384100 │   421478.7294 │ 1995-03-02  │              0 │
│   52974151 │   415367.1195 │ 1995-02-05  │              0 │
├────────────┴───────────────┴─────────────┴────────────────┤
│ 10 rows                                         4 columns │
└───────────────────────────────────────────────────────────┘
