# cwd=/home/lichenhang/lee/thesis/check/lee/duckdb-dev
# pattern_qs_per_backend Q4

# === Backend CB (DEBIT_BM=cb) ===
# sql=
PRAGMA load_bitmap('orderkey');
PRAGMA bm_tpch(4);
[load_bitmap] orderkey: scanned 59986052 rows in 664 ms
[load_bitmap] orderkey: built ComBit index (15000000 keys, 4448.84 MB) in 13078 ms

================================================================
  TPC-H Q4 (BitEngine pattern, runtime EXISTS via BMFetch)
  Pre-loaded: bitmap_orderkey
================================================================

--- Iteration 1/5 (warm-up) ---
  ComBit:  PhaseA(orders_scan)=317.712  PhaseB(orderkey_OR+ids)=273.541  PhaseC(BMFetch+EXISTS)=413.083  PhaseD(count_by_priority)=60.512  Total=1064.85  rows=2294856  groups=5

--- Iteration 2/5 ---
  ComBit:  PhaseA(orders_scan)=243.311  PhaseB(orderkey_OR+ids)=268.46  PhaseC(BMFetch+EXISTS)=233.912  PhaseD(count_by_priority)=57.946  Total=803.631  rows=2294856  groups=5

--- Iteration 3/5 ---
  ComBit:  PhaseA(orders_scan)=242.817  PhaseB(orderkey_OR+ids)=266.82  PhaseC(BMFetch+EXISTS)=233.613  PhaseD(count_by_priority)=57.052  Total=800.304  rows=2294856  groups=5

--- Iteration 4/5 ---
  ComBit:  PhaseA(orders_scan)=242.968  PhaseB(orderkey_OR+ids)=267.668  PhaseC(BMFetch+EXISTS)=234.376  PhaseD(count_by_priority)=59.182  Total=804.196  rows=2294856  groups=5

--- Iteration 5/5 ---
  ComBit:  PhaseA(orders_scan)=244.512  PhaseB(orderkey_OR+ids)=268.248  PhaseC(BMFetch+EXISTS)=234.169  PhaseD(count_by_priority)=57.937  Total=804.867  rows=2294856  groups=5

[OK] ComBit matches DuckDB SQL ground truth (5 priorities).

================================================================
  Q4 RESULTS — ComBit (4 measured iter, median +/- stddev)
================================================================
  PhaseA (orders scan)        : 243.139 +/- 0.665387 ms
  PhaseB (orderkey OR + ids)  : 267.958 +/- 0.635241 ms
  PhaseC (BMFetch + EXISTS)   : 234.041 +/- 0.285581 ms
  PhaseD (count by priority)  : 57.9415 +/- 0.758171 ms
  TOTAL                       : 803.913 +/- 1.75597 ms
================================================================

  [CSV] q4_results_SF10.csv
┌─────────────────┬─────────────┐
│ o_orderpriority │ order_count │
│     varchar     │    int64    │
├─────────────────┼─────────────┤
│ 1-URGENT        │      105214 │
│ 2-HIGH          │      104821 │
│ 3-MEDIUM        │      105227 │
│ 4-NOT SPECIFIED │      105422 │
│ 5-LOW           │      105356 │
└─────────────────┴─────────────┘

# === Backend CR (DEBIT_BM=cr) ===
# sql=
PRAGMA load_bitmap('orderkey');
PRAGMA bm_tpch(4);
[load_bitmap] orderkey: scanned 59986052 rows in 634 ms
[load_bitmap] orderkey: built CRoaring index (15000000 keys, 359.978 MB) in 6430 ms

================================================================
  TPC-H Q4 (BitEngine pattern, runtime EXISTS via BMFetch)
  Pre-loaded: bitmap_orderkey
================================================================

--- Iteration 1/5 (warm-up) ---
  CRoaring:  PhaseA(orders_scan)=312.268  PhaseB(orderkey_OR+ids)=488.193  PhaseC(BMFetch+EXISTS)=415.255  PhaseD(count_by_priority)=65.213  Total=1280.93  rows=2294856  groups=5

--- Iteration 2/5 ---
  CRoaring:  PhaseA(orders_scan)=242.382  PhaseB(orderkey_OR+ids)=477.861  PhaseC(BMFetch+EXISTS)=235.601  PhaseD(count_by_priority)=59.395  Total=1015.24  rows=2294856  groups=5

--- Iteration 3/5 ---
  CRoaring:  PhaseA(orders_scan)=242.292  PhaseB(orderkey_OR+ids)=478.759  PhaseC(BMFetch+EXISTS)=234.351  PhaseD(count_by_priority)=58.411  Total=1013.82  rows=2294856  groups=5

--- Iteration 4/5 ---
  CRoaring:  PhaseA(orders_scan)=248.175  PhaseB(orderkey_OR+ids)=479.073  PhaseC(BMFetch+EXISTS)=235.324  PhaseD(count_by_priority)=56.1  Total=1018.67  rows=2294856  groups=5

--- Iteration 5/5 ---
  CRoaring:  PhaseA(orders_scan)=242.896  PhaseB(orderkey_OR+ids)=479.187  PhaseC(BMFetch+EXISTS)=234.411  PhaseD(count_by_priority)=58.528  Total=1015.02  rows=2294856  groups=5

[OK] CRoaring matches DuckDB SQL ground truth (5 priorities).

================================================================
  Q4 RESULTS — CRoaring (4 measured iter, median +/- stddev)
================================================================
  PhaseA (orders scan)        : 242.639 +/- 2.45807 ms
  PhaseB (orderkey OR + ids)  : 478.916 +/- 0.52012 ms
  PhaseC (BMFetch + EXISTS)   : 234.868 +/- 0.549956 ms
  PhaseD (count by priority)  : 58.4695 +/- 1.22031 ms
  TOTAL                       : 1015.13 +/- 1.80743 ms
================================================================

  [CSV] q4_results_SF10.csv
┌─────────────────┬─────────────┐
│ o_orderpriority │ order_count │
│     varchar     │    int64    │
├─────────────────┼─────────────┤
│ 1-URGENT        │      105214 │
│ 2-HIGH          │      104821 │
│ 3-MEDIUM        │      105227 │
│ 4-NOT SPECIFIED │      105422 │
│ 5-LOW           │      105356 │
└─────────────────┴─────────────┘

# === Backend CRR (DEBIT_BM=crr) ===
# sql=
PRAGMA load_bitmap('orderkey');
PRAGMA bm_tpch(4);
[load_bitmap] orderkey: scanned 59986052 rows in 634 ms
[load_bitmap] orderkey: built CRoaringRun index (15000000 keys, 257.154 MB) in 6780 ms

================================================================
  TPC-H Q4 (BitEngine pattern, runtime EXISTS via BMFetch)
  Pre-loaded: bitmap_orderkey
================================================================

--- Iteration 1/5 (warm-up) ---
  CRoaringRun:  PhaseA(orders_scan)=316.288  PhaseB(orderkey_OR+ids)=158.487  PhaseC(BMFetch+EXISTS)=417.565  PhaseD(count_by_priority)=59.66  Total=952.002  rows=2294856  groups=5

--- Iteration 2/5 ---
  CRoaringRun:  PhaseA(orders_scan)=243.744  PhaseB(orderkey_OR+ids)=157.431  PhaseC(BMFetch+EXISTS)=234.277  PhaseD(count_by_priority)=58.102  Total=693.555  rows=2294856  groups=5

--- Iteration 3/5 ---
  CRoaringRun:  PhaseA(orders_scan)=243.566  PhaseB(orderkey_OR+ids)=155.1  PhaseC(BMFetch+EXISTS)=235.519  PhaseD(count_by_priority)=57.744  Total=691.931  rows=2294856  groups=5

--- Iteration 4/5 ---
  CRoaringRun:  PhaseA(orders_scan)=243.224  PhaseB(orderkey_OR+ids)=155.746  PhaseC(BMFetch+EXISTS)=237.561  PhaseD(count_by_priority)=55.772  Total=692.303  rows=2294856  groups=5

--- Iteration 5/5 ---
  CRoaringRun:  PhaseA(orders_scan)=243.264  PhaseB(orderkey_OR+ids)=155.325  PhaseC(BMFetch+EXISTS)=233.635  PhaseD(count_by_priority)=59.154  Total=691.38  rows=2294856  groups=5

[OK] CRoaringRun matches DuckDB SQL ground truth (5 priorities).

================================================================
  Q4 RESULTS — CRoaringRun (4 measured iter, median +/- stddev)
================================================================
  PhaseA (orders scan)        : 243.415 +/- 0.215385 ms
  PhaseB (orderkey OR + ids)  : 155.536 +/- 0.913551 ms
  PhaseC (BMFetch + EXISTS)   : 234.898 +/- 1.49733 ms
  PhaseD (count by priority)  : 57.923 +/- 1.2242 ms
  TOTAL                       : 692.117 +/- 0.799587 ms
================================================================

  [CSV] q4_results_SF10.csv
┌─────────────────┬─────────────┐
│ o_orderpriority │ order_count │
│     varchar     │    int64    │
├─────────────────┼─────────────┤
│ 1-URGENT        │      105214 │
│ 2-HIGH          │      104821 │
│ 3-MEDIUM        │      105227 │
│ 4-NOT SPECIFIED │      105422 │
│ 5-LOW           │      105356 │
└─────────────────┴─────────────┘
