# cwd=/home/lichenhang/lee/thesis/check/lee/duckdb-dev
# pattern_qs_per_backend Q5

# === Backend CB (DEBIT_BM=cb) ===
# sql=
PRAGMA load_bitmap('orderkey');
PRAGMA load_bitmap('suppkey');
PRAGMA bm_tpch(5);
[load_bitmap] orderkey: scanned 59986052 rows in 626 ms
[load_bitmap] orderkey: built ComBit index (15000000 keys, 4448.84 MB) in 12911 ms
[load_bitmap] suppkey: scanned 59986052 rows in 289 ms
[load_bitmap] suppkey: built ComBit index (100000 keys, 13176 MB) in 32059 ms

================================================================
  TPC-H Q5 (BitEngine pattern, BMFetch) — ComBit (SF10)
  Pre-loaded auxiliary structures: bitmap_orderkey + bitmap_suppkey
================================================================

--- Iteration 1/5 (warm-up) ---
  ComBit:  PhaseA=383.31  PhaseB=893.702  PhaseC=259.213  Total=1536.23  rows=72985  ids=366425

--- Iteration 2/5 ---
  ComBit:  PhaseA=274.222  PhaseB=856.599  PhaseC=120.73  Total=1251.55  rows=72985  ids=366425

--- Iteration 3/5 ---
  ComBit:  PhaseA=274.266  PhaseB=859.726  PhaseC=120.784  Total=1254.78  rows=72985  ids=366425

--- Iteration 4/5 ---
  ComBit:  PhaseA=274.286  PhaseB=846.478  PhaseC=120.786  Total=1241.55  rows=72985  ids=366425

--- Iteration 5/5 ---
  ComBit:  PhaseA=273.765  PhaseB=851.213  PhaseC=120.752  Total=1245.73  rows=72985  ids=366425

[OK] ComBit matches DuckDB SQL ground truth (5 nations).

  Q5 Top results (revenue DESC):
  nation                     revenue
  INDIA               536862587.9995
  CHINA               535350829.9282
  VIETNAM             532269388.7176
  JAPAN               526766837.1444
  INDONESIA           523176852.3189

================================================================
  Q5 RESULTS — ComBit only (4 measured iter, median +/- stddev)
================================================================
  PhaseA (small joins) : 274.2440 +/- 0.2147 ms
  PhaseB (bitmap OR/AND): 853.9060 +/- 5.0721 ms
  PhaseC (BMFetch+Agg) : 120.7680 +/- 0.0233 ms
  TOTAL                : 1248.6420 +/- 5.1147 ms
  rows: 72985
================================================================

  [CSV] q5_results_SF10.csv
┌───────────┬────────────────┐
│  n_name   │    revenue     │
│  varchar  │ decimal(38,4)  │
├───────────┼────────────────┤
│ INDIA     │ 536862587.9995 │
│ CHINA     │ 535350829.9282 │
│ VIETNAM   │ 532269388.7176 │
│ JAPAN     │ 526766837.1444 │
│ INDONESIA │ 523176852.3189 │
└───────────┴────────────────┘

# === Backend CR (DEBIT_BM=cr) ===
# sql=
PRAGMA load_bitmap('orderkey');
PRAGMA load_bitmap('suppkey');
PRAGMA bm_tpch(5);
[load_bitmap] orderkey: scanned 59986052 rows in 636 ms
[load_bitmap] orderkey: built CRoaring index (15000000 keys, 359.978 MB) in 6398 ms
[load_bitmap] suppkey: scanned 59986052 rows in 283 ms
[load_bitmap] suppkey: built CRoaring index (100000 keys, 472.836 MB) in 6067 ms

================================================================
  TPC-H Q5 (BitEngine pattern, BMFetch) — CRoaring (SF10)
  Pre-loaded auxiliary structures: bitmap_orderkey + bitmap_suppkey
================================================================

--- Iteration 1/5 (warm-up) ---
  CRoaring:  PhaseA=397.651  PhaseB=2566.17  PhaseC=262.585  Total=3226.41  rows=72985  ids=366425

--- Iteration 2/5 ---
  CRoaring:  PhaseA=307.561  PhaseB=2486.26  PhaseC=124.356  Total=2918.17  rows=72985  ids=366425

--- Iteration 3/5 ---
  CRoaring:  PhaseA=307.225  PhaseB=2493.45  PhaseC=124.445  Total=2925.12  rows=72985  ids=366425

--- Iteration 4/5 ---
  CRoaring:  PhaseA=312.796  PhaseB=2480.58  PhaseC=124.795  Total=2918.17  rows=72985  ids=366425

--- Iteration 5/5 ---
  CRoaring:  PhaseA=308.643  PhaseB=2481.82  PhaseC=125.114  Total=2915.58  rows=72985  ids=366425

[OK] CRoaring matches DuckDB SQL ground truth (5 nations).

  Q5 Top results (revenue DESC):
  nation                     revenue
  INDIA               536862587.9995
  CHINA               535350829.9282
  VIETNAM             532269388.7176
  JAPAN               526766837.1444
  INDONESIA           523176852.3189

================================================================
  Q5 RESULTS — CRoaring only (4 measured iter, median +/- stddev)
================================================================
  PhaseA (small joins) : 308.1020 +/- 2.2218 ms
  PhaseB (bitmap OR/AND): 2484.0375 +/- 5.0399 ms
  PhaseC (BMFetch+Agg) : 124.6200 +/- 0.3007 ms
  TOTAL                : 2918.1715 +/- 3.5473 ms
  rows: 72985
================================================================

  [CSV] q5_results_SF10.csv
┌───────────┬────────────────┐
│  n_name   │    revenue     │
│  varchar  │ decimal(38,4)  │
├───────────┼────────────────┤
│ INDIA     │ 536862587.9995 │
│ CHINA     │ 535350829.9282 │
│ VIETNAM   │ 532269388.7176 │
│ JAPAN     │ 526766837.1444 │
│ INDONESIA │ 523176852.3189 │
└───────────┴────────────────┘

# === Backend CRR (DEBIT_BM=crr) ===
# sql=
PRAGMA load_bitmap('orderkey');
PRAGMA load_bitmap('suppkey');
PRAGMA bm_tpch(5);
[load_bitmap] orderkey: scanned 59986052 rows in 637 ms
[load_bitmap] orderkey: built CRoaringRun index (15000000 keys, 257.154 MB) in 6763 ms
[load_bitmap] suppkey: scanned 59986052 rows in 289 ms
[load_bitmap] suppkey: built CRoaringRun index (100000 keys, 472.836 MB) in 6473 ms

================================================================
  TPC-H Q5 (BitEngine pattern, BMFetch) — CRoaring+Run (SF10)
  Pre-loaded auxiliary structures: bitmap_orderkey + bitmap_suppkey
================================================================

--- Iteration 1/5 (warm-up) ---
  CRoaringRun:  PhaseA=403.328  PhaseB=2787.45  PhaseC=264.642  Total=3455.42  rows=72985  ids=366425

--- Iteration 2/5 ---
  CRoaringRun:  PhaseA=317.757  PhaseB=2725.58  PhaseC=125.51  Total=3168.84  rows=72985  ids=366425

--- Iteration 3/5 ---
  CRoaringRun:  PhaseA=312.626  PhaseB=2708.19  PhaseC=126.113  Total=3146.93  rows=72985  ids=366425

--- Iteration 4/5 ---
  CRoaringRun:  PhaseA=312.945  PhaseB=2708.53  PhaseC=125.747  Total=3147.22  rows=72985  ids=366425

--- Iteration 5/5 ---
  CRoaringRun:  PhaseA=313.944  PhaseB=2723.45  PhaseC=127.105  Total=3164.5  rows=72985  ids=366425

[OK] CRoaringRun matches DuckDB SQL ground truth (5 nations).

  Q5 Top results (revenue DESC):
  nation                     revenue
  INDIA               536862587.9995
  CHINA               535350829.9282
  VIETNAM             532269388.7176
  JAPAN               526766837.1444
  INDONESIA           523176852.3189

================================================================
  Q5 RESULTS — CRoaringRun only (4 measured iter, median +/- stddev)
================================================================
  PhaseA (small joins) : 313.4445 +/- 2.0442 ms
  PhaseB (bitmap OR/AND): 2715.9855 +/- 8.1127 ms
  PhaseC (BMFetch+Agg) : 125.9300 +/- 0.6086 ms
  TOTAL                : 3155.8565 +/- 9.9184 ms
  rows: 72985
================================================================

  [CSV] q5_results_SF10.csv
┌───────────┬────────────────┐
│  n_name   │    revenue     │
│  varchar  │ decimal(38,4)  │
├───────────┼────────────────┤
│ INDIA     │ 536862587.9995 │
│ CHINA     │ 535350829.9282 │
│ VIETNAM   │ 532269388.7176 │
│ JAPAN     │ 526766837.1444 │
│ INDONESIA │ 523176852.3189 │
└───────────┴────────────────┘
