# cwd=/home/lichenhang/lee/thesis/check/lee/duckdb-dev
# cmd=/home/lichenhang/lee/thesis/check/lee/duckdb-dev/build/release/duckdb /home/lichenhang/lee/thesis/check/lee/duckdb-dev/tpch_sf10.db -c PRAGMA bm_tpch(10);

================================================================
  TPC-H Q10 Benchmark — ComBit vs WAH vs CRoaring vs EWAH (SF10)
  OR orderdate days 639..730 (92 bitmaps)
  Then AND returnflag='R' (index 2) -> aggregate revenue per c_custkey -> Top-20
  TPC-H params: o_orderdate [1993-10-01, 1994-01-01), l_returnflag = 'R'
  Bitmap dirs:
    orderdate: tpch_q5_combit  returnflag: tpch_q1_combit
    orderdate: tpch_q5_croaring  returnflag: tpch_q1_croaring
    orderdate: tpch_q5_wah  returnflag: tpch_q1_wah
    orderdate: tpch_q5_ewah  returnflag: tpch_q1_ewah
  Iterations: 10 (first 2 = warm-up)
================================================================

[Side-load] nation: 25 rows in 0.33 ms
[Side-load] customer: 1500000 rows (max_custkey=1500000) in 685.217 ms
[Side-load] orders:   15000000 rows (max_orderkey=60000000; flat vector 457 MiB) in 342.384 ms
[Pre-load] lineitem:  59986052 rows (l_orderkey, l_extendedprice, l_discount) in 531.805 ms

[Load] Loading bitmaps (mode=ALL)...
  WAH load:      12.887 ms
  ComBit load:   43.895 ms
  CRoaring load: 19.024 ms
  CRR load:      31.689 ms
  EWAH load:     9.86 ms
  Bitset load:   372.82 ms (shared by BS / BSA)
  Concise load:  161.827 ms
  WAH      on disk: 605.12 MiB (q5+q1)
  ComBit   on disk: 952.21 MiB (q5+q1)
  CRoaring on disk: 300.05 MiB (q5+q1, shared by CR / CRR)
  EWAH     on disk: 1153.46 MiB (q5+q1)
  Bitset in mem:    665.04 MiB (rebuilt from CRoaring at load)
  Concise in mem:   11.58 MiB (rebuilt from CRoaring at load)

--- Iteration 1/10 (warm-up) ---
  CB:   OR=10.47  AND+Agg=41.26  TopK=4.83  Total=56.56  rows=1147084
  CR:   OR=58.20  AND+Agg=52.85  TopK=4.85  Total=115.89  rows=1147084
  CRR:  OR=8.00  AND+Agg=52.14  TopK=4.87  Total=65.01  rows=1147084
  WAH:  OR=3.25  AND+Agg=72.62  TopK=4.89  Total=80.76  rows=1147084
  EW:   OR=69.98  AND+Agg=55.16  TopK=4.83  Total=129.97  rows=1147084
  BS:   OR=95.50  AND+Agg=28.99  TopK=4.98  Total=129.47  rows=1147084
  BSA:  OR=61.82  AND+Agg=28.40  TopK=4.83  Total=95.06  rows=1147084
  CON:  OR=92.27  AND+Agg=83.66  TopK=4.83  Total=180.77  rows=1147084

--- Iteration 2/10 (warm-up) ---
  CB:   OR=11.15  AND+Agg=39.54  TopK=4.78  Total=55.48  rows=1147084
  CR:   OR=58.27  AND+Agg=51.27  TopK=4.84  Total=114.39  rows=1147084
  CRR:  OR=7.93  AND+Agg=50.84  TopK=4.80  Total=63.58  rows=1147084
  WAH:  OR=2.83  AND+Agg=72.27  TopK=4.82  Total=79.92  rows=1147084
  EW:   OR=67.90  AND+Agg=55.81  TopK=4.84  Total=128.56  rows=1147084
  BS:   OR=96.15  AND+Agg=29.64  TopK=4.84  Total=130.63  rows=1147084
  BSA:  OR=61.96  AND+Agg=29.23  TopK=4.81  Total=96.00  rows=1147084
  CON:  OR=92.53  AND+Agg=81.11  TopK=4.86  Total=178.50  rows=1147084

--- Iteration 3/10 ---
  CB:   OR=11.13  AND+Agg=40.40  TopK=4.82  Total=56.35  rows=1147084
  CR:   OR=58.33  AND+Agg=52.49  TopK=4.83  Total=115.65  rows=1147084
  CRR:  OR=7.89  AND+Agg=52.00  TopK=4.88  Total=64.76  rows=1147084
  WAH:  OR=2.80  AND+Agg=73.78  TopK=4.88  Total=81.46  rows=1147084
  EW:   OR=67.44  AND+Agg=56.04  TopK=4.82  Total=128.30  rows=1147084
  BS:   OR=95.02  AND+Agg=29.35  TopK=4.78  Total=129.15  rows=1147084
  BSA:  OR=61.65  AND+Agg=28.96  TopK=4.85  Total=95.46  rows=1147084
  CON:  OR=92.25  AND+Agg=80.30  TopK=4.82  Total=177.37  rows=1147084

--- Iteration 4/10 ---
  CB:   OR=11.08  AND+Agg=40.11  TopK=4.78  Total=55.97  rows=1147084
  CR:   OR=58.38  AND+Agg=51.31  TopK=4.84  Total=114.53  rows=1147084
  CRR:  OR=7.91  AND+Agg=51.35  TopK=4.86  Total=64.11  rows=1147084
  WAH:  OR=2.81  AND+Agg=72.56  TopK=4.80  Total=80.17  rows=1147084
  EW:   OR=67.69  AND+Agg=55.26  TopK=4.85  Total=127.80  rows=1147084
  BS:   OR=95.29  AND+Agg=28.91  TopK=4.84  Total=129.04  rows=1147084
  BSA:  OR=61.64  AND+Agg=28.63  TopK=4.86  Total=95.13  rows=1147084
  CON:  OR=92.53  AND+Agg=81.56  TopK=4.84  Total=178.93  rows=1147084

--- Iteration 5/10 ---
  CB:   OR=11.35  AND+Agg=40.00  TopK=5.02  Total=56.38  rows=1147084
  CR:   OR=58.40  AND+Agg=52.14  TopK=4.85  Total=115.39  rows=1147084
  CRR:  OR=8.08  AND+Agg=51.64  TopK=4.83  Total=64.55  rows=1147084
  WAH:  OR=3.25  AND+Agg=73.27  TopK=4.83  Total=81.34  rows=1147084
  EW:   OR=68.29  AND+Agg=55.89  TopK=4.81  Total=128.98  rows=1147084
  BS:   OR=92.97  AND+Agg=29.05  TopK=4.88  Total=126.91  rows=1147084
  BSA:  OR=61.51  AND+Agg=28.49  TopK=4.92  Total=94.92  rows=1147084
  CON:  OR=90.00  AND+Agg=81.00  TopK=4.85  Total=175.84  rows=1147084

--- Iteration 6/10 ---
  CB:   OR=10.99  AND+Agg=40.04  TopK=4.85  Total=55.88  rows=1147084
  CR:   OR=58.49  AND+Agg=51.70  TopK=4.83  Total=115.02  rows=1147084
  CRR:  OR=7.87  AND+Agg=51.66  TopK=4.86  Total=64.39  rows=1147084
  WAH:  OR=3.18  AND+Agg=73.48  TopK=4.88  Total=81.54  rows=1147084
  EW:   OR=64.56  AND+Agg=56.28  TopK=4.85  Total=125.70  rows=1147084
  BS:   OR=93.30  AND+Agg=29.22  TopK=4.88  Total=127.40  rows=1147084
  BSA:  OR=61.84  AND+Agg=28.87  TopK=4.87  Total=95.58  rows=1147084
  CON:  OR=90.10  AND+Agg=79.84  TopK=4.82  Total=174.76  rows=1147084

--- Iteration 7/10 ---
  CB:   OR=10.35  AND+Agg=40.14  TopK=4.87  Total=55.36  rows=1147084
  CR:   OR=58.65  AND+Agg=51.17  TopK=5.01  Total=114.84  rows=1147084
  CRR:  OR=7.90  AND+Agg=51.06  TopK=4.83  Total=63.79  rows=1147084
  WAH:  OR=3.18  AND+Agg=74.00  TopK=5.05  Total=82.23  rows=1147084
  EW:   OR=65.07  AND+Agg=55.38  TopK=4.83  Total=125.28  rows=1147084
  BS:   OR=92.98  AND+Agg=28.73  TopK=4.87  Total=126.58  rows=1147084
  BSA:  OR=61.84  AND+Agg=28.40  TopK=4.85  Total=95.09  rows=1147084
  CON:  OR=90.05  AND+Agg=79.55  TopK=4.85  Total=174.46  rows=1147084

--- Iteration 8/10 ---
  CB:   OR=10.38  AND+Agg=39.34  TopK=4.83  Total=54.55  rows=1147084
  CR:   OR=58.37  AND+Agg=50.50  TopK=4.86  Total=113.73  rows=1147084
  CRR:  OR=7.90  AND+Agg=50.17  TopK=4.93  Total=63.01  rows=1147084
  WAH:  OR=3.11  AND+Agg=71.39  TopK=4.83  Total=79.33  rows=1147084
  EW:   OR=64.29  AND+Agg=54.42  TopK=4.83  Total=123.54  rows=1147084
  BS:   OR=93.35  AND+Agg=29.19  TopK=4.90  Total=127.44  rows=1147084
  BSA:  OR=61.79  AND+Agg=28.70  TopK=4.82  Total=95.31  rows=1147084
  CON:  OR=90.05  AND+Agg=79.39  TopK=4.83  Total=174.26  rows=1147084

--- Iteration 9/10 ---
  CB:   OR=10.51  AND+Agg=39.90  TopK=4.86  Total=55.26  rows=1147084
  CR:   OR=58.50  AND+Agg=50.99  TopK=4.83  Total=114.33  rows=1147084
  CRR:  OR=7.83  AND+Agg=50.78  TopK=4.84  Total=63.46  rows=1147084
  WAH:  OR=3.16  AND+Agg=72.08  TopK=4.84  Total=80.08  rows=1147084
  EW:   OR=64.44  AND+Agg=55.14  TopK=4.86  Total=124.44  rows=1147084
  BS:   OR=92.49  AND+Agg=28.62  TopK=4.81  Total=125.92  rows=1147084
  BSA:  OR=61.63  AND+Agg=28.12  TopK=4.82  Total=94.57  rows=1147084
  CON:  OR=91.34  AND+Agg=80.18  TopK=4.84  Total=176.36  rows=1147084

--- Iteration 10/10 ---
  CB:   OR=10.50  AND+Agg=39.31  TopK=4.78  Total=54.59  rows=1147084
  CR:   OR=58.47  AND+Agg=50.79  TopK=4.93  Total=114.19  rows=1147084
  CRR:  OR=7.88  AND+Agg=50.45  TopK=4.81  Total=63.15  rows=1147084
  WAH:  OR=3.16  AND+Agg=71.90  TopK=4.82  Total=79.87  rows=1147084
  EW:   OR=64.37  AND+Agg=54.59  TopK=4.82  Total=123.78  rows=1147084
  BS:   OR=92.85  AND+Agg=28.56  TopK=4.86  Total=126.28  rows=1147084
  BSA:  OR=61.81  AND+Agg=27.99  TopK=4.80  Total=94.60  rows=1147084
  CON:  OR=89.86  AND+Agg=78.95  TopK=4.81  Total=173.62  rows=1147084

[Baseline] DuckDB native SQL Top-20  (single run: 1906.02 ms)
[OK] all active backends match DuckDB SQL ground truth (Top-20, revenue within 0.01).

  Q10 Top-20 (revenue = SUM(l_extendedprice * (1 - l_discount)), sorted DESC, source=ComBit):
  c_custkey c_name                         revenue     c_acctbal  n_name          c_address                                 c_phone            c_comment
  1237537   Customer#001237537         884989.6657     7840.1700  RUSSIA          mdkU4LpZECCtt20RHa76sA6b4WC               32-367-120-4327    yly regular accounts boost. requests need to nag evenly
  1116802   Customer#001116802         830214.1117      772.1700  JORDAN          iBka7YijCCLApX1f 8 sKp 5ldP               23-199-655-3770    y carefully regular deposits. packages nod ironic packages
  508954    Customer#000508954         826167.5138     3072.0700  ETHIOPIA        tKQLmGq3MOqXiTmNZQRp                      15-880-510-9487    t the quickly pending deposits. carefully express dependencies detect. blithely regular
  1487503   Customer#001487503         825996.5903     5398.1100  IRAN            D tOJIC0rcVO                              20-271-234-4401    ithely quiet deposits about the slyly final dolphins hinder carefully about the slyly ironic accounts. carefully ir
  1461247   Customer#001461247         775992.0820     3205.9300  SAUDI ARABIA    Ia1gHwdAyyFo,pCKhCkqX6                    30-137-949-5375    beans. furiously ironic realms after the slyly ironic sentiments are requests. courts was carefully about t
  1316338   Customer#001316338         765063.7003     8682.9500  INDIA           QLsXlkrrAQ7fz5TDIoDUVsUMsH1pBOG           18-793-610-3832    olites sleep furiously ironic instructions. final, final ideas wake carefully after the slyly iron
  817849    Customer#000817849         737664.7232     -380.3000  MOROCCO         UKsTjQdC5d9PwYXz u                        25-111-847-3201    ts after the slyly regular excuses wake pending accounts. deposits wake? carefully ironic foxes wa
  1335394   Customer#001335394         731259.8675     3978.5300  VIETNAM         FNdEi9tP 5eQib8C                          31-760-271-2302    ly ironic, final foxes. slyly bold instructions 
  102358    Customer#000102358         715001.8825     3564.9000  BRAZIL          3BnBw0 bZWmVue6bPGn513kOeitBl5VHj         12-941-212-8350     furiously furiously dogged deposits. regular accounts are furiously furiously pending instructions. carefu
  1432624   Customer#001432624         713512.6431      205.0800  FRANCE          e7o5TBwh,bLO6flPI05Nrp0,1Q8m19ODDs0       16-550-232-2774    y ironic packages. slyly silent instructions cajole about the a
  160528    Customer#000160528         710673.3317     3425.5200  INDONESIA       VrYJ,qyK75m PkPLTQT7KocfwMwPYQTlcEYBz     19-670-600-6340    blithely even deposits sleep until the even accounts
  1345237   Customer#001345237         707735.5745     6905.2200  FRANCE          QJxZWEukcxoDYlFOgUGIOuGay                 16-133-279-4001    symptotes integrate according to the sl
  839816    Customer#000839816         705643.2854     2110.2500  UNITED STATES   r9c CDy,MgOouA                            34-453-282-7925    sly sly pinto beans wake quickly slyly final packages. express deposit
  1136716   Customer#001136716         695043.5606     5886.0100  CHINA           yqiALHYT6gaiip1g6wgnM6ctJ                 28-729-762-5783    out the fluffily pending requests. furiously ironic forges integrate. quickly bold theod
  1439413   Customer#001439413         690161.9783     8808.6500  ETHIOPIA        5vMec8OoAWrStjng                          15-432-961-8772    boost across the regular, ironic packages. final instructions 
  1392475   Customer#001392475         685464.4086      593.2600  SAUDI ARABIA    sbjxdO1xOzy1wBIhAOzp6b2,9sHMj8q1f         30-640-220-2095    c accounts. always final instructions boost according to the final 
  616909    Customer#000616909         684978.1044     2660.8400  EGYPT           Jg9FiC98BUWmlBb3WTN                       14-185-768-2185    s about the busy ideas affix f
  314272    Customer#000314272         682212.6365     5127.9200  UNITED STATES    LKR3R5VStcAlT4D,qGBJLWYkmJU              34-674-752-5199    ng to the slyly express instructions sleep fluffily even foxes. special id
  1472980   Customer#001472980         677765.9180     6003.3600  IRAQ            JIMreXGvswrve5rkBww                       21-506-776-4657    e. packages according to the instructions are among the even, regular th
  1486201   Customer#001486201         674878.4539     -276.9200  JORDAN          8hJKgyMlv Ay3fyNDJFvszoYd                 23-611-797-4750    es nag. silent accounts are blithely daring packages. 

================================================================
  Q10 RESULTS (8 measured iterations, median +/- stddev)
================================================================
                  CB (ms)         CR (ms)        CRR (ms)        WAH (ms)        EW (ms)
  -----------------------------------------------------------------------------------------
  OR_date        10.7470 +/- 0.3667   58.4355 +/- 0.0952    7.8945 +/- 0.0678    3.1595 +/- 0.1629   64.8145 +/- 1.6072
  AND+Agg        40.0205 +/- 0.3618   51.2410 +/- 0.6358   51.2020 +/- 0.5958   72.9150 +/- 0.8964   55.3190 +/- 0.6259
  TopK            4.8395 +/- 0.0720    4.8420 +/- 0.0618    4.8495 +/- 0.0349    4.8355 +/- 0.0745    4.8300 +/- 0.0158
  -----------------------------------------------------------------------------------------
  TOTAL          55.6165 +/- 0.6752  114.6810 +/- 0.5993   63.9505 +/- 0.6143   80.7540 +/- 0.9502  125.4860 +/- 1.9827

  CB rows:  1147084  CR rows:  1147084  CRR rows: 1147084  WAH rows: 1147084  EW rows:  1147084
================================================================


================================================================
  Q10 BASELINE BACKENDS (no compression / Concise)
================================================================
                  BS (ms)         BSA (ms)        Concise (ms)     BS vs WAH   BSA vs WAH   CON vs WAH
  ----------------------------------------------------------------------------------------------
  OR_date        93.1365 +/- 0.9726   61.7210 +/- 0.1142   90.0760 +/- 1.0325     0.0339x     0.0512x     0.0351x
  AND+Agg        28.9820 +/- 0.2769   28.5600 +/- 0.3197   80.0100 +/- 0.8040     2.5159x     2.5530x     0.9113x
  TopK            4.8675 +/- 0.0391    4.8480 +/- 0.0363    4.8335 +/- 0.0151     0.9934x     0.9974x     1.0004x
  ----------------------------------------------------------------------------------------------
  TOTAL         127.1560 +/- 1.1241   95.1090 +/- 0.3475  175.3015 +/- 1.6773     0.6351x     0.8491x     0.4607x

  BS rows:  1147084  BSA rows: 1147084  CON rows: 1147084
================================================================

  [CSV] Results written to: q10_results_SF10.csv
┌───────────┬────────────────────┬───────────────┬───────────────┬───────────────┬───────────────────────────────────────┬─────────────────┬─────────────────────────────────────────────────────────────────────────────────────────────────────────────────────┐
│ c_custkey │       c_name       │    revenue    │   c_acctbal   │    n_name     │               c_address               │     c_phone     │                                                      c_comment                                                      │
│   int64   │      varchar       │ decimal(38,4) │ decimal(15,2) │    varchar    │                varchar                │     varchar     │                                                       varchar                                                       │
├───────────┼────────────────────┼───────────────┼───────────────┼───────────────┼───────────────────────────────────────┼─────────────────┼─────────────────────────────────────────────────────────────────────────────────────────────────────────────────────┤
│   1237537 │ Customer#001237537 │   884989.6657 │       7840.17 │ RUSSIA        │ mdkU4LpZECCtt20RHa76sA6b4WC           │ 32-367-120-4327 │ yly regular accounts boost. requests need to nag evenly                                                             │
│   1116802 │ Customer#001116802 │   830214.1117 │        772.17 │ JORDAN        │ iBka7YijCCLApX1f 8 sKp 5ldP           │ 23-199-655-3770 │ y carefully regular deposits. packages nod ironic packages                                                          │
│    508954 │ Customer#000508954 │   826167.5138 │       3072.07 │ ETHIOPIA      │ tKQLmGq3MOqXiTmNZQRp                  │ 15-880-510-9487 │ t the quickly pending deposits. carefully express dependencies detect. blithely regular                             │
│   1487503 │ Customer#001487503 │   825996.5903 │       5398.11 │ IRAN          │ D tOJIC0rcVO                          │ 20-271-234-4401 │ ithely quiet deposits about the slyly final dolphins hinder carefully about the slyly ironic accounts. carefully ir │
│   1461247 │ Customer#001461247 │   775992.0820 │       3205.93 │ SAUDI ARABIA  │ Ia1gHwdAyyFo,pCKhCkqX6                │ 30-137-949-5375 │ beans. furiously ironic realms after the slyly ironic sentiments are requests. courts was carefully about t         │
│   1316338 │ Customer#001316338 │   765063.7003 │       8682.95 │ INDIA         │ QLsXlkrrAQ7fz5TDIoDUVsUMsH1pBOG       │ 18-793-610-3832 │ olites sleep furiously ironic instructions. final, final ideas wake carefully after the slyly iron                  │
│    817849 │ Customer#000817849 │   737664.7232 │       -380.30 │ MOROCCO       │ UKsTjQdC5d9PwYXz u                    │ 25-111-847-3201 │ ts after the slyly regular excuses wake pending accounts. deposits wake? carefully ironic foxes wa                  │
│   1335394 │ Customer#001335394 │   731259.8675 │       3978.53 │ VIETNAM       │ FNdEi9tP 5eQib8C                      │ 31-760-271-2302 │ ly ironic, final foxes. slyly bold instructions                                                                     │
│    102358 │ Customer#000102358 │   715001.8825 │       3564.90 │ BRAZIL        │ 3BnBw0 bZWmVue6bPGn513kOeitBl5VHj     │ 12-941-212-8350 │  furiously furiously dogged deposits. regular accounts are furiously furiously pending instructions. carefu         │
│   1432624 │ Customer#001432624 │   713512.6431 │        205.08 │ FRANCE        │ e7o5TBwh,bLO6flPI05Nrp0,1Q8m19ODDs0   │ 16-550-232-2774 │ y ironic packages. slyly silent instructions cajole about the a                                                     │
│    160528 │ Customer#000160528 │   710673.3317 │       3425.52 │ INDONESIA     │ VrYJ,qyK75m PkPLTQT7KocfwMwPYQTlcEYBz │ 19-670-600-6340 │ blithely even deposits sleep until the even accounts                                                                │
│   1345237 │ Customer#001345237 │   707735.5745 │       6905.22 │ FRANCE        │ QJxZWEukcxoDYlFOgUGIOuGay             │ 16-133-279-4001 │ symptotes integrate according to the sl                                                                             │
│    839816 │ Customer#000839816 │   705643.2854 │       2110.25 │ UNITED STATES │ r9c CDy,MgOouA                        │ 34-453-282-7925 │ sly sly pinto beans wake quickly slyly final packages. express deposit                                              │
│   1136716 │ Customer#001136716 │   695043.5606 │       5886.01 │ CHINA         │ yqiALHYT6gaiip1g6wgnM6ctJ             │ 28-729-762-5783 │ out the fluffily pending requests. furiously ironic forges integrate. quickly bold theod                            │
│   1439413 │ Customer#001439413 │   690161.9783 │       8808.65 │ ETHIOPIA      │ 5vMec8OoAWrStjng                      │ 15-432-961-8772 │ boost across the regular, ironic packages. final instructions                                                       │
│   1392475 │ Customer#001392475 │   685464.4086 │        593.26 │ SAUDI ARABIA  │ sbjxdO1xOzy1wBIhAOzp6b2,9sHMj8q1f     │ 30-640-220-2095 │ c accounts. always final instructions boost according to the final                                                  │
│    616909 │ Customer#000616909 │   684978.1044 │       2660.84 │ EGYPT         │ Jg9FiC98BUWmlBb3WTN                   │ 14-185-768-2185 │ s about the busy ideas affix f                                                                                      │
│    314272 │ Customer#000314272 │   682212.6365 │       5127.92 │ UNITED STATES │  LKR3R5VStcAlT4D,qGBJLWYkmJU          │ 34-674-752-5199 │ ng to the slyly express instructions sleep fluffily even foxes. special id                                          │
│   1472980 │ Customer#001472980 │   677765.9180 │       6003.36 │ IRAQ          │ JIMreXGvswrve5rkBww                   │ 21-506-776-4657 │ e. packages according to the instructions are among the even, regular th                                            │
│   1486201 │ Customer#001486201 │   674878.4539 │       -276.92 │ JORDAN        │ 8hJKgyMlv Ay3fyNDJFvszoYd             │ 23-611-797-4750 │ es nag. silent accounts are blithely daring packages.                                                               │
├───────────┴────────────────────┴───────────────┴───────────────┴───────────────┴───────────────────────────────────────┴─────────────────┴─────────────────────────────────────────────────────────────────────────────────────────────────────────────────────┤
│ 20 rows                                                                                                                                                                                                                                              8 columns │
└────────────────────────────────────────────────────────────────────────────────────────────────────────────────────────────────────────────────────────────────────────────────────────────────────────────────────────────────────────────────────────────────┘
  [Breakdown] ComBit   L1=6.07 MiB  L2=1.36 MiB  L3=10.39 MiB  total=17.82 MiB
