# cwd=/home/lichenhang/lee/thesis/check/lee/duckdb-dev
# cmd=/home/lichenhang/lee/thesis/check/lee/duckdb-dev/build/release/duckdb /home/lichenhang/lee/thesis/check/lee/duckdb-dev/tpch_sf10.db -c PRAGMA bm_tpch(14);

================================================================
  TPC-H Q14 Benchmark — 8 backends (SF10)
  OR shipdate days 1339..1368 (30 bitmaps), AND is_promo, then per-row revenue aggregation
  TPC-H params: l_shipdate [1995-09-01, 1995-10-01), p_type LIKE 'PROMO%'
  Bitmap dirs: tpch_q14_combit tpch_q14_croaring tpch_q14_wah tpch_q14_ewah
  Iterations: 10 (first 2 = warm-up)
================================================================

[Pre-load] Loading 59986052 rows (price, discount) ...
[Pre-load] Done in 791.413 ms

[Load] Loading bitmaps (mode=ALL)...
  WAH load:      14.003 ms
  ComBit load:   18.739 ms
  CRoaring load: 12.023 ms
  CRR load:      12.968 ms
  EWAH load:     11.459 ms
  Bitset load:   146.4 ms (shared by BS / BSA)
  Concise load:  115.521 ms
  WAH      on disk: 7.38 MiB
  ComBit   on disk: 6.43 MiB
  CRoaring on disk: 7.16 MiB (shared by CR / CRR)
  EWAH     on disk: 7.15 MiB

--- Iteration 1/10 (warm-up) ---
  CB:   OR=9.01  AND_pro=4.52  Agg=38.13  Total=51.66  promo=16.65%
  CR:   OR=15.47  AND_pro=1.10  Agg=18.10  Total=34.67  promo=16.65%
  CRR:  OR=6.43  AND_pro=1.15  Agg=14.48  Total=22.07  promo=16.65%
  WAH:  OR=3.90  AND_pro=4.09  Agg=32.85  Total=40.83  promo=16.65%
  EW:   OR=55.17  AND_pro=6.70  Agg=16.32  Total=78.19  promo=16.65%
  BS:   OR=32.63  AND_pro=4.41  Agg=11.70  Total=48.75  promo=16.65%
  BSA:  OR=20.21  AND_pro=1.83  Agg=11.06  Total=33.11  promo=16.65%
  CON:  OR=68.36  AND_pro=18.18  Agg=22.26  Total=108.80  promo=16.65%

--- Iteration 2/10 (warm-up) ---
  CB:   OR=8.21  AND_pro=1.49  Agg=25.45  Total=35.15  promo=16.65%
  CR:   OR=15.57  AND_pro=1.13  Agg=12.73  Total=29.43  promo=16.65%
  CRR:  OR=7.77  AND_pro=1.16  Agg=11.11  Total=20.04  promo=16.65%
  WAH:  OR=5.45  AND_pro=3.74  Agg=30.52  Total=39.71  promo=16.65%
  EW:   OR=55.70  AND_pro=6.68  Agg=14.19  Total=76.57  promo=16.65%
  BS:   OR=32.73  AND_pro=4.52  Agg=11.45  Total=48.69  promo=16.65%
  BSA:  OR=20.34  AND_pro=1.75  Agg=10.92  Total=33.01  promo=16.65%
  CON:  OR=68.54  AND_pro=18.24  Agg=19.03  Total=105.81  promo=16.65%

--- Iteration 3/10 ---
  CB:   OR=8.02  AND_pro=1.52  Agg=22.92  Total=32.46  promo=16.65%
  CR:   OR=15.87  AND_pro=1.14  Agg=10.83  Total=27.83  promo=16.65%
  CRR:  OR=6.39  AND_pro=1.14  Agg=9.77  Total=17.31  promo=16.65%
  WAH:  OR=3.71  AND_pro=2.22  Agg=29.74  Total=35.67  promo=16.65%
  EW:   OR=55.98  AND_pro=6.74  Agg=17.19  Total=79.90  promo=16.65%
  BS:   OR=32.72  AND_pro=4.66  Agg=12.55  Total=49.93  promo=16.65%
  BSA:  OR=20.23  AND_pro=1.77  Agg=11.67  Total=33.67  promo=16.65%
  CON:  OR=68.72  AND_pro=18.22  Agg=24.32  Total=111.25  promo=16.65%

--- Iteration 4/10 ---
  CB:   OR=8.24  AND_pro=1.54  Agg=26.43  Total=36.20  promo=16.65%
  CR:   OR=15.64  AND_pro=1.12  Agg=13.43  Total=30.18  promo=16.65%
  CRR:  OR=6.44  AND_pro=1.15  Agg=12.18  Total=19.77  promo=16.65%
  WAH:  OR=3.71  AND_pro=2.22  Agg=30.82  Total=36.75  promo=16.65%
  EW:   OR=56.16  AND_pro=6.79  Agg=15.84  Total=78.79  promo=16.65%
  BS:   OR=32.59  AND_pro=4.61  Agg=11.59  Total=48.79  promo=16.65%
  BSA:  OR=20.38  AND_pro=1.73  Agg=11.12  Total=33.24  promo=16.65%
  CON:  OR=68.37  AND_pro=18.21  Agg=20.61  Total=107.19  promo=16.65%

--- Iteration 5/10 ---
  CB:   OR=7.90  AND_pro=1.53  Agg=24.10  Total=33.53  promo=16.65%
  CR:   OR=15.72  AND_pro=1.12  Agg=11.97  Total=28.81  promo=16.65%
  CRR:  OR=6.41  AND_pro=1.14  Agg=10.67  Total=18.22  promo=16.65%
  WAH:  OR=3.70  AND_pro=3.16  Agg=30.35  Total=37.22  promo=16.65%
  EW:   OR=55.53  AND_pro=6.64  Agg=14.60  Total=76.78  promo=16.65%
  BS:   OR=32.57  AND_pro=4.51  Agg=11.29  Total=48.37  promo=16.65%
  BSA:  OR=20.44  AND_pro=1.77  Agg=10.89  Total=33.10  promo=16.65%
  CON:  OR=68.36  AND_pro=18.19  Agg=21.86  Total=108.41  promo=16.65%

--- Iteration 6/10 ---
  CB:   OR=8.42  AND_pro=1.50  Agg=24.53  Total=34.45  promo=16.65%
  CR:   OR=15.61  AND_pro=1.11  Agg=11.45  Total=28.18  promo=16.65%
  CRR:  OR=6.43  AND_pro=1.15  Agg=10.13  Total=17.70  promo=16.65%
  WAH:  OR=3.76  AND_pro=2.28  Agg=30.06  Total=36.11  promo=16.65%
  EW:   OR=55.94  AND_pro=6.67  Agg=17.23  Total=79.85  promo=16.65%
  BS:   OR=32.60  AND_pro=4.61  Agg=11.92  Total=49.14  promo=16.65%
  BSA:  OR=20.34  AND_pro=1.76  Agg=11.27  Total=33.37  promo=16.65%
  CON:  OR=68.46  AND_pro=18.18  Agg=20.23  Total=106.88  promo=16.65%

--- Iteration 7/10 ---
  CB:   OR=7.89  AND_pro=1.45  Agg=23.74  Total=33.08  promo=16.65%
  CR:   OR=15.69  AND_pro=1.11  Agg=11.32  Total=28.12  promo=16.65%
  CRR:  OR=6.45  AND_pro=1.15  Agg=10.21  Total=17.81  promo=16.65%
  WAH:  OR=3.89  AND_pro=2.27  Agg=30.06  Total=36.23  promo=16.65%
  EW:   OR=55.77  AND_pro=6.69  Agg=18.39  Total=80.85  promo=16.65%
  BS:   OR=33.13  AND_pro=4.62  Agg=12.72  Total=50.48  promo=16.65%
  BSA:  OR=20.27  AND_pro=1.86  Agg=11.67  Total=33.80  promo=16.65%
  CON:  OR=68.56  AND_pro=18.17  Agg=21.90  Total=108.64  promo=16.65%

--- Iteration 8/10 ---
  CB:   OR=7.87  AND_pro=1.52  Agg=25.34  Total=34.72  promo=16.65%
  CR:   OR=15.58  AND_pro=1.12  Agg=11.81  Total=28.51  promo=16.65%
  CRR:  OR=6.34  AND_pro=1.15  Agg=10.28  Total=17.77  promo=16.65%
  WAH:  OR=3.71  AND_pro=2.25  Agg=30.39  Total=36.34  promo=16.65%
  EW:   OR=55.95  AND_pro=6.76  Agg=17.37  Total=80.09  promo=16.65%
  BS:   OR=32.83  AND_pro=4.59  Agg=12.18  Total=49.61  promo=16.65%
  BSA:  OR=20.23  AND_pro=1.78  Agg=13.40  Total=35.41  promo=16.65%
  CON:  OR=68.52  AND_pro=18.31  Agg=21.92  Total=108.75  promo=16.65%

--- Iteration 9/10 ---
  CB:   OR=8.28  AND_pro=1.52  Agg=25.17  Total=34.97  promo=16.65%
  CR:   OR=15.62  AND_pro=1.12  Agg=12.29  Total=29.03  promo=16.65%
  CRR:  OR=6.36  AND_pro=1.14  Agg=11.36  Total=18.86  promo=16.65%
  WAH:  OR=3.68  AND_pro=2.27  Agg=30.38  Total=36.34  promo=16.65%
  EW:   OR=55.84  AND_pro=6.76  Agg=16.98  Total=79.58  promo=16.65%
  BS:   OR=32.90  AND_pro=4.57  Agg=11.97  Total=49.45  promo=16.65%
  BSA:  OR=20.28  AND_pro=1.85  Agg=11.30  Total=33.43  promo=16.65%
  CON:  OR=68.41  AND_pro=18.25  Agg=20.44  Total=107.09  promo=16.65%

--- Iteration 10/10 ---
  CB:   OR=7.95  AND_pro=1.52  Agg=24.08  Total=33.55  promo=16.65%
  CR:   OR=15.58  AND_pro=1.11  Agg=10.74  Total=27.43  promo=16.65%
  CRR:  OR=6.35  AND_pro=1.15  Agg=9.56  Total=17.06  promo=16.65%
  WAH:  OR=3.69  AND_pro=2.23  Agg=29.93  Total=35.85  promo=16.65%
  EW:   OR=55.87  AND_pro=6.72  Agg=15.76  Total=78.35  promo=16.65%
  BS:   OR=32.70  AND_pro=4.56  Agg=11.66  Total=48.93  promo=16.65%
  BSA:  OR=20.25  AND_pro=1.73  Agg=11.14  Total=33.12  promo=16.65%
  CON:  OR=68.27  AND_pro=18.22  Agg=20.43  Total=106.91  promo=16.65%

================================================================
  Q14 Correctness Validation
================================================================
  Q14 Result (ComBit):
    promo_revenue = 16.6476  %  (promo_rev=45330799274176 total_rev=272296385352695)
  Consistency: ALL MATCH

[Baseline] DuckDB native SQL  (single run: 906.04 ms)
  SQL ground truth:  promo_revenue = 16.6476 %
[OK] all active backends match DuckDB SQL ground truth (promo_revenue within 0.0000).

================================================================
  Q14 RESULTS (8 measured iterations, median +/- stddev)
================================================================
                  CB (ms)         CR (ms)        CRR (ms)        WAH (ms)        EW (ms)
  -----------------------------------------------------------------------------------------
  OR_date           7.98 +/-  0.20     15.63 +/-  0.09      6.40 +/-  0.04      3.71 +/-  0.06     55.91 +/-  0.17
  AND_pro           1.52 +/-  0.02      1.12 +/-  0.01      1.15 +/-  0.01      2.26 +/-  0.30      6.73 +/-  0.05
  Agg              24.32 +/-  1.02     11.63 +/-  0.81     10.25 +/-  0.81     30.21 +/-  0.31     17.08 +/-  1.11
  -----------------------------------------------------------------------------------------
  TOTAL            34.00 +/-  1.12     28.35 +/-  0.79     17.79 +/-  0.82     36.28 +/-  0.46     79.71 +/-  1.19
================================================================

================================================================
  Q14 BASELINE BACKENDS (no compression / Concise)
================================================================
                  BS (ms)         BSA (ms)        Concise (ms)     BS vs WAH   BSA vs WAH   CON vs WAH
  ----------------------------------------------------------------------------------------------
  OR_date          32.71 +/-  0.18     20.27 +/-  0.07     68.43 +/-  0.13      0.11x      0.18x      0.05x
  AND_pro           4.60 +/-  0.04      1.77 +/-  0.05     18.21 +/-  0.04      0.49x      1.28x      0.12x
  Agg              11.95 +/-  0.45     11.28 +/-  0.74     21.23 +/-  1.28      2.53x      2.68x      1.42x
  ----------------------------------------------------------------------------------------------
  TOTAL            49.29 +/-  0.63     33.40 +/-  0.71    107.80 +/-  1.39      0.74x      1.09x      0.34x
================================================================

  [CSV] Results written to: q14_results_SF10.csv
