# cwd=/home/lichenhang/lee/thesis/check/lee/duckdb-dev
# cmd=/home/lichenhang/lee/thesis/check/lee/duckdb-dev/build/release/duckdb /home/lichenhang/lee/thesis/check/lee/duckdb-dev/tpch_sf10.db -c PRAGMA bm_tpch(15);

================================================================
  TPC-H Q15 Benchmark — 8 backends (SF10)
  OR shipdate days 1461..1551 (91 bitmaps), then per-row revenue aggregation grouped by l_suppkey
  TPC-H params: l_shipdate [1996-01-01, 1996-04-01)
  Bitmap dirs: tpch_q15_combit tpch_q15_croaring tpch_q15_wah tpch_q15_ewah
  Iterations: 10 (first 2 = warm-up)
================================================================

[Pre-load] Streaming lineitem (suppkey, price, discount) ...
[Pre-load] 59986052 rows in 1054.36 ms  (max_suppkey=100000)

[Load] Loading shipdate bitmaps (mode=ALL)...
  WAH load:      20.889 ms
  ComBit load:   35.679 ms
  CRoaring load: 8.825 ms
  CRR load:      11.555 ms
  EWAH load:     19.312 ms
  Bitset load:   314.702 ms (shared by BS / BSA)
  Concise load:  38.238 ms
  WAH      on disk: 0.00 MiB
  ComBit   on disk: 0.00 MiB
  CRoaring on disk: 0.00 MiB (shared by CR / CRR)
  EWAH     on disk: 0.00 MiB

--- Iteration 1/10 (warm-up) ---
  CB:   OR=23.72  Agg=44.05  Total=67.77  max=2194132.82  ties=1
  CR:   OR=84.42  Agg=56.02  Total=140.44  max=2194132.82  ties=1
  CRR:  OR=14.14  Agg=55.76  Total=69.90  max=2194132.82  ties=1
  WAH:  OR=12.25  Agg=73.72  Total=85.97  max=2194132.82  ties=1
  EW:   OR=206.80  Agg=53.66  Total=260.46  max=2194132.82  ties=1
  BS:   OR=92.39  Agg=29.36  Total=121.75  max=2194132.82  ties=1
  BSA:  OR=59.28  Agg=29.32  Total=88.60  max=2194132.82  ties=1
  CON:  OR=250.95  Agg=73.59  Total=324.53  max=2194132.82  ties=1

--- Iteration 2/10 (warm-up) ---
  CB:   OR=23.23  Agg=44.75  Total=67.99  max=2194132.82  ties=1
  CR:   OR=82.03  Agg=56.65  Total=138.67  max=2194132.82  ties=1
  CRR:  OR=12.13  Agg=56.93  Total=69.07  max=2194132.82  ties=1
  WAH:  OR=10.33  Agg=75.08  Total=85.41  max=2194132.82  ties=1
  EW:   OR=205.60  Agg=53.67  Total=259.27  max=2194132.82  ties=1
  BS:   OR=95.64  Agg=29.57  Total=125.21  max=2194132.82  ties=1
  BSA:  OR=59.63  Agg=29.43  Total=89.05  max=2194132.82  ties=1
  CON:  OR=251.01  Agg=61.00  Total=312.01  max=2194132.82  ties=1

--- Iteration 3/10 ---
  CB:   OR=23.32  Agg=44.66  Total=67.99  max=2194132.82  ties=1
  CR:   OR=82.22  Agg=56.44  Total=138.66  max=2194132.82  ties=1
  CRR:  OR=12.13  Agg=56.54  Total=68.67  max=2194132.82  ties=1
  WAH:  OR=10.86  Agg=74.86  Total=85.72  max=2194132.82  ties=1
  EW:   OR=204.97  Agg=53.75  Total=258.72  max=2194132.82  ties=1
  BS:   OR=90.55  Agg=29.37  Total=119.92  max=2194132.82  ties=1
  BSA:  OR=59.88  Agg=29.39  Total=89.28  max=2194132.82  ties=1
  CON:  OR=247.27  Agg=61.96  Total=309.23  max=2194132.82  ties=1

--- Iteration 4/10 ---
  CB:   OR=23.82  Agg=44.56  Total=68.38  max=2194132.82  ties=1
  CR:   OR=82.03  Agg=56.89  Total=138.92  max=2194132.82  ties=1
  CRR:  OR=12.25  Agg=56.91  Total=69.16  max=2194132.82  ties=1
  WAH:  OR=11.52  Agg=74.49  Total=86.01  max=2194132.82  ties=1
  EW:   OR=209.18  Agg=53.94  Total=263.12  max=2194132.82  ties=1
  BS:   OR=91.70  Agg=29.63  Total=121.33  max=2194132.82  ties=1
  BSA:  OR=59.61  Agg=29.46  Total=89.07  max=2194132.82  ties=1
  CON:  OR=246.88  Agg=61.62  Total=308.50  max=2194132.82  ties=1

--- Iteration 5/10 ---
  CB:   OR=21.55  Agg=44.29  Total=65.84  max=2194132.82  ties=1
  CR:   OR=81.75  Agg=56.58  Total=138.33  max=2194132.82  ties=1
  CRR:  OR=12.20  Agg=57.13  Total=69.33  max=2194132.82  ties=1
  WAH:  OR=10.54  Agg=74.95  Total=85.50  max=2194132.82  ties=1
  EW:   OR=202.95  Agg=53.99  Total=256.94  max=2194132.82  ties=1
  BS:   OR=91.40  Agg=29.50  Total=120.90  max=2194132.82  ties=1
  BSA:  OR=59.66  Agg=29.44  Total=89.10  max=2194132.82  ties=1
  CON:  OR=246.86  Agg=61.56  Total=308.42  max=2194132.82  ties=1

--- Iteration 6/10 ---
  CB:   OR=21.61  Agg=44.58  Total=66.18  max=2194132.82  ties=1
  CR:   OR=82.19  Agg=56.48  Total=138.67  max=2194132.82  ties=1
  CRR:  OR=12.11  Agg=56.16  Total=68.26  max=2194132.82  ties=1
  WAH:  OR=10.62  Agg=74.34  Total=84.96  max=2194132.82  ties=1
  EW:   OR=199.80  Agg=54.22  Total=254.02  max=2194132.82  ties=1
  BS:   OR=93.71  Agg=29.43  Total=123.14  max=2194132.82  ties=1
  BSA:  OR=59.97  Agg=29.63  Total=89.60  max=2194132.82  ties=1
  CON:  OR=247.58  Agg=61.51  Total=309.09  max=2194132.82  ties=1

--- Iteration 7/10 ---
  CB:   OR=21.33  Agg=44.15  Total=65.48  max=2194132.82  ties=1
  CR:   OR=81.98  Agg=56.07  Total=138.05  max=2194132.82  ties=1
  CRR:  OR=12.08  Agg=55.66  Total=67.74  max=2194132.82  ties=1
  WAH:  OR=10.64  Agg=73.88  Total=84.52  max=2194132.82  ties=1
  EW:   OR=199.86  Agg=54.31  Total=254.17  max=2194132.82  ties=1
  BS:   OR=92.74  Agg=29.55  Total=122.29  max=2194132.82  ties=1
  BSA:  OR=59.41  Agg=29.83  Total=89.24  max=2194132.82  ties=1
  CON:  OR=248.13  Agg=61.36  Total=309.49  max=2194132.82  ties=1

--- Iteration 8/10 ---
  CB:   OR=21.78  Agg=44.41  Total=66.19  max=2194132.82  ties=1
  CR:   OR=82.19  Agg=56.47  Total=138.66  max=2194132.82  ties=1
  CRR:  OR=12.14  Agg=56.52  Total=68.66  max=2194132.82  ties=1
  WAH:  OR=10.36  Agg=74.44  Total=84.80  max=2194132.82  ties=1
  EW:   OR=201.22  Agg=54.34  Total=255.56  max=2194132.82  ties=1
  BS:   OR=94.08  Agg=29.73  Total=123.81  max=2194132.82  ties=1
  BSA:  OR=60.16  Agg=29.80  Total=89.96  max=2194132.82  ties=1
  CON:  OR=248.84  Agg=62.22  Total=311.05  max=2194132.82  ties=1

--- Iteration 9/10 ---
  CB:   OR=22.13  Agg=44.69  Total=66.82  max=2194132.82  ties=1
  CR:   OR=82.31  Agg=56.54  Total=138.85  max=2194132.82  ties=1
  CRR:  OR=12.19  Agg=56.37  Total=68.56  max=2194132.82  ties=1
  WAH:  OR=10.79  Agg=74.34  Total=85.14  max=2194132.82  ties=1
  EW:   OR=198.78  Agg=53.79  Total=252.57  max=2194132.82  ties=1
  BS:   OR=91.06  Agg=29.73  Total=120.80  max=2194132.82  ties=1
  BSA:  OR=60.07  Agg=29.49  Total=89.56  max=2194132.82  ties=1
  CON:  OR=247.80  Agg=61.82  Total=309.62  max=2194132.82  ties=1

--- Iteration 10/10 ---
  CB:   OR=21.64  Agg=45.22  Total=66.86  max=2194132.82  ties=1
  CR:   OR=82.14  Agg=56.53  Total=138.67  max=2194132.82  ties=1
  CRR:  OR=12.15  Agg=56.38  Total=68.53  max=2194132.82  ties=1
  WAH:  OR=13.22  Agg=74.36  Total=87.58  max=2194132.82  ties=1
  EW:   OR=202.56  Agg=54.11  Total=256.66  max=2194132.82  ties=1
  BS:   OR=90.89  Agg=29.52  Total=120.42  max=2194132.82  ties=1
  BSA:  OR=59.65  Agg=29.70  Total=89.35  max=2194132.82  ties=1
  CON:  OR=247.15  Agg=61.31  Total=308.46  max=2194132.82  ties=1

================================================================
  Q15 Correctness Validation
================================================================
  Q15 Result (ComBit):
    max total_revenue = 2194132.82   (fp=21941328166)   ties=1
    suppkey(s): 69998
  Consistency: ALL MATCH

  Tied supplier rows (bitmap pipeline):
    69998  Supplier#000069998  total_revenue=2194132.82

[Baseline] DuckDB native SQL  (single run: 554.70 ms)
  SQL ground truth rows: 1
    69998  Supplier#000069998  total_revenue=2194132.82
[OK] all active backends match DuckDB SQL ground truth (1 row(s), revenue within 0.01).

================================================================
  Q15 RESULTS (8 measured iterations, median +/- stddev)
================================================================
  CB    OR=21.71   +/- 0.86   Agg=44.57   +/- 0.30   Total=66.50   +/- 0.95  (ms)
  CR    OR=82.16   +/- 0.17   Agg=56.50   +/- 0.21   Total=138.67  +/- 0.27  (ms)
  CRR   OR=12.15   +/- 0.05   Agg=56.45   +/- 0.42   Total=68.61   +/- 0.46  (ms)
  WAH   OR=10.71   +/- 0.88   Agg=74.40   +/- 0.31   Total=85.32   +/- 0.90  (ms)
  EW    OR=201.89  +/- 3.17   Agg=54.05   +/- 0.21   Total=256.11  +/- 3.10  (ms)
  BS    OR=91.55   +/- 1.25   Agg=29.53   +/- 0.12   Total=121.12  +/- 1.28  (ms)
  BSA   OR=59.77   +/- 0.24   Agg=29.56   +/- 0.16   Total=89.31   +/- 0.28  (ms)
  CON   OR=247.42  +/- 0.63   Agg=61.59   +/- 0.29   Total=309.16  +/- 0.82  (ms)
================================================================

  [CSV] Results written to: q15_results_SF10.csv
┌───────────┬────────────────────┬──────────────────────────────────────────┬─────────────────┬───────────────┐
│ s_suppkey │       s_name       │                s_address                 │     s_phone     │ total_revenue │
│   int64   │      varchar       │                 varchar                  │     varchar     │ decimal(38,4) │
├───────────┼────────────────────┼──────────────────────────────────────────┼─────────────────┼───────────────┤
│     69998 │ Supplier#000069998 │ 117W54YtKASNfzkZRS8P32856BMj0HKf895vdukw │ 16-386-278-9829 │  2194132.8166 │
└───────────┴────────────────────┴──────────────────────────────────────────┴─────────────────┴───────────────┘
  [Breakdown] ComBit   L1=2.13 MiB  L2=2.10 MiB  L3=10.17 MiB  total=14.40 MiB
