# cwd=/home/lichenhang/lee/thesis/check/lee/duckdb-dev
# cmd=/home/lichenhang/lee/thesis/check/lee/duckdb-dev/build/release/duckdb /home/lichenhang/lee/thesis/check/lee/duckdb-dev/tpch_sf10.db -c PRAGMA bm_tpch(17);

================================================================
  TPC-H Q17 Benchmark — 8 backends (SF10)
  Single-bitmap two-pass aggregation over is_q17_part.
  TPC-H params: p_brand='Brand#23', p_container='MED BOX'
  Bitmap dirs: tpch_q17_combit tpch_q17_croaring tpch_q17_wah tpch_q17_ewah
  Iterations: 10 (first 2 = warm-up)
================================================================

[Pre-load] Loading 59986052 rows (partkey, quantity, extendedprice) ...
[Pre-load] 59986052 rows in 1342.13 ms  (max_partkey=2000000)

[Load] Loading is_q17_part bitmaps (mode=ALL)...
  WAH load:      0.603 ms
  ComBit load:   0.48 ms
  CRoaring load: 0.202 ms
  CRR load:      0.183 ms
  EWAH load:     0.504 ms
  Bitset load:   3.864 ms (shared by BS / BSA)
  Concise load:  1.074 ms
  WAH      on disk: 0.45 MiB
  ComBit   on disk: 0.27 MiB
  CRoaring on disk: 0.12 MiB (shared by CR / CRR)
  EWAH     on disk: 0.88 MiB

--- Iteration 1/10 (warm-up) ---
  CB:   Pass1=9.99  Pass2=3.58  Total=13.57  avg_yearly=3295493.51
  CR:   Pass1=5.71  Pass2=1.54  Total=7.25  avg_yearly=3295493.51
  CRR:  Pass1=5.50  Pass2=1.50  Total=7.00  avg_yearly=3295493.51
  WAH:  Pass1=6.61  Pass2=2.88  Total=9.50  avg_yearly=3295493.51
  EW:   Pass1=5.61  Pass2=1.50  Total=7.10  avg_yearly=3295493.51
  BS:   Pass1=6.42  Pass2=2.65  Total=9.07  avg_yearly=3295493.51
  BSA:  Pass1=6.24  Pass2=2.42  Total=8.67  avg_yearly=3295493.51
  CON:  Pass1=5.93  Pass2=1.94  Total=7.87  avg_yearly=3295493.51

--- Iteration 2/10 (warm-up) ---
  CB:   Pass1=5.83  Pass2=1.72  Total=7.55  avg_yearly=3295493.51
  CR:   Pass1=5.29  Pass2=1.39  Total=6.68  avg_yearly=3295493.51
  CRR:  Pass1=5.25  Pass2=1.40  Total=6.65  avg_yearly=3295493.51
  WAH:  Pass1=6.37  Pass2=2.78  Total=9.15  avg_yearly=3295493.51
  EW:   Pass1=5.46  Pass2=1.46  Total=6.92  avg_yearly=3295493.51
  BS:   Pass1=6.22  Pass2=2.40  Total=8.62  avg_yearly=3295493.51
  BSA:  Pass1=6.21  Pass2=2.40  Total=8.62  avg_yearly=3295493.51
  CON:  Pass1=5.96  Pass2=1.92  Total=7.88  avg_yearly=3295493.51

--- Iteration 3/10 ---
  CB:   Pass1=5.78  Pass2=1.71  Total=7.50  avg_yearly=3295493.51
  CR:   Pass1=5.13  Pass2=1.39  Total=6.52  avg_yearly=3295493.51
  CRR:  Pass1=5.13  Pass2=1.39  Total=6.52  avg_yearly=3295493.51
  WAH:  Pass1=6.37  Pass2=2.79  Total=9.16  avg_yearly=3295493.51
  EW:   Pass1=5.44  Pass2=1.46  Total=6.90  avg_yearly=3295493.51
  BS:   Pass1=6.20  Pass2=2.41  Total=8.60  avg_yearly=3295493.51
  BSA:  Pass1=6.18  Pass2=2.41  Total=8.59  avg_yearly=3295493.51
  CON:  Pass1=5.92  Pass2=1.94  Total=7.86  avg_yearly=3295493.51

--- Iteration 4/10 ---
  CB:   Pass1=5.78  Pass2=1.71  Total=7.49  avg_yearly=3295493.51
  CR:   Pass1=5.17  Pass2=1.41  Total=6.58  avg_yearly=3295493.51
  CRR:  Pass1=5.17  Pass2=1.42  Total=6.59  avg_yearly=3295493.51
  WAH:  Pass1=6.42  Pass2=2.77  Total=9.19  avg_yearly=3295493.51
  EW:   Pass1=5.46  Pass2=1.44  Total=6.90  avg_yearly=3295493.51
  BS:   Pass1=6.20  Pass2=2.41  Total=8.61  avg_yearly=3295493.51
  BSA:  Pass1=6.34  Pass2=2.42  Total=8.76  avg_yearly=3295493.51
  CON:  Pass1=5.97  Pass2=1.92  Total=7.90  avg_yearly=3295493.51

--- Iteration 5/10 ---
  CB:   Pass1=5.89  Pass2=1.71  Total=7.59  avg_yearly=3295493.51
  CR:   Pass1=5.15  Pass2=1.40  Total=6.55  avg_yearly=3295493.51
  CRR:  Pass1=5.12  Pass2=1.40  Total=6.52  avg_yearly=3295493.51
  WAH:  Pass1=6.34  Pass2=2.76  Total=9.10  avg_yearly=3295493.51
  EW:   Pass1=5.46  Pass2=1.45  Total=6.91  avg_yearly=3295493.51
  BS:   Pass1=6.22  Pass2=2.40  Total=8.62  avg_yearly=3295493.51
  BSA:  Pass1=6.19  Pass2=2.43  Total=8.62  avg_yearly=3295493.51
  CON:  Pass1=5.95  Pass2=1.92  Total=7.87  avg_yearly=3295493.51

--- Iteration 6/10 ---
  CB:   Pass1=5.77  Pass2=1.72  Total=7.49  avg_yearly=3295493.51
  CR:   Pass1=5.14  Pass2=1.41  Total=6.54  avg_yearly=3295493.51
  CRR:  Pass1=5.12  Pass2=1.39  Total=6.51  avg_yearly=3295493.51
  WAH:  Pass1=6.36  Pass2=2.74  Total=9.10  avg_yearly=3295493.51
  EW:   Pass1=5.46  Pass2=1.44  Total=6.90  avg_yearly=3295493.51
  BS:   Pass1=6.23  Pass2=2.42  Total=8.65  avg_yearly=3295493.51
  BSA:  Pass1=6.19  Pass2=2.41  Total=8.61  avg_yearly=3295493.51
  CON:  Pass1=6.02  Pass2=1.94  Total=7.96  avg_yearly=3295493.51

--- Iteration 7/10 ---
  CB:   Pass1=5.83  Pass2=1.73  Total=7.56  avg_yearly=3295493.51
  CR:   Pass1=5.14  Pass2=1.43  Total=6.58  avg_yearly=3295493.51
  CRR:  Pass1=5.13  Pass2=1.39  Total=6.52  avg_yearly=3295493.51
  WAH:  Pass1=6.39  Pass2=2.74  Total=9.13  avg_yearly=3295493.51
  EW:   Pass1=5.46  Pass2=1.44  Total=6.90  avg_yearly=3295493.51
  BS:   Pass1=6.26  Pass2=2.40  Total=8.66  avg_yearly=3295493.51
  BSA:  Pass1=6.18  Pass2=2.42  Total=8.60  avg_yearly=3295493.51
  CON:  Pass1=5.96  Pass2=1.93  Total=7.90  avg_yearly=3295493.51

--- Iteration 8/10 ---
  CB:   Pass1=5.78  Pass2=1.72  Total=7.50  avg_yearly=3295493.51
  CR:   Pass1=5.16  Pass2=1.41  Total=6.57  avg_yearly=3295493.51
  CRR:  Pass1=5.15  Pass2=1.39  Total=6.54  avg_yearly=3295493.51
  WAH:  Pass1=6.36  Pass2=2.73  Total=9.09  avg_yearly=3295493.51
  EW:   Pass1=5.46  Pass2=1.46  Total=6.92  avg_yearly=3295493.51
  BS:   Pass1=6.24  Pass2=2.41  Total=8.65  avg_yearly=3295493.51
  BSA:  Pass1=6.18  Pass2=2.43  Total=8.61  avg_yearly=3295493.51
  CON:  Pass1=5.96  Pass2=1.91  Total=7.87  avg_yearly=3295493.51

--- Iteration 9/10 ---
  CB:   Pass1=5.79  Pass2=1.71  Total=7.50  avg_yearly=3295493.51
  CR:   Pass1=5.12  Pass2=1.44  Total=6.55  avg_yearly=3295493.51
  CRR:  Pass1=5.14  Pass2=1.39  Total=6.53  avg_yearly=3295493.51
  WAH:  Pass1=6.34  Pass2=2.75  Total=9.10  avg_yearly=3295493.51
  EW:   Pass1=5.47  Pass2=1.44  Total=6.91  avg_yearly=3295493.51
  BS:   Pass1=6.27  Pass2=2.42  Total=8.69  avg_yearly=3295493.51
  BSA:  Pass1=6.19  Pass2=2.40  Total=8.59  avg_yearly=3295493.51
  CON:  Pass1=5.93  Pass2=1.91  Total=7.85  avg_yearly=3295493.51

--- Iteration 10/10 ---
  CB:   Pass1=5.80  Pass2=1.71  Total=7.51  avg_yearly=3295493.51
  CR:   Pass1=5.15  Pass2=1.38  Total=6.54  avg_yearly=3295493.51
  CRR:  Pass1=5.16  Pass2=1.40  Total=6.57  avg_yearly=3295493.51
  WAH:  Pass1=6.36  Pass2=2.77  Total=9.14  avg_yearly=3295493.51
  EW:   Pass1=5.46  Pass2=1.44  Total=6.89  avg_yearly=3295493.51
  BS:   Pass1=6.23  Pass2=2.42  Total=8.66  avg_yearly=3295493.51
  BSA:  Pass1=6.18  Pass2=2.42  Total=8.60  avg_yearly=3295493.51
  CON:  Pass1=5.93  Pass2=1.92  Total=7.86  avg_yearly=3295493.51

================================================================
  Q17 Correctness Validation
================================================================
  Q17 Result (ComBit):
    avg_yearly = 3295493.51   (sum_ep×100 = 2306845459)
  Consistency: ALL MATCH

[Baseline] DuckDB native SQL  (single run: 1311.20 ms)
  SQL ground truth:  avg_yearly = 3295493.51
[OK] all active backends match DuckDB SQL ground truth (avg_yearly within 0.00).

================================================================
  Q17 RESULTS (8 measured iterations, median +/- stddev)
================================================================
  CB    Pass1=5.79    +/- 0.04   Pass2=1.71    +/- 0.01   Total=7.50    +/- 0.04  (ms)
  CR    Pass1=5.14    +/- 0.02   Pass2=1.41    +/- 0.02   Total=6.55    +/- 0.02  (ms)
  CRR   Pass1=5.13    +/- 0.02   Pass2=1.39    +/- 0.01   Total=6.52    +/- 0.02  (ms)
  WAH   Pass1=6.36    +/- 0.02   Pass2=2.76    +/- 0.02   Total=9.12    +/- 0.03  (ms)
  EW    Pass1=5.46    +/- 0.01   Pass2=1.44    +/- 0.01   Total=6.90    +/- 0.01  (ms)
  BS    Pass1=6.23    +/- 0.03   Pass2=2.41    +/- 0.01   Total=8.65    +/- 0.03  (ms)
  BSA   Pass1=6.19    +/- 0.05   Pass2=2.42    +/- 0.01   Total=8.60    +/- 0.05  (ms)
  CON   Pass1=5.95    +/- 0.03   Pass2=1.92    +/- 0.01   Total=7.87    +/- 0.03  (ms)
================================================================

  [CSV] Results written to: q17_results_SF10.csv
┌───────────────────┐
│    avg_yearly     │
│      double       │
├───────────────────┤
│ 3295493.512857143 │
└───────────────────┘
  [Breakdown] ComBit   L1=0.06 MiB  L2=0.06 MiB  L3=0.11 MiB  total=0.23 MiB
