# cwd=/home/lichenhang/lee/thesis/check/lee/duckdb-dev
# cmd=/home/lichenhang/lee/thesis/check/lee/duckdb-dev/build/release/duckdb /home/lichenhang/lee/thesis/check/lee/duckdb-dev/tpch_sf10.db -c PRAGMA bm_tpch(19);

================================================================
  TPC-H Q19 Benchmark — 8 backends (SF10)
  3-branch OR over (brand × container × p_size × l_quantity range)
        AND with l_shipmode IN ('AIR','AIR REG')
        AND with l_shipinstruct = 'DELIVER IN PERSON'
  TPC-H params: BRAND1=Brand#12 (Q1=1..11), BRAND2=Brand#23 (Q2=10..20), BRAND3=Brand#34 (Q3=20..30)
  Bitmap dirs: tpch_q19_combit tpch_q19_croaring tpch_q19_wah tpch_q19_ewah
  Iterations: 10 (first 2 = warm-up)
================================================================

[Pre-load] Loading 59986052 rows (price, discount) ...
[Pre-load] Done in 793.451 ms

[Load] Loading bitmaps (mode=ALL)...
  WAH load:      284.969 ms
  ComBit load:   54.386 ms
  CRoaring load: 65.478 ms
  CRR load:      85.387 ms
  EWAH load:     131.334 ms
  Bitset load:   269.745 ms (shared by BS / BSA)
  Concise load:  1065.92 ms
  WAH      on disk: 15.82 MiB
  ComBit   on disk: 13.90 MiB
  CRoaring on disk: 14.62 MiB (shared by CR / CRR)
  EWAH     on disk: 16.35 MiB

--- Iteration 1/10 (warm-up) ---
  CB:   OR=15.24  AND=21.26  Agg=2.87  Total=39.38  revenue=30104438.09
  CR:   OR=71.33  AND=1.80  Agg=0.09  Total=73.21  revenue=30104438.09
  CRR:  OR=23.06  AND=1.81  Agg=0.07  Total=24.94  revenue=30104438.09
  WAH:  OR=126.65  AND=16.28  Agg=1.63  Total=144.56  revenue=30104438.09
  EW:   OR=295.96  AND=5.24  Agg=0.07  Total=301.27  revenue=30104438.09
  BS:   OR=38.88  AND=21.63  Agg=0.90  Total=61.41  revenue=30104438.09
  BSA:  OR=22.66  AND=19.08  Agg=0.90  Total=42.64  revenue=30104438.09
  CON:  OR=796.74  AND=53.35  Agg=0.10  Total=850.18  revenue=30104438.09

--- Iteration 2/10 (warm-up) ---
  CB:   OR=13.39  AND=17.43  Agg=2.88  Total=33.69  revenue=30104438.09
  CR:   OR=71.83  AND=1.83  Agg=0.07  Total=73.73  revenue=30104438.09
  CRR:  OR=23.03  AND=1.67  Agg=0.07  Total=24.77  revenue=30104438.09
  WAH:  OR=121.83  AND=11.89  Agg=1.60  Total=135.33  revenue=30104438.09
  EW:   OR=283.13  AND=5.59  Agg=0.08  Total=288.81  revenue=30104438.09
  BS:   OR=38.40  AND=21.96  Agg=0.91  Total=61.27  revenue=30104438.09
  BSA:  OR=22.79  AND=19.07  Agg=0.90  Total=42.76  revenue=30104438.09
  CON:  OR=799.09  AND=54.86  Agg=0.09  Total=854.04  revenue=30104438.09

--- Iteration 3/10 ---
  CB:   OR=13.36  AND=19.18  Agg=2.86  Total=35.41  revenue=30104438.09
  CR:   OR=71.81  AND=1.79  Agg=0.07  Total=73.67  revenue=30104438.09
  CRR:  OR=23.00  AND=1.66  Agg=0.07  Total=24.73  revenue=30104438.09
  WAH:  OR=121.64  AND=12.72  Agg=1.60  Total=135.97  revenue=30104438.09
  EW:   OR=283.75  AND=5.64  Agg=0.07  Total=289.46  revenue=30104438.09
  BS:   OR=38.47  AND=21.18  Agg=0.90  Total=60.55  revenue=30104438.09
  BSA:  OR=22.80  AND=19.07  Agg=0.90  Total=42.77  revenue=30104438.09
  CON:  OR=798.43  AND=53.63  Agg=0.10  Total=852.16  revenue=30104438.09

--- Iteration 4/10 ---
  CB:   OR=13.40  AND=17.57  Agg=2.87  Total=33.84  revenue=30104438.09
  CR:   OR=71.86  AND=1.81  Agg=0.07  Total=73.75  revenue=30104438.09
  CRR:  OR=23.09  AND=1.68  Agg=0.07  Total=24.84  revenue=30104438.09
  WAH:  OR=121.83  AND=12.74  Agg=1.64  Total=136.21  revenue=30104438.09
  EW:   OR=284.81  AND=5.35  Agg=0.07  Total=290.24  revenue=30104438.09
  BS:   OR=38.48  AND=21.38  Agg=0.90  Total=60.76  revenue=30104438.09
  BSA:  OR=22.81  AND=19.14  Agg=0.89  Total=42.84  revenue=30104438.09
  CON:  OR=797.95  AND=54.89  Agg=0.10  Total=852.94  revenue=30104438.09

--- Iteration 5/10 ---
  CB:   OR=13.44  AND=17.47  Agg=2.85  Total=33.76  revenue=30104438.09
  CR:   OR=71.94  AND=1.82  Agg=0.07  Total=73.83  revenue=30104438.09
  CRR:  OR=23.05  AND=1.72  Agg=0.07  Total=24.85  revenue=30104438.09
  WAH:  OR=121.63  AND=15.09  Agg=1.61  Total=138.32  revenue=30104438.09
  EW:   OR=286.01  AND=5.41  Agg=0.07  Total=291.49  revenue=30104438.09
  BS:   OR=33.60  AND=21.32  Agg=0.90  Total=55.81  revenue=30104438.09
  BSA:  OR=22.84  AND=19.15  Agg=0.90  Total=42.89  revenue=30104438.09
  CON:  OR=811.15  AND=50.75  Agg=0.09  Total=861.99  revenue=30104438.09

--- Iteration 6/10 ---
  CB:   OR=13.57  AND=14.97  Agg=2.86  Total=31.40  revenue=30104438.09
  CR:   OR=72.13  AND=1.80  Agg=0.07  Total=74.00  revenue=30104438.09
  CRR:  OR=22.84  AND=1.67  Agg=0.07  Total=24.58  revenue=30104438.09
  WAH:  OR=121.52  AND=14.88  Agg=1.58  Total=137.98  revenue=30104438.09
  EW:   OR=281.60  AND=5.38  Agg=0.08  Total=287.06  revenue=30104438.09
  BS:   OR=40.94  AND=21.50  Agg=0.91  Total=63.35  revenue=30104438.09
  BSA:  OR=25.51  AND=19.35  Agg=0.90  Total=45.76  revenue=30104438.09
  CON:  OR=804.10  AND=46.73  Agg=0.10  Total=850.93  revenue=30104438.09

--- Iteration 7/10 ---
  CB:   OR=13.72  AND=17.19  Agg=2.88  Total=33.79  revenue=30104438.09
  CR:   OR=71.96  AND=1.81  Agg=0.07  Total=73.85  revenue=30104438.09
  CRR:  OR=23.62  AND=1.68  Agg=0.07  Total=25.36  revenue=30104438.09
  WAH:  OR=121.97  AND=13.99  Agg=1.59  Total=137.56  revenue=30104438.09
  EW:   OR=281.62  AND=5.28  Agg=0.07  Total=286.98  revenue=30104438.09
  BS:   OR=40.86  AND=21.62  Agg=0.90  Total=63.38  revenue=30104438.09
  BSA:  OR=25.29  AND=19.25  Agg=0.90  Total=45.45  revenue=30104438.09
  CON:  OR=805.12  AND=47.68  Agg=0.10  Total=852.89  revenue=30104438.09

--- Iteration 8/10 ---
  CB:   OR=13.56  AND=18.41  Agg=2.87  Total=34.84  revenue=30104438.09
  CR:   OR=72.25  AND=1.84  Agg=0.07  Total=74.17  revenue=30104438.09
  CRR:  OR=23.05  AND=1.69  Agg=0.07  Total=24.82  revenue=30104438.09
  WAH:  OR=122.10  AND=15.53  Agg=1.64  Total=139.27  revenue=30104438.09
  EW:   OR=281.91  AND=5.67  Agg=0.07  Total=287.66  revenue=30104438.09
  BS:   OR=41.39  AND=21.85  Agg=0.92  Total=64.15  revenue=30104438.09
  BSA:  OR=25.12  AND=19.29  Agg=0.90  Total=45.30  revenue=30104438.09
  CON:  OR=804.94  AND=47.46  Agg=0.10  Total=852.50  revenue=30104438.09

--- Iteration 9/10 ---
  CB:   OR=13.63  AND=16.78  Agg=2.87  Total=33.28  revenue=30104438.09
  CR:   OR=72.14  AND=1.83  Agg=0.07  Total=74.04  revenue=30104438.09
  CRR:  OR=23.03  AND=1.70  Agg=0.07  Total=24.80  revenue=30104438.09
  WAH:  OR=121.77  AND=15.11  Agg=1.62  Total=138.50  revenue=30104438.09
  EW:   OR=286.01  AND=5.33  Agg=0.07  Total=291.42  revenue=30104438.09
  BS:   OR=33.47  AND=20.99  Agg=0.89  Total=55.35  revenue=30104438.09
  BSA:  OR=22.62  AND=9.29  Agg=0.90  Total=32.81  revenue=30104438.09
  CON:  OR=788.79  AND=53.83  Agg=0.09  Total=842.72  revenue=30104438.09

--- Iteration 10/10 ---
  CB:   OR=13.61  AND=14.80  Agg=2.86  Total=31.27  revenue=30104438.09
  CR:   OR=72.22  AND=1.79  Agg=0.07  Total=74.07  revenue=30104438.09
  CRR:  OR=23.02  AND=1.67  Agg=0.07  Total=24.76  revenue=30104438.09
  WAH:  OR=121.60  AND=15.33  Agg=1.61  Total=138.54  revenue=30104438.09
  EW:   OR=281.47  AND=5.40  Agg=0.07  Total=286.95  revenue=30104438.09
  BS:   OR=41.09  AND=21.69  Agg=0.91  Total=63.68  revenue=30104438.09
  BSA:  OR=25.42  AND=19.38  Agg=0.89  Total=45.69  revenue=30104438.09
  CON:  OR=806.81  AND=47.15  Agg=0.09  Total=854.06  revenue=30104438.09

================================================================
  Q19 Correctness Validation
================================================================
  Q19 Result (ComBit):
    revenue = 30104438.09   (sum×10000 = 301044380911)
  Consistency: ALL MATCH

[Baseline] DuckDB native SQL  (single run: 1859.94 ms)
  SQL ground truth:  revenue = 30104438.09
[OK] all active backends match DuckDB SQL ground truth (revenue within 0.00).

================================================================
  Q19 RESULTS (8 measured iterations, median +/- stddev)
================================================================
  CB    OR=13.57   +/- 0.12   AND=17.33   +/- 1.43   Agg=2.87    +/- 0.01   Total=33.77   +/- 1.37  (ms)
  CR    OR=72.05   +/- 0.16   AND=1.81    +/- 0.02   Agg=0.07    +/- 0.00   Total=73.92   +/- 0.16  (ms)
  CRR   OR=23.04   +/- 0.21   AND=1.68    +/- 0.02   Agg=0.07    +/- 0.00   Total=24.81   +/- 0.21  (ms)
  WAH   OR=121.70  +/- 0.19   AND=14.98   +/- 1.07   Agg=1.61    +/- 0.02   Total=138.15  +/- 1.09  (ms)
  EW    OR=282.83  +/- 1.87   AND=5.39    +/- 0.13   Agg=0.07    +/- 0.00   Total=288.56  +/- 1.86  (ms)
  BS    OR=39.67   +/- 3.08   AND=21.44   +/- 0.26   Agg=0.90    +/- 0.01   Total=62.06   +/- 3.30  (ms)
  BSA   OR=23.98   +/- 1.29   AND=19.20   +/- 3.29   Agg=0.90    +/- 0.00   Total=44.09   +/- 4.03  (ms)
  CON   OR=804.52  +/- 6.45   AND=49.21   +/- 3.21   Agg=0.10    +/- 0.00   Total=852.70  +/- 4.89  (ms)
================================================================

  [CSV] Results written to: q19_results_SF10.csv
┌───────────────┐
│    revenue    │
│ decimal(38,4) │
├───────────────┤
│ 30104438.0911 │
└───────────────┘
  [Breakdown] ComBit   L1=43.65 MiB  L2=20.93 MiB  L3=3.91 MiB  total=68.49 MiB
