# cwd=/home/lichenhang/lee/thesis/check/lee/duckdb-dev
# cmd=/home/lichenhang/lee/thesis/check/lee/duckdb-dev/build/release/duckdb /home/lichenhang/lee/thesis/check/lee/duckdb-dev/tpch_sf10.db -c PRAGMA bm_tpch(1);

================================================================
  TPC-H Q1 Benchmark — ComBit vs WAH vs CRoaring vs EWAH (SF10)
  Complement approach: OR days 2437..max → NOT
  TPC-H params: l_shipdate <= DATE '1998-12-01' - INTERVAL '90' DAY (= 1998-09-02)
  Bitmap dirs: tpch_q1_wah tpch_q1_combit tpch_q1_croaring tpch_q1_ewah
  Iterations: 10 (first 2 = warm-up)
================================================================

[Pre-load] Loading 59986052 rows (4 columns) ...
[Pre-load] Done in 1446.82 ms

[Load] Loading bitmaps (mode=ALL)...
  Shipdate: cutoff=2436 max=2526 complement OR: 90 bitmaps (days 2437..2526)
  WAH load:      49.357 ms
  ComBit load:   65.036 ms
  CRoaring load: 41.437 ms
  CRR load:      40.781 ms
  EWAH load:     28.898 ms
  Bitset load:   719.494 ms (shared by BS / BSA)
  Concise load:  1162.68 ms (incl. universe build)
  WAH      on disk: 482.24 MiB
  ComBit   on disk: 539.93 MiB
  CRoaring on disk: 167.86 MiB (shared by CR / CRR)
  EWAH     on disk: 914.50 MiB
  Bitset in mem:    679.34 MiB (rebuilt from CRoaring at load)
  Concise in mem:   40.13 MiB (rebuilt from CRoaring + universe)

--- Iteration 1/10 (warm-up) ---
  WAH:  OR_ship=3.80  NOT=0.30  AND+Agg=723.70  Total=727.81  rows=59142609
  CB:   OR_ship=11.35  NOT=1.02  AND+Agg=438.50  Total=450.87  rows=59142609
  CR:   OR_ship=31.76  NOT=1.71  AND+Agg=499.63  Total=533.10  rows=59142609
  CRR:  OR_ship=7.58  NOT=1.35  AND+Agg=498.66  Total=507.60  rows=59142609
  EW:   OR_ship=74.14  NOT=1.75  AND+Agg=448.10  Total=524.00  rows=59142609
  BS:   OR_ship=88.59  NOT=0.34  AND+Agg=320.51  Total=409.44  rows=59142609
  BSA:  OR_ship=58.32  NOT=0.29  AND+Agg=311.68  Total=370.30  rows=59142609
  CON:  OR_ship=89.53  NOT=8.55  AND+Agg=564.04  Total=662.12  rows=59142609

--- Iteration 2/10 (warm-up) ---
  WAH:  OR_ship=3.72  NOT=0.31  AND+Agg=721.88  Total=725.91  rows=59142609
  CB:   OR_ship=11.71  NOT=1.10  AND+Agg=438.57  Total=451.38  rows=59142609
  CR:   OR_ship=32.11  NOT=1.66  AND+Agg=498.92  Total=532.69  rows=59142609
  CRR:  OR_ship=7.50  NOT=1.36  AND+Agg=500.13  Total=508.99  rows=59142609
  EW:   OR_ship=74.43  NOT=1.73  AND+Agg=421.85  Total=498.00  rows=59142609
  BS:   OR_ship=88.82  NOT=0.34  AND+Agg=318.20  Total=407.36  rows=59142609
  BSA:  OR_ship=58.27  NOT=0.29  AND+Agg=310.99  Total=369.55  rows=59142609
  CON:  OR_ship=89.69  NOT=8.58  AND+Agg=564.25  Total=662.52  rows=59142609

--- Iteration 3/10 ---
  WAH:  OR_ship=3.71  NOT=0.30  AND+Agg=720.92  Total=724.93  rows=59142609
  CB:   OR_ship=11.68  NOT=1.11  AND+Agg=440.45  Total=453.24  rows=59142609
  CR:   OR_ship=32.25  NOT=1.65  AND+Agg=498.66  Total=532.56  rows=59142609
  CRR:  OR_ship=7.57  NOT=1.31  AND+Agg=499.17  Total=508.05  rows=59142609
  EW:   OR_ship=74.14  NOT=1.73  AND+Agg=422.17  Total=498.04  rows=59142609
  BS:   OR_ship=89.04  NOT=0.32  AND+Agg=316.26  Total=405.63  rows=59142609
  BSA:  OR_ship=58.24  NOT=0.29  AND+Agg=310.93  Total=369.46  rows=59142609
  CON:  OR_ship=89.56  NOT=8.54  AND+Agg=559.81  Total=657.91  rows=59142609

--- Iteration 4/10 ---
  WAH:  OR_ship=3.87  NOT=0.30  AND+Agg=720.26  Total=724.44  rows=59142609
  CB:   OR_ship=12.11  NOT=1.10  AND+Agg=437.81  Total=451.01  rows=59142609
  CR:   OR_ship=32.30  NOT=1.67  AND+Agg=498.52  Total=532.49  rows=59142609
  CRR:  OR_ship=7.52  NOT=1.30  AND+Agg=500.47  Total=509.29  rows=59142609
  EW:   OR_ship=76.67  NOT=1.76  AND+Agg=441.21  Total=519.63  rows=59142609
  BS:   OR_ship=89.00  NOT=0.34  AND+Agg=317.37  Total=406.70  rows=59142609
  BSA:  OR_ship=58.52  NOT=0.29  AND+Agg=311.97  Total=370.78  rows=59142609
  CON:  OR_ship=89.43  NOT=8.52  AND+Agg=529.70  Total=627.66  rows=59142609

--- Iteration 5/10 ---
  WAH:  OR_ship=3.55  NOT=0.32  AND+Agg=720.75  Total=724.62  rows=59142609
  CB:   OR_ship=11.71  NOT=1.10  AND+Agg=436.74  Total=449.55  rows=59142609
  CR:   OR_ship=32.23  NOT=1.66  AND+Agg=497.90  Total=531.79  rows=59142609
  CRR:  OR_ship=7.27  NOT=1.34  AND+Agg=499.66  Total=508.27  rows=59142609
  EW:   OR_ship=74.30  NOT=1.74  AND+Agg=422.28  Total=498.32  rows=59142609
  BS:   OR_ship=88.78  NOT=0.33  AND+Agg=317.02  Total=406.13  rows=59142609
  BSA:  OR_ship=58.28  NOT=0.29  AND+Agg=310.90  Total=369.46  rows=59142609
  CON:  OR_ship=89.42  NOT=8.53  AND+Agg=527.62  Total=625.57  rows=59142609

--- Iteration 6/10 ---
  WAH:  OR_ship=3.65  NOT=0.31  AND+Agg=721.47  Total=725.43  rows=59142609
  CB:   OR_ship=11.70  NOT=1.11  AND+Agg=437.34  Total=450.15  rows=59142609
  CR:   OR_ship=32.24  NOT=1.68  AND+Agg=499.40  Total=533.33  rows=59142609
  CRR:  OR_ship=7.34  NOT=1.28  AND+Agg=498.50  Total=507.12  rows=59142609
  EW:   OR_ship=74.20  NOT=1.74  AND+Agg=422.64  Total=498.57  rows=59142609
  BS:   OR_ship=89.80  NOT=0.32  AND+Agg=319.11  Total=409.23  rows=59142609
  BSA:  OR_ship=58.19  NOT=0.29  AND+Agg=312.08  Total=370.57  rows=59142609
  CON:  OR_ship=89.44  NOT=8.54  AND+Agg=528.05  Total=626.04  rows=59142609

--- Iteration 7/10 ---
  WAH:  OR_ship=3.74  NOT=0.30  AND+Agg=726.33  Total=730.37  rows=59142609
  CB:   OR_ship=11.56  NOT=1.11  AND+Agg=445.81  Total=458.48  rows=59142609
  CR:   OR_ship=32.25  NOT=1.70  AND+Agg=499.05  Total=533.00  rows=59142609
  CRR:  OR_ship=7.47  NOT=1.31  AND+Agg=499.44  Total=508.22  rows=59142609
  EW:   OR_ship=74.26  NOT=1.77  AND+Agg=422.16  Total=498.18  rows=59142609
  BS:   OR_ship=89.11  NOT=0.32  AND+Agg=316.81  Total=406.25  rows=59142609
  BSA:  OR_ship=58.33  NOT=0.29  AND+Agg=311.19  Total=369.81  rows=59142609
  CON:  OR_ship=89.47  NOT=8.51  AND+Agg=527.00  Total=624.98  rows=59142609

--- Iteration 8/10 ---
  WAH:  OR_ship=3.96  NOT=0.30  AND+Agg=720.27  Total=724.52  rows=59142609
  CB:   OR_ship=11.62  NOT=1.10  AND+Agg=438.02  Total=450.74  rows=59142609
  CR:   OR_ship=32.23  NOT=1.64  AND+Agg=499.86  Total=533.73  rows=59142609
  CRR:  OR_ship=7.71  NOT=1.39  AND+Agg=498.79  Total=507.88  rows=59142609
  EW:   OR_ship=74.36  NOT=1.76  AND+Agg=422.19  Total=498.31  rows=59142609
  BS:   OR_ship=88.81  NOT=0.33  AND+Agg=317.36  Total=406.50  rows=59142609
  BSA:  OR_ship=58.35  NOT=0.29  AND+Agg=311.30  Total=369.94  rows=59142609
  CON:  OR_ship=89.47  NOT=8.53  AND+Agg=527.26  Total=625.25  rows=59142609

--- Iteration 9/10 ---
  WAH:  OR_ship=3.69  NOT=0.30  AND+Agg=720.20  Total=724.20  rows=59142609
  CB:   OR_ship=11.77  NOT=1.10  AND+Agg=439.56  Total=452.43  rows=59142609
  CR:   OR_ship=32.30  NOT=1.65  AND+Agg=498.94  Total=532.89  rows=59142609
  CRR:  OR_ship=7.56  NOT=1.32  AND+Agg=498.06  Total=506.93  rows=59142609
  EW:   OR_ship=74.21  NOT=1.73  AND+Agg=422.81  Total=498.75  rows=59142609
  BS:   OR_ship=88.77  NOT=0.32  AND+Agg=318.06  Total=407.15  rows=59142609
  BSA:  OR_ship=58.24  NOT=0.29  AND+Agg=311.58  Total=370.11  rows=59142609
  CON:  OR_ship=89.56  NOT=8.57  AND+Agg=530.11  Total=628.24  rows=59142609

--- Iteration 10/10 ---
  WAH:  OR_ship=3.75  NOT=0.32  AND+Agg=720.26  Total=724.33  rows=59142609
  CB:   OR_ship=11.21  NOT=1.10  AND+Agg=437.28  Total=449.59  rows=59142609
  CR:   OR_ship=32.30  NOT=1.67  AND+Agg=499.56  Total=533.53  rows=59142609
  CRR:  OR_ship=7.31  NOT=1.31  AND+Agg=498.13  Total=506.75  rows=59142609
  EW:   OR_ship=74.36  NOT=1.75  AND+Agg=422.69  Total=498.80  rows=59142609
  BS:   OR_ship=88.63  NOT=0.33  AND+Agg=317.25  Total=406.21  rows=59142609
  BSA:  OR_ship=58.30  NOT=0.29  AND+Agg=310.80  Total=369.39  rows=59142609
  CON:  OR_ship=89.51  NOT=8.55  AND+Agg=526.26  Total=624.32  rows=59142609

================================================================
  Q1 Correctness Validation
================================================================
  Row counts: WAH=59142609 CB=59142609 CR=59142609 CRR=59142609 EW=59142609 BS=59142609 BSA=59142609 CON=59142609

  Q1 Results (from ComBit):
  rf ls  sum_qty       sum_base_price  sum_disc_price     sum_charge        avg_qty  avg_price  avg_disc  count
  A  F  377518399.00  566065727797.25   537759104278.07     559276670892.12     25.50   38237.15      0.05  14804077
  N  F    9851614.00  14767438399.17    14028805792.21      14590490998.37     25.52   38257.81      0.05  385998
  N  O  743124873.00  1114302286901.88  1058580922144.96    1100937000170.59     25.50   38233.90      0.05  29144351
  R  F  377732830.00  566431054976.00   538110922664.77     559634780885.09     25.51   38251.22      0.05  14808183
  Consistency: ALL MATCH

[Baseline] DuckDB native SQL count(*) = 59142609  (single run: 181.82 ms)
[OK] all active backends match DuckDB SQL ground truth (59142609 rows).

================================================================
  Q1 RESULTS (8 measured iterations, median ± stddev)
================================================================
                       WAH (ms)              ComBit (ms)         CRoaring (ms)      CRoar+Run (ms)       EWAH (ms)          CB vs WAH   CR vs WAH  CRR vs WAH   EW vs WAH
  --------------------------------------------------------------------------------------------------------------------------------
  OR_ship             3.73 ±   0.12        11.69 ±   0.23        32.25 ±   0.03         7.49 ±   0.14        74.28 ±   0.80      0.32x      0.12x      0.50x      0.05x
  NOT                 0.30 ±   0.01         1.10 ±   0.01         1.66 ±   0.02         1.31 ±   0.03         1.74 ±   0.01      0.28x      0.18x      0.23x      0.17x
  AND+Agg           720.51 ±   1.94       437.91 ±   2.78       498.99 ±   0.59       498.98 ±   0.77       422.46 ±   6.22      1.65x      1.44x      1.44x      1.71x
  --------------------------------------------------------------------------------------------------------------------------------
  TOTAL             724.57 ±   1.93       450.87 ±   2.77       532.94 ±   0.59       507.97 ±   0.79       498.44 ±   7.02      1.61x      1.36x      1.43x      1.45x

  WAH rows:        59142609
  ComBit rows:     59142609
  CRoaring rows:   59142609
  CRoar+Run rows:  59142609
  EWAH rows:       59142609
================================================================


================================================================
  Q1 BASELINE BACKENDS (no compression / Concise)
================================================================
                       BS (ms)              BSA (ms)            Concise (ms)        BS vs WAH   BSA vs WAH   CON vs WAH
  -------------------------------------------------------------------------------------------------------------
  OR_ship            88.90 ±   0.34        58.29 ±   0.09        89.47 ±   0.05      0.04x      0.06x      0.04x
  NOT                 0.33 ±   0.00         0.29 ±   0.00         8.54 ±   0.02      0.93x      1.05x      0.04x
  AND+Agg           317.31 ±   0.80       311.25 ±   0.46       527.84 ±  10.59      2.27x      2.31x      1.37x
  -------------------------------------------------------------------------------------------------------------
  TOTAL             406.38 ±   1.04       369.88 ±   0.49       625.81 ±  10.62      1.78x      1.96x      1.16x

  Bitset rows:         59142609
  Bitset+AVX512 rows:  59142609
  Concise rows:        59142609
================================================================

  [CSV] Results written to: q1_results_SF10.csv
┌──────────────┬──────────────┬───────────────┬──────────────────┬────────────────────┬──────────────────────┬────────────────────┬────────────────────┬─────────────────────┬─────────────┐
│ l_returnflag │ l_linestatus │    sum_qty    │  sum_base_price  │   sum_disc_price   │      sum_charge      │      avg_qty       │     avg_price      │      avg_disc       │ count_order │
│   varchar    │   varchar    │ decimal(38,2) │  decimal(38,2)   │   decimal(38,4)    │    decimal(38,6)     │       double       │       double       │       double        │    int64    │
├──────────────┼──────────────┼───────────────┼──────────────────┼────────────────────┼──────────────────────┼────────────────────┼────────────────────┼─────────────────────┼─────────────┤
│ A            │ F            │  377518399.00 │  566065727797.25 │  537759104278.0656 │  559276670892.116819 │ 25.500975103007097 │  38237.15100895854 │  0.0500065745402432 │    14804077 │
│ N            │ F            │    9851614.00 │   14767438399.17 │   14028805792.2114 │   14590490998.366737 │ 25.522448302840946 │  38257.81066008114 │ 0.04997336773765667 │      385998 │
│ N            │ O            │  743124873.00 │ 1114302286901.88 │ 1058580922144.9638 │ 1100937000170.591854 │ 25.498075870689316 │  38233.90292348181 │ 0.05000081182113131 │    29144351 │
│ R            │ F            │  377732830.00 │  566431054976.00 │  538110922664.7677 │  559634780885.086257 │  25.50838478968014 │ 38251.219273559764 │ 0.04999679231408742 │    14808183 │
└──────────────┴──────────────┴───────────────┴──────────────────┴────────────────────┴──────────────────────┴────────────────────┴────────────────────┴─────────────────────┴─────────────┘
  [Breakdown] ComBit   L1=29.51 MiB  L2=4.26 MiB  L3=10.61 MiB  total=44.38 MiB
