# cwd=/home/lichenhang/lee/thesis/check/lee/duckdb-dev
# cmd=/home/lichenhang/lee/thesis/check/lee/duckdb-dev/build/release/duckdb /home/lichenhang/lee/thesis/check/lee/duckdb-dev/tpch_sf10.db -c PRAGMA bm_tpch(3);

================================================================
  TPC-H Q3 Benchmark — ComBit vs WAH vs CRoaring vs EWAH (SF10)
  Complement OR shipdate days 1..1169 -> NOT -> AND join_result -> Top-10
  TPC-H params: c_mktsegment='BUILDING', date=1995-03-15
  Iterations: 10 (first 2 = warm-up)
================================================================

[Side-load] orders_meta: 1461923 qualifying orders in 400.799 ms
[Pre-load] lineitem: 59986052 rows (l_orderkey, l_extendedprice, l_discount) in 526.972 ms

[Load] Loading bitmaps (mode=ALL)...
  WAH load:      267.52 ms
  ComBit load:   462.496 ms
  CRoaring load: 117.402 ms
  CRR load:      151.671 ms
  EWAH load:     237.666 ms
  Bitset load:   3955.84 ms (shared by BS / BSA)
  Concise load:  752.578 ms (incl. universe build)

--- Iteration 1/10 (warm-up) ---
  CB:   OR=263.78  NOT=3.505  AND=0.639  Agg=33.673  Total=301.598  rows=302114
  CR:   OR=279.078  NOT=0.401  AND=12.751  Agg=27.25  Total=319.481  rows=302114
  CRR:  OR=107.52  NOT=0.41  AND=12.817  Agg=25.75  Total=146.499  rows=302114
  WAH:  OR=113.756  NOT=0.311  AND=5.142  Agg=40.137  Total=159.347  rows=302114
  EW:   OR=2718.37  NOT=0.891  AND=7.138  Agg=31.24  Total=2757.64  rows=302114
  BS:   OR=1151.21  NOT=0.332  AND=1.007  Agg=33.371  Total=1185.92  rows=302114
  BSA:  OR=761.376  NOT=0.301  AND=0.67  Agg=33.614  Total=795.963  rows=302114
  CON:  OR=3551.27  NOT=10.187  AND=17.927  Agg=33.615  Total=3613  rows=302114

--- Iteration 2/10 (warm-up) ---
  CB:   OR=255.33  NOT=2.311  AND=0.608  Agg=33.25  Total=291.5  rows=302114
  CR:   OR=278.4  NOT=0.407  AND=12.774  Agg=27.703  Total=319.285  rows=302114
  CRR:  OR=108.111  NOT=0.426  AND=12.745  Agg=25.337  Total=146.62  rows=302114
  WAH:  OR=114.114  NOT=0.316  AND=6.558  Agg=39.672  Total=160.662  rows=302114
  EW:   OR=2718.03  NOT=0.663  AND=7.166  Agg=31.528  Total=2757.39  rows=302114
  BS:   OR=1150.55  NOT=0.341  AND=1.027  Agg=33.674  Total=1185.6  rows=302114
  BSA:  OR=760.956  NOT=0.294  AND=0.68  Agg=33.724  Total=795.655  rows=302114
  CON:  OR=3599.88  NOT=9.499  AND=22.256  Agg=33.967  Total=3665.6  rows=302114

--- Iteration 3/10 ---
  CB:   OR=253.322  NOT=0.994  AND=0.633  Agg=31.544  Total=286.495  rows=302114
  CR:   OR=278.854  NOT=0.412  AND=12.845  Agg=26.927  Total=319.04  rows=302114
  CRR:  OR=108.069  NOT=0.429  AND=12.745  Agg=25.51  Total=146.754  rows=302114
  WAH:  OR=113.5  NOT=0.323  AND=5.23  Agg=39.563  Total=158.617  rows=302114
  EW:   OR=2706.69  NOT=0.635  AND=7.131  Agg=31.44  Total=2745.9  rows=302114
  BS:   OR=1145.15  NOT=0.321  AND=0.997  Agg=33.491  Total=1179.96  rows=302114
  BSA:  OR=758.305  NOT=0.304  AND=0.654  Agg=33.746  Total=793.011  rows=302114
  CON:  OR=3565.5  NOT=12.11  AND=21.886  Agg=33.944  Total=3633.44  rows=302114

--- Iteration 4/10 ---
  CB:   OR=250.909  NOT=1.125  AND=0.948  Agg=31.465  Total=284.449  rows=302114
  CR:   OR=277.561  NOT=0.405  AND=12.698  Agg=26.651  Total=317.316  rows=302114
  CRR:  OR=107.798  NOT=0.437  AND=12.726  Agg=25.608  Total=146.571  rows=302114
  WAH:  OR=113.922  NOT=0.309  AND=5.271  Agg=40.069  Total=159.573  rows=302114
  EW:   OR=2712.75  NOT=1.384  AND=7.757  Agg=30.952  Total=2752.84  rows=302114
  BS:   OR=1145.14  NOT=0.329  AND=1.02  Agg=33.316  Total=1179.8  rows=302114
  BSA:  OR=760.233  NOT=0.29  AND=0.684  Agg=33.808  Total=795.016  rows=302114
  CON:  OR=3642.61  NOT=12.345  AND=22.526  Agg=33.672  Total=3711.16  rows=302114

--- Iteration 5/10 ---
  CB:   OR=249.537  NOT=1.16  AND=1.13  Agg=32.058  Total=283.887  rows=302114
  CR:   OR=278.403  NOT=0.399  AND=12.747  Agg=27.006  Total=318.557  rows=302114
  CRR:  OR=108.025  NOT=0.41  AND=12.747  Agg=25.59  Total=146.774  rows=302114
  WAH:  OR=114.326  NOT=0.308  AND=5.27  Agg=39.793  Total=159.698  rows=302114
  EW:   OR=2714.52  NOT=0.679  AND=7.106  Agg=30.94  Total=2753.25  rows=302114
  BS:   OR=1144.42  NOT=0.33  AND=1.015  Agg=33.575  Total=1179.34  rows=302114
  BSA:  OR=756.058  NOT=0.294  AND=0.663  Agg=33.633  Total=790.65  rows=302114
  CON:  OR=3581.83  NOT=9.717  AND=18.07  Agg=33.977  Total=3643.59  rows=302114

--- Iteration 6/10 ---
  CB:   OR=252.034  NOT=1.083  AND=0.627  Agg=31.359  Total=285.105  rows=302114
  CR:   OR=277.197  NOT=0.393  AND=12.676  Agg=26.739  Total=317.007  rows=302114
  CRR:  OR=107.951  NOT=0.411  AND=12.778  Agg=25.45  Total=146.592  rows=302114
  WAH:  OR=114.107  NOT=0.318  AND=5.242  Agg=39.903  Total=159.572  rows=302114
  EW:   OR=2726.03  NOT=0.637  AND=7.148  Agg=31.308  Total=2765.12  rows=302114
  BS:   OR=1143.68  NOT=0.326  AND=0.996  Agg=33.457  Total=1178.47  rows=302114
  BSA:  OR=757.959  NOT=0.288  AND=0.673  Agg=33.771  Total=792.692  rows=302114
  CON:  OR=3575.12  NOT=9.833  AND=18.001  Agg=33.801  Total=3636.75  rows=302114

--- Iteration 7/10 ---
  CB:   OR=252.606  NOT=1.072  AND=0.646  Agg=31.722  Total=286.048  rows=302114
  CR:   OR=277.455  NOT=0.404  AND=12.722  Agg=26.863  Total=317.446  rows=302114
  CRR:  OR=107.5  NOT=0.423  AND=12.758  Agg=25.605  Total=146.287  rows=302114
  WAH:  OR=113.891  NOT=0.314  AND=5.286  Agg=39.753  Total=159.245  rows=302114
  EW:   OR=2709.35  NOT=0.787  AND=7.099  Agg=30.963  Total=2748.2  rows=302114
  BS:   OR=1150.81  NOT=0.334  AND=1.009  Agg=34.007  Total=1186.16  rows=302114
  BSA:  OR=761.287  NOT=0.298  AND=0.665  Agg=33.866  Total=796.117  rows=302114
  CON:  OR=3566.84  NOT=9.742  AND=18.27  Agg=34.132  Total=3628.98  rows=302114

--- Iteration 8/10 ---
  CB:   OR=252.023  NOT=1.03  AND=0.611  Agg=31.647  Total=285.313  rows=302114
  CR:   OR=278.585  NOT=0.404  AND=12.744  Agg=26.949  Total=318.683  rows=302114
  CRR:  OR=107.696  NOT=0.414  AND=12.733  Agg=25.532  Total=146.377  rows=302114
  WAH:  OR=113.463  NOT=0.315  AND=7.084  Agg=39.889  Total=160.753  rows=302114
  EW:   OR=2726.53  NOT=0.652  AND=7.13  Agg=31.054  Total=2765.37  rows=302114
  BS:   OR=1143.46  NOT=0.324  AND=1.01  Agg=33.421  Total=1178.22  rows=302114
  BSA:  OR=759.848  NOT=0.295  AND=0.665  Agg=33.787  Total=794.596  rows=302114
  CON:  OR=3562.09  NOT=9.746  AND=17.937  Agg=33.955  Total=3623.73  rows=302114

--- Iteration 9/10 ---
  CB:   OR=252.047  NOT=1.048  AND=0.624  Agg=31.91  Total=285.631  rows=302114
  CR:   OR=278.009  NOT=0.402  AND=12.736  Agg=26.996  Total=318.144  rows=302114
  CRR:  OR=107.933  NOT=0.426  AND=12.753  Agg=25.559  Total=146.672  rows=302114
  WAH:  OR=113.65  NOT=0.317  AND=6.943  Agg=39.726  Total=160.638  rows=302114
  EW:   OR=2738.56  NOT=0.645  AND=7.083  Agg=30.818  Total=2777.11  rows=302114
  BS:   OR=1146.77  NOT=0.325  AND=0.999  Agg=33.542  Total=1181.64  rows=302114
  BSA:  OR=767.749  NOT=0.29  AND=0.674  Agg=33.684  Total=802.398  rows=302114
  CON:  OR=3571.58  NOT=10.337  AND=18.084  Agg=34.026  Total=3634.03  rows=302114

--- Iteration 10/10 ---
  CB:   OR=252.601  NOT=1.108  AND=0.652  Agg=32.261  Total=286.624  rows=302114
  CR:   OR=277.577  NOT=0.39  AND=12.785  Agg=27.191  Total=317.945  rows=302114
  CRR:  OR=107.718  NOT=0.417  AND=12.775  Agg=25.583  Total=146.494  rows=302114
  WAH:  OR=113.92  NOT=0.307  AND=5.191  Agg=39.996  Total=159.416  rows=302114
  EW:   OR=2723.8  NOT=0.699  AND=7.187  Agg=31.234  Total=2762.92  rows=302114
  BS:   OR=1155.11  NOT=0.324  AND=1.01  Agg=34.215  Total=1190.66  rows=302114
  BSA:  OR=766.014  NOT=0.306  AND=0.664  Agg=34.361  Total=801.347  rows=302114
  CON:  OR=3572.08  NOT=11.438  AND=18.001  Agg=34.34  Total=3635.86  rows=302114

[Baseline] DuckDB native SQL Top-10  (single run: 301.03 ms)
[OK] all active backends match DuckDB SQL ground truth (Top-10, revenue within 0.01).

  Q3 Top-10 (revenue DESC, o_orderdate ASC, source=ComBit):
  l_orderkey           revenue  o_orderdate o_shippriority 
  4791171          440715.2185  1995-02-23  0              
  46678469         439855.3250  1995-01-27  0              
  23906758         432728.5737  1995-03-14  0              
  23861382         428739.1368  1995-03-09  0              
  59393639         426036.0662  1995-02-12  0              
  3355202          425100.6657  1995-03-04  0              
  9806272          425088.0568  1995-03-13  0              
  22810436         423231.9690  1995-01-02  0              
  16384100         421478.7294  1995-03-02  0              
  52974151         415367.1195  1995-02-05  0              

================================================================
  Q3 RESULTS (8 measured iterations, median +/- stddev)
================================================================
                  CB (ms)         CR (ms)        CRR (ms)        WAH (ms)        EW (ms)
  -----------------------------------------------------------------------------------------
  OR_ship       252.0405 +/- 1.0972  277.7930 +/- 0.5625  107.8655 +/- 0.1805  113.9055 +/- 0.2776  2719.1610 +/- 10.0659
  NOT             1.0775 +/- 0.0502    0.4030 +/- 0.0066    0.4200 +/- 0.0089    0.3145 +/- 0.0052    0.6655 +/- 0.2387
  AND             0.6395 +/- 0.1823   12.7400 +/- 0.0490   12.7500 +/- 0.0171    5.2705 +/- 0.7656    7.1305 +/- 0.2107
  Agg            31.6845 +/- 0.2893   26.9380 +/- 0.1564   25.5710 +/- 0.0511   39.8410 +/- 0.1511   31.0085 +/- 0.2012
  -----------------------------------------------------------------------------------------
  TOTAL         285.4720 +/- 0.8974  318.0445 +/- 0.6746  146.5815 +/- 0.1617  159.5725 +/- 0.6596  2758.0845 +/- 9.8759

  CB rows: 302114  CR rows: 302114  CRR rows: 302114  WAH rows: 302114  EW rows: 302114
================================================================


================================================================
  Q3 BASELINE BACKENDS (no compression / Concise)
================================================================
                  BS (ms)         BSA (ms)        Concise (ms)     BS vs WAH   BSA vs WAH   CON vs WAH
  ----------------------------------------------------------------------------------------------
  OR_ship       1145.1410 +/- 3.8276  760.0405 +/- 3.7680  3571.8325 +/- 24.4563     0.0995x     0.1499x     0.0319x
  NOT             0.3255 +/- 0.0039    0.2945 +/- 0.0062   10.0850 +/- 1.0549     0.9662x     1.0679x     0.0312x
  AND             1.0095 +/- 0.0082    0.6650 +/- 0.0085   18.0770 +/- 1.8045     5.2209x     7.9256x     0.2916x
  Agg            33.5165 +/- 0.2930   33.7790 +/- 0.2110   33.9660 +/- 0.1883     1.1887x     1.1795x     1.1730x
  ----------------------------------------------------------------------------------------------
  TOTAL         1179.8795 +/- 4.1077  794.8060 +/- 3.8792  3634.9475 +/- 26.1584     0.1352x     0.2008x     0.0439x

  BS rows: 302114  BSA rows: 302114  CON rows: 302114
================================================================

  [CSV] q3_results_SF10.csv
┌────────────┬───────────────┬─────────────┬────────────────┐
│ l_orderkey │    revenue    │ o_orderdate │ o_shippriority │
│   int64    │ decimal(38,4) │    date     │     int32      │
├────────────┼───────────────┼─────────────┼────────────────┤
│    4791171 │   440715.2185 │ 1995-02-23  │              0 │
│   46678469 │   439855.3250 │ 1995-01-27  │              0 │
│   23906758 │   432728.5737 │ 1995-03-14  │              0 │
│   23861382 │   428739.1368 │ 1995-03-09  │              0 │
│   59393639 │   426036.0662 │ 1995-02-12  │              0 │
│    3355202 │   425100.6657 │ 1995-03-04  │              0 │
│    9806272 │   425088.0568 │ 1995-03-13  │              0 │
│   22810436 │   423231.9690 │ 1995-01-02  │              0 │
│   16384100 │   421478.7294 │ 1995-03-02  │              0 │
│   52974151 │   415367.1195 │ 1995-02-05  │              0 │
├────────────┴───────────────┴─────────────┴────────────────┤
│ 10 rows                                         4 columns │
└───────────────────────────────────────────────────────────┘
  [Breakdown] ComBit   L1=27.78 MiB  L2=26.38 MiB  L3=130.73 MiB  total=184.88 MiB
