# cwd=/home/lichenhang/lee/thesis/check/lee/duckdb-dev
# cmd=/home/lichenhang/lee/thesis/check/lee/duckdb-dev/build/release/duckdb /home/lichenhang/lee/thesis/check/lee/duckdb-dev/tpch_sf10.db -c PRAGMA bm_tpch(6);

================================================================
  SYSTEM INFORMATION
================================================================
  CPU: INTEL(R) XEON(R) PLATINUM 8576C
  CPU cores: 16
  Memory: 61.4 GB
  Compiler: 13.3.0
  Optimization: enabled (-O)
  AVX-512 VBMI2: enabled
  Sizeof(void*): 8 (64-bit)

================================================================
  TPC-H Q6 Benchmark — DDC vs WAH vs CRoaring vs EWAH (SF10, in DuckDB)
  Equality encoding on ALL columns (publication-grade)
  Bitmap dirs: tpch_q6_wah tpch_q6_ddc tpch_q6_croaring tpch_q6_ewah
  Iterations: 10 (first 2 = warm-up)
  OR discount: 3 bitmaps
  OR quantity: 23 bitmaps
  OR shipdate: 365 bitmaps
  TPC-H params: discount [0.05, 0.07], quantity < 24, shipdate [1994-01-01, 1995-01-01)
================================================================

[Load] Loading bitmaps (mode=ALL)...
  WAH load:         323.6 ms (391 files)
  DDC load:      193.4 ms (391 files)
  CRoaring load:    93.5 ms (391 files)
  CRoar+Run load:   125.5 ms (391 files)
  EWAH load:        190.0 ms (391 files)
  Bitset load:      1489.8 ms (391 files, shared by BS / BSA)
  Concise load:     985.0 ms (391 files)
  WAH      on disk: 789.93 MiB
  DDC   on disk: 654.01 MiB
  CRoaring on disk: 325.55 MiB (shared by CR / CRR)
  EWAH     on disk: 1288.04 MiB
  Bitset in mem:    2796.02 MiB (rebuilt from CRoaring at load)
  Concise in mem:   147.14 MiB (rebuilt from CRoaring at load)

================================================================
  COMPRESSION RATIO (Q6-relevant bitmaps only)
================================================================
                 Count    Raw(MB)   DDC(MB)  WAH(MB)  CRoar(MB)  EWAH(MB)  CB ratio  WAH ratio  CR ratio  EW ratio
  ---------------------------------------------------------------------------------------------------------------
  Discount          3      21.45       14.58    22.08     21.48     21.45      0.68      1.03      1.00      1.00
  Quantity         23     164.47       43.05   121.25     52.79    152.08      0.26      0.74      0.32      0.92
  Shipdate        365    2610.08       74.06    67.54     19.91    133.24      0.03      0.03      0.01      0.05
  ---------------------------------------------------------------------------------------------------------------
  TOTAL           391    2796.00      131.69   210.88     94.17    306.77      0.05      0.08      0.03      0.11


--- Iteration 1/10 (warm-up) ---
  WAH:  OR_disc=15.14  OR_qty=95.15  OR_ship=2433.17  AND=3.94  Decode=36.14  Total=2583.54  rows=1139264
  CB:   OR_disc=1.82  OR_qty=9.21  OR_ship=85.13  AND=4.88  Decode=6.04  Total=107.08  rows=1139264
  CR:   OR_disc=2.31  OR_qty=33.21  OR_ship=208.68  AND=12.23  Decode=2.20  Total=258.64  rows=1139264
  CRR:  OR_disc=2.34  OR_qty=15.91  OR_ship=35.79  AND=11.51  Decode=4.41  Total=69.97  rows=1139264
  EW:   OR_disc=9.42  OR_qty=222.12  OR_ship=877.57  AND=11.08  Decode=12.98  Total=1133.17  rows=1139264
  BS:   OR_disc=3.20  OR_qty=23.69  OR_ship=369.09  AND=1.85  Decode=11.42  Total=409.25  rows=1139264
  BSA:  OR_disc=2.57  OR_qty=16.21  OR_ship=244.70  AND=1.28  Decode=13.12  Total=277.89  rows=1139264
  CON:  OR_disc=27.67  OR_qty=571.56  OR_ship=1145.28  AND=46.80  Decode=19.59  Total=1810.90  rows=1139264

--- Iteration 2/10 (warm-up) ---
  WAH:  OR_disc=11.12  OR_qty=92.18  OR_ship=2426.22  AND=3.91  Decode=35.52  Total=2568.95  rows=1139264
  CB:   OR_disc=1.91  OR_qty=8.87  OR_ship=84.61  AND=4.83  Decode=5.50  Total=105.73  rows=1139264
  CR:   OR_disc=2.32  OR_qty=33.26  OR_ship=206.83  AND=11.96  Decode=2.15  Total=256.53  rows=1139264
  CRR:  OR_disc=2.29  OR_qty=15.53  OR_ship=35.09  AND=11.39  Decode=2.02  Total=66.33  rows=1139264
  EW:   OR_disc=5.53  OR_qty=219.64  OR_ship=874.68  AND=10.86  Decode=14.96  Total=1125.68  rows=1139264
  BS:   OR_disc=3.18  OR_qty=23.73  OR_ship=370.15  AND=1.99  Decode=10.12  Total=409.16  rows=1139264
  BSA:  OR_disc=2.63  OR_qty=16.18  OR_ship=244.69  AND=1.33  Decode=10.00  Total=274.83  rows=1139264
  CON:  OR_disc=28.59  OR_qty=569.80  OR_ship=1148.55  AND=40.92  Decode=20.00  Total=1807.86  rows=1139264

--- Iteration 3/10 ---
  WAH:  OR_disc=11.70  OR_qty=92.42  OR_ship=2423.29  AND=3.90  Decode=35.34  Total=2566.65  rows=1139264
  CB:   OR_disc=2.04  OR_qty=9.02  OR_ship=85.49  AND=4.97  Decode=5.50  Total=107.03  rows=1139264
  CR:   OR_disc=2.34  OR_qty=33.24  OR_ship=207.00  AND=11.92  Decode=2.24  Total=256.73  rows=1139264
  CRR:  OR_disc=2.29  OR_qty=15.52  OR_ship=35.09  AND=11.42  Decode=2.05  Total=66.39  rows=1139264
  EW:   OR_disc=5.56  OR_qty=214.76  OR_ship=884.45  AND=13.37  Decode=19.52  Total=1137.66  rows=1139264
  BS:   OR_disc=3.16  OR_qty=23.57  OR_ship=368.09  AND=1.92  Decode=9.87  Total=406.61  rows=1139264
  BSA:  OR_disc=2.58  OR_qty=16.07  OR_ship=243.85  AND=1.30  Decode=10.05  Total=273.86  rows=1139264
  CON:  OR_disc=28.30  OR_qty=568.31  OR_ship=1150.22  AND=51.32  Decode=19.50  Total=1817.66  rows=1139264

--- Iteration 4/10 ---
  WAH:  OR_disc=12.19  OR_qty=92.36  OR_ship=2419.59  AND=3.90  Decode=35.46  Total=2563.50  rows=1139264
  CB:   OR_disc=2.00  OR_qty=9.05  OR_ship=84.91  AND=4.87  Decode=5.50  Total=106.33  rows=1139264
  CR:   OR_disc=2.25  OR_qty=33.53  OR_ship=205.87  AND=12.19  Decode=2.63  Total=256.47  rows=1139264
  CRR:  OR_disc=2.35  OR_qty=15.75  OR_ship=35.22  AND=11.48  Decode=2.02  Total=66.81  rows=1139264
  EW:   OR_disc=5.50  OR_qty=215.22  OR_ship=889.90  AND=16.00  Decode=19.51  Total=1146.14  rows=1139264
  BS:   OR_disc=3.53  OR_qty=23.69  OR_ship=368.35  AND=1.92  Decode=9.88  Total=407.37  rows=1139264
  BSA:  OR_disc=2.62  OR_qty=16.04  OR_ship=244.05  AND=1.23  Decode=10.03  Total=273.97  rows=1139264
  CON:  OR_disc=28.27  OR_qty=570.23  OR_ship=1146.21  AND=40.88  Decode=19.69  Total=1805.28  rows=1139264

--- Iteration 5/10 ---
  WAH:  OR_disc=11.77  OR_qty=92.31  OR_ship=2414.51  AND=3.91  Decode=35.45  Total=2557.95  rows=1139264
  CB:   OR_disc=2.02  OR_qty=9.07  OR_ship=84.75  AND=4.87  Decode=5.51  Total=106.21  rows=1139264
  CR:   OR_disc=2.32  OR_qty=33.43  OR_ship=207.13  AND=11.90  Decode=2.63  Total=257.41  rows=1139264
  CRR:  OR_disc=2.30  OR_qty=15.53  OR_ship=35.14  AND=11.39  Decode=2.00  Total=66.36  rows=1139264
  EW:   OR_disc=5.53  OR_qty=217.64  OR_ship=879.27  AND=10.89  Decode=12.95  Total=1126.28  rows=1139264
  BS:   OR_disc=3.19  OR_qty=23.74  OR_ship=370.84  AND=2.02  Decode=10.16  Total=409.96  rows=1139264
  BSA:  OR_disc=2.59  OR_qty=16.15  OR_ship=244.48  AND=1.28  Decode=10.18  Total=274.68  rows=1139264
  CON:  OR_disc=23.37  OR_qty=574.70  OR_ship=1152.37  AND=41.01  Decode=19.79  Total=1811.25  rows=1139264

--- Iteration 6/10 ---
  WAH:  OR_disc=12.56  OR_qty=92.33  OR_ship=2417.36  AND=3.91  Decode=35.27  Total=2561.43  rows=1139264
  CB:   OR_disc=2.08  OR_qty=9.09  OR_ship=84.75  AND=4.94  Decode=5.51  Total=106.37  rows=1139264
  CR:   OR_disc=2.38  OR_qty=33.49  OR_ship=207.06  AND=12.01  Decode=2.19  Total=257.13  rows=1139264
  CRR:  OR_disc=2.27  OR_qty=15.48  OR_ship=35.16  AND=11.33  Decode=2.00  Total=66.24  rows=1139264
  EW:   OR_disc=5.47  OR_qty=214.82  OR_ship=885.34  AND=13.24  Decode=19.82  Total=1138.69  rows=1139264
  BS:   OR_disc=3.18  OR_qty=23.74  OR_ship=369.28  AND=1.93  Decode=9.92  Total=408.05  rows=1139264
  BSA:  OR_disc=2.57  OR_qty=16.12  OR_ship=244.31  AND=1.29  Decode=9.98  Total=274.27  rows=1139264
  CON:  OR_disc=28.34  OR_qty=571.15  OR_ship=1153.72  AND=51.24  Decode=19.97  Total=1824.43  rows=1139264

--- Iteration 7/10 ---
  WAH:  OR_disc=12.98  OR_qty=92.28  OR_ship=2409.81  AND=3.92  Decode=35.43  Total=2554.41  rows=1139264
  CB:   OR_disc=2.07  OR_qty=9.12  OR_ship=84.85  AND=4.91  Decode=5.49  Total=106.44  rows=1139264
  CR:   OR_disc=2.32  OR_qty=33.48  OR_ship=207.13  AND=12.01  Decode=2.20  Total=257.14  rows=1139264
  CRR:  OR_disc=2.30  OR_qty=15.68  OR_ship=35.25  AND=11.48  Decode=2.00  Total=66.72  rows=1139264
  EW:   OR_disc=5.56  OR_qty=216.61  OR_ship=889.20  AND=13.36  Decode=19.70  Total=1144.44  rows=1139264
  BS:   OR_disc=3.17  OR_qty=23.64  OR_ship=368.32  AND=1.90  Decode=10.27  Total=407.30  rows=1139264
  BSA:  OR_disc=2.69  OR_qty=16.03  OR_ship=243.80  AND=1.32  Decode=10.04  Total=273.89  rows=1139264
  CON:  OR_disc=28.47  OR_qty=569.24  OR_ship=1143.74  AND=41.27  Decode=19.68  Total=1802.40  rows=1139264

--- Iteration 8/10 ---
  WAH:  OR_disc=11.70  OR_qty=92.26  OR_ship=2414.99  AND=3.92  Decode=35.48  Total=2558.34  rows=1139264
  CB:   OR_disc=2.08  OR_qty=9.15  OR_ship=84.47  AND=4.89  Decode=5.51  Total=106.11  rows=1139264
  CR:   OR_disc=2.32  OR_qty=33.58  OR_ship=207.05  AND=11.82  Decode=2.22  Total=256.99  rows=1139264
  CRR:  OR_disc=2.28  OR_qty=15.52  OR_ship=35.14  AND=11.41  Decode=2.04  Total=66.39  rows=1139264
  EW:   OR_disc=5.47  OR_qty=215.04  OR_ship=885.22  AND=10.89  Decode=13.01  Total=1129.64  rows=1139264
  BS:   OR_disc=3.14  OR_qty=23.66  OR_ship=369.15  AND=1.97  Decode=9.89  Total=407.82  rows=1139264
  BSA:  OR_disc=2.62  OR_qty=16.09  OR_ship=244.13  AND=1.30  Decode=10.11  Total=274.25  rows=1139264
  CON:  OR_disc=28.71  OR_qty=569.46  OR_ship=1149.52  AND=40.84  Decode=19.65  Total=1808.18  rows=1139264

--- Iteration 9/10 ---
  WAH:  OR_disc=12.40  OR_qty=92.18  OR_ship=2420.07  AND=3.90  Decode=35.23  Total=2563.78  rows=1139264
  CB:   OR_disc=2.05  OR_qty=9.14  OR_ship=84.58  AND=4.88  Decode=5.51  Total=106.17  rows=1139264
  CR:   OR_disc=2.32  OR_qty=33.76  OR_ship=207.32  AND=12.01  Decode=2.18  Total=257.59  rows=1139264
  CRR:  OR_disc=2.34  OR_qty=15.76  OR_ship=35.26  AND=11.53  Decode=2.06  Total=66.95  rows=1139264
  EW:   OR_disc=5.53  OR_qty=217.04  OR_ship=885.40  AND=10.88  Decode=17.19  Total=1136.04  rows=1139264
  BS:   OR_disc=3.83  OR_qty=23.90  OR_ship=373.31  AND=1.98  Decode=10.06  Total=413.07  rows=1139264
  BSA:  OR_disc=2.61  OR_qty=16.18  OR_ship=245.20  AND=1.36  Decode=10.16  Total=275.51  rows=1139264
  CON:  OR_disc=28.66  OR_qty=572.01  OR_ship=1147.33  AND=40.85  Decode=19.48  Total=1808.33  rows=1139264

--- Iteration 10/10 ---
  WAH:  OR_disc=11.58  OR_qty=92.23  OR_ship=2421.13  AND=3.93  Decode=35.46  Total=2564.33  rows=1139264
  CB:   OR_disc=2.04  OR_qty=9.14  OR_ship=84.75  AND=4.90  Decode=5.53  Total=106.36  rows=1139264
  CR:   OR_disc=2.41  OR_qty=33.52  OR_ship=207.26  AND=11.90  Decode=2.19  Total=257.29  rows=1139264
  CRR:  OR_disc=2.27  OR_qty=15.58  OR_ship=35.11  AND=11.50  Decode=2.00  Total=66.47  rows=1139264
  EW:   OR_disc=5.44  OR_qty=215.78  OR_ship=884.62  AND=10.92  Decode=12.98  Total=1129.74  rows=1139264
  BS:   OR_disc=3.15  OR_qty=23.80  OR_ship=367.87  AND=1.77  Decode=9.95  Total=406.54  rows=1139264
  BSA:  OR_disc=2.56  OR_qty=16.05  OR_ship=245.00  AND=1.34  Decode=10.04  Total=275.01  rows=1139264
  CON:  OR_disc=28.34  OR_qty=570.30  OR_ship=1151.31  AND=50.41  Decode=19.57  Total=1819.93  rows=1139264

[Baseline] DuckDB native SQL count(*) = 1139264  (single run: 505.55 ms)
[OK] all active backends match DuckDB SQL ground truth (1139264 rows).

================================================================
  RESULTS (8 measured iterations, median ± stddev)
================================================================
                       WAH (ms)              DDC (ms)         CRoaring (ms)      CRoar+Run (ms)       EWAH (ms)          CB vs WAH   CR vs WAH  CRR vs WAH   EW vs WAH
  --------------------------------------------------------------------------------------------------------------------------------
  OR discount        11.98 ±   0.47         2.05 ±   0.03         2.32 ±   0.04         2.30 ±   0.03         5.52 ±   0.04      5.85x      5.16x      5.22x      2.17x
  OR quantity        92.29 ±   0.07         9.11 ±   0.05        33.51 ±   0.14        15.56 ±   0.10       215.50 ±   1.03     10.14x      2.75x      5.93x      0.43x
  OR shipdate      2418.47 ±   4.06        84.75 ±   0.29       207.10 ±   0.43        35.15 ±   0.06       885.28 ±   3.04     28.54x     11.68x     68.81x      2.73x
  AND (3-way)         3.91 ±   0.01         4.90 ±   0.03        11.96 ±   0.10        11.45 ±   0.06        12.08 ±   1.75      0.80x      0.33x      0.34x      0.32x
  Decode             35.44 ±   0.09         5.51 ±   0.01         2.21 ±   0.18         2.01 ±   0.02        18.35 ±   3.09      6.43x     16.02x     17.63x      1.93x
  --------------------------------------------------------------------------------------------------------------------------------
  TOTAL            2562.47 ±   3.81       106.34 ±   0.27       257.14 ±   0.34        66.43 ±   0.24      1136.85 ±   6.69     24.10x      9.97x     38.57x      2.25x

  WAH rows:        1139264
  DDC rows:     1139264
  CRoaring rows:   1139264
  CRoar+Run rows:  1139264
  EWAH rows:       1139264
================================================================


================================================================
  Q6 BASELINE BACKENDS (no compression / Concise)
================================================================
                       BS (ms)              BSA (ms)            Concise (ms)        BS vs WAH   BSA vs WAH   CON vs WAH
  -------------------------------------------------------------------------------------------------------------
  OR discount         3.18 ±   0.23         2.60 ±   0.04        28.34 ±   1.68      3.77x      4.62x      0.42x
  OR quantity        23.72 ±   0.10        16.08 ±   0.05       570.26 ±   1.86      3.89x      5.74x      0.16x
  OR shipdate       368.75 ±   1.72       244.22 ±   0.48      1149.87 ±   3.13      6.56x      9.90x      2.10x
  AND (3-way)         1.93 ±   0.07         1.30 ±   0.04        41.14 ±   4.86      2.03x      3.01x      0.10x
  Decode              9.93 ±   0.14        10.05 ±   0.07        19.67 ±   0.15      3.57x      3.53x      1.80x
  -------------------------------------------------------------------------------------------------------------
  TOTAL             407.60 ±   2.05       274.26 ±   0.55      1809.79 ±   7.20      6.29x      9.34x      1.42x

  Bitset rows:         1139264
  Bitset+AVX512 rows:  1139264
  Concise rows:        1139264
================================================================

  [CSV] Results written to: q6_results_SF10.csv
  [CSV] Compression written to: q6_compression_SF10.csv
┌─────────────────┐
│     revenue     │
│  decimal(38,4)  │
├─────────────────┤
│ 1230113636.0101 │
└─────────────────┘
  [Breakdown] DDC   L1=44.56 MiB  L2=26.02 MiB  L3=43.69 MiB  total=114.26 MiB
