# cwd=/home/lichenhang/lee/thesis/check/lee/duckdb-dev
# cmd=/home/lichenhang/lee/thesis/check/lee/duckdb-dev/build/release/duckdb /home/lichenhang/lee/thesis/check/lee/duckdb-dev/tpch_sf10.db -c PRAGMA bm_tpch(10);

================================================================
  TPC-H Q10 Benchmark — ComBit vs WAH vs CRoaring vs EWAH (SF10)
  OR orderdate days 639..730 (92 bitmaps)
  Then AND returnflag='R' (index 2) -> aggregate revenue per c_custkey -> Top-20
  TPC-H params: o_orderdate [1993-10-01, 1994-01-01), l_returnflag = 'R'
  Bitmap dirs:
    orderdate: tpch_q5_combit  returnflag: tpch_q1_combit
    orderdate: tpch_q5_croaring  returnflag: tpch_q1_croaring
    orderdate: tpch_q5_wah  returnflag: tpch_q1_wah
    orderdate: tpch_q5_ewah  returnflag: tpch_q1_ewah
  Iterations: 10 (first 2 = warm-up)
================================================================

[Side-load] nation: 25 rows in 0.38 ms
[Side-load] customer: 1500000 rows (max_custkey=1500000) in 611.495 ms
[Side-load] orders:   15000000 rows (max_orderkey=60000000; flat vector 457 MiB) in 336.886 ms
[Pre-load] lineitem:  59986052 rows (l_orderkey, l_extendedprice, l_discount) in 526.573 ms
[Build Q10 orderdate] 59986052 lineitems scanned in 8041.79 ms

[Load] Loading bitmaps (mode=ALL)...
  WAH load:      6296.44 ms
  ComBit load:   21465.3 ms
  CRoaring load: 33.579 ms
  CRR load:      49.463 ms
  EWAH load:     21.865 ms
  Bitset load:   354.703 ms (shared by BS / BSA)
  Concise load:  143.524 ms
  WAH      on disk: 482.24 MiB (q5+q1)
  ComBit   on disk: 539.93 MiB (q5+q1)
  CRoaring on disk: 167.86 MiB (q5+q1, shared by CR / CRR)
  EWAH     on disk: 914.50 MiB (q5+q1)
  Bitset in mem:    665.04 MiB (rebuilt from CRoaring at load)
  Concise in mem:   11.58 MiB (rebuilt from CRoaring at load)

--- Iteration 1/10 (warm-up) ---
  CB:   OR=13.70  AND+Agg=41.31  TopK=4.86  Total=59.87  rows=1147084
  CR:   OR=57.80  AND+Agg=52.32  TopK=4.88  Total=115.00  rows=1147084
  CRR:  OR=8.42  AND+Agg=51.61  TopK=4.83  Total=64.87  rows=1147084
  WAH:  OR=2.89  AND+Agg=72.61  TopK=4.96  Total=80.46  rows=1147084
  EW:   OR=69.39  AND+Agg=55.66  TopK=4.85  Total=129.89  rows=1147084
  BS:   OR=91.76  AND+Agg=29.19  TopK=4.82  Total=125.77  rows=1147084
  BSA:  OR=60.53  AND+Agg=28.65  TopK=4.99  Total=94.18  rows=1147084
  CON:  OR=88.09  AND+Agg=80.74  TopK=4.89  Total=173.72  rows=1147084

--- Iteration 2/10 (warm-up) ---
  CB:   OR=11.46  AND+Agg=40.30  TopK=4.92  Total=56.67  rows=1147084
  CR:   OR=58.63  AND+Agg=51.89  TopK=4.86  Total=115.38  rows=1147084
  CRR:  OR=8.27  AND+Agg=51.54  TopK=4.90  Total=64.71  rows=1147084
  WAH:  OR=2.75  AND+Agg=72.48  TopK=4.86  Total=80.08  rows=1147084
  EW:   OR=64.13  AND+Agg=55.59  TopK=4.90  Total=124.63  rows=1147084
  BS:   OR=91.64  AND+Agg=28.83  TopK=4.83  Total=125.30  rows=1147084
  BSA:  OR=60.36  AND+Agg=28.22  TopK=4.88  Total=93.46  rows=1147084
  CON:  OR=88.18  AND+Agg=80.27  TopK=4.89  Total=173.34  rows=1147084

--- Iteration 3/10 ---
  CB:   OR=11.65  AND+Agg=40.98  TopK=4.85  Total=57.48  rows=1147084
  CR:   OR=58.54  AND+Agg=52.13  TopK=4.90  Total=115.58  rows=1147084
  CRR:  OR=8.49  AND+Agg=52.07  TopK=4.97  Total=65.53  rows=1147084
  WAH:  OR=3.08  AND+Agg=73.16  TopK=4.84  Total=81.07  rows=1147084
  EW:   OR=64.28  AND+Agg=55.34  TopK=4.89  Total=124.51  rows=1147084
  BS:   OR=91.92  AND+Agg=28.90  TopK=4.87  Total=125.69  rows=1147084
  BSA:  OR=60.49  AND+Agg=28.18  TopK=4.99  Total=93.67  rows=1147084
  CON:  OR=88.10  AND+Agg=82.66  TopK=4.95  Total=175.72  rows=1147084

--- Iteration 4/10 ---
  CB:   OR=11.59  AND+Agg=40.13  TopK=4.87  Total=56.59  rows=1147084
  CR:   OR=58.46  AND+Agg=51.55  TopK=4.89  Total=114.91  rows=1147084
  CRR:  OR=8.24  AND+Agg=52.45  TopK=4.87  Total=65.56  rows=1147084
  WAH:  OR=2.87  AND+Agg=73.99  TopK=4.87  Total=81.73  rows=1147084
  EW:   OR=64.31  AND+Agg=55.80  TopK=4.98  Total=125.08  rows=1147084
  BS:   OR=91.55  AND+Agg=28.94  TopK=4.91  Total=125.41  rows=1147084
  BSA:  OR=60.35  AND+Agg=28.49  TopK=4.88  Total=93.72  rows=1147084
  CON:  OR=88.06  AND+Agg=79.94  TopK=4.89  Total=172.90  rows=1147084

--- Iteration 5/10 ---
  CB:   OR=11.47  AND+Agg=39.95  TopK=4.83  Total=56.25  rows=1147084
  CR:   OR=58.97  AND+Agg=52.46  TopK=4.94  Total=116.37  rows=1147084
  CRR:  OR=8.35  AND+Agg=51.45  TopK=4.91  Total=64.72  rows=1147084
  WAH:  OR=3.08  AND+Agg=72.97  TopK=4.84  Total=80.89  rows=1147084
  EW:   OR=64.33  AND+Agg=55.23  TopK=4.93  Total=124.49  rows=1147084
  BS:   OR=91.56  AND+Agg=28.90  TopK=4.94  Total=125.40  rows=1147084
  BSA:  OR=60.70  AND+Agg=28.48  TopK=4.92  Total=94.10  rows=1147084
  CON:  OR=88.19  AND+Agg=79.67  TopK=4.84  Total=172.69  rows=1147084

--- Iteration 6/10 ---
  CB:   OR=11.58  AND+Agg=39.79  TopK=4.81  Total=56.19  rows=1147084
  CR:   OR=58.63  AND+Agg=51.32  TopK=4.82  Total=114.77  rows=1147084
  CRR:  OR=8.26  AND+Agg=51.23  TopK=4.93  Total=64.42  rows=1147084
  WAH:  OR=3.05  AND+Agg=72.76  TopK=4.92  Total=80.73  rows=1147084
  EW:   OR=64.10  AND+Agg=55.11  TopK=4.83  Total=124.05  rows=1147084
  BS:   OR=92.40  AND+Agg=29.89  TopK=4.84  Total=127.14  rows=1147084
  BSA:  OR=60.42  AND+Agg=28.77  TopK=4.92  Total=94.10  rows=1147084
  CON:  OR=88.27  AND+Agg=80.24  TopK=4.85  Total=173.35  rows=1147084

--- Iteration 7/10 ---
  CB:   OR=10.79  AND+Agg=40.47  TopK=4.83  Total=56.09  rows=1147084
  CR:   OR=58.67  AND+Agg=51.63  TopK=4.86  Total=115.17  rows=1147084
  CRR:  OR=8.31  AND+Agg=51.54  TopK=4.84  Total=64.69  rows=1147084
  WAH:  OR=3.09  AND+Agg=73.07  TopK=4.88  Total=81.05  rows=1147084
  EW:   OR=63.93  AND+Agg=55.48  TopK=5.01  Total=124.42  rows=1147084
  BS:   OR=92.26  AND+Agg=29.31  TopK=4.87  Total=126.44  rows=1147084
  BSA:  OR=60.48  AND+Agg=28.77  TopK=4.94  Total=94.19  rows=1147084
  CON:  OR=88.37  AND+Agg=79.66  TopK=4.86  Total=172.89  rows=1147084

--- Iteration 8/10 ---
  CB:   OR=10.62  AND+Agg=39.75  TopK=4.86  Total=55.24  rows=1147084
  CR:   OR=58.67  AND+Agg=52.38  TopK=4.97  Total=116.02  rows=1147084
  CRR:  OR=8.75  AND+Agg=52.20  TopK=4.97  Total=65.92  rows=1147084
  WAH:  OR=3.10  AND+Agg=73.59  TopK=4.84  Total=81.53  rows=1147084
  EW:   OR=64.07  AND+Agg=56.42  TopK=4.92  Total=125.41  rows=1147084
  BS:   OR=92.14  AND+Agg=29.17  TopK=4.85  Total=126.16  rows=1147084
  BSA:  OR=60.38  AND+Agg=28.92  TopK=4.86  Total=94.17  rows=1147084
  CON:  OR=88.13  AND+Agg=80.42  TopK=4.90  Total=173.46  rows=1147084

--- Iteration 9/10 ---
  CB:   OR=11.19  AND+Agg=40.40  TopK=4.81  Total=56.40  rows=1147084
  CR:   OR=58.66  AND+Agg=51.67  TopK=4.85  Total=115.17  rows=1147084
  CRR:  OR=8.29  AND+Agg=51.90  TopK=4.85  Total=65.04  rows=1147084
  WAH:  OR=3.09  AND+Agg=72.93  TopK=4.84  Total=80.87  rows=1147084
  EW:   OR=64.05  AND+Agg=55.47  TopK=4.88  Total=124.40  rows=1147084
  BS:   OR=92.16  AND+Agg=29.02  TopK=4.86  Total=126.04  rows=1147084
  BSA:  OR=60.28  AND+Agg=28.97  TopK=4.91  Total=94.17  rows=1147084
  CON:  OR=87.79  AND+Agg=79.79  TopK=4.89  Total=172.47  rows=1147084

--- Iteration 10/10 ---
  CB:   OR=11.70  AND+Agg=40.06  TopK=4.84  Total=56.61  rows=1147084
  CR:   OR=58.61  AND+Agg=51.95  TopK=4.88  Total=115.44  rows=1147084
  CRR:  OR=8.58  AND+Agg=51.64  TopK=4.91  Total=65.13  rows=1147084
  WAH:  OR=3.31  AND+Agg=73.14  TopK=4.93  Total=81.39  rows=1147084
  EW:   OR=64.14  AND+Agg=56.98  TopK=4.93  Total=126.05  rows=1147084
  BS:   OR=91.88  AND+Agg=30.88  TopK=5.08  Total=127.84  rows=1147084
  BSA:  OR=60.61  AND+Agg=28.81  TopK=5.03  Total=94.46  rows=1147084
  CON:  OR=87.70  AND+Agg=79.94  TopK=4.83  Total=172.48  rows=1147084

[Baseline] DuckDB native SQL Top-20  (single run: 1850.33 ms)
[OK] all active backends match DuckDB SQL ground truth (Top-20, revenue within 0.01).

  Q10 Top-20 (revenue = SUM(l_extendedprice * (1 - l_discount)), sorted DESC, source=ComBit):
  c_custkey c_name                         revenue     c_acctbal  n_name          c_address                                 c_phone            c_comment
  1237537   Customer#001237537         884989.6657     7840.1700  RUSSIA          mdkU4LpZECCtt20RHa76sA6b4WC               32-367-120-4327    yly regular accounts boost. requests need to nag evenly
  1116802   Customer#001116802         830214.1117      772.1700  JORDAN          iBka7YijCCLApX1f 8 sKp 5ldP               23-199-655-3770    y carefully regular deposits. packages nod ironic packages
  508954    Customer#000508954         826167.5138     3072.0700  ETHIOPIA        tKQLmGq3MOqXiTmNZQRp                      15-880-510-9487    t the quickly pending deposits. carefully express dependencies detect. blithely regular
  1487503   Customer#001487503         825996.5903     5398.1100  IRAN            D tOJIC0rcVO                              20-271-234-4401    ithely quiet deposits about the slyly final dolphins hinder carefully about the slyly ironic accounts. carefully ir
  1461247   Customer#001461247         775992.0820     3205.9300  SAUDI ARABIA    Ia1gHwdAyyFo,pCKhCkqX6                    30-137-949-5375    beans. furiously ironic realms after the slyly ironic sentiments are requests. courts was carefully about t
  1316338   Customer#001316338         765063.7003     8682.9500  INDIA           QLsXlkrrAQ7fz5TDIoDUVsUMsH1pBOG           18-793-610-3832    olites sleep furiously ironic instructions. final, final ideas wake carefully after the slyly iron
  817849    Customer#000817849         737664.7232     -380.3000  MOROCCO         UKsTjQdC5d9PwYXz u                        25-111-847-3201    ts after the slyly regular excuses wake pending accounts. deposits wake? carefully ironic foxes wa
  1335394   Customer#001335394         731259.8675     3978.5300  VIETNAM         FNdEi9tP 5eQib8C                          31-760-271-2302    ly ironic, final foxes. slyly bold instructions 
  102358    Customer#000102358         715001.8825     3564.9000  BRAZIL          3BnBw0 bZWmVue6bPGn513kOeitBl5VHj         12-941-212-8350     furiously furiously dogged deposits. regular accounts are furiously furiously pending instructions. carefu
  1432624   Customer#001432624         713512.6431      205.0800  FRANCE          e7o5TBwh,bLO6flPI05Nrp0,1Q8m19ODDs0       16-550-232-2774    y ironic packages. slyly silent instructions cajole about the a
  160528    Customer#000160528         710673.3317     3425.5200  INDONESIA       VrYJ,qyK75m PkPLTQT7KocfwMwPYQTlcEYBz     19-670-600-6340    blithely even deposits sleep until the even accounts
  1345237   Customer#001345237         707735.5745     6905.2200  FRANCE          QJxZWEukcxoDYlFOgUGIOuGay                 16-133-279-4001    symptotes integrate according to the sl
  839816    Customer#000839816         705643.2854     2110.2500  UNITED STATES   r9c CDy,MgOouA                            34-453-282-7925    sly sly pinto beans wake quickly slyly final packages. express deposit
  1136716   Customer#001136716         695043.5606     5886.0100  CHINA           yqiALHYT6gaiip1g6wgnM6ctJ                 28-729-762-5783    out the fluffily pending requests. furiously ironic forges integrate. quickly bold theod
  1439413   Customer#001439413         690161.9783     8808.6500  ETHIOPIA        5vMec8OoAWrStjng                          15-432-961-8772    boost across the regular, ironic packages. final instructions 
  1392475   Customer#001392475         685464.4086      593.2600  SAUDI ARABIA    sbjxdO1xOzy1wBIhAOzp6b2,9sHMj8q1f         30-640-220-2095    c accounts. always final instructions boost according to the final 
  616909    Customer#000616909         684978.1044     2660.8400  EGYPT           Jg9FiC98BUWmlBb3WTN                       14-185-768-2185    s about the busy ideas affix f
  314272    Customer#000314272         682212.6365     5127.9200  UNITED STATES    LKR3R5VStcAlT4D,qGBJLWYkmJU              34-674-752-5199    ng to the slyly express instructions sleep fluffily even foxes. special id
  1472980   Customer#001472980         677765.9180     6003.3600  IRAQ            JIMreXGvswrve5rkBww                       21-506-776-4657    e. packages according to the instructions are among the even, regular th
  1486201   Customer#001486201         674878.4539     -276.9200  JORDAN          8hJKgyMlv Ay3fyNDJFvszoYd                 23-611-797-4750    es nag. silent accounts are blithely daring packages. 

================================================================
  Q10 RESULTS (8 measured iterations, median +/- stddev)
================================================================
                  CB (ms)         CR (ms)        CRR (ms)        WAH (ms)        EW (ms)
  -----------------------------------------------------------------------------------------
  OR_date        11.5260 +/- 0.3886   58.6465 +/- 0.1375    8.3305 +/- 0.1693    3.0860 +/- 0.1126   64.1185 +/- 0.1331
  AND+Agg        40.0930 +/- 0.3814   51.8090 +/- 0.3854   51.7710 +/- 0.3885   73.1090 +/- 0.3740   55.4740 +/- 0.6090
  TopK            4.8385 +/- 0.0201    4.8865 +/- 0.0471    4.9095 +/- 0.0466    4.8570 +/- 0.0359    4.9255 +/- 0.0526
  -----------------------------------------------------------------------------------------
  TOTAL          56.3235 +/- 0.5851  115.3095 +/- 0.5132   65.0850 +/- 0.4803   81.0590 +/- 0.3314  124.4975 +/- 0.6200

  CB rows:  1147084  CR rows:  1147084  CRR rows: 1147084  WAH rows: 1147084  EW rows:  1147084
================================================================


================================================================
  Q10 BASELINE BACKENDS (no compression / Concise)
================================================================
                  BS (ms)         BSA (ms)        Concise (ms)     BS vs WAH   BSA vs WAH   CON vs WAH
  ----------------------------------------------------------------------------------------------
  OR_date        92.0285 +/- 0.2934   60.4485 +/- 0.1273   88.1160 +/- 0.2120     0.0335x     0.0511x     0.0350x
  AND+Agg        29.0960 +/- 0.6455   28.7670 +/- 0.2508   79.9440 +/- 0.9306     2.5127x     2.5414x     0.9145x
  TopK            4.8685 +/- 0.0740    4.9185 +/- 0.0541    4.8705 +/- 0.0387     0.9976x     0.9875x     0.9972x
  ----------------------------------------------------------------------------------------------
  TOTAL         126.1040 +/- 0.8015   94.1350 +/- 0.2425  172.8910 +/- 0.9944     0.6428x     0.8611x     0.4688x

  BS rows:  1147084  BSA rows: 1147084  CON rows: 1147084
================================================================

  [CSV] Results written to: q10_results_SF10.csv
┌───────────┬────────────────────┬───────────────┬───────────────┬───────────────┬───────────────────────────────────────┬─────────────────┬─────────────────────────────────────────────────────────────────────────────────────────────────────────────────────┐
│ c_custkey │       c_name       │    revenue    │   c_acctbal   │    n_name     │               c_address               │     c_phone     │                                                      c_comment                                                      │
│   int64   │      varchar       │ decimal(38,4) │ decimal(15,2) │    varchar    │                varchar                │     varchar     │                                                       varchar                                                       │
├───────────┼────────────────────┼───────────────┼───────────────┼───────────────┼───────────────────────────────────────┼─────────────────┼─────────────────────────────────────────────────────────────────────────────────────────────────────────────────────┤
│   1237537 │ Customer#001237537 │   884989.6657 │       7840.17 │ RUSSIA        │ mdkU4LpZECCtt20RHa76sA6b4WC           │ 32-367-120-4327 │ yly regular accounts boost. requests need to nag evenly                                                             │
│   1116802 │ Customer#001116802 │   830214.1117 │        772.17 │ JORDAN        │ iBka7YijCCLApX1f 8 sKp 5ldP           │ 23-199-655-3770 │ y carefully regular deposits. packages nod ironic packages                                                          │
│    508954 │ Customer#000508954 │   826167.5138 │       3072.07 │ ETHIOPIA      │ tKQLmGq3MOqXiTmNZQRp                  │ 15-880-510-9487 │ t the quickly pending deposits. carefully express dependencies detect. blithely regular                             │
│   1487503 │ Customer#001487503 │   825996.5903 │       5398.11 │ IRAN          │ D tOJIC0rcVO                          │ 20-271-234-4401 │ ithely quiet deposits about the slyly final dolphins hinder carefully about the slyly ironic accounts. carefully ir │
│   1461247 │ Customer#001461247 │   775992.0820 │       3205.93 │ SAUDI ARABIA  │ Ia1gHwdAyyFo,pCKhCkqX6                │ 30-137-949-5375 │ beans. furiously ironic realms after the slyly ironic sentiments are requests. courts was carefully about t         │
│   1316338 │ Customer#001316338 │   765063.7003 │       8682.95 │ INDIA         │ QLsXlkrrAQ7fz5TDIoDUVsUMsH1pBOG       │ 18-793-610-3832 │ olites sleep furiously ironic instructions. final, final ideas wake carefully after the slyly iron                  │
│    817849 │ Customer#000817849 │   737664.7232 │       -380.30 │ MOROCCO       │ UKsTjQdC5d9PwYXz u                    │ 25-111-847-3201 │ ts after the slyly regular excuses wake pending accounts. deposits wake? carefully ironic foxes wa                  │
│   1335394 │ Customer#001335394 │   731259.8675 │       3978.53 │ VIETNAM       │ FNdEi9tP 5eQib8C                      │ 31-760-271-2302 │ ly ironic, final foxes. slyly bold instructions                                                                     │
│    102358 │ Customer#000102358 │   715001.8825 │       3564.90 │ BRAZIL        │ 3BnBw0 bZWmVue6bPGn513kOeitBl5VHj     │ 12-941-212-8350 │  furiously furiously dogged deposits. regular accounts are furiously furiously pending instructions. carefu         │
│   1432624 │ Customer#001432624 │   713512.6431 │        205.08 │ FRANCE        │ e7o5TBwh,bLO6flPI05Nrp0,1Q8m19ODDs0   │ 16-550-232-2774 │ y ironic packages. slyly silent instructions cajole about the a                                                     │
│    160528 │ Customer#000160528 │   710673.3317 │       3425.52 │ INDONESIA     │ VrYJ,qyK75m PkPLTQT7KocfwMwPYQTlcEYBz │ 19-670-600-6340 │ blithely even deposits sleep until the even accounts                                                                │
│   1345237 │ Customer#001345237 │   707735.5745 │       6905.22 │ FRANCE        │ QJxZWEukcxoDYlFOgUGIOuGay             │ 16-133-279-4001 │ symptotes integrate according to the sl                                                                             │
│    839816 │ Customer#000839816 │   705643.2854 │       2110.25 │ UNITED STATES │ r9c CDy,MgOouA                        │ 34-453-282-7925 │ sly sly pinto beans wake quickly slyly final packages. express deposit                                              │
│   1136716 │ Customer#001136716 │   695043.5606 │       5886.01 │ CHINA         │ yqiALHYT6gaiip1g6wgnM6ctJ             │ 28-729-762-5783 │ out the fluffily pending requests. furiously ironic forges integrate. quickly bold theod                            │
│   1439413 │ Customer#001439413 │   690161.9783 │       8808.65 │ ETHIOPIA      │ 5vMec8OoAWrStjng                      │ 15-432-961-8772 │ boost across the regular, ironic packages. final instructions                                                       │
│   1392475 │ Customer#001392475 │   685464.4086 │        593.26 │ SAUDI ARABIA  │ sbjxdO1xOzy1wBIhAOzp6b2,9sHMj8q1f     │ 30-640-220-2095 │ c accounts. always final instructions boost according to the final                                                  │
│    616909 │ Customer#000616909 │   684978.1044 │       2660.84 │ EGYPT         │ Jg9FiC98BUWmlBb3WTN                   │ 14-185-768-2185 │ s about the busy ideas affix f                                                                                      │
│    314272 │ Customer#000314272 │   682212.6365 │       5127.92 │ UNITED STATES │  LKR3R5VStcAlT4D,qGBJLWYkmJU          │ 34-674-752-5199 │ ng to the slyly express instructions sleep fluffily even foxes. special id                                          │
│   1472980 │ Customer#001472980 │   677765.9180 │       6003.36 │ IRAQ          │ JIMreXGvswrve5rkBww                   │ 21-506-776-4657 │ e. packages according to the instructions are among the even, regular th                                            │
│   1486201 │ Customer#001486201 │   674878.4539 │       -276.92 │ JORDAN        │ 8hJKgyMlv Ay3fyNDJFvszoYd             │ 23-611-797-4750 │ es nag. silent accounts are blithely daring packages.                                                               │
├───────────┴────────────────────┴───────────────┴───────────────┴───────────────┴───────────────────────────────────────┴─────────────────┴─────────────────────────────────────────────────────────────────────────────────────────────────────────────────────┤
│ 20 rows                                                                                                                                                                                                                                              8 columns │
└────────────────────────────────────────────────────────────────────────────────────────────────────────────────────────────────────────────────────────────────────────────────────────────────────────────────────────────────────────────────────────────────┘
  [Breakdown] ComBit   L1=5.32 MiB  L2=0.79 MiB  L3=0.07 MiB  L4=0.01 MiB  total=6.19 MiB
