# cwd=/home/lichenhang/lee/thesis/check/lee/duckdb-dev
# cmd=/home/lichenhang/lee/thesis/check/lee/duckdb-dev/build/release/duckdb /home/lichenhang/lee/thesis/check/lee/duckdb-dev/tpch_sf10.db -c PRAGMA bm_tpch(12);

================================================================
  TPC-H Q12 Benchmark — ComBit vs WAH vs CRoaring vs EWAH (SF10)
  OR receiptdate days 731..1095 (365 bitmaps)
  AND commit_lt_receipt, ship_lt_commit, then per-shipmode AND + 2x popcount_and
  TPC-H params: shipmodes={MAIL, SHIP}, receiptdate [1994-01-01, 1995-01-01)
  Bitmap dirs: tpch_q12_combit tpch_q12_croaring tpch_q12_wah tpch_q12_ewah
  Iterations: 10 (first 2 = warm-up)
================================================================
[Build priority] high=24010385 low=35975667 in 2143 ms

[Load] Loading bitmaps (mode=ALL)...
  WAH load:      487.442 ms
  ComBit load:   1302.71 ms
  CRoaring load: 313.68 ms
  CRR load:      341.086 ms
  EWAH load:     346.201 ms
  Bitset load:   1629.44 ms (shared by BS / BSA)
  Concise load:  1163.07 ms
  WAH      on disk: 97.15 MiB
  ComBit   on disk: 100.81 MiB
  CRoaring on disk: 48.56 MiB (shared by CR / CRR)
  EWAH     on disk: 162.00 MiB

--- Iteration 1/10 (warm-up) ---
  CB:   OR=78.20  AND_pred=2.05  AND+Pop=9.50  Total=89.75  MAIL=(62071,93045)  SHIP=(62426,93261)
  CR:   OR=203.72  AND_pred=10.61  AND+Pop=5.24  Total=219.57
  CRR:  OR=35.05  AND_pred=10.60  AND+Pop=5.13  Total=50.77
  WAH:  OR=38.38  AND_pred=1.42  AND+Pop=14.82  Total=54.62
  EW:   OR=875.68  AND_pred=12.56  AND+Pop=22.72  Total=910.96
  BS:   OR=365.38  AND_pred=1.96  AND+Pop=10.81  Total=378.14
  BSA:  OR=235.51  AND_pred=1.28  AND+Pop=6.24  Total=243.03
  CON:  OR=1138.84  AND_pred=60.72  AND+Pop=72.61  Total=1272.17

--- Iteration 2/10 (warm-up) ---
  CB:   OR=78.78  AND_pred=2.06  AND+Pop=7.16  Total=88.00  MAIL=(62071,93045)  SHIP=(62426,93261)
  CR:   OR=204.45  AND_pred=10.58  AND+Pop=5.28  Total=220.31
  CRR:  OR=35.07  AND_pred=10.59  AND+Pop=5.13  Total=50.78
  WAH:  OR=38.10  AND_pred=1.41  AND+Pop=13.23  Total=52.74
  EW:   OR=877.48  AND_pred=12.45  AND+Pop=21.86  Total=911.79
  BS:   OR=363.31  AND_pred=1.94  AND+Pop=10.74  Total=375.99
  BSA:  OR=235.58  AND_pred=1.28  AND+Pop=6.20  Total=243.06
  CON:  OR=1136.02  AND_pred=58.90  AND+Pop=72.86  Total=1267.77

--- Iteration 3/10 ---
  CB:   OR=78.48  AND_pred=2.07  AND+Pop=9.73  Total=90.28  MAIL=(62071,93045)  SHIP=(62426,93261)
  CR:   OR=204.81  AND_pred=10.62  AND+Pop=5.27  Total=220.70
  CRR:  OR=35.25  AND_pred=10.63  AND+Pop=5.15  Total=51.04
  WAH:  OR=38.91  AND_pred=1.42  AND+Pop=14.90  Total=55.23
  EW:   OR=876.96  AND_pred=12.89  AND+Pop=22.04  Total=911.89
  BS:   OR=362.64  AND_pred=1.96  AND+Pop=11.49  Total=376.09
  BSA:  OR=236.73  AND_pred=1.28  AND+Pop=6.29  Total=244.31
  CON:  OR=1134.51  AND_pred=59.14  AND+Pop=72.73  Total=1266.38

--- Iteration 4/10 ---
  CB:   OR=78.43  AND_pred=2.05  AND+Pop=9.82  Total=90.30  MAIL=(62071,93045)  SHIP=(62426,93261)
  CR:   OR=204.71  AND_pred=10.66  AND+Pop=5.34  Total=220.71
  CRR:  OR=35.11  AND_pred=10.58  AND+Pop=5.13  Total=50.83
  WAH:  OR=38.17  AND_pred=1.42  AND+Pop=14.95  Total=54.54
  EW:   OR=878.12  AND_pred=12.93  AND+Pop=22.01  Total=913.06
  BS:   OR=364.63  AND_pred=1.94  AND+Pop=11.44  Total=378.02
  BSA:  OR=236.18  AND_pred=1.28  AND+Pop=6.39  Total=243.86
  CON:  OR=1128.38  AND_pred=58.96  AND+Pop=74.05  Total=1261.39

--- Iteration 5/10 ---
  CB:   OR=78.64  AND_pred=2.06  AND+Pop=9.81  Total=90.51  MAIL=(62071,93045)  SHIP=(62426,93261)
  CR:   OR=204.93  AND_pred=10.68  AND+Pop=5.28  Total=220.89
  CRR:  OR=35.08  AND_pred=10.62  AND+Pop=5.14  Total=50.84
  WAH:  OR=38.48  AND_pred=1.42  AND+Pop=14.94  Total=54.84
  EW:   OR=880.11  AND_pred=12.95  AND+Pop=22.15  Total=915.21
  BS:   OR=367.99  AND_pred=1.96  AND+Pop=10.94  Total=380.89
  BSA:  OR=236.53  AND_pred=1.29  AND+Pop=6.40  Total=244.22
  CON:  OR=1135.81  AND_pred=58.84  AND+Pop=72.94  Total=1267.60

--- Iteration 6/10 ---
  CB:   OR=78.86  AND_pred=2.08  AND+Pop=9.84  Total=90.77  MAIL=(62071,93045)  SHIP=(62426,93261)
  CR:   OR=204.65  AND_pred=10.62  AND+Pop=5.29  Total=220.57
  CRR:  OR=34.99  AND_pred=10.64  AND+Pop=5.17  Total=50.79
  WAH:  OR=38.17  AND_pred=1.42  AND+Pop=14.92  Total=54.50
  EW:   OR=888.63  AND_pred=12.29  AND+Pop=22.06  Total=922.99
  BS:   OR=365.30  AND_pred=1.94  AND+Pop=11.53  Total=378.77
  BSA:  OR=235.36  AND_pred=1.29  AND+Pop=6.30  Total=242.95
  CON:  OR=1136.89  AND_pred=58.71  AND+Pop=72.87  Total=1268.48

--- Iteration 7/10 ---
  CB:   OR=78.92  AND_pred=2.09  AND+Pop=9.93  Total=90.95  MAIL=(62071,93045)  SHIP=(62426,93261)
  CR:   OR=205.03  AND_pred=10.57  AND+Pop=5.36  Total=220.96
  CRR:  OR=35.14  AND_pred=10.55  AND+Pop=5.13  Total=50.82
  WAH:  OR=38.59  AND_pred=1.42  AND+Pop=14.87  Total=54.89
  EW:   OR=885.89  AND_pred=14.55  AND+Pop=22.93  Total=923.36
  BS:   OR=365.66  AND_pred=1.94  AND+Pop=10.96  Total=378.55
  BSA:  OR=236.47  AND_pred=1.29  AND+Pop=6.24  Total=244.00
  CON:  OR=1135.54  AND_pred=58.84  AND+Pop=73.14  Total=1267.51

--- Iteration 8/10 ---
  CB:   OR=79.01  AND_pred=2.08  AND+Pop=9.76  Total=90.85  MAIL=(62071,93045)  SHIP=(62426,93261)
  CR:   OR=204.71  AND_pred=10.60  AND+Pop=5.34  Total=220.66
  CRR:  OR=36.16  AND_pred=11.30  AND+Pop=5.19  Total=52.66
  WAH:  OR=38.33  AND_pred=1.41  AND+Pop=15.10  Total=54.85
  EW:   OR=885.76  AND_pred=12.45  AND+Pop=21.94  Total=920.15
  BS:   OR=365.65  AND_pred=1.97  AND+Pop=11.63  Total=379.25
  BSA:  OR=237.15  AND_pred=1.28  AND+Pop=6.27  Total=244.70
  CON:  OR=1136.21  AND_pred=59.26  AND+Pop=73.37  Total=1268.84

--- Iteration 9/10 ---
  CB:   OR=78.73  AND_pred=2.10  AND+Pop=9.89  Total=90.72  MAIL=(62071,93045)  SHIP=(62426,93261)
  CR:   OR=204.84  AND_pred=10.65  AND+Pop=5.34  Total=220.83
  CRR:  OR=34.96  AND_pred=10.63  AND+Pop=5.16  Total=50.75
  WAH:  OR=38.47  AND_pred=1.41  AND+Pop=15.21  Total=55.10
  EW:   OR=891.15  AND_pred=12.29  AND+Pop=22.04  Total=925.48
  BS:   OR=366.91  AND_pred=1.93  AND+Pop=11.61  Total=380.45
  BSA:  OR=237.00  AND_pred=1.30  AND+Pop=6.22  Total=244.53
  CON:  OR=1139.51  AND_pred=59.02  AND+Pop=72.80  Total=1271.34

--- Iteration 10/10 ---
  CB:   OR=79.41  AND_pred=2.08  AND+Pop=9.92  Total=91.42  MAIL=(62071,93045)  SHIP=(62426,93261)
  CR:   OR=205.42  AND_pred=10.61  AND+Pop=5.30  Total=221.33
  CRR:  OR=35.06  AND_pred=10.67  AND+Pop=5.17  Total=50.91
  WAH:  OR=38.16  AND_pred=1.42  AND+Pop=15.26  Total=54.84
  EW:   OR=894.65  AND_pred=12.33  AND+Pop=22.10  Total=929.09
  BS:   OR=368.28  AND_pred=1.96  AND+Pop=11.66  Total=381.90
  BSA:  OR=237.09  AND_pred=1.29  AND+Pop=6.28  Total=244.66
  CON:  OR=1135.65  AND_pred=59.22  AND+Pop=73.72  Total=1268.59

================================================================
  Q12 Correctness Validation
================================================================

  Q12 Results (ComBit values):
  l_shipmode  high_line_count  low_line_count
  MAIL                 62071           93045
  SHIP                 62426           93261
  Consistency: ALL MATCH

[Baseline] DuckDB native SQL  (single run: 1067.63 ms)
  SQL ground truth: MAIL=(62071,93045)  SHIP=(62426,93261)
[OK] all active backends match DuckDB SQL ground truth (per-shipmode high/low counts exact).

================================================================
  Q12 RESULTS (8 measured iterations, median +/- stddev)
================================================================
                  CB (ms)         CR (ms)        CRR (ms)        WAH (ms)        EW (ms)
  -----------------------------------------------------------------------------------------
  OR_date          78.79 +/-  0.30    204.83 +/-  0.23     35.09 +/-  0.37     38.40 +/-  0.25    885.83 +/-  5.93
  AND_pred          2.08 +/-  0.02     10.62 +/-  0.03     10.63 +/-  0.23      1.42 +/-  0.00     12.67 +/-  0.70
  AND+Pop           9.83 +/-  0.07      5.32 +/-  0.03      5.16 +/-  0.02     14.94 +/-  0.14     22.05 +/-  0.30
  -----------------------------------------------------------------------------------------
  TOTAL            90.74 +/-  0.35    220.77 +/-  0.22     50.83 +/-  0.60     54.84 +/-  0.23    921.57 +/-  5.80
================================================================


================================================================
  Q12 BASELINE BACKENDS (no compression / Concise)
================================================================
                  BS (ms)         BSA (ms)        Concise (ms)     BS vs WAH   BSA vs WAH   CON vs WAH
  ----------------------------------------------------------------------------------------------
  OR_date         365.65 +/-  1.72    236.63 +/-  0.55   1135.73 +/-  2.96      0.11x      0.16x      0.03x
  AND_pred          1.95 +/-  0.01      1.29 +/-  0.01     58.99 +/-  0.18      0.73x      1.10x      0.02x
  AND+Pop          11.51 +/-  0.27      6.29 +/-  0.06     73.04 +/-  0.44      1.30x      2.38x      0.20x
  ----------------------------------------------------------------------------------------------
  TOTAL           379.01 +/-  1.71    244.27 +/-  0.53   1268.04 +/-  2.68      0.14x      0.22x      0.04x
================================================================

  [CSV] Results written to: q12_results_SF10.csv
┌────────────┬─────────────────┬────────────────┐
│ l_shipmode │ high_line_count │ low_line_count │
│  varchar   │     int128      │     int128     │
├────────────┼─────────────────┼────────────────┤
│ MAIL       │           62071 │          93045 │
│ SHIP       │           62426 │          93261 │
└────────────┴─────────────────┴────────────────┘
  [Breakdown] ComBit   L1=32.98 MiB  L2=10.16 MiB  L3=7.84 MiB  L4=5.15 MiB  total=56.13 MiB
