# cwd=/home/lichenhang/lee/thesis/check/lee/duckdb-dev
# cmd=/home/lichenhang/lee/thesis/check/lee/duckdb-dev/build/release/duckdb /home/lichenhang/lee/thesis/check/lee/duckdb-dev/tpch_sf10.db -c PRAGMA bm_tpch(14);

================================================================
  TPC-H Q14 Benchmark — 8 backends (SF10)
  OR shipdate days 1339..1368 (30 bitmaps), AND is_promo, then per-row revenue aggregation
  TPC-H params: l_shipdate [1995-09-01, 1995-10-01), p_type LIKE 'PROMO%'
  Bitmap dirs: tpch_q14_combit tpch_q14_croaring tpch_q14_wah tpch_q14_ewah
  Iterations: 10 (first 2 = warm-up)
================================================================

[Pre-load] Loading 59986052 rows (price, discount) ...
[Pre-load] Done in 780.265 ms
[Build is_promo] 9988349 set / 59986052 rows in 2542.39 ms

[Load] Loading bitmaps (mode=ALL)...
  WAH load:      239.916 ms
  ComBit load:   404.094 ms
  CRoaring load: 46.445 ms
  CRR load:      52.484 ms
  EWAH load:     42.303 ms
  Bitset load:   116.429 ms (shared by BS / BSA)
  Concise load:  84.477 ms
  WAH      on disk: 0.00 MiB
  ComBit   on disk: 0.00 MiB
  CRoaring on disk: 0.00 MiB (shared by CR / CRR)
  EWAH     on disk: 0.00 MiB

--- Iteration 1/10 (warm-up) ---
  CB:   OR=7.94  AND_pro=4.38  Agg=38.66  Total=50.98  promo=16.65%
  CR:   OR=15.51  AND_pro=1.09  Agg=19.28  Total=35.88  promo=16.65%
  CRR:  OR=6.41  AND_pro=1.13  Agg=16.86  Total=24.40  promo=16.65%
  WAH:  OR=4.50  AND_pro=4.16  Agg=33.99  Total=42.65  promo=16.65%
  EW:   OR=54.55  AND_pro=6.49  Agg=17.44  Total=78.48  promo=16.65%
  BS:   OR=30.38  AND_pro=2.70  Agg=11.72  Total=44.80  promo=16.65%
  BSA:  OR=20.10  AND_pro=1.75  Agg=11.69  Total=33.54  promo=16.65%
  CON:  OR=67.32  AND_pro=19.16  Agg=23.01  Total=109.49  promo=16.65%

--- Iteration 2/10 (warm-up) ---
  CB:   OR=7.89  AND_pro=1.59  Agg=26.16  Total=35.64  promo=16.65%
  CR:   OR=15.71  AND_pro=1.11  Agg=12.39  Total=29.22  promo=16.65%
  CRR:  OR=6.60  AND_pro=1.14  Agg=11.03  Total=18.78  promo=16.65%
  WAH:  OR=3.72  AND_pro=2.20  Agg=30.12  Total=36.04  promo=16.65%
  EW:   OR=54.41  AND_pro=6.49  Agg=18.51  Total=79.41  promo=16.65%
  BS:   OR=30.12  AND_pro=2.70  Agg=11.82  Total=44.64  promo=16.65%
  BSA:  OR=20.00  AND_pro=1.74  Agg=11.84  Total=33.58  promo=16.65%
  CON:  OR=67.26  AND_pro=18.97  Agg=23.11  Total=109.35  promo=16.65%

--- Iteration 3/10 ---
  CB:   OR=7.94  AND_pro=1.60  Agg=26.92  Total=36.47  promo=16.65%
  CR:   OR=15.73  AND_pro=1.11  Agg=14.15  Total=31.00  promo=16.65%
  CRR:  OR=6.39  AND_pro=1.14  Agg=13.69  Total=21.21  promo=16.65%
  WAH:  OR=3.73  AND_pro=2.22  Agg=31.92  Total=37.86  promo=16.65%
  EW:   OR=54.42  AND_pro=6.48  Agg=16.50  Total=77.41  promo=16.65%
  BS:   OR=29.96  AND_pro=2.69  Agg=11.22  Total=43.87  promo=16.65%
  BSA:  OR=20.02  AND_pro=1.71  Agg=11.39  Total=33.12  promo=16.65%
  CON:  OR=67.07  AND_pro=18.96  Agg=28.03  Total=114.05  promo=16.65%

--- Iteration 4/10 ---
  CB:   OR=8.09  AND_pro=1.72  Agg=31.72  Total=41.53  promo=16.65%
  CR:   OR=15.69  AND_pro=1.09  Agg=15.83  Total=32.62  promo=16.65%
  CRR:  OR=6.41  AND_pro=1.13  Agg=12.63  Total=20.17  promo=16.65%
  WAH:  OR=3.70  AND_pro=2.19  Agg=30.08  Total=35.97  promo=16.65%
  EW:   OR=54.20  AND_pro=6.50  Agg=15.40  Total=76.10  promo=16.65%
  BS:   OR=29.93  AND_pro=2.04  Agg=11.05  Total=43.03  promo=16.65%
  BSA:  OR=20.13  AND_pro=1.73  Agg=10.99  Total=32.84  promo=16.65%
  CON:  OR=67.10  AND_pro=19.16  Agg=21.05  Total=107.31  promo=16.65%

--- Iteration 5/10 ---
  CB:   OR=7.49  AND_pro=1.59  Agg=26.03  Total=35.10  promo=16.65%
  CR:   OR=15.75  AND_pro=1.11  Agg=13.43  Total=30.29  promo=16.65%
  CRR:  OR=6.44  AND_pro=1.13  Agg=12.89  Total=20.46  promo=16.65%
  WAH:  OR=3.73  AND_pro=2.19  Agg=31.30  Total=37.22  promo=16.65%
  EW:   OR=54.21  AND_pro=6.52  Agg=20.64  Total=81.37  promo=16.65%
  BS:   OR=30.88  AND_pro=2.71  Agg=12.58  Total=46.17  promo=16.65%
  BSA:  OR=19.99  AND_pro=1.73  Agg=12.02  Total=33.74  promo=16.65%
  CON:  OR=67.30  AND_pro=19.01  Agg=25.59  Total=111.89  promo=16.65%

--- Iteration 6/10 ---
  CB:   OR=7.71  AND_pro=1.62  Agg=29.42  Total=38.76  promo=16.65%
  CR:   OR=15.73  AND_pro=1.10  Agg=15.41  Total=32.24  promo=16.65%
  CRR:  OR=6.40  AND_pro=1.12  Agg=14.34  Total=21.87  promo=16.65%
  WAH:  OR=3.71  AND_pro=2.19  Agg=31.36  Total=37.26  promo=16.65%
  EW:   OR=54.23  AND_pro=6.56  Agg=16.09  Total=76.88  promo=16.65%
  BS:   OR=30.20  AND_pro=2.05  Agg=11.38  Total=43.64  promo=16.65%
  BSA:  OR=19.97  AND_pro=1.78  Agg=11.24  Total=32.99  promo=16.65%
  CON:  OR=67.13  AND_pro=19.08  Agg=21.07  Total=107.29  promo=16.65%

--- Iteration 7/10 ---
  CB:   OR=7.81  AND_pro=1.58  Agg=24.86  Total=34.25  promo=16.65%
  CR:   OR=15.72  AND_pro=1.11  Agg=12.98  Total=29.81  promo=16.65%
  CRR:  OR=6.58  AND_pro=1.13  Agg=12.65  Total=20.36  promo=16.65%
  WAH:  OR=3.77  AND_pro=2.16  Agg=32.45  Total=38.39  promo=16.65%
  EW:   OR=54.41  AND_pro=6.54  Agg=17.04  Total=77.99  promo=16.65%
  BS:   OR=30.11  AND_pro=2.53  Agg=11.55  Total=44.20  promo=16.65%
  BSA:  OR=20.00  AND_pro=1.74  Agg=13.47  Total=35.21  promo=16.65%
  CON:  OR=67.24  AND_pro=19.18  Agg=21.35  Total=107.77  promo=16.65%

--- Iteration 8/10 ---
  CB:   OR=7.73  AND_pro=1.62  Agg=25.97  Total=35.33  promo=16.65%
  CR:   OR=15.77  AND_pro=1.10  Agg=12.77  Total=29.64  promo=16.65%
  CRR:  OR=6.34  AND_pro=1.13  Agg=12.13  Total=19.61  promo=16.65%
  WAH:  OR=3.69  AND_pro=2.24  Agg=30.86  Total=36.79  promo=16.65%
  EW:   OR=54.33  AND_pro=6.51  Agg=15.20  Total=76.04  promo=16.65%
  BS:   OR=30.07  AND_pro=2.57  Agg=11.12  Total=43.76  promo=16.65%
  BSA:  OR=19.95  AND_pro=1.80  Agg=10.97  Total=32.73  promo=16.65%
  CON:  OR=67.27  AND_pro=19.12  Agg=22.39  Total=108.78  promo=16.65%

--- Iteration 9/10 ---
  CB:   OR=7.58  AND_pro=1.63  Agg=26.31  Total=35.52  promo=16.65%
  CR:   OR=15.89  AND_pro=1.11  Agg=13.03  Total=30.03  promo=16.65%
  CRR:  OR=6.34  AND_pro=1.12  Agg=12.23  Total=19.69  promo=16.65%
  WAH:  OR=3.68  AND_pro=2.28  Agg=31.52  Total=37.47  promo=16.65%
  EW:   OR=54.37  AND_pro=6.47  Agg=18.78  Total=79.62  promo=16.65%
  BS:   OR=30.52  AND_pro=2.04  Agg=11.69  Total=44.25  promo=16.65%
  BSA:  OR=20.11  AND_pro=1.74  Agg=11.58  Total=33.43  promo=16.65%
  CON:  OR=67.02  AND_pro=18.98  Agg=22.70  Total=108.70  promo=16.65%

--- Iteration 10/10 ---
  CB:   OR=7.46  AND_pro=1.58  Agg=26.31  Total=35.35  promo=16.65%
  CR:   OR=15.73  AND_pro=1.12  Agg=14.73  Total=31.58  promo=16.65%
  CRR:  OR=6.47  AND_pro=1.15  Agg=14.41  Total=22.04  promo=16.65%
  WAH:  OR=3.86  AND_pro=2.27  Agg=35.49  Total=41.63  promo=16.65%
  EW:   OR=54.41  AND_pro=6.52  Agg=22.10  Total=83.03  promo=16.65%
  BS:   OR=30.84  AND_pro=2.71  Agg=13.12  Total=46.67  promo=16.65%
  BSA:  OR=20.03  AND_pro=1.72  Agg=12.74  Total=34.48  promo=16.65%
  CON:  OR=67.20  AND_pro=18.98  Agg=24.80  Total=110.98  promo=16.65%

================================================================
  Q14 Correctness Validation
================================================================
  Q14 Result (ComBit):
    promo_revenue = 16.6476  %  (promo_rev=45330799274176 total_rev=272296385352695)
  Consistency: ALL MATCH

[Baseline] DuckDB native SQL  (single run: 729.35 ms)
  SQL ground truth:  promo_revenue = 16.6476 %
[OK] all active backends match DuckDB SQL ground truth (promo_revenue within 0.0000).

================================================================
  Q14 RESULTS (8 measured iterations, median +/- stddev)
================================================================
                  CB (ms)         CR (ms)        CRR (ms)        WAH (ms)        EW (ms)
  -----------------------------------------------------------------------------------------
  OR_date           7.72 +/-  0.20     15.73 +/-  0.06      6.41 +/-  0.07      3.72 +/-  0.06     54.35 +/-  0.09
  AND_pro           1.61 +/-  0.04      1.11 +/-  0.01      1.13 +/-  0.01      2.20 +/-  0.04      6.51 +/-  0.03
  Agg              26.31 +/-  2.10     13.79 +/-  1.10     12.77 +/-  0.85     31.44 +/-  1.52     16.77 +/-  2.38
  -----------------------------------------------------------------------------------------
  TOTAL            35.43 +/-  2.27     30.64 +/-  1.07     20.41 +/-  0.87     37.36 +/-  1.59     77.70 +/-  2.39
================================================================

================================================================
  Q14 BASELINE BACKENDS (no compression / Concise)
================================================================
                  BS (ms)         BSA (ms)        Concise (ms)     BS vs WAH   BSA vs WAH   CON vs WAH
  ----------------------------------------------------------------------------------------------
  OR_date          30.16 +/-  0.36     20.01 +/-  0.06     67.17 +/-  0.09      0.12x      0.19x      0.06x
  AND_pro           2.55 +/-  0.29      1.73 +/-  0.03     19.05 +/-  0.08      0.86x      1.27x      0.12x
  Agg              11.47 +/-  0.70     11.49 +/-  0.84     22.54 +/-  2.36      2.74x      2.74x      1.39x
  ----------------------------------------------------------------------------------------------
  TOTAL            44.03 +/-  1.20     33.28 +/-  0.82    108.74 +/-  2.30      0.85x      1.12x      0.34x
================================================================

  [CSV] Results written to: q14_results_SF10.csv
┌────────────────────┐
│   promo_revenue    │
│       double       │
├────────────────────┤
│ 16.647594941615097 │
└────────────────────┘
  [Breakdown] ComBit   L1=0.71 MiB  L2=0.69 MiB  L3=0.63 MiB  L4=0.42 MiB  total=2.45 MiB
