# cwd=/home/lichenhang/lee/thesis/check/lee/duckdb-dev
# cmd=/home/lichenhang/lee/thesis/check/lee/duckdb-dev/build/release/duckdb /home/lichenhang/lee/thesis/check/lee/duckdb-dev/tpch_sf10.db -c PRAGMA bm_tpch(15);

================================================================
  TPC-H Q15 Benchmark — 8 backends (SF10)
  OR shipdate days 1461..1551 (91 bitmaps), then per-row revenue aggregation grouped by l_suppkey
  TPC-H params: l_shipdate [1996-01-01, 1996-04-01)
  Bitmap dirs: tpch_q15_combit tpch_q15_croaring tpch_q15_wah tpch_q15_ewah
  Iterations: 10 (first 2 = warm-up)
================================================================

[Pre-load] Streaming lineitem (suppkey, price, discount) ...
[Pre-load] 59986052 rows in 1057.04 ms  (max_suppkey=100000)

[Load] Loading shipdate bitmaps (mode=ALL)...
  WAH load:      22.264 ms
  ComBit load:   120.622 ms
  CRoaring load: 10.283 ms
  CRR load:      13.02 ms
  EWAH load:     23.144 ms
  Bitset load:   317.192 ms (shared by BS / BSA)
  Concise load:  37.543 ms
  WAH      on disk: 0.00 MiB
  ComBit   on disk: 0.00 MiB
  CRoaring on disk: 0.00 MiB (shared by CR / CRR)
  EWAH     on disk: 0.00 MiB

--- Iteration 1/10 (warm-up) ---
  CB:   OR=25.00  Agg=45.47  Total=70.47  max=2194132.82  ties=1
  CR:   OR=84.74  Agg=56.74  Total=141.47  max=2194132.82  ties=1
  CRR:  OR=14.20  Agg=56.66  Total=70.85  max=2194132.82  ties=1
  WAH:  OR=12.36  Agg=80.75  Total=93.11  max=2194132.82  ties=1
  EW:   OR=208.23  Agg=54.32  Total=262.55  max=2194132.82  ties=1
  BS:   OR=93.71  Agg=29.61  Total=123.32  max=2194132.82  ties=1
  BSA:  OR=59.92  Agg=29.74  Total=89.66  max=2194132.82  ties=1
  CON:  OR=245.70  Agg=61.24  Total=306.94  max=2194132.82  ties=1

--- Iteration 2/10 (warm-up) ---
  CB:   OR=23.80  Agg=45.15  Total=68.95  max=2194132.82  ties=1
  CR:   OR=82.08  Agg=56.87  Total=138.95  max=2194132.82  ties=1
  CRR:  OR=12.18  Agg=56.83  Total=69.02  max=2194132.82  ties=1
  WAH:  OR=10.37  Agg=78.93  Total=89.30  max=2194132.82  ties=1
  EW:   OR=204.08  Agg=53.34  Total=257.42  max=2194132.82  ties=1
  BS:   OR=94.68  Agg=29.72  Total=124.40  max=2194132.82  ties=1
  BSA:  OR=60.07  Agg=29.60  Total=89.66  max=2194132.82  ties=1
  CON:  OR=245.86  Agg=60.65  Total=306.51  max=2194132.82  ties=1

--- Iteration 3/10 ---
  CB:   OR=23.32  Agg=45.04  Total=68.36  max=2194132.82  ties=1
  CR:   OR=81.91  Agg=56.88  Total=138.79  max=2194132.82  ties=1
  CRR:  OR=12.28  Agg=56.89  Total=69.17  max=2194132.82  ties=1
  WAH:  OR=11.01  Agg=74.57  Total=85.58  max=2194132.82  ties=1
  EW:   OR=211.89  Agg=53.35  Total=265.24  max=2194132.82  ties=1
  BS:   OR=94.72  Agg=29.68  Total=124.40  max=2194132.82  ties=1
  BSA:  OR=60.88  Agg=30.46  Total=91.34  max=2194132.82  ties=1
  CON:  OR=242.05  Agg=61.26  Total=303.32  max=2194132.82  ties=1

--- Iteration 4/10 ---
  CB:   OR=22.21  Agg=45.27  Total=67.47  max=2194132.82  ties=1
  CR:   OR=82.39  Agg=56.63  Total=139.03  max=2194132.82  ties=1
  CRR:  OR=12.14  Agg=56.33  Total=68.47  max=2194132.82  ties=1
  WAH:  OR=10.15  Agg=74.80  Total=84.95  max=2194132.82  ties=1
  EW:   OR=202.38  Agg=53.41  Total=255.79  max=2194132.82  ties=1
  BS:   OR=92.16  Agg=29.80  Total=121.95  max=2194132.82  ties=1
  BSA:  OR=59.93  Agg=29.59  Total=89.52  max=2194132.82  ties=1
  CON:  OR=238.83  Agg=60.99  Total=299.82  max=2194132.82  ties=1

--- Iteration 5/10 ---
  CB:   OR=22.37  Agg=45.08  Total=67.45  max=2194132.82  ties=1
  CR:   OR=82.00  Agg=56.87  Total=138.87  max=2194132.82  ties=1
  CRR:  OR=12.25  Agg=56.80  Total=69.05  max=2194132.82  ties=1
  WAH:  OR=10.46  Agg=74.74  Total=85.21  max=2194132.82  ties=1
  EW:   OR=209.50  Agg=54.00  Total=263.50  max=2194132.82  ties=1
  BS:   OR=91.80  Agg=29.68  Total=121.48  max=2194132.82  ties=1
  BSA:  OR=60.16  Agg=29.80  Total=89.95  max=2194132.82  ties=1
  CON:  OR=238.85  Agg=61.10  Total=299.95  max=2194132.82  ties=1

--- Iteration 6/10 ---
  CB:   OR=22.15  Agg=44.93  Total=67.08  max=2194132.82  ties=1
  CR:   OR=82.02  Agg=56.55  Total=138.57  max=2194132.82  ties=1
  CRR:  OR=12.16  Agg=56.68  Total=68.84  max=2194132.82  ties=1
  WAH:  OR=10.52  Agg=74.89  Total=85.41  max=2194132.82  ties=1
  EW:   OR=209.34  Agg=53.83  Total=263.18  max=2194132.82  ties=1
  BS:   OR=91.81  Agg=29.84  Total=121.65  max=2194132.82  ties=1
  BSA:  OR=60.21  Agg=29.75  Total=89.96  max=2194132.82  ties=1
  CON:  OR=238.78  Agg=61.30  Total=300.08  max=2194132.82  ties=1

--- Iteration 7/10 ---
  CB:   OR=22.14  Agg=45.23  Total=67.37  max=2194132.82  ties=1
  CR:   OR=81.94  Agg=56.54  Total=138.48  max=2194132.82  ties=1
  CRR:  OR=12.13  Agg=56.72  Total=68.85  max=2194132.82  ties=1
  WAH:  OR=10.39  Agg=74.55  Total=84.94  max=2194132.82  ties=1
  EW:   OR=209.31  Agg=53.39  Total=262.70  max=2194132.82  ties=1
  BS:   OR=91.12  Agg=29.65  Total=120.77  max=2194132.82  ties=1
  BSA:  OR=59.98  Agg=29.80  Total=89.78  max=2194132.82  ties=1
  CON:  OR=238.72  Agg=60.53  Total=299.26  max=2194132.82  ties=1

--- Iteration 8/10 ---
  CB:   OR=22.21  Agg=44.73  Total=66.94  max=2194132.82  ties=1
  CR:   OR=81.81  Agg=56.38  Total=138.20  max=2194132.82  ties=1
  CRR:  OR=12.14  Agg=56.27  Total=68.40  max=2194132.82  ties=1
  WAH:  OR=10.66  Agg=74.31  Total=84.96  max=2194132.82  ties=1
  EW:   OR=209.14  Agg=54.14  Total=263.28  max=2194132.82  ties=1
  BS:   OR=91.25  Agg=29.68  Total=120.93  max=2194132.82  ties=1
  BSA:  OR=60.11  Agg=29.61  Total=89.72  max=2194132.82  ties=1
  CON:  OR=238.72  Agg=61.13  Total=299.85  max=2194132.82  ties=1

--- Iteration 9/10 ---
  CB:   OR=22.23  Agg=45.14  Total=67.37  max=2194132.82  ties=1
  CR:   OR=81.99  Agg=56.39  Total=138.38  max=2194132.82  ties=1
  CRR:  OR=12.12  Agg=56.76  Total=68.88  max=2194132.82  ties=1
  WAH:  OR=10.53  Agg=74.63  Total=85.16  max=2194132.82  ties=1
  EW:   OR=209.51  Agg=53.41  Total=262.92  max=2194132.82  ties=1
  BS:   OR=91.23  Agg=29.70  Total=120.94  max=2194132.82  ties=1
  BSA:  OR=60.10  Agg=29.57  Total=89.67  max=2194132.82  ties=1
  CON:  OR=238.97  Agg=61.18  Total=300.15  max=2194132.82  ties=1

--- Iteration 10/10 ---
  CB:   OR=22.57  Agg=44.93  Total=67.51  max=2194132.82  ties=1
  CR:   OR=81.94  Agg=56.37  Total=138.31  max=2194132.82  ties=1
  CRR:  OR=12.25  Agg=56.33  Total=68.58  max=2194132.82  ties=1
  WAH:  OR=10.67  Agg=75.04  Total=85.72  max=2194132.82  ties=1
  EW:   OR=210.81  Agg=53.39  Total=264.21  max=2194132.82  ties=1
  BS:   OR=91.59  Agg=30.28  Total=121.88  max=2194132.82  ties=1
  BSA:  OR=60.34  Agg=29.64  Total=89.98  max=2194132.82  ties=1
  CON:  OR=239.59  Agg=60.56  Total=300.16  max=2194132.82  ties=1

================================================================
  Q15 Correctness Validation
================================================================
  Q15 Result (ComBit):
    max total_revenue = 2194132.82   (fp=21941328166)   ties=1
    suppkey(s): 69998
  Consistency: ALL MATCH

  Tied supplier rows (bitmap pipeline):
    69998  Supplier#000069998  total_revenue=2194132.82

[Baseline] DuckDB native SQL  (single run: 554.93 ms)
  SQL ground truth rows: 1
    69998  Supplier#000069998  total_revenue=2194132.82
[OK] all active backends match DuckDB SQL ground truth (1 row(s), revenue within 0.01).

================================================================
  Q15 RESULTS (8 measured iterations, median +/- stddev)
================================================================
  CB    OR=22.22   +/- 0.37   Agg=45.06   +/- 0.17   Total=67.41   +/- 0.39  (ms)
  CR    OR=81.97   +/- 0.16   Agg=56.55   +/- 0.19   Total=138.53  +/- 0.27  (ms)
  CRR   OR=12.15   +/- 0.06   Agg=56.70   +/- 0.23   Total=68.85   +/- 0.26  (ms)
  WAH   OR=10.52   +/- 0.23   Agg=74.69   +/- 0.21   Total=85.18   +/- 0.28  (ms)
  EW    OR=209.42  +/- 2.65   Agg=53.41   +/- 0.30   Total=263.23  +/- 2.68  (ms)
  BS    OR=91.69   +/- 1.09   Agg=29.69   +/- 0.20   Total=121.56  +/- 1.09  (ms)
  BSA   OR=60.13   +/- 0.28   Agg=29.70   +/- 0.27   Total=89.87   +/- 0.53  (ms)
  CON   OR=238.84  +/- 1.07   Agg=61.12   +/- 0.28   Total=300.02  +/- 1.16  (ms)
================================================================

  [CSV] Results written to: q15_results_SF10.csv
┌───────────┬────────────────────┬──────────────────────────────────────────┬─────────────────┬───────────────┐
│ s_suppkey │       s_name       │                s_address                 │     s_phone     │ total_revenue │
│   int64   │      varchar       │                 varchar                  │     varchar     │ decimal(38,4) │
├───────────┼────────────────────┼──────────────────────────────────────────┼─────────────────┼───────────────┤
│     69998 │ Supplier#000069998 │ 117W54YtKASNfzkZRS8P32856BMj0HKf895vdukw │ 16-386-278-9829 │  2194132.8166 │
└───────────┴────────────────────┴──────────────────────────────────────────┴─────────────────┴───────────────┘
  [Breakdown] ComBit   L1=2.13 MiB  L2=2.10 MiB  L3=1.92 MiB  L4=1.27 MiB  total=7.43 MiB
