# cwd=/home/lichenhang/lee/thesis/check/lee/duckdb-dev
# cmd=/home/lichenhang/lee/thesis/check/lee/duckdb-dev/build/release/duckdb /home/lichenhang/lee/thesis/check/lee/duckdb-dev/tpch_sf10.db -c PRAGMA bm_tpch(17);

================================================================
  TPC-H Q17 Benchmark — 8 backends (SF10)
  Single-bitmap two-pass aggregation over is_q17_part.
  TPC-H params: p_brand='Brand#23', p_container='MED BOX'
  Bitmap dirs: tpch_q17_ddc tpch_q17_croaring tpch_q17_wah tpch_q17_ewah
  Iterations: 10 (first 2 = warm-up)
================================================================

[Pre-load] Loading 59986052 rows (partkey, quantity, extendedprice) ...
[Pre-load] 59986052 rows in 1328.22 ms  (max_partkey=2000000)
[Build is_q17_part] 61385 set / 59986052 rows in 1258.35 ms

[Load] Loading is_q17_part bitmaps (mode=ALL)...
  WAH load:      103.714 ms
  DDC load:   239.467 ms
  CRoaring load: 0.485 ms
  CRR load:      0.526 ms
  EWAH load:     0.804 ms
  Bitset load:   3.501 ms (shared by BS / BSA)
  Concise load:  0.637 ms
  WAH      on disk: 0.00 MiB
  DDC   on disk: 0.00 MiB
  CRoaring on disk: 0.00 MiB (shared by CR / CRR)
  EWAH     on disk: 0.00 MiB

--- Iteration 1/10 (warm-up) ---
  CB:   Pass1=9.83  Pass2=3.60  Total=13.43  avg_yearly=3295493.51
  CR:   Pass1=6.14  Pass2=1.44  Total=7.58  avg_yearly=3295493.51
  CRR:  Pass1=5.96  Pass2=1.37  Total=7.33  avg_yearly=3295493.51
  WAH:  Pass1=6.77  Pass2=2.74  Total=9.51  avg_yearly=3295493.51
  EW:   Pass1=5.40  Pass2=1.51  Total=6.91  avg_yearly=3295493.51
  BS:   Pass1=6.41  Pass2=2.76  Total=9.17  avg_yearly=3295493.51
  BSA:  Pass1=6.30  Pass2=2.70  Total=9.01  avg_yearly=3295493.51
  CON:  Pass1=5.72  Pass2=1.90  Total=7.61  avg_yearly=3295493.51

--- Iteration 2/10 (warm-up) ---
  CB:   Pass1=5.62  Pass2=1.69  Total=7.31  avg_yearly=3295493.51
  CR:   Pass1=5.48  Pass2=1.31  Total=6.79  avg_yearly=3295493.51
  CRR:  Pass1=5.43  Pass2=1.32  Total=6.75  avg_yearly=3295493.51
  WAH:  Pass1=6.39  Pass2=2.68  Total=9.08  avg_yearly=3295493.51
  EW:   Pass1=5.38  Pass2=1.49  Total=6.87  avg_yearly=3295493.51
  BS:   Pass1=6.28  Pass2=2.65  Total=8.93  avg_yearly=3295493.51
  BSA:  Pass1=6.22  Pass2=2.70  Total=8.92  avg_yearly=3295493.51
  CON:  Pass1=5.69  Pass2=1.90  Total=7.59  avg_yearly=3295493.51

--- Iteration 3/10 ---
  CB:   Pass1=5.62  Pass2=1.68  Total=7.30  avg_yearly=3295493.51
  CR:   Pass1=5.48  Pass2=1.31  Total=6.80  avg_yearly=3295493.51
  CRR:  Pass1=5.40  Pass2=1.31  Total=6.72  avg_yearly=3295493.51
  WAH:  Pass1=6.42  Pass2=2.70  Total=9.12  avg_yearly=3295493.51
  EW:   Pass1=5.38  Pass2=1.48  Total=6.86  avg_yearly=3295493.51
  BS:   Pass1=6.28  Pass2=2.66  Total=8.94  avg_yearly=3295493.51
  BSA:  Pass1=6.25  Pass2=2.69  Total=8.94  avg_yearly=3295493.51
  CON:  Pass1=5.69  Pass2=1.89  Total=7.58  avg_yearly=3295493.51

--- Iteration 4/10 ---
  CB:   Pass1=5.60  Pass2=1.68  Total=7.27  avg_yearly=3295493.51
  CR:   Pass1=5.46  Pass2=1.32  Total=6.79  avg_yearly=3295493.51
  CRR:  Pass1=5.41  Pass2=1.34  Total=6.75  avg_yearly=3295493.51
  WAH:  Pass1=6.40  Pass2=2.76  Total=9.16  avg_yearly=3295493.51
  EW:   Pass1=5.35  Pass2=1.47  Total=6.83  avg_yearly=3295493.51
  BS:   Pass1=6.29  Pass2=2.64  Total=8.93  avg_yearly=3295493.51
  BSA:  Pass1=6.28  Pass2=2.69  Total=8.97  avg_yearly=3295493.51
  CON:  Pass1=5.69  Pass2=1.89  Total=7.58  avg_yearly=3295493.51

--- Iteration 5/10 ---
  CB:   Pass1=5.62  Pass2=1.67  Total=7.29  avg_yearly=3295493.51
  CR:   Pass1=5.47  Pass2=1.31  Total=6.79  avg_yearly=3295493.51
  CRR:  Pass1=5.41  Pass2=1.31  Total=6.73  avg_yearly=3295493.51
  WAH:  Pass1=6.44  Pass2=2.68  Total=9.13  avg_yearly=3295493.51
  EW:   Pass1=5.37  Pass2=1.48  Total=6.85  avg_yearly=3295493.51
  BS:   Pass1=6.28  Pass2=2.64  Total=8.92  avg_yearly=3295493.51
  BSA:  Pass1=6.23  Pass2=2.69  Total=8.92  avg_yearly=3295493.51
  CON:  Pass1=5.72  Pass2=1.90  Total=7.62  avg_yearly=3295493.51

--- Iteration 6/10 ---
  CB:   Pass1=5.63  Pass2=1.68  Total=7.32  avg_yearly=3295493.51
  CR:   Pass1=5.47  Pass2=1.31  Total=6.78  avg_yearly=3295493.51
  CRR:  Pass1=5.38  Pass2=1.31  Total=6.69  avg_yearly=3295493.51
  WAH:  Pass1=6.47  Pass2=2.70  Total=9.17  avg_yearly=3295493.51
  EW:   Pass1=5.37  Pass2=1.48  Total=6.86  avg_yearly=3295493.51
  BS:   Pass1=6.30  Pass2=2.65  Total=8.95  avg_yearly=3295493.51
  BSA:  Pass1=6.24  Pass2=2.71  Total=8.95  avg_yearly=3295493.51
  CON:  Pass1=5.70  Pass2=1.90  Total=7.59  avg_yearly=3295493.51

--- Iteration 7/10 ---
  CB:   Pass1=5.60  Pass2=1.68  Total=7.28  avg_yearly=3295493.51
  CR:   Pass1=5.47  Pass2=1.31  Total=6.78  avg_yearly=3295493.51
  CRR:  Pass1=5.46  Pass2=1.33  Total=6.79  avg_yearly=3295493.51
  WAH:  Pass1=6.42  Pass2=2.70  Total=9.13  avg_yearly=3295493.51
  EW:   Pass1=5.36  Pass2=1.51  Total=6.88  avg_yearly=3295493.51
  BS:   Pass1=6.29  Pass2=2.64  Total=8.93  avg_yearly=3295493.51
  BSA:  Pass1=6.26  Pass2=2.78  Total=9.04  avg_yearly=3295493.51
  CON:  Pass1=5.66  Pass2=1.88  Total=7.55  avg_yearly=3295493.51

--- Iteration 8/10 ---
  CB:   Pass1=5.60  Pass2=1.68  Total=7.28  avg_yearly=3295493.51
  CR:   Pass1=5.46  Pass2=1.31  Total=6.77  avg_yearly=3295493.51
  CRR:  Pass1=5.45  Pass2=1.31  Total=6.76  avg_yearly=3295493.51
  WAH:  Pass1=6.47  Pass2=2.81  Total=9.28  avg_yearly=3295493.51
  EW:   Pass1=5.37  Pass2=1.48  Total=6.85  avg_yearly=3295493.51
  BS:   Pass1=6.30  Pass2=2.66  Total=8.96  avg_yearly=3295493.51
  BSA:  Pass1=6.25  Pass2=2.69  Total=8.93  avg_yearly=3295493.51
  CON:  Pass1=5.68  Pass2=1.89  Total=7.57  avg_yearly=3295493.51

--- Iteration 9/10 ---
  CB:   Pass1=5.59  Pass2=1.69  Total=7.28  avg_yearly=3295493.51
  CR:   Pass1=5.45  Pass2=1.31  Total=6.77  avg_yearly=3295493.51
  CRR:  Pass1=5.44  Pass2=1.32  Total=6.76  avg_yearly=3295493.51
  WAH:  Pass1=6.47  Pass2=2.69  Total=9.16  avg_yearly=3295493.51
  EW:   Pass1=5.35  Pass2=1.49  Total=6.84  avg_yearly=3295493.51
  BS:   Pass1=6.29  Pass2=2.65  Total=8.94  avg_yearly=3295493.51
  BSA:  Pass1=6.25  Pass2=2.69  Total=8.95  avg_yearly=3295493.51
  CON:  Pass1=5.67  Pass2=1.90  Total=7.57  avg_yearly=3295493.51

--- Iteration 10/10 ---
  CB:   Pass1=5.60  Pass2=1.69  Total=7.29  avg_yearly=3295493.51
  CR:   Pass1=5.47  Pass2=1.31  Total=6.78  avg_yearly=3295493.51
  CRR:  Pass1=5.46  Pass2=1.31  Total=6.77  avg_yearly=3295493.51
  WAH:  Pass1=6.41  Pass2=2.69  Total=9.10  avg_yearly=3295493.51
  EW:   Pass1=5.36  Pass2=1.48  Total=6.84  avg_yearly=3295493.51
  BS:   Pass1=6.26  Pass2=2.66  Total=8.92  avg_yearly=3295493.51
  BSA:  Pass1=6.24  Pass2=2.70  Total=8.94  avg_yearly=3295493.51
  CON:  Pass1=5.69  Pass2=1.89  Total=7.58  avg_yearly=3295493.51

================================================================
  Q17 Correctness Validation
================================================================
  Q17 Result (DDC):
    avg_yearly = 3295493.51   (sum_ep×100 = 2306845459)
  Consistency: ALL MATCH

[Baseline] DuckDB native SQL  (single run: 1300.47 ms)
  SQL ground truth:  avg_yearly = 3295493.51
[OK] all active backends match DuckDB SQL ground truth (avg_yearly within 0.00).

================================================================
  Q17 RESULTS (8 measured iterations, median +/- stddev)
================================================================
  CB    Pass1=5.60    +/- 0.01   Pass2=1.68    +/- 0.01   Total=7.28    +/- 0.01  (ms)
  CR    Pass1=5.47    +/- 0.01   Pass2=1.31    +/- 0.00   Total=6.78    +/- 0.01  (ms)
  CRR   Pass1=5.43    +/- 0.03   Pass2=1.31    +/- 0.01   Total=6.75    +/- 0.03  (ms)
  WAH   Pass1=6.43    +/- 0.03   Pass2=2.70    +/- 0.04   Total=9.14    +/- 0.05  (ms)
  EW    Pass1=5.36    +/- 0.01   Pass2=1.48    +/- 0.01   Total=6.85    +/- 0.01  (ms)
  BS    Pass1=6.29    +/- 0.01   Pass2=2.65    +/- 0.01   Total=8.94    +/- 0.01  (ms)
  BSA   Pass1=6.25    +/- 0.02   Pass2=2.69    +/- 0.03   Total=8.94    +/- 0.04  (ms)
  CON   Pass1=5.69    +/- 0.02   Pass2=1.89    +/- 0.00   Total=7.58    +/- 0.02  (ms)
================================================================

  [CSV] Results written to: q17_results_SF10.csv
┌───────────────────┐
│    avg_yearly     │
│      double       │
├───────────────────┤
│ 3295493.512857143 │
└───────────────────┘
