# cwd=/home/lichenhang/lee/thesis/check/lee/duckdb-dev
# cmd=/home/lichenhang/lee/thesis/check/lee/duckdb-dev/build/release/duckdb /home/lichenhang/lee/thesis/check/lee/duckdb-dev/tpch_sf10.db -c PRAGMA bm_tpch(19);

================================================================
  TPC-H Q19 Benchmark — 8 backends (SF10)
  3-branch OR over (brand × container × p_size × l_quantity range)
        AND with l_shipmode IN ('AIR','AIR REG')
        AND with l_shipinstruct = 'DELIVER IN PERSON'
  TPC-H params: BRAND1=Brand#12 (Q1=1..11), BRAND2=Brand#23 (Q2=10..20), BRAND3=Brand#34 (Q3=20..30)
  Bitmap dirs: tpch_q19_combit tpch_q19_croaring tpch_q19_wah tpch_q19_ewah
  Iterations: 10 (first 2 = warm-up)
================================================================

[Pre-load] Loading 59986052 rows (price, discount) ...
[Pre-load] Done in 783.858 ms
[Build branch_part] b1=23438 b2=47077 b3=72069 in 4396.49 ms

[Load] Loading bitmaps (mode=ALL)...
  WAH load:      491.685 ms
  ComBit load:   792.204 ms
  CRoaring load: 62.585 ms
  CRR load:      83.741 ms
  EWAH load:     136.399 ms
  Bitset load:   268.241 ms (shared by BS / BSA)
  Concise load:  999.343 ms
  WAH      on disk: 14.76 MiB
  ComBit   on disk: 13.16 MiB
  CRoaring on disk: 14.32 MiB (shared by CR / CRR)
  EWAH     on disk: 14.30 MiB

--- Iteration 1/10 (warm-up) ---
  CB:   OR=19.77  AND=18.05  Agg=3.33  Total=41.16  revenue=30104438.09
  CR:   OR=71.81  AND=1.92  Agg=0.07  Total=73.80  revenue=30104438.09
  CRR:  OR=22.97  AND=1.70  Agg=0.07  Total=24.74  revenue=30104438.09
  WAH:  OR=124.70  AND=17.29  Agg=1.63  Total=143.62  revenue=30104438.09
  EW:   OR=290.30  AND=5.62  Agg=0.07  Total=296.00  revenue=30104438.09
  BS:   OR=38.89  AND=21.56  Agg=0.91  Total=61.36  revenue=30104438.09
  BSA:  OR=22.90  AND=19.21  Agg=0.90  Total=43.01  revenue=30104438.09
  CON:  OR=746.96  AND=45.46  Agg=0.10  Total=792.51  revenue=30104438.09

--- Iteration 2/10 (warm-up) ---
  CB:   OR=18.92  AND=14.01  Agg=3.41  Total=36.33  revenue=30104438.09
  CR:   OR=72.14  AND=1.79  Agg=0.07  Total=74.00  revenue=30104438.09
  CRR:  OR=23.10  AND=1.70  Agg=0.07  Total=24.87  revenue=30104438.09
  WAH:  OR=125.73  AND=17.20  Agg=1.64  Total=144.57  revenue=30104438.09
  EW:   OR=282.13  AND=5.30  Agg=0.07  Total=287.51  revenue=30104438.09
  BS:   OR=38.59  AND=21.38  Agg=0.90  Total=60.87  revenue=30104438.09
  BSA:  OR=22.90  AND=19.20  Agg=0.90  Total=43.00  revenue=30104438.09
  CON:  OR=787.65  AND=54.26  Agg=0.09  Total=842.01  revenue=30104438.09

--- Iteration 3/10 ---
  CB:   OR=19.07  AND=14.79  Agg=3.24  Total=37.11  revenue=30104438.09
  CR:   OR=72.13  AND=1.77  Agg=0.07  Total=73.97  revenue=30104438.09
  CRR:  OR=23.01  AND=1.72  Agg=0.07  Total=24.80  revenue=30104438.09
  WAH:  OR=130.35  AND=17.20  Agg=1.64  Total=149.19  revenue=30104438.09
  EW:   OR=279.24  AND=5.19  Agg=0.07  Total=284.50  revenue=30104438.09
  BS:   OR=40.63  AND=21.14  Agg=0.90  Total=62.67  revenue=30104438.09
  BSA:  OR=22.94  AND=19.16  Agg=0.90  Total=43.01  revenue=30104438.09
  CON:  OR=795.13  AND=52.49  Agg=0.10  Total=847.71  revenue=30104438.09

--- Iteration 4/10 ---
  CB:   OR=19.12  AND=12.91  Agg=3.18  Total=35.21  revenue=30104438.09
  CR:   OR=72.21  AND=1.84  Agg=0.07  Total=74.12  revenue=30104438.09
  CRR:  OR=22.93  AND=1.65  Agg=0.07  Total=24.66  revenue=30104438.09
  WAH:  OR=121.97  AND=15.44  Agg=1.61  Total=139.02  revenue=30104438.09
  EW:   OR=280.25  AND=5.41  Agg=0.08  Total=285.74  revenue=30104438.09
  BS:   OR=40.83  AND=21.22  Agg=0.90  Total=62.96  revenue=30104438.09
  BSA:  OR=24.95  AND=19.05  Agg=0.89  Total=44.89  revenue=30104438.09
  CON:  OR=792.46  AND=47.84  Agg=0.10  Total=840.40  revenue=30104438.09

--- Iteration 5/10 ---
  CB:   OR=19.17  AND=12.98  Agg=3.18  Total=35.33  revenue=30104438.09
  CR:   OR=72.40  AND=1.85  Agg=0.07  Total=74.33  revenue=30104438.09
  CRR:  OR=23.00  AND=1.72  Agg=0.07  Total=24.79  revenue=30104438.09
  WAH:  OR=122.30  AND=15.49  Agg=1.59  Total=139.38  revenue=30104438.09
  EW:   OR=279.45  AND=5.60  Agg=0.07  Total=285.13  revenue=30104438.09
  BS:   OR=41.15  AND=22.83  Agg=0.91  Total=64.89  revenue=30104438.09
  BSA:  OR=25.11  AND=19.32  Agg=0.90  Total=45.34  revenue=30104438.09
  CON:  OR=788.47  AND=47.66  Agg=0.09  Total=836.23  revenue=30104438.09

--- Iteration 6/10 ---
  CB:   OR=19.20  AND=13.08  Agg=3.23  Total=35.51  revenue=30104438.09
  CR:   OR=72.47  AND=1.79  Agg=0.07  Total=74.33  revenue=30104438.09
  CRR:  OR=22.99  AND=1.69  Agg=0.08  Total=24.76  revenue=30104438.09
  WAH:  OR=129.88  AND=17.06  Agg=1.62  Total=148.56  revenue=30104438.09
  EW:   OR=279.69  AND=5.40  Agg=0.07  Total=285.17  revenue=30104438.09
  BS:   OR=40.82  AND=21.78  Agg=0.90  Total=63.51  revenue=30104438.09
  BSA:  OR=24.91  AND=18.92  Agg=0.89  Total=44.72  revenue=30104438.09
  CON:  OR=789.73  AND=48.02  Agg=0.10  Total=837.85  revenue=30104438.09

--- Iteration 7/10 ---
  CB:   OR=19.20  AND=13.46  Agg=3.24  Total=35.90  revenue=30104438.09
  CR:   OR=72.30  AND=1.81  Agg=0.07  Total=74.19  revenue=30104438.09
  CRR:  OR=23.20  AND=1.67  Agg=0.07  Total=24.94  revenue=30104438.09
  WAH:  OR=129.48  AND=16.97  Agg=1.64  Total=148.09  revenue=30104438.09
  EW:   OR=279.81  AND=5.44  Agg=0.07  Total=285.33  revenue=30104438.09
  BS:   OR=40.83  AND=21.62  Agg=0.89  Total=63.34  revenue=30104438.09
  BSA:  OR=24.98  AND=19.11  Agg=0.89  Total=44.98  revenue=30104438.09
  CON:  OR=792.25  AND=48.47  Agg=0.10  Total=840.82  revenue=30104438.09

--- Iteration 8/10 ---
  CB:   OR=19.28  AND=13.89  Agg=3.25  Total=36.42  revenue=30104438.09
  CR:   OR=72.50  AND=1.84  Agg=0.07  Total=74.42  revenue=30104438.09
  CRR:  OR=23.02  AND=1.68  Agg=0.07  Total=24.77  revenue=30104438.09
  WAH:  OR=130.16  AND=17.16  Agg=1.63  Total=148.95  revenue=30104438.09
  EW:   OR=279.06  AND=5.42  Agg=0.07  Total=284.55  revenue=30104438.09
  BS:   OR=38.90  AND=21.44  Agg=0.90  Total=61.24  revenue=30104438.09
  BSA:  OR=25.09  AND=19.24  Agg=0.90  Total=45.23  revenue=30104438.09
  CON:  OR=793.87  AND=48.42  Agg=0.09  Total=842.39  revenue=30104438.09

--- Iteration 9/10 ---
  CB:   OR=19.20  AND=13.26  Agg=3.21  Total=35.67  revenue=30104438.09
  CR:   OR=72.54  AND=1.78  Agg=0.07  Total=74.39  revenue=30104438.09
  CRR:  OR=23.01  AND=1.73  Agg=0.07  Total=24.81  revenue=30104438.09
  WAH:  OR=121.98  AND=15.29  Agg=1.63  Total=138.90  revenue=30104438.09
  EW:   OR=279.76  AND=5.36  Agg=0.07  Total=285.19  revenue=30104438.09
  BS:   OR=41.03  AND=21.45  Agg=0.90  Total=63.39  revenue=30104438.09
  BSA:  OR=25.10  AND=19.16  Agg=0.90  Total=45.16  revenue=30104438.09
  CON:  OR=790.36  AND=48.50  Agg=0.10  Total=838.96  revenue=30104438.09

--- Iteration 10/10 ---
  CB:   OR=19.28  AND=13.24  Agg=3.24  Total=35.77  revenue=30104438.09
  CR:   OR=72.42  AND=1.84  Agg=0.07  Total=74.33  revenue=30104438.09
  CRR:  OR=23.01  AND=1.69  Agg=0.07  Total=24.77  revenue=30104438.09
  WAH:  OR=130.26  AND=17.20  Agg=1.64  Total=149.10  revenue=30104438.09
  EW:   OR=280.62  AND=5.61  Agg=0.07  Total=286.31  revenue=30104438.09
  BS:   OR=40.76  AND=21.38  Agg=0.88  Total=63.02  revenue=30104438.09
  BSA:  OR=24.84  AND=19.08  Agg=0.88  Total=44.81  revenue=30104438.09
  CON:  OR=790.41  AND=47.03  Agg=0.10  Total=837.53  revenue=30104438.09

================================================================
  Q19 Correctness Validation
================================================================
  Q19 Result (ComBit):
    revenue = 30104438.09   (sum×10000 = 301044380911)
  Consistency: ALL MATCH

[Baseline] DuckDB native SQL  (single run: 1675.62 ms)
  SQL ground truth:  revenue = 30104438.09
[OK] all active backends match DuckDB SQL ground truth (revenue within 0.00).

================================================================
  Q19 RESULTS (8 measured iterations, median +/- stddev)
================================================================
  CB    OR=19.20   +/- 0.07   AND=13.25   +/- 0.58   Agg=3.23    +/- 0.03   Total=35.72   +/- 0.58  (ms)
  CR    OR=72.41   +/- 0.14   AND=1.83    +/- 0.03   Agg=0.07    +/- 0.00   Total=74.33   +/- 0.14  (ms)
  CRR   OR=23.01   +/- 0.07   AND=1.69    +/- 0.02   Agg=0.07    +/- 0.00   Total=24.78   +/- 0.07  (ms)
  WAH   OR=129.68  +/- 3.85   AND=17.01   +/- 0.83   Agg=1.63    +/- 0.02   Total=148.32  +/- 4.70  (ms)
  EW    OR=279.73  +/- 0.48   AND=5.42    +/- 0.13   Agg=0.07    +/- 0.00   Total=285.18  +/- 0.55  (ms)
  BS    OR=40.83   +/- 0.67   AND=21.45   +/- 0.50   Agg=0.90    +/- 0.01   Total=63.18   +/- 0.95  (ms)
  BSA   OR=24.96   +/- 0.69   AND=19.14   +/- 0.11   Agg=0.89    +/- 0.01   Total=44.93   +/- 0.69  (ms)
  CON   OR=791.33  +/- 2.09   AND=48.22   +/- 1.56   Agg=0.10    +/- 0.00   Total=839.68  +/- 3.38  (ms)
================================================================

  [CSV] Results written to: q19_results_SF10.csv
┌───────────────┐
│    revenue    │
│ decimal(38,4) │
├───────────────┤
│ 30104438.0911 │
└───────────────┘
  [Breakdown] ComBit   L1=43.51 MiB  L2=20.80 MiB  L3=3.25 MiB  L4=0.45 MiB  total=68.01 MiB
