# cwd=/home/lichenhang/lee/thesis/check/lee/duckdb-dev
# cmd=/home/lichenhang/lee/thesis/check/lee/duckdb-dev/build/release/duckdb /home/lichenhang/lee/thesis/check/lee/duckdb-dev/tpch_sf10.db -c PRAGMA bm_tpch(4);

================================================================
  TPC-H Q4 Benchmark — ComBit vs WAH vs CRoaring vs EWAH (SF10)
  OR orderdate days 547..638 (92 bitmaps) -> AND late_lineitem -> per-priority popcount
  TPC-H params: orderdate range [1993-07-01, 1993-10-01), EXISTS l_commitdate < l_receiptdate
  Iterations: 10 (first 2 = warm-up)
================================================================

[Probe] orders num_rows = 15000000
[Build late_lineitem] 13753474 set / 15000000 orders in 6996.03 ms

[Load] Loading bitmaps (mode=ALL)...
  WAH load:      145.826 ms
  ComBit load:   239.349 ms
  CRoaring load: 139.314 ms
  CRR load:      64.67 ms
  EWAH load:     202.469 ms
  Bitset load:   65.346 ms (shared by BS / BSA)
  Concise load:  174.173 ms

--- Iteration 1/10 (warm-up) ---
  CB:   OR=4.448  AND_late=0.641  AND_prio+Pop=1.11  Total=6.201
  CR:   OR=19.655  AND_late=0.463  AND_prio+Pop=2.044  Total=22.163
  CRR:  OR=1.887  AND_late=0.47  AND_prio+Pop=2.039  Total=4.398
  WAH:  OR=1.493  AND_late=0.29  AND_prio+Pop=3.344  Total=5.128
  EW:   OR=51.253  AND_late=1.057  AND_prio+Pop=3.089  Total=55.4
  BS:   OR=22.687  AND_late=0.255  AND_prio+Pop=1.284  Total=24.227
  BSA:  OR=14.921  AND_late=0.165  AND_prio+Pop=0.83  Total=15.917
  CON:  OR=66.844  AND_late=5.883  AND_prio+Pop=23.21  Total=95.938

--- Iteration 2/10 (warm-up) ---
  CB:   OR=4.358  AND_late=0.654  AND_prio+Pop=1.158  Total=6.171
  CR:   OR=19.716  AND_late=0.468  AND_prio+Pop=2.049  Total=22.234
  CRR:  OR=1.901  AND_late=0.478  AND_prio+Pop=2.043  Total=4.422
  WAH:  OR=1.512  AND_late=0.313  AND_prio+Pop=3.346  Total=5.172
  EW:   OR=51.16  AND_late=1.041  AND_prio+Pop=3.08  Total=55.283
  BS:   OR=22.696  AND_late=0.244  AND_prio+Pop=1.29  Total=24.232
  BSA:  OR=14.924  AND_late=0.167  AND_prio+Pop=0.825  Total=15.918
  CON:  OR=66.782  AND_late=5.851  AND_prio+Pop=23.224  Total=95.858

--- Iteration 3/10 ---
  CB:   OR=4.354  AND_late=0.645  AND_prio+Pop=1.21  Total=6.211
  CR:   OR=19.713  AND_late=0.472  AND_prio+Pop=2.034  Total=22.219
  CRR:  OR=1.877  AND_late=0.469  AND_prio+Pop=2.034  Total=4.381
  WAH:  OR=1.611  AND_late=0.311  AND_prio+Pop=3.36  Total=5.283
  EW:   OR=51.008  AND_late=1.014  AND_prio+Pop=3.105  Total=55.128
  BS:   OR=22.971  AND_late=0.253  AND_prio+Pop=1.286  Total=24.511
  BSA:  OR=14.694  AND_late=0.158  AND_prio+Pop=0.865  Total=15.718
  CON:  OR=67.03  AND_late=5.791  AND_prio+Pop=23.168  Total=95.991

--- Iteration 4/10 ---
  CB:   OR=4.334  AND_late=0.657  AND_prio+Pop=1.222  Total=6.214
  CR:   OR=19.739  AND_late=0.478  AND_prio+Pop=2.041  Total=22.259
  CRR:  OR=1.865  AND_late=0.47  AND_prio+Pop=2.036  Total=4.372
  WAH:  OR=1.608  AND_late=0.292  AND_prio+Pop=3.354  Total=5.255
  EW:   OR=51.085  AND_late=1.021  AND_prio+Pop=3.131  Total=55.237
  BS:   OR=22.669  AND_late=0.243  AND_prio+Pop=1.285  Total=24.198
  BSA:  OR=14.877  AND_late=0.161  AND_prio+Pop=0.844  Total=15.883
  CON:  OR=66.918  AND_late=5.862  AND_prio+Pop=23.206  Total=95.987

--- Iteration 5/10 ---
  CB:   OR=4.337  AND_late=0.636  AND_prio+Pop=1.193  Total=6.167
  CR:   OR=19.767  AND_late=0.478  AND_prio+Pop=2.035  Total=22.281
  CRR:  OR=1.892  AND_late=0.462  AND_prio+Pop=2.048  Total=4.403
  WAH:  OR=1.591  AND_late=0.303  AND_prio+Pop=3.379  Total=5.274
  EW:   OR=51.15  AND_late=1.037  AND_prio+Pop=3.083  Total=55.272
  BS:   OR=22.686  AND_late=0.251  AND_prio+Pop=1.278  Total=24.215
  BSA:  OR=14.918  AND_late=0.169  AND_prio+Pop=0.839  Total=15.927
  CON:  OR=66.864  AND_late=5.827  AND_prio+Pop=23.158  Total=95.851

--- Iteration 6/10 ---
  CB:   OR=4.396  AND_late=0.639  AND_prio+Pop=1.217  Total=6.253
  CR:   OR=20.879  AND_late=0.529  AND_prio+Pop=2.237  Total=23.646
  CRR:  OR=1.896  AND_late=0.465  AND_prio+Pop=2.044  Total=4.407
  WAH:  OR=1.588  AND_late=0.299  AND_prio+Pop=3.363  Total=5.251
  EW:   OR=51.06  AND_late=1.071  AND_prio+Pop=3.084  Total=55.216
  BS:   OR=22.802  AND_late=0.246  AND_prio+Pop=1.294  Total=24.343
  BSA:  OR=14.832  AND_late=0.167  AND_prio+Pop=0.837  Total=15.837
  CON:  OR=66.864  AND_late=5.879  AND_prio+Pop=23.235  Total=95.979

--- Iteration 7/10 ---
  CB:   OR=4.328  AND_late=0.634  AND_prio+Pop=1.225  Total=6.188
  CR:   OR=19.745  AND_late=0.47  AND_prio+Pop=2.045  Total=22.261
  CRR:  OR=1.88  AND_late=0.464  AND_prio+Pop=2.041  Total=4.385
  WAH:  OR=1.613  AND_late=0.301  AND_prio+Pop=3.369  Total=5.284
  EW:   OR=51.172  AND_late=1.016  AND_prio+Pop=3.096  Total=55.285
  BS:   OR=22.802  AND_late=0.249  AND_prio+Pop=1.284  Total=24.336
  BSA:  OR=14.915  AND_late=0.16  AND_prio+Pop=0.843  Total=15.919
  CON:  OR=66.928  AND_late=5.88  AND_prio+Pop=23.215  Total=96.024

--- Iteration 8/10 ---
  CB:   OR=4.329  AND_late=0.634  AND_prio+Pop=1.168  Total=6.132
  CR:   OR=19.728  AND_late=0.477  AND_prio+Pop=2.046  Total=22.252
  CRR:  OR=1.883  AND_late=0.464  AND_prio+Pop=2.037  Total=4.385
  WAH:  OR=1.496  AND_late=0.298  AND_prio+Pop=3.366  Total=5.16
  EW:   OR=51.234  AND_late=1.041  AND_prio+Pop=3.112  Total=55.388
  BS:   OR=22.688  AND_late=0.244  AND_prio+Pop=1.305  Total=24.238
  BSA:  OR=14.886  AND_late=0.161  AND_prio+Pop=0.848  Total=15.897
  CON:  OR=67.007  AND_late=5.908  AND_prio+Pop=23.228  Total=96.143

--- Iteration 9/10 ---
  CB:   OR=4.324  AND_late=0.67  AND_prio+Pop=1.195  Total=6.189
  CR:   OR=19.899  AND_late=0.474  AND_prio+Pop=2.041  Total=22.415
  CRR:  OR=1.898  AND_late=0.466  AND_prio+Pop=2.036  Total=4.401
  WAH:  OR=1.498  AND_late=0.292  AND_prio+Pop=3.483  Total=5.274
  EW:   OR=51.959  AND_late=1.063  AND_prio+Pop=3.114  Total=56.137
  BS:   OR=22.658  AND_late=0.259  AND_prio+Pop=1.283  Total=24.202
  BSA:  OR=14.965  AND_late=0.161  AND_prio+Pop=0.848  Total=15.975
  CON:  OR=66.888  AND_late=5.861  AND_prio+Pop=23.195  Total=95.945

--- Iteration 10/10 ---
  CB:   OR=4.31  AND_late=0.645  AND_prio+Pop=1.156  Total=6.112
  CR:   OR=19.749  AND_late=0.459  AND_prio+Pop=2.046  Total=22.256
  CRR:  OR=1.873  AND_late=0.467  AND_prio+Pop=2.03  Total=4.371
  WAH:  OR=1.514  AND_late=0.308  AND_prio+Pop=3.381  Total=5.203
  EW:   OR=51.204  AND_late=1.006  AND_prio+Pop=3.11  Total=55.321
  BS:   OR=23.041  AND_late=0.26  AND_prio+Pop=1.321  Total=24.623
  BSA:  OR=14.749  AND_late=0.163  AND_prio+Pop=0.83  Total=15.742
  CON:  OR=67.043  AND_late=5.867  AND_prio+Pop=23.19  Total=96.102

[Baseline] DuckDB native SQL Q4  (single run: 900.10 ms)
[OK] all active backends match DuckDB SQL ground truth (per-priority counts exact).

  Q4 per-priority counts (source=ComBit):
  o_orderpriority        order_count
  1-URGENT                    105214
  2-HIGH                      104821
  3-MEDIUM                    105227
  4-NOT SPECIFIED             105422
  5-LOW                       105356

================================================================
  Q4 RESULTS (8 measured iterations, median +/- stddev)
================================================================
                  CB (ms)         CR (ms)        CRR (ms)        WAH (ms)        EW (ms)
  -----------------------------------------------------------------------------------------
  OR_date           4.33 +/-  0.02     19.75 +/-  0.37      1.88 +/-  0.01      1.59 +/-  0.05     51.16 +/-  0.28
  AND_late          0.64 +/-  0.01      0.48 +/-  0.02      0.47 +/-  0.00      0.30 +/-  0.01      1.03 +/-  0.02
  AND_prio+Pop      1.20 +/-  0.02      2.04 +/-  0.06      2.04 +/-  0.01      3.37 +/-  0.04      3.11 +/-  0.02
  -----------------------------------------------------------------------------------------
  TOTAL             6.19 +/-  0.04     22.26 +/-  0.46      4.38 +/-  0.01      5.26 +/-  0.04     55.28 +/-  0.30
================================================================


================================================================
  Q4 BASELINE BACKENDS (no compression / Concise)
================================================================
                  BS (ms)         BSA (ms)        Concise (ms)     BS vs WAH   BSA vs WAH   CON vs WAH
  ----------------------------------------------------------------------------------------------
  OR_date          22.74 +/-  0.14     14.88 +/-  0.09     66.92 +/-  0.07      0.07x      0.11x      0.02x
  AND_late          0.25 +/-  0.01      0.16 +/-  0.00      5.86 +/-  0.03      1.20x      1.86x      0.05x
  AND_prio+Pop      1.29 +/-  0.01      0.84 +/-  0.01     23.20 +/-  0.03      2.62x      3.99x      0.15x
  ----------------------------------------------------------------------------------------------
  TOTAL            24.29 +/-  0.15     15.89 +/-  0.08     95.99 +/-  0.08      0.22x      0.33x      0.05x
================================================================

  [CSV] q4_results_SF10.csv
┌─────────────────┬─────────────┐
│ o_orderpriority │ order_count │
│     varchar     │    int64    │
├─────────────────┼─────────────┤
│ 1-URGENT        │      105214 │
│ 2-HIGH          │      104821 │
│ 3-MEDIUM        │      105227 │
│ 4-NOT SPECIFIED │      105422 │
│ 5-LOW           │      105356 │
└─────────────────┴─────────────┘
  [Breakdown] ComBit   L1=7.99 MiB  L2=1.40 MiB  L3=0.62 MiB  L4=0.34 MiB  total=10.34 MiB
