# cwd=/home/lichenhang/lee/thesis/check/lee/duckdb-dev
# cmd=/home/lichenhang/lee/thesis/check/lee/duckdb-dev/build/release/duckdb /home/lichenhang/lee/thesis/check/lee/duckdb-dev/tpch_sf10.db -c PRAGMA bm_tpch(6);

================================================================
  SYSTEM INFORMATION
================================================================
  CPU: INTEL(R) XEON(R) PLATINUM 8576C
  CPU cores: 16
  Memory: 61.4 GB
  Compiler: 13.3.0
  Optimization: enabled (-O)
  AVX-512 VBMI2: enabled
  Sizeof(void*): 8 (64-bit)

================================================================
  TPC-H Q6 Benchmark — ComBit vs WAH vs CRoaring vs EWAH (SF10, in DuckDB)
  Equality encoding on ALL columns (publication-grade)
  Bitmap dirs: tpch_q6_wah tpch_q6_combit tpch_q6_croaring tpch_q6_ewah
  Iterations: 10 (first 2 = warm-up)
  OR discount: 3 bitmaps
  OR quantity: 23 bitmaps
  OR shipdate: 365 bitmaps
  TPC-H params: discount [0.05, 0.07], quantity < 24, shipdate [1994-01-01, 1995-01-01)
================================================================

[Load] Loading bitmaps (mode=ALL)...
  WAH load:         569.0 ms (391 files)
  ComBit load:      777.8 ms (391 files)
  CRoaring load:    163.8 ms (391 files)
  CRoar+Run load:   121.0 ms (391 files)
  EWAH load:        844.6 ms (391 files)
  Bitset load:      1480.3 ms (391 files, shared by BS / BSA)
  Concise load:     943.5 ms (391 files)
  WAH      on disk: 789.93 MiB
  ComBit   on disk: 654.01 MiB
  CRoaring on disk: 325.55 MiB (shared by CR / CRR)
  EWAH     on disk: 1288.04 MiB
  Bitset in mem:    2796.02 MiB (rebuilt from CRoaring at load)
  Concise in mem:   147.14 MiB (rebuilt from CRoaring at load)

================================================================
  COMPRESSION RATIO (Q6-relevant bitmaps only)
================================================================
                 Count    Raw(MB)   ComBit(MB)  WAH(MB)  CRoar(MB)  EWAH(MB)  CB ratio  WAH ratio  CR ratio  EW ratio
  ---------------------------------------------------------------------------------------------------------------
  Discount          3      21.45       14.58    22.08     21.48     21.45      0.68      1.03      1.00      1.00
  Quantity         23     164.47       43.05   121.25     52.79    152.08      0.26      0.74      0.32      0.92
  Shipdate        365    2610.08       74.06    67.54     19.91    133.24      0.03      0.03      0.01      0.05
  ---------------------------------------------------------------------------------------------------------------
  TOTAL           391    2796.00      131.69   210.88     94.17    306.77      0.05      0.08      0.03      0.11


--- Iteration 1/10 (warm-up) ---
  WAH:  OR_disc=14.96  OR_qty=95.04  OR_ship=2442.97  AND=3.87  Decode=34.82  Total=2591.66  rows=1139264
  CB:   OR_disc=2.02  OR_qty=13.13  OR_ship=79.33  AND=1.26  Decode=6.04  Total=101.78  rows=1139264
  CR:   OR_disc=2.22  OR_qty=33.02  OR_ship=205.59  AND=11.66  Decode=2.20  Total=254.70  rows=1139264
  CRR:  OR_disc=2.56  OR_qty=15.45  OR_ship=34.99  AND=11.09  Decode=4.32  Total=68.41  rows=1139264
  EW:   OR_disc=9.41  OR_qty=219.37  OR_ship=869.26  AND=10.96  Decode=21.85  Total=1130.86  rows=1139264
  BS:   OR_disc=3.75  OR_qty=23.22  OR_ship=364.77  AND=1.97  Decode=14.39  Total=408.10  rows=1139264
  BSA:  OR_disc=2.48  OR_qty=15.69  OR_ship=237.97  AND=1.33  Decode=10.91  Total=268.39  rows=1139264
  CON:  OR_disc=23.86  OR_qty=562.99  OR_ship=1132.83  AND=45.05  Decode=18.98  Total=1783.71  rows=1139264

--- Iteration 2/10 (warm-up) ---
  WAH:  OR_disc=12.74  OR_qty=92.00  OR_ship=2405.01  AND=3.86  Decode=34.99  Total=2548.61  rows=1139264
  CB:   OR_disc=2.13  OR_qty=13.18  OR_ship=79.46  AND=1.32  Decode=5.56  Total=101.66  rows=1139264
  CR:   OR_disc=2.20  OR_qty=33.26  OR_ship=205.39  AND=11.73  Decode=2.16  Total=254.74  rows=1139264
  CRR:  OR_disc=2.27  OR_qty=15.36  OR_ship=34.66  AND=10.91  Decode=2.07  Total=65.27  rows=1139264
  EW:   OR_disc=5.61  OR_qty=216.97  OR_ship=867.29  AND=11.02  Decode=12.92  Total=1113.82  rows=1139264
  BS:   OR_disc=3.13  OR_qty=23.13  OR_ship=363.67  AND=1.99  Decode=9.89  Total=401.81  rows=1139264
  BSA:  OR_disc=2.54  OR_qty=15.77  OR_ship=237.59  AND=1.31  Decode=9.68  Total=266.88  rows=1139264
  CON:  OR_disc=22.05  OR_qty=565.69  OR_ship=1136.88  AND=42.19  Decode=19.12  Total=1785.93  rows=1139264

--- Iteration 3/10 ---
  WAH:  OR_disc=11.60  OR_qty=91.79  OR_ship=2401.46  AND=3.86  Decode=34.98  Total=2543.70  rows=1139264
  CB:   OR_disc=2.13  OR_qty=13.07  OR_ship=80.04  AND=1.33  Decode=5.55  Total=102.12  rows=1139264
  CR:   OR_disc=2.23  OR_qty=33.26  OR_ship=206.53  AND=11.49  Decode=2.16  Total=255.67  rows=1139264
  CRR:  OR_disc=2.23  OR_qty=15.26  OR_ship=34.61  AND=10.98  Decode=2.13  Total=65.22  rows=1139264
  EW:   OR_disc=5.62  OR_qty=216.82  OR_ship=866.70  AND=11.05  Decode=12.88  Total=1113.07  rows=1139264
  BS:   OR_disc=3.14  OR_qty=23.23  OR_ship=385.36  AND=1.92  Decode=9.99  Total=423.64  rows=1139264
  BSA:  OR_disc=2.47  OR_qty=15.63  OR_ship=237.46  AND=1.28  Decode=9.69  Total=266.54  rows=1139264
  CON:  OR_disc=22.74  OR_qty=566.74  OR_ship=1142.56  AND=45.98  Decode=19.21  Total=1797.24  rows=1139264

--- Iteration 4/10 ---
  WAH:  OR_disc=12.36  OR_qty=91.88  OR_ship=2411.09  AND=3.87  Decode=34.90  Total=2554.10  rows=1139264
  CB:   OR_disc=2.22  OR_qty=13.12  OR_ship=80.33  AND=1.39  Decode=5.57  Total=102.63  rows=1139264
  CR:   OR_disc=2.16  OR_qty=33.24  OR_ship=205.24  AND=11.51  Decode=2.34  Total=254.50  rows=1139264
  CRR:  OR_disc=2.35  OR_qty=15.34  OR_ship=34.64  AND=10.90  Decode=1.94  Total=65.17  rows=1139264
  EW:   OR_disc=5.55  OR_qty=216.58  OR_ship=860.87  AND=10.86  Decode=16.75  Total=1110.61  rows=1139264
  BS:   OR_disc=3.22  OR_qty=23.30  OR_ship=365.36  AND=1.95  Decode=9.90  Total=403.74  rows=1139264
  BSA:  OR_disc=2.52  OR_qty=15.62  OR_ship=237.55  AND=1.23  Decode=9.62  Total=266.54  rows=1139264
  CON:  OR_disc=21.91  OR_qty=569.87  OR_ship=1138.29  AND=46.14  Decode=19.12  Total=1795.34  rows=1139264

--- Iteration 5/10 ---
  WAH:  OR_disc=12.34  OR_qty=91.96  OR_ship=2409.28  AND=3.84  Decode=35.14  Total=2552.56  rows=1139264
  CB:   OR_disc=2.27  OR_qty=13.09  OR_ship=79.47  AND=1.38  Decode=5.61  Total=101.82  rows=1139264
  CR:   OR_disc=2.24  OR_qty=33.18  OR_ship=206.18  AND=11.55  Decode=2.15  Total=255.31  rows=1139264
  CRR:  OR_disc=2.30  OR_qty=15.34  OR_ship=34.66  AND=10.94  Decode=1.98  Total=65.21  rows=1139264
  EW:   OR_disc=5.49  OR_qty=216.06  OR_ship=870.57  AND=10.90  Decode=16.62  Total=1119.64  rows=1139264
  BS:   OR_disc=3.25  OR_qty=23.50  OR_ship=366.65  AND=1.96  Decode=9.95  Total=405.31  rows=1139264
  BSA:  OR_disc=2.53  OR_qty=15.73  OR_ship=238.02  AND=1.30  Decode=9.67  Total=267.25  rows=1139264
  CON:  OR_disc=22.13  OR_qty=567.93  OR_ship=1138.17  AND=42.01  Decode=19.06  Total=1789.31  rows=1139264

--- Iteration 6/10 ---
  WAH:  OR_disc=12.56  OR_qty=91.93  OR_ship=2395.97  AND=3.86  Decode=34.91  Total=2539.24  rows=1139264
  CB:   OR_disc=2.27  OR_qty=13.07  OR_ship=79.60  AND=1.39  Decode=5.59  Total=101.92  rows=1139264
  CR:   OR_disc=2.21  OR_qty=33.15  OR_ship=205.24  AND=11.47  Decode=2.16  Total=254.22  rows=1139264
  CRR:  OR_disc=2.22  OR_qty=15.12  OR_ship=34.54  AND=10.93  Decode=1.99  Total=64.81  rows=1139264
  EW:   OR_disc=5.46  OR_qty=214.67  OR_ship=864.94  AND=10.83  Decode=16.53  Total=1112.43  rows=1139264
  BS:   OR_disc=3.19  OR_qty=23.64  OR_ship=364.66  AND=1.95  Decode=9.97  Total=403.41  rows=1139264
  BSA:  OR_disc=2.54  OR_qty=15.68  OR_ship=237.94  AND=1.27  Decode=9.73  Total=267.15  rows=1139264
  CON:  OR_disc=22.41  OR_qty=564.58  OR_ship=1142.44  AND=43.08  Decode=19.06  Total=1791.56  rows=1139264

--- Iteration 7/10 ---
  WAH:  OR_disc=12.32  OR_qty=91.81  OR_ship=2400.59  AND=3.84  Decode=35.50  Total=2544.07  rows=1139264
  CB:   OR_disc=2.27  OR_qty=13.07  OR_ship=79.89  AND=1.37  Decode=5.60  Total=102.20  rows=1139264
  CR:   OR_disc=2.21  OR_qty=33.21  OR_ship=205.07  AND=11.42  Decode=2.16  Total=254.07  rows=1139264
  CRR:  OR_disc=2.23  OR_qty=15.14  OR_ship=34.49  AND=10.94  Decode=1.98  Total=64.79  rows=1139264
  EW:   OR_disc=5.52  OR_qty=215.24  OR_ship=869.53  AND=10.67  Decode=12.68  Total=1113.64  rows=1139264
  BS:   OR_disc=3.11  OR_qty=22.94  OR_ship=385.96  AND=2.11  Decode=11.11  Total=425.23  rows=1139264
  BSA:  OR_disc=2.81  OR_qty=16.65  OR_ship=246.65  AND=1.31  Decode=9.65  Total=277.08  rows=1139264
  CON:  OR_disc=22.86  OR_qty=615.06  OR_ship=1146.82  AND=39.22  Decode=19.03  Total=1842.99  rows=1139264

--- Iteration 8/10 ---
  WAH:  OR_disc=12.36  OR_qty=91.75  OR_ship=2392.32  AND=3.84  Decode=34.77  Total=2535.04  rows=1139264
  CB:   OR_disc=2.27  OR_qty=13.08  OR_ship=78.14  AND=1.35  Decode=5.53  Total=100.36  rows=1139264
  CR:   OR_disc=2.25  OR_qty=33.25  OR_ship=204.95  AND=11.93  Decode=2.15  Total=254.53  rows=1139264
  CRR:  OR_disc=2.29  OR_qty=15.44  OR_ship=34.56  AND=10.95  Decode=1.98  Total=65.21  rows=1139264
  EW:   OR_disc=5.49  OR_qty=213.56  OR_ship=863.29  AND=10.96  Decode=12.85  Total=1106.15  rows=1139264
  BS:   OR_disc=3.11  OR_qty=23.07  OR_ship=360.92  AND=1.96  Decode=9.93  Total=399.00  rows=1139264
  BSA:  OR_disc=2.47  OR_qty=15.58  OR_ship=235.25  AND=1.30  Decode=9.69  Total=264.29  rows=1139264
  CON:  OR_disc=21.43  OR_qty=562.21  OR_ship=1137.33  AND=46.04  Decode=19.07  Total=1786.08  rows=1139264

--- Iteration 9/10 ---
  WAH:  OR_disc=11.66  OR_qty=91.80  OR_ship=2395.98  AND=3.84  Decode=34.90  Total=2538.18  rows=1139264
  CB:   OR_disc=2.26  OR_qty=13.06  OR_ship=78.08  AND=1.35  Decode=5.62  Total=100.38  rows=1139264
  CR:   OR_disc=2.20  OR_qty=33.19  OR_ship=204.78  AND=11.47  Decode=2.14  Total=253.78  rows=1139264
  CRR:  OR_disc=2.26  OR_qty=15.23  OR_ship=34.64  AND=10.94  Decode=2.13  Total=65.20  rows=1139264
  EW:   OR_disc=5.56  OR_qty=214.20  OR_ship=867.04  AND=10.97  Decode=12.71  Total=1110.48  rows=1139264
  BS:   OR_disc=3.76  OR_qty=23.11  OR_ship=362.59  AND=1.94  Decode=9.88  Total=401.27  rows=1139264
  BSA:  OR_disc=2.47  OR_qty=15.55  OR_ship=236.15  AND=1.32  Decode=9.62  Total=265.11  rows=1139264
  CON:  OR_disc=22.64  OR_qty=564.92  OR_ship=1136.60  AND=41.81  Decode=19.11  Total=1785.08  rows=1139264

--- Iteration 10/10 ---
  WAH:  OR_disc=11.81  OR_qty=91.95  OR_ship=2399.20  AND=3.84  Decode=34.80  Total=2541.60  rows=1139264
  CB:   OR_disc=2.26  OR_qty=13.11  OR_ship=77.90  AND=1.37  Decode=5.57  Total=100.22  rows=1139264
  CR:   OR_disc=2.19  OR_qty=33.23  OR_ship=204.69  AND=11.63  Decode=2.17  Total=253.90  rows=1139264
  CRR:  OR_disc=2.28  OR_qty=15.29  OR_ship=34.51  AND=10.96  Decode=2.06  Total=65.11  rows=1139264
  EW:   OR_disc=5.45  OR_qty=216.52  OR_ship=865.05  AND=10.94  Decode=16.25  Total=1114.21  rows=1139264
  BS:   OR_disc=3.12  OR_qty=23.10  OR_ship=362.65  AND=1.93  Decode=9.87  Total=400.68  rows=1139264
  BSA:  OR_disc=2.50  OR_qty=15.43  OR_ship=234.49  AND=1.27  Decode=9.72  Total=263.42  rows=1139264
  CON:  OR_disc=22.81  OR_qty=564.28  OR_ship=1137.43  AND=45.51  Decode=19.13  Total=1789.16  rows=1139264

[Baseline] DuckDB native SQL count(*) = 1139264  (single run: 494.42 ms)
[OK] all active backends match DuckDB SQL ground truth (1139264 rows).

================================================================
  RESULTS (8 measured iterations, median ± stddev)
================================================================
                       WAH (ms)              ComBit (ms)         CRoaring (ms)      CRoar+Run (ms)       EWAH (ms)          CB vs WAH   CR vs WAH  CRR vs WAH   EW vs WAH
  --------------------------------------------------------------------------------------------------------------------------------
  OR discount        12.33 ±   0.35         2.26 ±   0.04         2.21 ±   0.03         2.27 ±   0.04         5.51 ±   0.05      5.45x      5.57x      5.43x      2.24x
  OR quantity        91.84 ±   0.08        13.08 ±   0.02        33.22 ±   0.04        15.27 ±   0.10       215.65 ±   1.14      7.02x      2.76x      6.01x      0.43x
  OR shipdate      2399.90 ±   6.12        79.54 ±   0.92       205.15 ±   0.62        34.58 ±   0.06       865.87 ±   2.97     30.17x     11.70x     69.40x      2.77x
  AND (3-way)         3.84 ±   0.01         1.37 ±   0.02        11.50 ±   0.15        10.94 ±   0.02        10.92 ±   0.11      2.81x      0.33x      0.35x      0.35x
  Decode             34.90 ±   0.22         5.58 ±   0.03         2.16 ±   0.06         1.99 ±   0.07        14.56 ±   1.89      6.25x     16.19x     17.56x      2.40x
  --------------------------------------------------------------------------------------------------------------------------------
  TOTAL            2542.65 ±   6.29       101.87 ±   0.91       254.36 ±   0.63        65.18 ±   0.17      1112.75 ±   3.60     24.96x     10.00x     39.01x      2.29x

  WAH rows:        1139264
  ComBit rows:     1139264
  CRoaring rows:   1139264
  CRoar+Run rows:  1139264
  EWAH rows:       1139264
================================================================


================================================================
  Q6 BASELINE BACKENDS (no compression / Concise)
================================================================
                       BS (ms)              BSA (ms)            Concise (ms)        BS vs WAH   BSA vs WAH   CON vs WAH
  -------------------------------------------------------------------------------------------------------------
  OR discount         3.16 ±   0.20         2.51 ±   0.11        22.53 ±   0.47      3.90x      4.91x      0.55x
  OR quantity        23.17 ±   0.22        15.62 ±   0.36       565.83 ±  16.45      3.96x      5.88x      0.16x
  OR shipdate       365.01 ±   9.61       237.50 ±   3.51      1138.23 ±   3.36      6.57x     10.10x      2.11x
  AND (3-way)         1.95 ±   0.06         1.29 ±   0.03        44.29 ±   2.42      1.97x      2.98x      0.09x
  Decode              9.94 ±   0.39         9.68 ±   0.04        19.09 ±   0.05      3.51x      3.61x      1.83x
  -------------------------------------------------------------------------------------------------------------
  TOTAL             403.57 ±   9.80       266.54 ±   3.96      1790.44 ±  17.78      6.30x      9.54x      1.42x

  Bitset rows:         1139264
  Bitset+AVX512 rows:  1139264
  Concise rows:        1139264
================================================================

  [CSV] Results written to: q6_results_SF10.csv
  [CSV] Compression written to: q6_compression_SF10.csv
┌─────────────────┐
│     revenue     │
│  decimal(38,4)  │
├─────────────────┤
│ 1230113636.0101 │
└─────────────────┘
  [Breakdown] ComBit   L1=44.56 MiB  L2=26.02 MiB  L3=10.10 MiB  L4=5.46 MiB  total=86.13 MiB
