
================================================================
  TPC-H Q10 Benchmark — ComBit vs WAH vs CRoaring vs EWAH (SF10)
  OR orderdate days 639..730 (92 bitmaps)
  Then AND returnflag='R' (index 2) -> aggregate revenue per c_custkey -> Top-20
  TPC-H params: o_orderdate [1993-10-01, 1994-01-01), l_returnflag = 'R'
  Bitmap dirs:
    orderdate: tpch_q5_combit  returnflag: tpch_q1_combit
    orderdate: tpch_q5_croaring  returnflag: tpch_q1_croaring
    orderdate: tpch_q5_wah  returnflag: tpch_q1_wah
    orderdate: tpch_q5_ewah  returnflag: tpch_q1_ewah
  Iterations: 10 (first 2 = warm-up)
================================================================

[Side-load] nation: 25 rows in 0.368 ms
[Side-load] customer: 1500000 rows (max_custkey=1500000) in 611.021 ms
[Side-load] orders:   15000000 rows (max_orderkey=60000000; flat vector 457 MiB) in 341.847 ms
[Pre-load] lineitem:  59986052 rows (l_orderkey, l_extendedprice, l_discount) in 530.134 ms

[Load] Loading bitmaps (mode=ALL)...
  WAH load:      12.723 ms
  ComBit load:   63.615 ms
  CRoaring load: 17.46 ms
  CRR load:      29.881 ms
  EWAH load:     9.924 ms
  Bitset load:   372.908 ms (shared by BS / BSA)
  Concise load:  167.211 ms
  WAH      on disk: 605.12 MiB (q5+q1)
  ComBit   on disk: 952.21 MiB (q5+q1)
  CRoaring on disk: 300.05 MiB (q5+q1, shared by CR / CRR)
  EWAH     on disk: 1153.46 MiB (q5+q1)
  Bitset in mem:    665.04 MiB (rebuilt from CRoaring at load)
  Concise in mem:   11.58 MiB (rebuilt from CRoaring at load)

--- Iteration 1/10 (warm-up) ---
  CB:   OR=13.52  AND+Agg=44.37  TopK=5.38  Total=63.28  rows=1147084
  CR:   OR=58.32  AND+Agg=52.43  TopK=5.15  Total=115.90  rows=1147084
  CRR:  OR=8.02  AND+Agg=51.97  TopK=5.18  Total=65.17  rows=1147084
  WAH:  OR=3.19  AND+Agg=73.74  TopK=5.22  Total=82.15  rows=1147084
  EW:   OR=69.28  AND+Agg=57.15  TopK=5.21  Total=131.64  rows=1147084
  BS:   OR=94.93  AND+Agg=30.40  TopK=5.18  Total=130.51  rows=1147084
  BSA:  OR=60.54  AND+Agg=29.19  TopK=5.20  Total=94.93  rows=1147084
  CON:  OR=91.12  AND+Agg=86.36  TopK=5.21  Total=182.69  rows=1147084

--- Iteration 2/10 (warm-up) ---
  CB:   OR=11.36  AND+Agg=43.80  TopK=5.38  Total=60.54  rows=1147084
  CR:   OR=58.45  AND+Agg=52.47  TopK=5.24  Total=116.16  rows=1147084
  CRR:  OR=7.94  AND+Agg=51.70  TopK=5.20  Total=64.83  rows=1147084
  WAH:  OR=2.79  AND+Agg=73.31  TopK=5.15  Total=81.24  rows=1147084
  EW:   OR=66.95  AND+Agg=58.52  TopK=5.20  Total=130.67  rows=1147084
  BS:   OR=94.84  AND+Agg=29.95  TopK=5.11  Total=129.91  rows=1147084
  BSA:  OR=60.53  AND+Agg=29.40  TopK=5.21  Total=95.14  rows=1147084
  CON:  OR=91.07  AND+Agg=81.45  TopK=5.23  Total=177.75  rows=1147084

--- Iteration 3/10 ---
  CB:   OR=10.93  AND+Agg=44.19  TopK=5.16  Total=60.28  rows=1147084
  CR:   OR=58.86  AND+Agg=52.78  TopK=5.21  Total=116.86  rows=1147084
  CRR:  OR=7.94  AND+Agg=51.98  TopK=5.20  Total=65.12  rows=1147084
  WAH:  OR=2.76  AND+Agg=73.59  TopK=5.15  Total=81.50  rows=1147084
  EW:   OR=66.58  AND+Agg=56.03  TopK=5.15  Total=127.76  rows=1147084
  BS:   OR=95.04  AND+Agg=29.78  TopK=5.16  Total=129.99  rows=1147084
  BSA:  OR=60.70  AND+Agg=29.20  TopK=5.18  Total=95.09  rows=1147084
  CON:  OR=91.16  AND+Agg=81.05  TopK=5.15  Total=177.36  rows=1147084

--- Iteration 4/10 ---
  CB:   OR=11.35  AND+Agg=43.80  TopK=5.33  Total=60.47  rows=1147084
  CR:   OR=58.53  AND+Agg=52.07  TopK=5.16  Total=115.76  rows=1147084
  CRR:  OR=7.83  AND+Agg=51.78  TopK=5.18  Total=64.79  rows=1147084
  WAH:  OR=2.77  AND+Agg=74.45  TopK=5.19  Total=82.41  rows=1147084
  EW:   OR=66.50  AND+Agg=56.27  TopK=5.18  Total=127.95  rows=1147084
  BS:   OR=95.66  AND+Agg=30.05  TopK=5.18  Total=130.90  rows=1147084
  BSA:  OR=60.43  AND+Agg=29.09  TopK=5.19  Total=94.71  rows=1147084
  CON:  OR=91.24  AND+Agg=81.21  TopK=5.20  Total=177.65  rows=1147084

--- Iteration 5/10 ---
  CB:   OR=11.00  AND+Agg=43.70  TopK=5.34  Total=60.03  rows=1147084
  CR:   OR=58.61  AND+Agg=52.18  TopK=5.19  Total=115.98  rows=1147084
  CRR:  OR=7.96  AND+Agg=52.39  TopK=5.20  Total=65.54  rows=1147084
  WAH:  OR=3.19  AND+Agg=74.08  TopK=5.21  Total=82.49  rows=1147084
  EW:   OR=66.89  AND+Agg=57.25  TopK=5.20  Total=129.33  rows=1147084
  BS:   OR=93.20  AND+Agg=29.75  TopK=5.20  Total=128.15  rows=1147084
  BSA:  OR=60.36  AND+Agg=28.90  TopK=5.20  Total=94.45  rows=1147084
  CON:  OR=88.94  AND+Agg=81.04  TopK=5.17  Total=175.15  rows=1147084

--- Iteration 6/10 ---
  CB:   OR=10.58  AND+Agg=44.13  TopK=5.28  Total=59.99  rows=1147084
  CR:   OR=58.66  AND+Agg=52.04  TopK=5.18  Total=115.88  rows=1147084
  CRR:  OR=7.90  AND+Agg=52.89  TopK=5.21  Total=66.00  rows=1147084
  WAH:  OR=3.14  AND+Agg=73.28  TopK=5.15  Total=81.57  rows=1147084
  EW:   OR=63.48  AND+Agg=56.44  TopK=5.14  Total=125.06  rows=1147084
  BS:   OR=91.91  AND+Agg=29.39  TopK=5.20  Total=126.50  rows=1147084
  BSA:  OR=60.64  AND+Agg=29.15  TopK=5.27  Total=95.06  rows=1147084
  CON:  OR=89.08  AND+Agg=82.66  TopK=5.21  Total=176.96  rows=1147084

--- Iteration 7/10 ---
  CB:   OR=11.32  AND+Agg=43.92  TopK=5.32  Total=60.55  rows=1147084
  CR:   OR=58.66  AND+Agg=52.12  TopK=5.20  Total=115.98  rows=1147084
  CRR:  OR=7.92  AND+Agg=51.82  TopK=5.19  Total=64.92  rows=1147084
  WAH:  OR=3.13  AND+Agg=72.80  TopK=5.16  Total=81.09  rows=1147084
  EW:   OR=64.38  AND+Agg=56.34  TopK=5.19  Total=125.91  rows=1147084
  BS:   OR=92.09  AND+Agg=29.39  TopK=5.14  Total=126.63  rows=1147084
  BSA:  OR=60.72  AND+Agg=29.35  TopK=5.17  Total=95.24  rows=1147084
  CON:  OR=89.26  AND+Agg=81.00  TopK=5.20  Total=175.46  rows=1147084

--- Iteration 8/10 ---
  CB:   OR=10.70  AND+Agg=43.80  TopK=5.37  Total=59.87  rows=1147084
  CR:   OR=58.71  AND+Agg=52.19  TopK=5.19  Total=116.10  rows=1147084
  CRR:  OR=7.90  AND+Agg=52.25  TopK=5.22  Total=65.37  rows=1147084
  WAH:  OR=5.85  AND+Agg=73.46  TopK=5.14  Total=84.45  rows=1147084
  EW:   OR=69.26  AND+Agg=58.35  TopK=5.20  Total=132.81  rows=1147084
  BS:   OR=94.53  AND+Agg=29.40  TopK=5.22  Total=129.15  rows=1147084
  BSA:  OR=60.73  AND+Agg=29.40  TopK=5.18  Total=95.31  rows=1147084
  CON:  OR=91.13  AND+Agg=81.38  TopK=5.21  Total=177.72  rows=1147084

--- Iteration 9/10 ---
  CB:   OR=11.21  AND+Agg=43.38  TopK=5.16  Total=59.75  rows=1147084
  CR:   OR=58.67  AND+Agg=52.37  TopK=5.17  Total=116.21  rows=1147084
  CRR:  OR=8.03  AND+Agg=52.20  TopK=5.16  Total=65.39  rows=1147084
  WAH:  OR=2.76  AND+Agg=73.07  TopK=5.13  Total=80.96  rows=1147084
  EW:   OR=66.61  AND+Agg=57.83  TopK=5.22  Total=129.66  rows=1147084
  BS:   OR=94.68  AND+Agg=29.66  TopK=5.22  Total=129.57  rows=1147084
  BSA:  OR=60.63  AND+Agg=30.05  TopK=5.25  Total=95.93  rows=1147084
  CON:  OR=91.14  AND+Agg=82.41  TopK=5.23  Total=178.78  rows=1147084

--- Iteration 10/10 ---
  CB:   OR=11.30  AND+Agg=44.88  TopK=5.15  Total=61.33  rows=1147084
  CR:   OR=58.62  AND+Agg=55.64  TopK=5.28  Total=119.53  rows=1147084
  CRR:  OR=8.65  AND+Agg=53.01  TopK=5.21  Total=66.87  rows=1147084
  WAH:  OR=2.93  AND+Agg=74.16  TopK=5.17  Total=82.26  rows=1147084
  EW:   OR=66.77  AND+Agg=57.03  TopK=5.20  Total=129.00  rows=1147084
  BS:   OR=94.94  AND+Agg=29.82  TopK=5.23  Total=130.00  rows=1147084
  BSA:  OR=60.72  AND+Agg=29.86  TopK=5.22  Total=95.81  rows=1147084
  CON:  OR=91.40  AND+Agg=81.51  TopK=5.18  Total=178.10  rows=1147084

[Baseline] DuckDB native SQL Top-20  (single run: 1896.13 ms)
[OK] all active backends match DuckDB SQL ground truth (Top-20, revenue within 0.01).

  Q10 Top-20 (revenue = SUM(l_extendedprice * (1 - l_discount)), sorted DESC, source=ComBit):
  c_custkey c_name                         revenue     c_acctbal  n_name          c_address                                 c_phone            c_comment
  1237537   Customer#001237537         884989.6657     7840.1700  RUSSIA          mdkU4LpZECCtt20RHa76sA6b4WC               32-367-120-4327    yly regular accounts boost. requests need to nag evenly
  1116802   Customer#001116802         830214.1117      772.1700  JORDAN          iBka7YijCCLApX1f 8 sKp 5ldP               23-199-655-3770    y carefully regular deposits. packages nod ironic packages
  508954    Customer#000508954         826167.5138     3072.0700  ETHIOPIA        tKQLmGq3MOqXiTmNZQRp                      15-880-510-9487    t the quickly pending deposits. carefully express dependencies detect. blithely regular
  1487503   Customer#001487503         825996.5903     5398.1100  IRAN            D tOJIC0rcVO                              20-271-234-4401    ithely quiet deposits about the slyly final dolphins hinder carefully about the slyly ironic accounts. carefully ir
  1461247   Customer#001461247         775992.0820     3205.9300  SAUDI ARABIA    Ia1gHwdAyyFo,pCKhCkqX6                    30-137-949-5375    beans. furiously ironic realms after the slyly ironic sentiments are requests. courts was carefully about t
  1316338   Customer#001316338         765063.7003     8682.9500  INDIA           QLsXlkrrAQ7fz5TDIoDUVsUMsH1pBOG           18-793-610-3832    olites sleep furiously ironic instructions. final, final ideas wake carefully after the slyly iron
  817849    Customer#000817849         737664.7232     -380.3000  MOROCCO         UKsTjQdC5d9PwYXz u                        25-111-847-3201    ts after the slyly regular excuses wake pending accounts. deposits wake? carefully ironic foxes wa
  1335394   Customer#001335394         731259.8675     3978.5300  VIETNAM         FNdEi9tP 5eQib8C                          31-760-271-2302    ly ironic, final foxes. slyly bold instructions 
  102358    Customer#000102358         715001.8825     3564.9000  BRAZIL          3BnBw0 bZWmVue6bPGn513kOeitBl5VHj         12-941-212-8350     furiously furiously dogged deposits. regular accounts are furiously furiously pending instructions. carefu
  1432624   Customer#001432624         713512.6431      205.0800  FRANCE          e7o5TBwh,bLO6flPI05Nrp0,1Q8m19ODDs0       16-550-232-2774    y ironic packages. slyly silent instructions cajole about the a
  160528    Customer#000160528         710673.3317     3425.5200  INDONESIA       VrYJ,qyK75m PkPLTQT7KocfwMwPYQTlcEYBz     19-670-600-6340    blithely even deposits sleep until the even accounts
  1345237   Customer#001345237         707735.5745     6905.2200  FRANCE          QJxZWEukcxoDYlFOgUGIOuGay                 16-133-279-4001    symptotes integrate according to the sl
  839816    Customer#000839816         705643.2854     2110.2500  UNITED STATES   r9c CDy,MgOouA                            34-453-282-7925    sly sly pinto beans wake quickly slyly final packages. express deposit
  1136716   Customer#001136716         695043.5606     5886.0100  CHINA           yqiALHYT6gaiip1g6wgnM6ctJ                 28-729-762-5783    out the fluffily pending requests. furiously ironic forges integrate. quickly bold theod
  1439413   Customer#001439413         690161.9783     8808.6500  ETHIOPIA        5vMec8OoAWrStjng                          15-432-961-8772    boost across the regular, ironic packages. final instructions 
  1392475   Customer#001392475         685464.4086      593.2600  SAUDI ARABIA    sbjxdO1xOzy1wBIhAOzp6b2,9sHMj8q1f         30-640-220-2095    c accounts. always final instructions boost according to the final 
  616909    Customer#000616909         684978.1044     2660.8400  EGYPT           Jg9FiC98BUWmlBb3WTN                       14-185-768-2185    s about the busy ideas affix f
  314272    Customer#000314272         682212.6365     5127.9200  UNITED STATES    LKR3R5VStcAlT4D,qGBJLWYkmJU              34-674-752-5199    ng to the slyly express instructions sleep fluffily even foxes. special id
  1472980   Customer#001472980         677765.9180     6003.3600  IRAQ            JIMreXGvswrve5rkBww                       21-506-776-4657    e. packages according to the instructions are among the even, regular th
  1486201   Customer#001486201         674878.4539     -276.9200  JORDAN          8hJKgyMlv Ay3fyNDJFvszoYd                 23-611-797-4750    es nag. silent accounts are blithely daring packages. 

================================================================
  Q10 RESULTS (8 measured iterations, median +/- stddev)
================================================================
                  CB (ms)         CR (ms)        CRR (ms)        WAH (ms)        EW (ms)
  -----------------------------------------------------------------------------------------
  OR_date        11.1030 +/- 0.2774   58.6585 +/- 0.0889    7.9285 +/- 0.2471    3.0275 +/- 0.9743   66.5925 +/- 1.6276
  AND+Agg        43.8575 +/- 0.4165   52.1860 +/- 1.1431   52.2235 +/- 0.4284   73.5235 +/- 0.5367   56.7370 +/- 0.7720
  TopK            5.2965 +/- 0.0834    5.1905 +/- 0.0339    5.1995 +/- 0.0192    5.1565 +/- 0.0246    5.1910 +/- 0.0245
  -----------------------------------------------------------------------------------------
  TOTAL          60.1560 +/- 0.4770  116.0400 +/- 1.1751   65.3765 +/- 0.6264   81.9150 +/- 1.0471  128.4745 +/- 2.2419

  CB rows:  1147084  CR rows:  1147084  CRR rows: 1147084  WAH rows: 1147084  EW rows:  1147084
================================================================


================================================================
  Q10 BASELINE BACKENDS (no compression / Concise)
================================================================
                  BS (ms)         BSA (ms)        Concise (ms)     BS vs WAH   BSA vs WAH   CON vs WAH
  ----------------------------------------------------------------------------------------------
  OR_date        94.6045 +/- 1.3294   60.6705 +/- 0.1336   91.1360 +/- 1.0325     0.0320x     0.0499x     0.0332x
  AND+Agg        29.7050 +/- 0.2275   29.2780 +/- 0.3677   81.2960 +/- 0.6041     2.4751x     2.5112x     0.9044x
  TopK            5.1960 +/- 0.0280    5.1920 +/- 0.0335    5.2000 +/- 0.0244     0.9924x     0.9932x     0.9916x
  ----------------------------------------------------------------------------------------------
  TOTAL         129.3590 +/- 1.5148   95.1645 +/- 0.4664  177.5060 +/- 1.1766     0.6332x     0.8608x     0.4615x

  BS rows:  1147084  BSA rows: 1147084  CON rows: 1147084
================================================================

  [CSV] Results written to: q10_results_SF10.csv
┌───────────┬────────────────────┬───────────────┬───────────────┬───────────────┬───────────────────────────────────────┬─────────────────┬─────────────────────────────────────────────────────────────────────────────────────────────────────────────────────┐
│ c_custkey │       c_name       │    revenue    │   c_acctbal   │    n_name     │               c_address               │     c_phone     │                                                      c_comment                                                      │
│   int64   │      varchar       │ decimal(38,4) │ decimal(15,2) │    varchar    │                varchar                │     varchar     │                                                       varchar                                                       │
├───────────┼────────────────────┼───────────────┼───────────────┼───────────────┼───────────────────────────────────────┼─────────────────┼─────────────────────────────────────────────────────────────────────────────────────────────────────────────────────┤
│   1237537 │ Customer#001237537 │   884989.6657 │       7840.17 │ RUSSIA        │ mdkU4LpZECCtt20RHa76sA6b4WC           │ 32-367-120-4327 │ yly regular accounts boost. requests need to nag evenly                                                             │
│   1116802 │ Customer#001116802 │   830214.1117 │        772.17 │ JORDAN        │ iBka7YijCCLApX1f 8 sKp 5ldP           │ 23-199-655-3770 │ y carefully regular deposits. packages nod ironic packages                                                          │
│    508954 │ Customer#000508954 │   826167.5138 │       3072.07 │ ETHIOPIA      │ tKQLmGq3MOqXiTmNZQRp                  │ 15-880-510-9487 │ t the quickly pending deposits. carefully express dependencies detect. blithely regular                             │
│   1487503 │ Customer#001487503 │   825996.5903 │       5398.11 │ IRAN          │ D tOJIC0rcVO                          │ 20-271-234-4401 │ ithely quiet deposits about the slyly final dolphins hinder carefully about the slyly ironic accounts. carefully ir │
│   1461247 │ Customer#001461247 │   775992.0820 │       3205.93 │ SAUDI ARABIA  │ Ia1gHwdAyyFo,pCKhCkqX6                │ 30-137-949-5375 │ beans. furiously ironic realms after the slyly ironic sentiments are requests. courts was carefully about t         │
│   1316338 │ Customer#001316338 │   765063.7003 │       8682.95 │ INDIA         │ QLsXlkrrAQ7fz5TDIoDUVsUMsH1pBOG       │ 18-793-610-3832 │ olites sleep furiously ironic instructions. final, final ideas wake carefully after the slyly iron                  │
│    817849 │ Customer#000817849 │   737664.7232 │       -380.30 │ MOROCCO       │ UKsTjQdC5d9PwYXz u                    │ 25-111-847-3201 │ ts after the slyly regular excuses wake pending accounts. deposits wake? carefully ironic foxes wa                  │
│   1335394 │ Customer#001335394 │   731259.8675 │       3978.53 │ VIETNAM       │ FNdEi9tP 5eQib8C                      │ 31-760-271-2302 │ ly ironic, final foxes. slyly bold instructions                                                                     │
│    102358 │ Customer#000102358 │   715001.8825 │       3564.90 │ BRAZIL        │ 3BnBw0 bZWmVue6bPGn513kOeitBl5VHj     │ 12-941-212-8350 │  furiously furiously dogged deposits. regular accounts are furiously furiously pending instructions. carefu         │
│   1432624 │ Customer#001432624 │   713512.6431 │        205.08 │ FRANCE        │ e7o5TBwh,bLO6flPI05Nrp0,1Q8m19ODDs0   │ 16-550-232-2774 │ y ironic packages. slyly silent instructions cajole about the a                                                     │
│    160528 │ Customer#000160528 │   710673.3317 │       3425.52 │ INDONESIA     │ VrYJ,qyK75m PkPLTQT7KocfwMwPYQTlcEYBz │ 19-670-600-6340 │ blithely even deposits sleep until the even accounts                                                                │
│   1345237 │ Customer#001345237 │   707735.5745 │       6905.22 │ FRANCE        │ QJxZWEukcxoDYlFOgUGIOuGay             │ 16-133-279-4001 │ symptotes integrate according to the sl                                                                             │
│    839816 │ Customer#000839816 │   705643.2854 │       2110.25 │ UNITED STATES │ r9c CDy,MgOouA                        │ 34-453-282-7925 │ sly sly pinto beans wake quickly slyly final packages. express deposit                                              │
│   1136716 │ Customer#001136716 │   695043.5606 │       5886.01 │ CHINA         │ yqiALHYT6gaiip1g6wgnM6ctJ             │ 28-729-762-5783 │ out the fluffily pending requests. furiously ironic forges integrate. quickly bold theod                            │
│   1439413 │ Customer#001439413 │   690161.9783 │       8808.65 │ ETHIOPIA      │ 5vMec8OoAWrStjng                      │ 15-432-961-8772 │ boost across the regular, ironic packages. final instructions                                                       │
│   1392475 │ Customer#001392475 │   685464.4086 │        593.26 │ SAUDI ARABIA  │ sbjxdO1xOzy1wBIhAOzp6b2,9sHMj8q1f     │ 30-640-220-2095 │ c accounts. always final instructions boost according to the final                                                  │
│    616909 │ Customer#000616909 │   684978.1044 │       2660.84 │ EGYPT         │ Jg9FiC98BUWmlBb3WTN                   │ 14-185-768-2185 │ s about the busy ideas affix f                                                                                      │
│    314272 │ Customer#000314272 │   682212.6365 │       5127.92 │ UNITED STATES │  LKR3R5VStcAlT4D,qGBJLWYkmJU          │ 34-674-752-5199 │ ng to the slyly express instructions sleep fluffily even foxes. special id                                          │
│   1472980 │ Customer#001472980 │   677765.9180 │       6003.36 │ IRAQ          │ JIMreXGvswrve5rkBww                   │ 21-506-776-4657 │ e. packages according to the instructions are among the even, regular th                                            │
│   1486201 │ Customer#001486201 │   674878.4539 │       -276.92 │ JORDAN        │ 8hJKgyMlv Ay3fyNDJFvszoYd             │ 23-611-797-4750 │ es nag. silent accounts are blithely daring packages.                                                               │
├───────────┴────────────────────┴───────────────┴───────────────┴───────────────┴───────────────────────────────────────┴─────────────────┴─────────────────────────────────────────────────────────────────────────────────────────────────────────────────────┤
│ 20 rows                                                                                                                                                                                                                                              8 columns │
└────────────────────────────────────────────────────────────────────────────────────────────────────────────────────────────────────────────────────────────────────────────────────────────────────────────────────────────────────────────────────────────────┘
  [Breakdown] ComBit   L1=6.07 MiB  L2=1.36 MiB  L3=0.65 MiB  L4=1.30 MiB  total=9.38 MiB
