
================================================================
  TPC-H Q14 Benchmark — 8 backends (SF10)
  OR shipdate days 1339..1368 (30 bitmaps), AND is_promo, then per-row revenue aggregation
  TPC-H params: l_shipdate [1995-09-01, 1995-10-01), p_type LIKE 'PROMO%'
  Bitmap dirs: tpch_q14_ddc tpch_q14_croaring tpch_q14_wah tpch_q14_ewah
  Iterations: 10 (first 2 = warm-up)
================================================================

[Pre-load] Loading 59986052 rows (price, discount) ...
[Pre-load] Done in 792.867 ms

[Load] Loading bitmaps (mode=ALL)...
  WAH load:      13.874 ms
  DDC load:   31.571 ms
  CRoaring load: 12.295 ms
  CRR load:      12.982 ms
  EWAH load:     11.172 ms
  Bitset load:   149.785 ms (shared by BS / BSA)
  Concise load:  112.992 ms
  WAH      on disk: 7.38 MiB
  DDC   on disk: 6.43 MiB
  CRoaring on disk: 7.16 MiB (shared by CR / CRR)
  EWAH     on disk: 7.15 MiB

--- Iteration 1/10 (warm-up) ---
  CB:   OR=8.18  AND_pro=4.79  Agg=37.66  Total=50.63  promo=16.65%
  CR:   OR=16.35  AND_pro=1.11  Agg=18.94  Total=36.40  promo=16.65%
  CRR:  OR=6.41  AND_pro=1.25  Agg=17.18  Total=24.84  promo=16.65%
  WAH:  OR=3.80  AND_pro=3.47  Agg=34.57  Total=41.83  promo=16.65%
  EW:   OR=53.67  AND_pro=6.67  Agg=18.84  Total=79.18  promo=16.65%
  BS:   OR=30.94  AND_pro=2.71  Agg=12.39  Total=46.03  promo=16.65%
  BSA:  OR=20.50  AND_pro=1.78  Agg=11.97  Total=34.26  promo=16.65%
  CON:  OR=67.56  AND_pro=18.52  Agg=23.90  Total=109.98  promo=16.65%

--- Iteration 2/10 (warm-up) ---
  CB:   OR=8.09  AND_pro=1.64  Agg=26.03  Total=35.76  promo=16.65%
  CR:   OR=16.55  AND_pro=1.17  Agg=14.74  Total=32.46  promo=16.65%
  CRR:  OR=6.49  AND_pro=1.21  Agg=14.29  Total=22.00  promo=16.65%
  WAH:  OR=3.82  AND_pro=2.18  Agg=30.69  Total=36.69  promo=16.65%
  EW:   OR=53.67  AND_pro=6.71  Agg=15.47  Total=75.84  promo=16.65%
  BS:   OR=31.36  AND_pro=2.09  Agg=11.60  Total=45.05  promo=16.65%
  BSA:  OR=20.55  AND_pro=1.79  Agg=11.66  Total=34.00  promo=16.65%
  CON:  OR=67.64  AND_pro=18.52  Agg=23.48  Total=109.63  promo=16.65%

--- Iteration 3/10 ---
  CB:   OR=8.39  AND_pro=1.67  Agg=25.48  Total=35.53  promo=16.65%
  CR:   OR=16.76  AND_pro=1.12  Agg=13.79  Total=31.67  promo=16.65%
  CRR:  OR=6.46  AND_pro=1.16  Agg=13.28  Total=20.91  promo=16.65%
  WAH:  OR=3.82  AND_pro=2.12  Agg=31.55  Total=37.49  promo=16.65%
  EW:   OR=53.66  AND_pro=6.68  Agg=16.39  Total=76.73  promo=16.65%
  BS:   OR=30.77  AND_pro=2.71  Agg=11.59  Total=45.07  promo=16.65%
  BSA:  OR=20.53  AND_pro=1.76  Agg=11.80  Total=34.09  promo=16.65%
  CON:  OR=67.76  AND_pro=18.61  Agg=26.91  Total=113.27  promo=16.65%

--- Iteration 4/10 ---
  CB:   OR=8.37  AND_pro=1.77  Agg=26.57  Total=36.71  promo=16.65%
  CR:   OR=16.67  AND_pro=1.15  Agg=12.21  Total=30.02  promo=16.65%
  CRR:  OR=6.50  AND_pro=1.20  Agg=10.03  Total=17.73  promo=16.65%
  WAH:  OR=3.75  AND_pro=2.20  Agg=28.86  Total=34.81  promo=16.65%
  EW:   OR=53.63  AND_pro=6.66  Agg=15.19  Total=75.48  promo=16.65%
  BS:   OR=30.71  AND_pro=2.09  Agg=11.35  Total=44.16  promo=16.65%
  BSA:  OR=20.48  AND_pro=1.77  Agg=12.91  Total=35.16  promo=16.65%
  CON:  OR=67.53  AND_pro=18.67  Agg=27.59  Total=113.80  promo=16.65%

--- Iteration 5/10 ---
  CB:   OR=8.61  AND_pro=1.73  Agg=27.85  Total=38.19  promo=16.65%
  CR:   OR=16.59  AND_pro=1.11  Agg=14.30  Total=32.01  promo=16.65%
  CRR:  OR=6.42  AND_pro=1.19  Agg=11.42  Total=19.03  promo=16.65%
  WAH:  OR=3.76  AND_pro=2.16  Agg=29.74  Total=35.66  promo=16.65%
  EW:   OR=53.68  AND_pro=6.67  Agg=22.19  Total=82.54  promo=16.65%
  BS:   OR=30.93  AND_pro=2.67  Agg=13.96  Total=47.56  promo=16.65%
  BSA:  OR=20.56  AND_pro=1.85  Agg=12.84  Total=35.25  promo=16.65%
  CON:  OR=67.51  AND_pro=18.46  Agg=25.19  Total=111.17  promo=16.65%

--- Iteration 6/10 ---
  CB:   OR=8.11  AND_pro=1.59  Agg=27.12  Total=36.82  promo=16.65%
  CR:   OR=16.58  AND_pro=1.17  Agg=12.67  Total=30.42  promo=16.65%
  CRR:  OR=6.41  AND_pro=1.19  Agg=10.74  Total=18.35  promo=16.65%
  WAH:  OR=3.75  AND_pro=2.13  Agg=28.82  Total=34.70  promo=16.65%
  EW:   OR=53.69  AND_pro=6.67  Agg=16.33  Total=76.69  promo=16.65%
  BS:   OR=30.91  AND_pro=2.59  Agg=11.55  Total=45.06  promo=16.65%
  BSA:  OR=20.57  AND_pro=1.76  Agg=11.21  Total=33.55  promo=16.65%
  CON:  OR=67.57  AND_pro=18.67  Agg=26.80  Total=113.04  promo=16.65%

--- Iteration 7/10 ---
  CB:   OR=8.10  AND_pro=1.70  Agg=26.31  Total=36.11  promo=16.65%
  CR:   OR=16.51  AND_pro=1.12  Agg=12.29  Total=29.92  promo=16.65%
  CRR:  OR=6.41  AND_pro=1.15  Agg=9.48  Total=17.05  promo=16.65%
  WAH:  OR=3.75  AND_pro=2.18  Agg=28.12  Total=34.05  promo=16.65%
  EW:   OR=53.66  AND_pro=6.68  Agg=17.30  Total=77.64  promo=16.65%
  BS:   OR=30.61  AND_pro=2.66  Agg=11.63  Total=44.91  promo=16.65%
  BSA:  OR=20.43  AND_pro=1.76  Agg=11.39  Total=33.59  promo=16.65%
  CON:  OR=67.47  AND_pro=18.54  Agg=26.51  Total=112.52  promo=16.65%

--- Iteration 8/10 ---
  CB:   OR=8.61  AND_pro=1.66  Agg=27.64  Total=37.91  promo=16.65%
  CR:   OR=16.66  AND_pro=1.14  Agg=14.71  Total=32.51  promo=16.65%
  CRR:  OR=6.42  AND_pro=1.23  Agg=11.93  Total=19.57  promo=16.65%
  WAH:  OR=3.77  AND_pro=2.23  Agg=29.17  Total=35.17  promo=16.65%
  EW:   OR=53.73  AND_pro=6.67  Agg=16.51  Total=76.92  promo=16.65%
  BS:   OR=30.75  AND_pro=2.10  Agg=11.55  Total=44.41  promo=16.65%
  BSA:  OR=20.54  AND_pro=1.76  Agg=11.45  Total=33.74  promo=16.65%
  CON:  OR=67.58  AND_pro=18.56  Agg=23.55  Total=109.69  promo=16.65%

--- Iteration 9/10 ---
  CB:   OR=8.22  AND_pro=1.68  Agg=26.24  Total=36.14  promo=16.65%
  CR:   OR=16.59  AND_pro=1.13  Agg=14.08  Total=31.80  promo=16.65%
  CRR:  OR=6.38  AND_pro=1.18  Agg=13.25  Total=20.81  promo=16.65%
  WAH:  OR=3.77  AND_pro=2.16  Agg=30.18  Total=36.11  promo=16.65%
  EW:   OR=53.73  AND_pro=6.63  Agg=14.72  Total=75.08  promo=16.65%
  BS:   OR=30.98  AND_pro=2.72  Agg=11.63  Total=45.33  promo=16.65%
  BSA:  OR=20.50  AND_pro=1.76  Agg=11.18  Total=33.44  promo=16.65%
  CON:  OR=67.43  AND_pro=18.51  Agg=21.59  Total=107.52  promo=16.65%

--- Iteration 10/10 ---
  CB:   OR=8.38  AND_pro=1.61  Agg=24.31  Total=34.30  promo=16.65%
  CR:   OR=16.63  AND_pro=1.14  Agg=13.53  Total=31.29  promo=16.65%
  CRR:  OR=6.46  AND_pro=1.25  Agg=13.33  Total=21.04  promo=16.65%
  WAH:  OR=3.85  AND_pro=2.27  Agg=32.12  Total=38.24  promo=16.65%
  EW:   OR=53.69  AND_pro=6.66  Agg=16.85  Total=77.20  promo=16.65%
  BS:   OR=30.76  AND_pro=2.67  Agg=11.68  Total=45.10  promo=16.65%
  BSA:  OR=20.62  AND_pro=1.85  Agg=11.44  Total=33.92  promo=16.65%
  CON:  OR=67.65  AND_pro=18.53  Agg=21.60  Total=107.77  promo=16.65%

================================================================
  Q14 Correctness Validation
================================================================
  Q14 Result (DDC):
    promo_revenue = 16.6476  %  (promo_rev=45330799274176 total_rev=272296385352695)
  Consistency: ALL MATCH

[Baseline] DuckDB native SQL  (single run: 899.21 ms)
  SQL ground truth:  promo_revenue = 16.6476 %
[OK] all active backends match DuckDB SQL ground truth (promo_revenue within 0.0000).

================================================================
  Q14 RESULTS (8 measured iterations, median +/- stddev)
================================================================
                  CB (ms)         CR (ms)        CRR (ms)        WAH (ms)        EW (ms)
  -----------------------------------------------------------------------------------------
  OR_date           8.37 +/-  0.18     16.61 +/-  0.07      6.42 +/-  0.04      3.76 +/-  0.04     53.68 +/-  0.03
  AND_pro           1.67 +/-  0.06      1.13 +/-  0.02      1.19 +/-  0.03      2.17 +/-  0.05      6.67 +/-  0.02
  Agg              26.44 +/-  1.08     13.66 +/-  0.89     11.67 +/-  1.43     29.46 +/-  1.31     16.45 +/-  2.14
  -----------------------------------------------------------------------------------------
  TOTAL            36.42 +/-  1.17     31.48 +/-  0.91     19.30 +/-  1.43     35.42 +/-  1.35     76.82 +/-  2.14
================================================================

================================================================
  Q14 BASELINE BACKENDS (no compression / Concise)
================================================================
                  BS (ms)         BSA (ms)        Concise (ms)     BS vs WAH   BSA vs WAH   CON vs WAH
  ----------------------------------------------------------------------------------------------
  OR_date          30.77 +/-  0.12     20.54 +/-  0.06     67.55 +/-  0.10      0.12x      0.18x      0.06x
  AND_pro           2.66 +/-  0.25      1.76 +/-  0.04     18.55 +/-  0.07      0.82x      1.23x      0.12x
  Agg              11.61 +/-  0.79     11.45 +/-  0.66     25.85 +/-  2.27      2.54x      2.57x      1.14x
  ----------------------------------------------------------------------------------------------
  TOTAL            45.06 +/-  0.96     33.83 +/-  0.67    111.84 +/-  2.33      0.79x      1.05x      0.32x
================================================================

  [CSV] Results written to: q14_results_SF10.csv
┌────────────────────┐
│   promo_revenue    │
│       double       │
├────────────────────┤
│ 16.647594941615097 │
└────────────────────┘
  [Breakdown] DDC   L1=6.19 MiB  L2=1.48 MiB  L3=0.75 MiB  L4=0.43 MiB  total=8.85 MiB
