
================================================================
  TPC-H Q15 Benchmark — 8 backends (SF10)
  OR shipdate days 1461..1551 (91 bitmaps), then per-row revenue aggregation grouped by l_suppkey
  TPC-H params: l_shipdate [1996-01-01, 1996-04-01)
  Bitmap dirs: tpch_q15_combit tpch_q15_croaring tpch_q15_wah tpch_q15_ewah
  Iterations: 10 (first 2 = warm-up)
================================================================

[Pre-load] Streaming lineitem (suppkey, price, discount) ...
[Pre-load] 59986052 rows in 1074.44 ms  (max_suppkey=100000)

[Load] Loading shipdate bitmaps (mode=ALL)...
  WAH load:      21.724 ms
  ComBit load:   74.772 ms
  CRoaring load: 9.006 ms
  CRR load:      11.639 ms
  EWAH load:     19.862 ms
  Bitset load:   324.806 ms (shared by BS / BSA)
  Concise load:  38.49 ms
  WAH      on disk: 0.00 MiB
  ComBit   on disk: 0.00 MiB
  CRoaring on disk: 0.00 MiB (shared by CR / CRR)
  EWAH     on disk: 0.00 MiB

--- Iteration 1/10 (warm-up) ---
  CB:   OR=25.99  Agg=45.67  Total=71.66  max=2194132.82  ties=1
  CR:   OR=86.66  Agg=57.03  Total=143.69  max=2194132.82  ties=1
  CRR:  OR=12.45  Agg=57.23  Total=69.67  max=2194132.82  ties=1
  WAH:  OR=13.20  Agg=74.70  Total=87.90  max=2194132.82  ties=1
  EW:   OR=206.45  Agg=53.90  Total=260.36  max=2194132.82  ties=1
  BS:   OR=92.53  Agg=31.07  Total=123.60  max=2194132.82  ties=1
  BSA:  OR=60.77  Agg=30.22  Total=90.98  max=2194132.82  ties=1
  CON:  OR=241.47  Agg=62.20  Total=303.67  max=2194132.82  ties=1

--- Iteration 2/10 (warm-up) ---
  CB:   OR=24.45  Agg=45.63  Total=70.08  max=2194132.82  ties=1
  CR:   OR=86.36  Agg=57.02  Total=143.39  max=2194132.82  ties=1
  CRR:  OR=12.23  Agg=56.96  Total=69.19  max=2194132.82  ties=1
  WAH:  OR=10.38  Agg=74.20  Total=84.58  max=2194132.82  ties=1
  EW:   OR=197.27  Agg=53.58  Total=250.86  max=2194132.82  ties=1
  BS:   OR=95.65  Agg=29.95  Total=125.60  max=2194132.82  ties=1
  BSA:  OR=60.84  Agg=30.08  Total=90.92  max=2194132.82  ties=1
  CON:  OR=247.91  Agg=61.74  Total=309.65  max=2194132.82  ties=1

--- Iteration 3/10 ---
  CB:   OR=25.19  Agg=45.67  Total=70.86  max=2194132.82  ties=1
  CR:   OR=85.90  Agg=57.20  Total=143.11  max=2194132.82  ties=1
  CRR:  OR=12.46  Agg=56.71  Total=69.17  max=2194132.82  ties=1
  WAH:  OR=10.41  Agg=74.37  Total=84.78  max=2194132.82  ties=1
  EW:   OR=201.02  Agg=53.66  Total=254.68  max=2194132.82  ties=1
  BS:   OR=94.43  Agg=30.42  Total=124.85  max=2194132.82  ties=1
  BSA:  OR=61.05  Agg=29.99  Total=91.04  max=2194132.82  ties=1
  CON:  OR=247.51  Agg=61.91  Total=309.42  max=2194132.82  ties=1

--- Iteration 4/10 ---
  CB:   OR=25.03  Agg=45.71  Total=70.75  max=2194132.82  ties=1
  CR:   OR=85.78  Agg=56.88  Total=142.66  max=2194132.82  ties=1
  CRR:  OR=12.17  Agg=57.22  Total=69.39  max=2194132.82  ties=1
  WAH:  OR=10.45  Agg=74.19  Total=84.63  max=2194132.82  ties=1
  EW:   OR=201.35  Agg=53.93  Total=255.27  max=2194132.82  ties=1
  BS:   OR=94.61  Agg=30.08  Total=124.69  max=2194132.82  ties=1
  BSA:  OR=61.21  Agg=30.10  Total=91.31  max=2194132.82  ties=1
  CON:  OR=247.53  Agg=61.81  Total=309.34  max=2194132.82  ties=1

--- Iteration 5/10 ---
  CB:   OR=25.16  Agg=45.80  Total=70.97  max=2194132.82  ties=1
  CR:   OR=85.78  Agg=56.73  Total=142.51  max=2194132.82  ties=1
  CRR:  OR=12.29  Agg=56.88  Total=69.17  max=2194132.82  ties=1
  WAH:  OR=13.19  Agg=74.39  Total=87.57  max=2194132.82  ties=1
  EW:   OR=203.16  Agg=53.61  Total=256.77  max=2194132.82  ties=1
  BS:   OR=93.38  Agg=30.07  Total=123.45  max=2194132.82  ties=1
  BSA:  OR=61.00  Agg=30.16  Total=91.16  max=2194132.82  ties=1
  CON:  OR=242.46  Agg=62.04  Total=304.50  max=2194132.82  ties=1

--- Iteration 6/10 ---
  CB:   OR=22.75  Agg=45.66  Total=68.41  max=2194132.82  ties=1
  CR:   OR=85.66  Agg=56.66  Total=142.32  max=2194132.82  ties=1
  CRR:  OR=12.29  Agg=57.10  Total=69.39  max=2194132.82  ties=1
  WAH:  OR=11.07  Agg=74.39  Total=85.46  max=2194132.82  ties=1
  EW:   OR=200.62  Agg=53.21  Total=253.84  max=2194132.82  ties=1
  BS:   OR=93.73  Agg=30.09  Total=123.83  max=2194132.82  ties=1
  BSA:  OR=60.96  Agg=30.05  Total=91.01  max=2194132.82  ties=1
  CON:  OR=241.86  Agg=62.14  Total=304.00  max=2194132.82  ties=1

--- Iteration 7/10 ---
  CB:   OR=22.72  Agg=45.77  Total=68.48  max=2194132.82  ties=1
  CR:   OR=85.94  Agg=56.92  Total=142.86  max=2194132.82  ties=1
  CRR:  OR=12.18  Agg=56.69  Total=68.88  max=2194132.82  ties=1
  WAH:  OR=10.48  Agg=74.26  Total=84.74  max=2194132.82  ties=1
  EW:   OR=201.20  Agg=53.41  Total=254.62  max=2194132.82  ties=1
  BS:   OR=91.93  Agg=30.11  Total=122.04  max=2194132.82  ties=1
  BSA:  OR=61.11  Agg=30.00  Total=91.12  max=2194132.82  ties=1
  CON:  OR=242.08  Agg=62.15  Total=304.23  max=2194132.82  ties=1

--- Iteration 8/10 ---
  CB:   OR=22.72  Agg=45.95  Total=68.67  max=2194132.82  ties=1
  CR:   OR=86.17  Agg=56.75  Total=142.92  max=2194132.82  ties=1
  CRR:  OR=12.21  Agg=56.95  Total=69.16  max=2194132.82  ties=1
  WAH:  OR=10.69  Agg=74.42  Total=85.11  max=2194132.82  ties=1
  EW:   OR=200.86  Agg=53.98  Total=254.84  max=2194132.82  ties=1
  BS:   OR=97.44  Agg=30.44  Total=127.88  max=2194132.82  ties=1
  BSA:  OR=60.74  Agg=30.14  Total=90.88  max=2194132.82  ties=1
  CON:  OR=241.76  Agg=62.46  Total=304.22  max=2194132.82  ties=1

--- Iteration 9/10 ---
  CB:   OR=22.81  Agg=45.63  Total=68.44  max=2194132.82  ties=1
  CR:   OR=86.54  Agg=56.79  Total=143.32  max=2194132.82  ties=1
  CRR:  OR=12.33  Agg=56.52  Total=68.84  max=2194132.82  ties=1
  WAH:  OR=10.62  Agg=74.18  Total=84.80  max=2194132.82  ties=1
  EW:   OR=200.72  Agg=55.02  Total=255.74  max=2194132.82  ties=1
  BS:   OR=92.50  Agg=29.96  Total=122.46  max=2194132.82  ties=1
  BSA:  OR=61.23  Agg=30.04  Total=91.27  max=2194132.82  ties=1
  CON:  OR=241.80  Agg=61.97  Total=303.77  max=2194132.82  ties=1

--- Iteration 10/10 ---
  CB:   OR=22.49  Agg=45.68  Total=68.18  max=2194132.82  ties=1
  CR:   OR=86.05  Agg=57.67  Total=143.73  max=2194132.82  ties=1
  CRR:  OR=12.21  Agg=56.96  Total=69.17  max=2194132.82  ties=1
  WAH:  OR=10.74  Agg=74.44  Total=85.18  max=2194132.82  ties=1
  EW:   OR=201.28  Agg=53.71  Total=254.99  max=2194132.82  ties=1
  BS:   OR=92.84  Agg=30.32  Total=123.16  max=2194132.82  ties=1
  BSA:  OR=61.13  Agg=30.53  Total=91.66  max=2194132.82  ties=1
  CON:  OR=242.06  Agg=62.38  Total=304.45  max=2194132.82  ties=1

================================================================
  Q15 Correctness Validation
================================================================
  Q15 Result (ComBit):
    max total_revenue = 2194132.82   (fp=21941328166)   ties=1
    suppkey(s): 69998
  Consistency: ALL MATCH

  Tied supplier rows (bitmap pipeline):
    69998  Supplier#000069998  total_revenue=2194132.82

[Baseline] DuckDB native SQL  (single run: 558.49 ms)
  SQL ground truth rows: 1
    69998  Supplier#000069998  total_revenue=2194132.82
[OK] all active backends match DuckDB SQL ground truth (1 row(s), revenue within 0.01).

================================================================
  Q15 RESULTS (8 measured iterations, median +/- stddev)
================================================================
  CB    OR=22.78   +/- 1.18   Agg=45.70   +/- 0.10   Total=68.57   +/- 1.18  (ms)
  CR    OR=85.92   +/- 0.26   Agg=56.83   +/- 0.31   Total=142.89  +/- 0.43  (ms)
  CRR   OR=12.25   +/- 0.09   Agg=56.92   +/- 0.22   Total=69.17   +/- 0.19  (ms)
  WAH   OR=10.66   +/- 0.87   Agg=74.38   +/- 0.10   Total=84.96   +/- 0.90  (ms)
  EW    OR=201.11  +/- 0.75   Agg=53.69   +/- 0.51   Total=254.92  +/- 0.81  (ms)
  BS    OR=93.56   +/- 1.60   Agg=30.10   +/- 0.17   Total=123.64  +/- 1.71  (ms)
  BSA   OR=61.08   +/- 0.15   Agg=30.07   +/- 0.16   Total=91.14   +/- 0.22  (ms)
  CON   OR=242.07  +/- 2.40   Agg=62.09   +/- 0.21   Total=304.34  +/- 2.26  (ms)
================================================================

  [CSV] Results written to: q15_results_SF10.csv
┌───────────┬────────────────────┬──────────────────────────────────────────┬─────────────────┬───────────────┐
│ s_suppkey │       s_name       │                s_address                 │     s_phone     │ total_revenue │
│   int64   │      varchar       │                 varchar                  │     varchar     │ decimal(38,4) │
├───────────┼────────────────────┼──────────────────────────────────────────┼─────────────────┼───────────────┤
│     69998 │ Supplier#000069998 │ 117W54YtKASNfzkZRS8P32856BMj0HKf895vdukw │ 16-386-278-9829 │  2194132.8166 │
└───────────┴────────────────────┴──────────────────────────────────────────┴─────────────────┴───────────────┘
  [Breakdown] ComBit   L1=2.13 MiB  L2=2.10 MiB  L3=1.92 MiB  L4=1.27 MiB  total=7.43 MiB
