
================================================================
  TPC-H Q17 Benchmark — 8 backends (SF10)
  Single-bitmap two-pass aggregation over is_q17_part.
  TPC-H params: p_brand='Brand#23', p_container='MED BOX'
  Bitmap dirs: tpch_q17_combit tpch_q17_croaring tpch_q17_wah tpch_q17_ewah
  Iterations: 10 (first 2 = warm-up)
================================================================

[Pre-load] Loading 59986052 rows (partkey, quantity, extendedprice) ...
[Pre-load] 59986052 rows in 1345.01 ms  (max_partkey=2000000)

[Load] Loading is_q17_part bitmaps (mode=ALL)...
  WAH load:      0.607 ms
  ComBit load:   1.26 ms
  CRoaring load: 0.247 ms
  CRR load:      0.204 ms
  EWAH load:     0.717 ms
  Bitset load:   4.16 ms (shared by BS / BSA)
  Concise load:  1.083 ms
  WAH      on disk: 0.45 MiB
  ComBit   on disk: 0.27 MiB
  CRoaring on disk: 0.12 MiB (shared by CR / CRR)
  EWAH     on disk: 0.88 MiB

--- Iteration 1/10 (warm-up) ---
  CB:   Pass1=10.05  Pass2=3.53  Total=13.58  avg_yearly=3295493.51
  CR:   Pass1=5.93  Pass2=1.58  Total=7.51  avg_yearly=3295493.51
  CRR:  Pass1=5.79  Pass2=1.53  Total=7.32  avg_yearly=3295493.51
  WAH:  Pass1=6.94  Pass2=2.82  Total=9.77  avg_yearly=3295493.51
  EW:   Pass1=5.76  Pass2=1.48  Total=7.23  avg_yearly=3295493.51
  BS:   Pass1=6.95  Pass2=2.53  Total=9.48  avg_yearly=3295493.51
  BSA:  Pass1=6.82  Pass2=2.42  Total=9.24  avg_yearly=3295493.51
  CON:  Pass1=6.09  Pass2=1.94  Total=8.03  avg_yearly=3295493.51

--- Iteration 2/10 (warm-up) ---
  CB:   Pass1=6.06  Pass2=1.77  Total=7.83  avg_yearly=3295493.51
  CR:   Pass1=5.60  Pass2=1.42  Total=7.02  avg_yearly=3295493.51
  CRR:  Pass1=5.52  Pass2=1.40  Total=6.92  avg_yearly=3295493.51
  WAH:  Pass1=6.73  Pass2=2.73  Total=9.46  avg_yearly=3295493.51
  EW:   Pass1=5.55  Pass2=1.47  Total=7.03  avg_yearly=3295493.51
  BS:   Pass1=6.67  Pass2=2.44  Total=9.11  avg_yearly=3295493.51
  BSA:  Pass1=6.66  Pass2=2.41  Total=9.07  avg_yearly=3295493.51
  CON:  Pass1=5.97  Pass2=1.93  Total=7.90  avg_yearly=3295493.51

--- Iteration 3/10 ---
  CB:   Pass1=5.93  Pass2=1.77  Total=7.70  avg_yearly=3295493.51
  CR:   Pass1=5.46  Pass2=1.41  Total=6.87  avg_yearly=3295493.51
  CRR:  Pass1=5.50  Pass2=1.41  Total=6.91  avg_yearly=3295493.51
  WAH:  Pass1=6.71  Pass2=2.74  Total=9.45  avg_yearly=3295493.51
  EW:   Pass1=5.56  Pass2=1.44  Total=7.00  avg_yearly=3295493.51
  BS:   Pass1=6.64  Pass2=2.42  Total=9.07  avg_yearly=3295493.51
  BSA:  Pass1=6.66  Pass2=2.43  Total=9.09  avg_yearly=3295493.51
  CON:  Pass1=5.97  Pass2=1.94  Total=7.90  avg_yearly=3295493.51

--- Iteration 4/10 ---
  CB:   Pass1=5.90  Pass2=1.76  Total=7.66  avg_yearly=3295493.51
  CR:   Pass1=5.42  Pass2=1.41  Total=6.83  avg_yearly=3295493.51
  CRR:  Pass1=5.48  Pass2=1.41  Total=6.89  avg_yearly=3295493.51
  WAH:  Pass1=6.78  Pass2=2.74  Total=9.51  avg_yearly=3295493.51
  EW:   Pass1=5.59  Pass2=1.44  Total=7.04  avg_yearly=3295493.51
  BS:   Pass1=6.67  Pass2=2.43  Total=9.10  avg_yearly=3295493.51
  BSA:  Pass1=6.65  Pass2=2.41  Total=9.06  avg_yearly=3295493.51
  CON:  Pass1=5.99  Pass2=1.94  Total=7.92  avg_yearly=3295493.51

--- Iteration 5/10 ---
  CB:   Pass1=5.91  Pass2=1.76  Total=7.67  avg_yearly=3295493.51
  CR:   Pass1=5.50  Pass2=1.41  Total=6.91  avg_yearly=3295493.51
  CRR:  Pass1=5.49  Pass2=1.41  Total=6.91  avg_yearly=3295493.51
  WAH:  Pass1=6.79  Pass2=2.76  Total=9.55  avg_yearly=3295493.51
  EW:   Pass1=5.58  Pass2=1.46  Total=7.04  avg_yearly=3295493.51
  BS:   Pass1=6.67  Pass2=2.44  Total=9.11  avg_yearly=3295493.51
  BSA:  Pass1=6.67  Pass2=2.44  Total=9.11  avg_yearly=3295493.51
  CON:  Pass1=6.02  Pass2=1.96  Total=7.98  avg_yearly=3295493.51

--- Iteration 6/10 ---
  CB:   Pass1=5.92  Pass2=1.74  Total=7.66  avg_yearly=3295493.51
  CR:   Pass1=5.47  Pass2=1.40  Total=6.87  avg_yearly=3295493.51
  CRR:  Pass1=5.50  Pass2=1.40  Total=6.91  avg_yearly=3295493.51
  WAH:  Pass1=6.75  Pass2=2.74  Total=9.50  avg_yearly=3295493.51
  EW:   Pass1=5.56  Pass2=1.46  Total=7.02  avg_yearly=3295493.51
  BS:   Pass1=6.66  Pass2=2.44  Total=9.10  avg_yearly=3295493.51
  BSA:  Pass1=6.67  Pass2=2.42  Total=9.10  avg_yearly=3295493.51
  CON:  Pass1=6.01  Pass2=1.94  Total=7.95  avg_yearly=3295493.51

--- Iteration 7/10 ---
  CB:   Pass1=5.95  Pass2=1.75  Total=7.71  avg_yearly=3295493.51
  CR:   Pass1=5.53  Pass2=1.41  Total=6.94  avg_yearly=3295493.51
  CRR:  Pass1=5.52  Pass2=1.41  Total=6.93  avg_yearly=3295493.51
  WAH:  Pass1=6.75  Pass2=2.74  Total=9.49  avg_yearly=3295493.51
  EW:   Pass1=5.60  Pass2=1.44  Total=7.05  avg_yearly=3295493.51
  BS:   Pass1=6.67  Pass2=2.43  Total=9.10  avg_yearly=3295493.51
  BSA:  Pass1=6.67  Pass2=2.42  Total=9.09  avg_yearly=3295493.51
  CON:  Pass1=5.97  Pass2=1.93  Total=7.91  avg_yearly=3295493.51

--- Iteration 8/10 ---
  CB:   Pass1=5.90  Pass2=1.75  Total=7.65  avg_yearly=3295493.51
  CR:   Pass1=5.42  Pass2=1.41  Total=6.83  avg_yearly=3295493.51
  CRR:  Pass1=5.50  Pass2=1.41  Total=6.91  avg_yearly=3295493.51
  WAH:  Pass1=6.74  Pass2=2.75  Total=9.50  avg_yearly=3295493.51
  EW:   Pass1=5.60  Pass2=1.45  Total=7.04  avg_yearly=3295493.51
  BS:   Pass1=6.72  Pass2=2.45  Total=9.17  avg_yearly=3295493.51
  BSA:  Pass1=6.64  Pass2=2.43  Total=9.08  avg_yearly=3295493.51
  CON:  Pass1=5.96  Pass2=1.92  Total=7.88  avg_yearly=3295493.51

--- Iteration 9/10 ---
  CB:   Pass1=5.88  Pass2=1.75  Total=7.64  avg_yearly=3295493.51
  CR:   Pass1=5.42  Pass2=1.40  Total=6.83  avg_yearly=3295493.51
  CRR:  Pass1=5.47  Pass2=1.42  Total=6.88  avg_yearly=3295493.51
  WAH:  Pass1=6.76  Pass2=2.73  Total=9.49  avg_yearly=3295493.51
  EW:   Pass1=5.59  Pass2=1.45  Total=7.04  avg_yearly=3295493.51
  BS:   Pass1=6.64  Pass2=2.43  Total=9.07  avg_yearly=3295493.51
  BSA:  Pass1=6.64  Pass2=2.43  Total=9.07  avg_yearly=3295493.51
  CON:  Pass1=5.99  Pass2=1.94  Total=7.92  avg_yearly=3295493.51

--- Iteration 10/10 ---
  CB:   Pass1=5.89  Pass2=1.75  Total=7.64  avg_yearly=3295493.51
  CR:   Pass1=5.44  Pass2=1.40  Total=6.84  avg_yearly=3295493.51
  CRR:  Pass1=5.48  Pass2=1.40  Total=6.88  avg_yearly=3295493.51
  WAH:  Pass1=6.74  Pass2=2.74  Total=9.48  avg_yearly=3295493.51
  EW:   Pass1=5.55  Pass2=1.45  Total=7.00  avg_yearly=3295493.51
  BS:   Pass1=6.64  Pass2=2.44  Total=9.08  avg_yearly=3295493.51
  BSA:  Pass1=6.64  Pass2=2.44  Total=9.07  avg_yearly=3295493.51
  CON:  Pass1=5.97  Pass2=1.94  Total=7.91  avg_yearly=3295493.51

================================================================
  Q17 Correctness Validation
================================================================
  Q17 Result (ComBit):
    avg_yearly = 3295493.51   (sum_ep×100 = 2306845459)
  Consistency: ALL MATCH

[Baseline] DuckDB native SQL  (single run: 1314.30 ms)
  SQL ground truth:  avg_yearly = 3295493.51
[OK] all active backends match DuckDB SQL ground truth (avg_yearly within 0.00).

================================================================
  Q17 RESULTS (8 measured iterations, median +/- stddev)
================================================================
  CB    Pass1=5.91    +/- 0.02   Pass2=1.75    +/- 0.01   Total=7.66    +/- 0.02  (ms)
  CR    Pass1=5.45    +/- 0.04   Pass2=1.41    +/- 0.00   Total=6.86    +/- 0.04  (ms)
  CRR   Pass1=5.49    +/- 0.02   Pass2=1.41    +/- 0.00   Total=6.91    +/- 0.01  (ms)
  WAH   Pass1=6.75    +/- 0.02   Pass2=2.74    +/- 0.01   Total=9.50    +/- 0.03  (ms)
  EW    Pass1=5.59    +/- 0.02   Pass2=1.45    +/- 0.01   Total=7.04    +/- 0.02  (ms)
  BS    Pass1=6.66    +/- 0.03   Pass2=2.44    +/- 0.01   Total=9.10    +/- 0.03  (ms)
  BSA   Pass1=6.65    +/- 0.01   Pass2=2.43    +/- 0.01   Total=9.08    +/- 0.01  (ms)
  CON   Pass1=5.98    +/- 0.02   Pass2=1.94    +/- 0.01   Total=7.92    +/- 0.03  (ms)
================================================================

  [CSV] Results written to: q17_results_SF10.csv
┌───────────────────┐
│    avg_yearly     │
│      double       │
├───────────────────┤
│ 3295493.512857143 │
└───────────────────┘
  [Breakdown] ComBit   L1=0.06 MiB  L2=0.06 MiB  L3=0.05 MiB  L4=0.01 MiB  total=0.17 MiB
