
================================================================
  TPC-H Q19 Benchmark — 8 backends (SF10)
  3-branch OR over (brand × container × p_size × l_quantity range)
        AND with l_shipmode IN ('AIR','AIR REG')
        AND with l_shipinstruct = 'DELIVER IN PERSON'
  TPC-H params: BRAND1=Brand#12 (Q1=1..11), BRAND2=Brand#23 (Q2=10..20), BRAND3=Brand#34 (Q3=20..30)
  Bitmap dirs: tpch_q19_ddc tpch_q19_croaring tpch_q19_wah tpch_q19_ewah
  Iterations: 10 (first 2 = warm-up)
================================================================

[Pre-load] Loading 59986052 rows (price, discount) ...
[Pre-load] Done in 790.375 ms

[Load] Loading bitmaps (mode=ALL)...
  WAH load:      287.722 ms
  DDC load:   71.939 ms
  CRoaring load: 66.749 ms
  CRR load:      85.132 ms
  EWAH load:     131.796 ms
  Bitset load:   273.286 ms (shared by BS / BSA)
  Concise load:  1055.42 ms
  WAH      on disk: 15.82 MiB
  DDC   on disk: 13.90 MiB
  CRoaring on disk: 14.62 MiB (shared by CR / CRR)
  EWAH     on disk: 16.35 MiB

--- Iteration 1/10 (warm-up) ---
  CB:   OR=19.31  AND=21.54  Agg=2.87  Total=43.73  revenue=30104438.09
  CR:   OR=73.36  AND=1.87  Agg=0.08  Total=75.30  revenue=30104438.09
  CRR:  OR=23.67  AND=1.88  Agg=0.07  Total=25.62  revenue=30104438.09
  WAH:  OR=129.87  AND=17.25  Agg=1.62  Total=148.75  revenue=30104438.09
  EW:   OR=297.57  AND=5.66  Agg=0.07  Total=303.31  revenue=30104438.09
  BS:   OR=38.84  AND=21.29  Agg=0.90  Total=61.03  revenue=30104438.09
  BSA:  OR=23.00  AND=19.08  Agg=1.27  Total=43.35  revenue=30104438.09
  CON:  OR=807.71  AND=58.56  Agg=0.09  Total=866.36  revenue=30104438.09

--- Iteration 2/10 (warm-up) ---
  CB:   OR=17.83  AND=17.84  Agg=2.87  Total=38.53  revenue=30104438.09
  CR:   OR=74.65  AND=1.81  Agg=0.08  Total=76.54  revenue=30104438.09
  CRR:  OR=23.48  AND=1.72  Agg=0.07  Total=25.27  revenue=30104438.09
  WAH:  OR=124.41  AND=15.29  Agg=1.66  Total=141.36  revenue=30104438.09
  EW:   OR=282.93  AND=5.52  Agg=0.07  Total=288.53  revenue=30104438.09
  BS:   OR=33.77  AND=18.93  Agg=0.91  Total=53.60  revenue=30104438.09
  BSA:  OR=23.09  AND=9.21  Agg=1.20  Total=33.50  revenue=30104438.09
  CON:  OR=779.59  AND=55.82  Agg=0.10  Total=835.51  revenue=30104438.09

--- Iteration 3/10 ---
  CB:   OR=17.71  AND=12.63  Agg=2.90  Total=33.25  revenue=30104438.09
  CR:   OR=74.25  AND=1.85  Agg=0.08  Total=76.17  revenue=30104438.09
  CRR:  OR=23.58  AND=1.75  Agg=0.07  Total=25.39  revenue=30104438.09
  WAH:  OR=124.79  AND=10.94  Agg=1.62  Total=137.35  revenue=30104438.09
  EW:   OR=278.27  AND=5.50  Agg=0.08  Total=283.85  revenue=30104438.09
  BS:   OR=34.39  AND=11.56  Agg=0.91  Total=46.85  revenue=30104438.09
  BSA:  OR=23.02  AND=9.12  Agg=1.18  Total=33.32  revenue=30104438.09
  CON:  OR=777.52  AND=58.37  Agg=0.10  Total=835.99  revenue=30104438.09

--- Iteration 4/10 ---
  CB:   OR=17.93  AND=13.01  Agg=2.86  Total=33.80  revenue=30104438.09
  CR:   OR=74.57  AND=1.83  Agg=0.08  Total=76.48  revenue=30104438.09
  CRR:  OR=23.52  AND=1.73  Agg=0.07  Total=25.32  revenue=30104438.09
  WAH:  OR=124.44  AND=9.23  Agg=1.64  Total=135.31  revenue=30104438.09
  EW:   OR=279.71  AND=5.55  Agg=0.07  Total=285.34  revenue=30104438.09
  BS:   OR=33.87  AND=12.19  Agg=0.90  Total=46.96  revenue=30104438.09
  BSA:  OR=23.00  AND=9.20  Agg=1.18  Total=33.38  revenue=30104438.09
  CON:  OR=778.78  AND=59.27  Agg=0.09  Total=838.15  revenue=30104438.09

--- Iteration 5/10 ---
  CB:   OR=17.81  AND=12.96  Agg=2.86  Total=33.62  revenue=30104438.09
  CR:   OR=74.14  AND=1.86  Agg=0.07  Total=76.06  revenue=30104438.09
  CRR:  OR=23.60  AND=1.77  Agg=0.07  Total=25.44  revenue=30104438.09
  WAH:  OR=124.54  AND=13.19  Agg=1.60  Total=139.33  revenue=30104438.09
  EW:   OR=281.25  AND=5.65  Agg=0.08  Total=286.98  revenue=30104438.09
  BS:   OR=33.79  AND=21.34  Agg=0.91  Total=56.04  revenue=30104438.09
  BSA:  OR=22.99  AND=9.33  Agg=1.19  Total=33.52  revenue=30104438.09
  CON:  OR=814.81  AND=53.48  Agg=0.10  Total=868.38  revenue=30104438.09

--- Iteration 6/10 ---
  CB:   OR=17.83  AND=13.39  Agg=2.87  Total=34.08  revenue=30104438.09
  CR:   OR=74.35  AND=1.80  Agg=0.07  Total=76.22  revenue=30104438.09
  CRR:  OR=23.35  AND=1.72  Agg=0.07  Total=25.13  revenue=30104438.09
  WAH:  OR=124.50  AND=16.75  Agg=1.60  Total=142.85  revenue=30104438.09
  EW:   OR=285.40  AND=5.55  Agg=0.07  Total=291.04  revenue=30104438.09
  BS:   OR=33.81  AND=21.12  Agg=0.90  Total=55.84  revenue=30104438.09
  BSA:  OR=22.96  AND=9.14  Agg=1.19  Total=33.29  revenue=30104438.09
  CON:  OR=797.26  AND=58.63  Agg=0.10  Total=855.99  revenue=30104438.09

--- Iteration 7/10 ---
  CB:   OR=17.95  AND=13.88  Agg=2.87  Total=34.70  revenue=30104438.09
  CR:   OR=74.16  AND=1.85  Agg=0.07  Total=76.08  revenue=30104438.09
  CRR:  OR=23.44  AND=1.77  Agg=0.07  Total=25.28  revenue=30104438.09
  WAH:  OR=124.45  AND=16.17  Agg=1.63  Total=142.25  revenue=30104438.09
  EW:   OR=282.65  AND=5.53  Agg=0.07  Total=288.25  revenue=30104438.09
  BS:   OR=36.23  AND=21.41  Agg=0.90  Total=58.54  revenue=30104438.09
  BSA:  OR=25.42  AND=19.25  Agg=1.19  Total=45.86  revenue=30104438.09
  CON:  OR=812.76  AND=51.88  Agg=0.09  Total=864.74  revenue=30104438.09

--- Iteration 8/10 ---
  CB:   OR=17.96  AND=16.35  Agg=2.86  Total=37.18  revenue=30104438.09
  CR:   OR=74.27  AND=1.85  Agg=0.07  Total=76.19  revenue=30104438.09
  CRR:  OR=23.53  AND=1.73  Agg=0.08  Total=25.34  revenue=30104438.09
  WAH:  OR=124.58  AND=16.23  Agg=1.60  Total=142.42  revenue=30104438.09
  EW:   OR=282.94  AND=5.63  Agg=0.07  Total=288.64  revenue=30104438.09
  BS:   OR=36.36  AND=21.54  Agg=0.90  Total=58.80  revenue=30104438.09
  BSA:  OR=25.32  AND=19.19  Agg=1.19  Total=45.70  revenue=30104438.09
  CON:  OR=809.05  AND=51.95  Agg=0.10  Total=861.09  revenue=30104438.09

--- Iteration 9/10 ---
  CB:   OR=17.77  AND=16.25  Agg=2.85  Total=36.87  revenue=30104438.09
  CR:   OR=74.55  AND=1.88  Agg=0.07  Total=76.50  revenue=30104438.09
  CRR:  OR=24.07  AND=1.74  Agg=0.07  Total=25.88  revenue=30104438.09
  WAH:  OR=124.48  AND=16.54  Agg=1.78  Total=142.80  revenue=30104438.09
  EW:   OR=282.47  AND=5.44  Agg=0.08  Total=287.99  revenue=30104438.09
  BS:   OR=36.38  AND=21.48  Agg=0.91  Total=58.77  revenue=30104438.09
  BSA:  OR=25.23  AND=19.24  Agg=1.24  Total=45.72  revenue=30104438.09
  CON:  OR=812.00  AND=52.52  Agg=0.10  Total=864.62  revenue=30104438.09

--- Iteration 10/10 ---
  CB:   OR=17.91  AND=16.56  Agg=2.85  Total=37.33  revenue=30104438.09
  CR:   OR=74.15  AND=1.86  Agg=0.07  Total=76.07  revenue=30104438.09
  CRR:  OR=23.49  AND=1.78  Agg=0.07  Total=25.34  revenue=30104438.09
  WAH:  OR=124.59  AND=16.33  Agg=1.61  Total=142.53  revenue=30104438.09
  EW:   OR=282.25  AND=5.52  Agg=0.07  Total=287.84  revenue=30104438.09
  BS:   OR=36.63  AND=21.69  Agg=0.91  Total=59.23  revenue=30104438.09
  BSA:  OR=25.43  AND=19.30  Agg=1.20  Total=45.93  revenue=30104438.09
  CON:  OR=809.53  AND=52.71  Agg=0.09  Total=862.34  revenue=30104438.09

================================================================
  Q19 Correctness Validation
================================================================
  Q19 Result (DDC):
    revenue = 30104438.09   (sum×10000 = 301044380911)
  Consistency: ALL MATCH

[Baseline] DuckDB native SQL  (single run: 1841.45 ms)
  SQL ground truth:  revenue = 30104438.09
[OK] all active backends match DuckDB SQL ground truth (revenue within 0.00).

================================================================
  Q19 RESULTS (8 measured iterations, median +/- stddev)
================================================================
  CB    OR=17.87   +/- 0.09   AND=13.63   +/- 1.59   Agg=2.86    +/- 0.02   Total=34.39   +/- 1.62  (ms)
  CR    OR=74.26   +/- 0.16   AND=1.85    +/- 0.02   Agg=0.07    +/- 0.00   Total=76.18   +/- 0.16  (ms)
  CRR   OR=23.52   +/- 0.20   AND=1.74    +/- 0.02   Agg=0.07    +/- 0.00   Total=25.34   +/- 0.20  (ms)
  WAH   OR=124.52  +/- 0.11   AND=16.20   +/- 2.75   Agg=1.62    +/- 0.06   Total=142.33  +/- 2.74  (ms)
  EW    OR=282.36  +/- 2.02   AND=5.54    +/- 0.06   Agg=0.07    +/- 0.00   Total=287.91  +/- 2.03  (ms)
  BS    OR=35.31   +/- 1.23   AND=21.38   +/- 4.14   Agg=0.91    +/- 0.00   Total=57.29   +/- 4.90  (ms)
  BSA   OR=24.13   +/- 1.18   AND=14.26   +/- 5.02   Agg=1.19    +/- 0.02   Total=39.61   +/- 6.21  (ms)
  CON   OR=809.29  +/- 14.34  AND=53.10   +/- 3.07   Agg=0.10    +/- 0.00   Total=861.71  +/- 11.66 (ms)
================================================================

  [CSV] Results written to: q19_results_SF10.csv
┌───────────────┐
│    revenue    │
│ decimal(38,4) │
├───────────────┤
│ 30104438.0911 │
└───────────────┘
  [Breakdown] DDC   L1=43.65 MiB  L2=20.93 MiB  L3=3.62 MiB  L4=0.49 MiB  total=68.69 MiB
