
================================================================
  TPC-H Q1 Benchmark — ComBit vs WAH vs CRoaring vs EWAH (SF10)
  Complement approach: OR days 2437..max → NOT
  TPC-H params: l_shipdate <= DATE '1998-12-01' - INTERVAL '90' DAY (= 1998-09-02)
  Bitmap dirs: tpch_q1_wah tpch_q1_combit tpch_q1_croaring tpch_q1_ewah
  Iterations: 10 (first 2 = warm-up)
================================================================

[Pre-load] Loading 59986052 rows (4 columns) ...
[Pre-load] Done in 1481.65 ms

[Load] Loading bitmaps (mode=ALL)...
  Shipdate: cutoff=2436 max=2526 complement OR: 90 bitmaps (days 2437..2526)
  WAH load:      51.258 ms
  ComBit load:   86.433 ms
  CRoaring load: 38.622 ms
  CRR load:      40.336 ms
  EWAH load:     29.93 ms
  Bitset load:   743.709 ms (shared by BS / BSA)
  Concise load:  1268.97 ms (incl. universe build)
  WAH      on disk: 482.24 MiB
  ComBit   on disk: 539.93 MiB
  CRoaring on disk: 167.86 MiB (shared by CR / CRR)
  EWAH     on disk: 914.50 MiB
  Bitset in mem:    679.34 MiB (rebuilt from CRoaring at load)
  Concise in mem:   40.13 MiB (rebuilt from CRoaring + universe)

--- Iteration 1/10 (warm-up) ---
  WAH:  OR_ship=4.13  NOT=0.32  AND+Agg=724.69  Total=729.14  rows=59142609
  CB:   OR_ship=11.76  NOT=0.73  AND+Agg=422.22  Total=434.72  rows=59142609
  CR:   OR_ship=33.74  NOT=1.77  AND+Agg=507.64  Total=543.14  rows=59142609
  CRR:  OR_ship=7.81  NOT=1.38  AND+Agg=504.46  Total=513.65  rows=59142609
  EW:   OR_ship=75.26  NOT=1.70  AND+Agg=430.08  Total=507.04  rows=59142609
  BS:   OR_ship=92.34  NOT=0.36  AND+Agg=325.42  Total=418.12  rows=59142609
  BSA:  OR_ship=60.02  NOT=0.30  AND+Agg=338.17  Total=398.48  rows=59142609
  CON:  OR_ship=88.41  NOT=8.77  AND+Agg=568.02  Total=665.21  rows=59142609

--- Iteration 2/10 (warm-up) ---
  WAH:  OR_ship=4.45  NOT=0.33  AND+Agg=741.23  Total=746.01  rows=59142609
  CB:   OR_ship=12.32  NOT=1.09  AND+Agg=425.18  Total=438.59  rows=59142609
  CR:   OR_ship=34.06  NOT=1.84  AND+Agg=514.88  Total=550.78  rows=59142609
  CRR:  OR_ship=8.18  NOT=1.50  AND+Agg=510.06  Total=519.75  rows=59142609
  EW:   OR_ship=73.80  NOT=1.68  AND+Agg=432.21  Total=507.69  rows=59142609
  BS:   OR_ship=92.20  NOT=0.36  AND+Agg=336.92  Total=429.49  rows=59142609
  BSA:  OR_ship=61.47  NOT=0.30  AND+Agg=333.09  Total=394.87  rows=59142609
  CON:  OR_ship=88.48  NOT=8.69  AND+Agg=544.24  Total=641.42  rows=59142609

--- Iteration 3/10 ---
  WAH:  OR_ship=3.92  NOT=0.33  AND+Agg=724.12  Total=728.37  rows=59142609
  CB:   OR_ship=11.94  NOT=1.10  AND+Agg=424.24  Total=437.28  rows=59142609
  CR:   OR_ship=34.10  NOT=1.77  AND+Agg=513.45  Total=549.33  rows=59142609
  CRR:  OR_ship=8.23  NOT=1.49  AND+Agg=512.01  Total=521.73  rows=59142609
  EW:   OR_ship=75.40  NOT=2.01  AND+Agg=442.56  Total=519.97  rows=59142609
  BS:   OR_ship=93.22  NOT=0.38  AND+Agg=340.01  Total=433.62  rows=59142609
  BSA:  OR_ship=61.51  NOT=0.32  AND+Agg=342.25  Total=404.08  rows=59142609
  CON:  OR_ship=88.50  NOT=8.63  AND+Agg=547.24  Total=644.37  rows=59142609

--- Iteration 4/10 ---
  WAH:  OR_ship=3.94  NOT=0.34  AND+Agg=722.82  Total=727.10  rows=59142609
  CB:   OR_ship=12.01  NOT=1.09  AND+Agg=425.29  Total=438.39  rows=59142609
  CR:   OR_ship=34.12  NOT=1.83  AND+Agg=513.60  Total=549.55  rows=59142609
  CRR:  OR_ship=8.12  NOT=1.51  AND+Agg=511.79  Total=521.43  rows=59142609
  EW:   OR_ship=73.69  NOT=1.69  AND+Agg=433.75  Total=509.13  rows=59142609
  BS:   OR_ship=93.79  NOT=0.36  AND+Agg=339.04  Total=433.20  rows=59142609
  BSA:  OR_ship=61.55  NOT=0.31  AND+Agg=333.80  Total=395.66  rows=59142609
  CON:  OR_ship=88.50  NOT=8.67  AND+Agg=547.09  Total=644.26  rows=59142609

--- Iteration 5/10 ---
  WAH:  OR_ship=4.31  NOT=0.32  AND+Agg=723.96  Total=728.60  rows=59142609
  CB:   OR_ship=12.08  NOT=1.08  AND+Agg=420.10  Total=433.27  rows=59142609
  CR:   OR_ship=34.05  NOT=1.80  AND+Agg=510.47  Total=546.32  rows=59142609
  CRR:  OR_ship=7.84  NOT=1.45  AND+Agg=510.71  Total=520.00  rows=59142609
  EW:   OR_ship=73.94  NOT=1.72  AND+Agg=438.00  Total=513.65  rows=59142609
  BS:   OR_ship=92.08  NOT=0.37  AND+Agg=327.07  Total=419.53  rows=59142609
  BSA:  OR_ship=60.65  NOT=0.29  AND+Agg=322.99  Total=383.93  rows=59142609
  CON:  OR_ship=89.48  NOT=8.80  AND+Agg=543.68  Total=641.97  rows=59142609

--- Iteration 6/10 ---
  WAH:  OR_ship=4.11  NOT=0.30  AND+Agg=721.98  Total=726.40  rows=59142609
  CB:   OR_ship=11.75  NOT=1.07  AND+Agg=419.50  Total=432.31  rows=59142609
  CR:   OR_ship=34.64  NOT=1.78  AND+Agg=511.60  Total=548.02  rows=59142609
  CRR:  OR_ship=8.29  NOT=1.51  AND+Agg=510.17  Total=519.97  rows=59142609
  EW:   OR_ship=74.00  NOT=1.72  AND+Agg=443.50  Total=519.22  rows=59142609
  BS:   OR_ship=91.70  NOT=0.35  AND+Agg=325.57  Total=417.63  rows=59142609
  BSA:  OR_ship=60.65  NOT=0.30  AND+Agg=320.91  Total=381.85  rows=59142609
  CON:  OR_ship=88.46  NOT=8.67  AND+Agg=541.16  Total=638.30  rows=59142609

--- Iteration 7/10 ---
  WAH:  OR_ship=4.09  NOT=0.30  AND+Agg=720.42  Total=724.81  rows=59142609
  CB:   OR_ship=11.76  NOT=1.07  AND+Agg=422.35  Total=435.19  rows=59142609
  CR:   OR_ship=34.27  NOT=1.75  AND+Agg=510.94  Total=546.96  rows=59142609
  CRR:  OR_ship=8.76  NOT=1.55  AND+Agg=506.95  Total=517.27  rows=59142609
  EW:   OR_ship=73.91  NOT=1.72  AND+Agg=425.55  Total=501.18  rows=59142609
  BS:   OR_ship=91.78  NOT=0.34  AND+Agg=324.32  Total=416.45  rows=59142609
  BSA:  OR_ship=60.18  NOT=0.29  AND+Agg=321.47  Total=381.95  rows=59142609
  CON:  OR_ship=88.74  NOT=8.76  AND+Agg=541.99  Total=639.50  rows=59142609

--- Iteration 8/10 ---
  WAH:  OR_ship=4.12  NOT=0.34  AND+Agg=721.61  Total=726.06  rows=59142609
  CB:   OR_ship=11.66  NOT=1.07  AND+Agg=421.55  Total=434.28  rows=59142609
  CR:   OR_ship=34.03  NOT=1.79  AND+Agg=512.53  Total=548.34  rows=59142609
  CRR:  OR_ship=7.97  NOT=1.47  AND+Agg=505.93  Total=515.38  rows=59142609
  EW:   OR_ship=74.11  NOT=1.76  AND+Agg=429.62  Total=505.49  rows=59142609
  BS:   OR_ship=94.30  NOT=0.35  AND+Agg=327.11  Total=421.76  rows=59142609
  BSA:  OR_ship=60.53  NOT=0.30  AND+Agg=322.15  Total=382.98  rows=59142609
  CON:  OR_ship=88.85  NOT=8.76  AND+Agg=543.67  Total=641.28  rows=59142609

--- Iteration 9/10 ---
  WAH:  OR_ship=3.83  NOT=0.32  AND+Agg=723.63  Total=727.79  rows=59142609
  CB:   OR_ship=12.08  NOT=1.15  AND+Agg=429.43  Total=442.66  rows=59142609
  CR:   OR_ship=34.00  NOT=1.77  AND+Agg=510.95  Total=546.72  rows=59142609
  CRR:  OR_ship=8.22  NOT=1.47  AND+Agg=508.38  Total=518.07  rows=59142609
  EW:   OR_ship=73.84  NOT=1.70  AND+Agg=425.53  Total=501.08  rows=59142609
  BS:   OR_ship=92.61  NOT=0.35  AND+Agg=326.53  Total=419.48  rows=59142609
  BSA:  OR_ship=60.25  NOT=0.30  AND+Agg=321.21  Total=381.76  rows=59142609
  CON:  OR_ship=88.55  NOT=8.74  AND+Agg=541.57  Total=638.86  rows=59142609

--- Iteration 10/10 ---
  WAH:  OR_ship=4.25  NOT=0.32  AND+Agg=722.16  Total=726.73  rows=59142609
  CB:   OR_ship=12.06  NOT=1.09  AND+Agg=421.70  Total=434.86  rows=59142609
  CR:   OR_ship=34.33  NOT=1.83  AND+Agg=511.68  Total=547.83  rows=59142609
  CRR:  OR_ship=8.36  NOT=1.50  AND+Agg=508.03  Total=517.89  rows=59142609
  EW:   OR_ship=73.74  NOT=1.71  AND+Agg=423.04  Total=498.50  rows=59142609
  BS:   OR_ship=92.47  NOT=0.37  AND+Agg=326.15  Total=418.99  rows=59142609
  BSA:  OR_ship=60.31  NOT=0.30  AND+Agg=321.65  Total=382.27  rows=59142609
  CON:  OR_ship=88.88  NOT=8.79  AND+Agg=537.57  Total=635.24  rows=59142609

================================================================
  Q1 Correctness Validation
================================================================
  Row counts: WAH=59142609 CB=59142609 CR=59142609 CRR=59142609 EW=59142609 BS=59142609 BSA=59142609 CON=59142609

  Q1 Results (from ComBit):
  rf ls  sum_qty       sum_base_price  sum_disc_price     sum_charge        avg_qty  avg_price  avg_disc  count
  A  F  377518399.00  566065727797.25   537759104278.07     559276670892.12     25.50   38237.15      0.05  14804077
  N  F    9851614.00  14767438399.17    14028805792.21      14590490998.37     25.52   38257.81      0.05  385998
  N  O  743124873.00  1114302286901.88  1058580922144.96    1100937000170.59     25.50   38233.90      0.05  29144351
  R  F  377732830.00  566431054976.00   538110922664.77     559634780885.09     25.51   38251.22      0.05  14808183
  Consistency: ALL MATCH

[Baseline] DuckDB native SQL count(*) = 59142609  (single run: 182.24 ms)
[OK] all active backends match DuckDB SQL ground truth (59142609 rows).

================================================================
  Q1 RESULTS (8 measured iterations, median ± stddev)
================================================================
                       WAH (ms)              ComBit (ms)         CRoaring (ms)      CRoar+Run (ms)       EWAH (ms)          CB vs WAH   CR vs WAH  CRR vs WAH   EW vs WAH
  --------------------------------------------------------------------------------------------------------------------------------
  OR_ship             4.10 ±   0.16        11.98 ±   0.16        34.11 ±   0.20         8.23 ±   0.26        73.93 ±   0.52      0.34x      0.12x      0.50x      0.06x
  NOT                 0.32 ±   0.01         1.09 ±   0.02         1.78 ±   0.03         1.50 ±   0.03         1.72 ±   0.10      0.30x      0.18x      0.22x      0.19x
  AND+Agg           722.49 ±   1.20       422.03 ±   3.02       511.64 ±   1.10       509.27 ±   2.11       431.69 ±   7.48      1.71x      1.41x      1.42x      1.67x
  --------------------------------------------------------------------------------------------------------------------------------
  TOTAL             726.91 ±   1.18       435.02 ±   3.12       547.93 ±   1.10       519.02 ±   2.05       507.31 ±   7.84      1.67x      1.33x      1.40x      1.43x

  WAH rows:        59142609
  ComBit rows:     59142609
  CRoaring rows:   59142609
  CRoar+Run rows:  59142609
  EWAH rows:       59142609
================================================================


================================================================
  Q1 BASELINE BACKENDS (no compression / Concise)
================================================================
                       BS (ms)              BSA (ms)            Concise (ms)        BS vs WAH   BSA vs WAH   CON vs WAH
  -------------------------------------------------------------------------------------------------------------
  OR_ship            92.54 ±   0.89        60.59 ±   0.50        88.64 ±   0.32      0.04x      0.07x      0.05x
  NOT                 0.36 ±   0.01         0.30 ±   0.01         8.75 ±   0.06      0.90x      1.09x      0.04x
  AND+Agg           326.80 ±   5.87       321.90 ±   7.39       542.83 ±   2.99      2.21x      2.24x      1.33x
  -------------------------------------------------------------------------------------------------------------
  TOTAL             419.51 ±   6.41       382.62 ±   7.86       640.39 ±   2.92      1.73x      1.90x      1.14x

  Bitset rows:         59142609
  Bitset+AVX512 rows:  59142609
  Concise rows:        59142609
================================================================

  [CSV] Results written to: q1_results_SF10.csv
┌──────────────┬──────────────┬───────────────┬──────────────────┬────────────────────┬──────────────────────┬────────────────────┬────────────────────┬─────────────────────┬─────────────┐
│ l_returnflag │ l_linestatus │    sum_qty    │  sum_base_price  │   sum_disc_price   │      sum_charge      │      avg_qty       │     avg_price      │      avg_disc       │ count_order │
│   varchar    │   varchar    │ decimal(38,2) │  decimal(38,2)   │   decimal(38,4)    │    decimal(38,6)     │       double       │       double       │       double        │    int64    │
├──────────────┼──────────────┼───────────────┼──────────────────┼────────────────────┼──────────────────────┼────────────────────┼────────────────────┼─────────────────────┼─────────────┤
│ A            │ F            │  377518399.00 │  566065727797.25 │  537759104278.0656 │  559276670892.116819 │ 25.500975103007097 │  38237.15100895854 │  0.0500065745402432 │    14804077 │
│ N            │ F            │    9851614.00 │   14767438399.17 │   14028805792.2114 │   14590490998.366737 │ 25.522448302840946 │  38257.81066008114 │ 0.04997336773765667 │      385998 │
│ N            │ O            │  743124873.00 │ 1114302286901.88 │ 1058580922144.9638 │ 1100937000170.591854 │ 25.498075870689316 │  38233.90292348181 │ 0.05000081182113131 │    29144351 │
│ R            │ F            │  377732830.00 │  566431054976.00 │  538110922664.7677 │  559634780885.086257 │  25.50838478968014 │ 38251.219273559764 │ 0.04999679231408742 │    14808183 │
└──────────────┴──────────────┴───────────────┴──────────────────┴────────────────────┴──────────────────────┴────────────────────┴────────────────────┴─────────────────────┴─────────────┘
  [Breakdown] ComBit   L1=29.51 MiB  L2=4.26 MiB  L3=1.31 MiB  L4=1.33 MiB  total=36.41 MiB
