
================================================================
  TPC-H Q3 Benchmark — ComBit vs WAH vs CRoaring vs EWAH (SF10)
  Complement OR shipdate days 1..1169 -> NOT -> AND join_result -> Top-10
  TPC-H params: c_mktsegment='BUILDING', date=1995-03-15
  Iterations: 10 (first 2 = warm-up)
================================================================

[Side-load] orders_meta: 1461923 qualifying orders in 441.464 ms
[Pre-load] lineitem: 59986052 rows (l_orderkey, l_extendedprice, l_discount) in 532.114 ms

[Load] Loading bitmaps (mode=ALL)...
  WAH load:      274.347 ms
  ComBit load:   973.288 ms
  CRoaring load: 131.918 ms
  CRR load:      163.87 ms
  EWAH load:     241.345 ms
  Bitset load:   4068.33 ms (shared by BS / BSA)
  Concise load:  800.854 ms (incl. universe build)

--- Iteration 1/10 (warm-up) ---
  CB:   OR=267.926  NOT=4.464  AND=0.778  Agg=35.564  Total=308.734  rows=302114
  CR:   OR=289.278  NOT=0.401  AND=12.613  Agg=28.153  Total=330.447  rows=302114
  CRR:  OR=108.671  NOT=0.416  AND=12.512  Agg=26.327  Total=147.928  rows=302114
  WAH:  OR=115.182  NOT=0.318  AND=6.932  Agg=41.935  Total=164.368  rows=302114
  EW:   OR=2681.89  NOT=0.637  AND=7.191  Agg=32.697  Total=2722.42  rows=302114
  BS:   OR=1165.98  NOT=0.342  AND=1.007  Agg=35.266  Total=1202.6  rows=302114
  BSA:  OR=762.852  NOT=0.291  AND=0.666  Agg=35.635  Total=799.446  rows=302114
  CON:  OR=3566.68  NOT=10.407  AND=18.996  Agg=36.922  Total=3633.01  rows=302114

--- Iteration 2/10 (warm-up) ---
  CB:   OR=261.103  NOT=1.214  AND=0.763  Agg=32.955  Total=296.037  rows=302114
  CR:   OR=291.501  NOT=0.414  AND=12.598  Agg=28.112  Total=332.627  rows=302114
  CRR:  OR=108.553  NOT=0.408  AND=12.473  Agg=26.335  Total=147.77  rows=302114
  WAH:  OR=114.532  NOT=0.308  AND=5.183  Agg=41.14  Total=161.165  rows=302114
  EW:   OR=2724.96  NOT=0.634  AND=7.152  Agg=32.194  Total=2764.94  rows=302114
  BS:   OR=1168.86  NOT=0.335  AND=0.999  Agg=35.051  Total=1205.25  rows=302114
  BSA:  OR=764.865  NOT=0.295  AND=0.661  Agg=35.436  Total=801.259  rows=302114
  CON:  OR=3550.26  NOT=10.806  AND=21.13  Agg=36.847  Total=3619.04  rows=302114

--- Iteration 3/10 ---
  CB:   OR=262.14  NOT=1.225  AND=0.751  Agg=33.058  Total=297.175  rows=302114
  CR:   OR=292.788  NOT=0.422  AND=12.587  Agg=28.097  Total=333.896  rows=302114
  CRR:  OR=110.428  NOT=0.431  AND=12.494  Agg=26.1  Total=149.455  rows=302114
  WAH:  OR=115.563  NOT=0.324  AND=5.323  Agg=41.441  Total=162.652  rows=302114
  EW:   OR=2698.06  NOT=0.684  AND=7.16  Agg=32.456  Total=2738.36  rows=302114
  BS:   OR=1165.92  NOT=0.331  AND=1.001  Agg=35.169  Total=1202.43  rows=302114
  BSA:  OR=763.983  NOT=0.293  AND=0.667  Agg=35.214  Total=800.158  rows=302114
  CON:  OR=3555.4  NOT=10.904  AND=18.575  Agg=36.887  Total=3621.76  rows=302114

--- Iteration 4/10 ---
  CB:   OR=261.68  NOT=1.358  AND=0.807  Agg=32.942  Total=296.788  rows=302114
  CR:   OR=294.904  NOT=0.446  AND=12.687  Agg=28.08  Total=336.118  rows=302114
  CRR:  OR=110.585  NOT=0.432  AND=12.591  Agg=26.901  Total=150.51  rows=302114
  WAH:  OR=115.731  NOT=0.312  AND=5.01  Agg=41.698  Total=162.752  rows=302114
  EW:   OR=2697.13  NOT=0.658  AND=7.182  Agg=32.226  Total=2737.2  rows=302114
  BS:   OR=1165.25  NOT=0.331  AND=0.989  Agg=35.195  Total=1201.77  rows=302114
  BSA:  OR=766.713  NOT=0.317  AND=0.656  Agg=35.581  Total=803.269  rows=302114
  CON:  OR=3560.25  NOT=10.718  AND=23.424  Agg=36.791  Total=3631.19  rows=302114

--- Iteration 5/10 ---
  CB:   OR=266.453  NOT=1.359  AND=1.113  Agg=33.016  Total=301.942  rows=302114
  CR:   OR=293.488  NOT=0.421  AND=12.651  Agg=28.068  Total=334.63  rows=302114
  CRR:  OR=109.971  NOT=0.432  AND=12.504  Agg=26.179  Total=149.088  rows=302114
  WAH:  OR=115.706  NOT=0.315  AND=7.057  Agg=41.453  Total=164.532  rows=302114
  EW:   OR=2847.03  NOT=0.654  AND=7.21  Agg=32.098  Total=2886.99  rows=302114
  BS:   OR=1164.78  NOT=0.338  AND=1.012  Agg=35.106  Total=1201.23  rows=302114
  BSA:  OR=766.247  NOT=0.293  AND=0.666  Agg=35.148  Total=802.357  rows=302114
  CON:  OR=3571.45  NOT=10.487  AND=18.724  Agg=36.722  Total=3637.38  rows=302114

--- Iteration 6/10 ---
  CB:   OR=264.118  NOT=1.331  AND=0.77  Agg=32.691  Total=298.912  rows=302114
  CR:   OR=293.829  NOT=0.415  AND=12.61  Agg=27.974  Total=334.83  rows=302114
  CRR:  OR=109.772  NOT=0.424  AND=12.544  Agg=26.117  Total=148.859  rows=302114
  WAH:  OR=115.308  NOT=0.327  AND=6.9  Agg=41.42  Total=163.957  rows=302114
  EW:   OR=2718.2  NOT=0.655  AND=7.262  Agg=32.529  Total=2758.65  rows=302114
  BS:   OR=1161.86  NOT=0.335  AND=1.003  Agg=35.076  Total=1198.28  rows=302114
  BSA:  OR=765.058  NOT=0.295  AND=0.655  Agg=35.563  Total=801.573  rows=302114
  CON:  OR=3558.87  NOT=10.572  AND=18.661  Agg=36.605  Total=3624.71  rows=302114

--- Iteration 7/10 ---
  CB:   OR=263.737  NOT=1.36  AND=0.761  Agg=32.983  Total=298.843  rows=302114
  CR:   OR=292.963  NOT=0.43  AND=12.597  Agg=28.033  Total=334.025  rows=302114
  CRR:  OR=111.034  NOT=0.423  AND=12.598  Agg=26.418  Total=150.475  rows=302114
  WAH:  OR=115.633  NOT=0.325  AND=5.228  Agg=41.355  Total=162.543  rows=302114
  EW:   OR=2852.82  NOT=0.863  AND=7.25  Agg=32.459  Total=2893.39  rows=302114
  BS:   OR=1166.34  NOT=0.337  AND=1.014  Agg=35.15  Total=1202.84  rows=302114
  BSA:  OR=762.386  NOT=0.301  AND=0.652  Agg=35.439  Total=798.78  rows=302114
  CON:  OR=3546.77  NOT=13.314  AND=23.365  Agg=37.04  Total=3620.49  rows=302114

--- Iteration 8/10 ---
  CB:   OR=266.409  NOT=1.29  AND=0.749  Agg=32.774  Total=301.223  rows=302114
  CR:   OR=295.186  NOT=0.436  AND=12.633  Agg=28.412  Total=336.668  rows=302114
  CRR:  OR=111.143  NOT=0.441  AND=12.509  Agg=26.085  Total=150.179  rows=302114
  WAH:  OR=115.145  NOT=0.309  AND=5.046  Agg=41.632  Total=162.133  rows=302114
  EW:   OR=2715  NOT=0.63  AND=7.147  Agg=32.325  Total=2755.1  rows=302114
  BS:   OR=1161.19  NOT=0.345  AND=1.013  Agg=34.975  Total=1197.53  rows=302114
  BSA:  OR=763.215  NOT=0.303  AND=0.652  Agg=35.148  Total=799.319  rows=302114
  CON:  OR=3551.41  NOT=10.249  AND=18.951  Agg=36.869  Total=3617.48  rows=302114

--- Iteration 9/10 ---
  CB:   OR=262.138  NOT=1.287  AND=0.764  Agg=32.62  Total=296.811  rows=302114
  CR:   OR=292.864  NOT=0.436  AND=12.647  Agg=27.823  Total=333.771  rows=302114
  CRR:  OR=110.373  NOT=0.424  AND=12.501  Agg=26.112  Total=149.412  rows=302114
  WAH:  OR=115.215  NOT=0.33  AND=5.247  Agg=41.345  Total=162.14  rows=302114
  EW:   OR=2705.65  NOT=0.63  AND=7.225  Agg=32.553  Total=2746.06  rows=302114
  BS:   OR=1162.33  NOT=0.324  AND=0.998  Agg=35.027  Total=1198.68  rows=302114
  BSA:  OR=762.722  NOT=0.291  AND=0.659  Agg=35.327  Total=799  rows=302114
  CON:  OR=3552.35  NOT=10.257  AND=19.355  Agg=36.839  Total=3618.81  rows=302114

--- Iteration 10/10 ---
  CB:   OR=263.411  NOT=1.27  AND=0.755  Agg=32.776  Total=298.214  rows=302114
  CR:   OR=292.838  NOT=0.437  AND=12.567  Agg=28.168  Total=334.012  rows=302114
  CRR:  OR=111.794  NOT=0.423  AND=12.552  Agg=26.755  Total=151.526  rows=302114
  WAH:  OR=115.742  NOT=0.311  AND=5.058  Agg=41.675  Total=162.787  rows=302114
  EW:   OR=2700.28  NOT=0.642  AND=7.193  Agg=32.865  Total=2740.98  rows=302114
  BS:   OR=1166.85  NOT=0.325  AND=1.012  Agg=35.172  Total=1203.36  rows=302114
  BSA:  OR=764.207  NOT=0.291  AND=0.665  Agg=35.586  Total=800.75  rows=302114
  CON:  OR=3544.69  NOT=10.385  AND=18.959  Agg=36.82  Total=3610.86  rows=302114

[Baseline] DuckDB native SQL Top-10  (single run: 296.09 ms)
[OK] all active backends match DuckDB SQL ground truth (Top-10, revenue within 0.01).

  Q3 Top-10 (revenue DESC, o_orderdate ASC, source=ComBit):
  l_orderkey           revenue  o_orderdate o_shippriority 
  4791171          440715.2185  1995-02-23  0              
  46678469         439855.3250  1995-01-27  0              
  23906758         432728.5737  1995-03-14  0              
  23861382         428739.1368  1995-03-09  0              
  59393639         426036.0662  1995-02-12  0              
  3355202          425100.6657  1995-03-04  0              
  9806272          425088.0568  1995-03-13  0              
  22810436         423231.9690  1995-01-02  0              
  16384100         421478.7294  1995-03-02  0              
  52974151         415367.1195  1995-02-05  0              

================================================================
  Q3 RESULTS (8 measured iterations, median +/- stddev)
================================================================
                  CB (ms)         CR (ms)        CRR (ms)        WAH (ms)        EW (ms)
  -----------------------------------------------------------------------------------------
  OR_ship       263.5740 +/- 1.7357  293.2255 +/- 0.8992  110.5065 +/- 0.6185  115.5980 +/- 0.2291  2710.3265 +/- 62.8618
  NOT             1.3105 +/- 0.0466    0.4330 +/- 0.0097    0.4275 +/- 0.0060    0.3195 +/- 0.0077    0.6545 +/- 0.0722
  AND             0.7625 +/- 0.1163   12.6215 +/- 0.0368   12.5265 +/- 0.0386    5.2375 +/- 0.7985    7.2015 +/- 0.0383
  Agg            32.8590 +/- 0.1525   28.0740 +/- 0.1573   26.1480 +/- 0.3047   41.4470 +/- 0.1343   32.4575 +/- 0.2173
  -----------------------------------------------------------------------------------------
  TOTAL         298.5285 +/- 1.8274  334.3275 +/- 1.0203  149.8170 +/- 0.8361  162.7020 +/- 0.8031  2750.5825 +/- 62.8354

  CB rows: 302114  CR rows: 302114  CRR rows: 302114  WAH rows: 302114  EW rows: 302114
================================================================


================================================================
  Q3 BASELINE BACKENDS (no compression / Concise)
================================================================
                  BS (ms)         BSA (ms)        Concise (ms)     BS vs WAH   BSA vs WAH   CON vs WAH
  ----------------------------------------------------------------------------------------------
  OR_ship       1165.0160 +/- 2.0589  764.0950 +/- 1.4843  3553.8750 +/- 7.9597     0.0992x     0.1513x     0.0325x
  NOT             0.3330 +/- 0.0065    0.2940 +/- 0.0083   10.5295 +/- 0.9506     0.9595x     1.0867x     0.0303x
  AND             1.0075 +/- 0.0084    0.6575 +/- 0.0058   18.9550 +/- 1.9716     5.1985x     7.9658x     0.2763x
  Agg            35.1280 +/- 0.0728   35.3830 +/- 0.1795   36.8295 +/- 0.1185     1.1799x     1.1714x     1.1254x
  ----------------------------------------------------------------------------------------------
  TOTAL         1201.5030 +/- 2.1228  800.4540 +/- 1.5357  3621.1265 +/- 7.7445     0.1354x     0.2033x     0.0449x

  BS rows: 302114  BSA rows: 302114  CON rows: 302114
================================================================

  [CSV] q3_results_SF10.csv
┌────────────┬───────────────┬─────────────┬────────────────┐
│ l_orderkey │    revenue    │ o_orderdate │ o_shippriority │
│   int64    │ decimal(38,4) │    date     │     int32      │
├────────────┼───────────────┼─────────────┼────────────────┤
│    4791171 │   440715.2185 │ 1995-02-23  │              0 │
│   46678469 │   439855.3250 │ 1995-01-27  │              0 │
│   23906758 │   432728.5737 │ 1995-03-14  │              0 │
│   23861382 │   428739.1368 │ 1995-03-09  │              0 │
│   59393639 │   426036.0662 │ 1995-02-12  │              0 │
│    3355202 │   425100.6657 │ 1995-03-04  │              0 │
│    9806272 │   425088.0568 │ 1995-03-13  │              0 │
│   22810436 │   423231.9690 │ 1995-01-02  │              0 │
│   16384100 │   421478.7294 │ 1995-03-02  │              0 │
│   52974151 │   415367.1195 │ 1995-02-05  │              0 │
├────────────┴───────────────┴─────────────┴────────────────┤
│ 10 rows                                         4 columns │
└───────────────────────────────────────────────────────────┘
  [Breakdown] ComBit   L1=27.78 MiB  L2=26.38 MiB  L3=23.58 MiB  L4=16.34 MiB  total=94.08 MiB
