
================================================================
  TPC-H Q4 Benchmark — ComBit vs WAH vs CRoaring vs EWAH (SF10)
  OR orderdate days 547..638 (92 bitmaps) -> AND late_lineitem -> per-priority popcount
  TPC-H params: orderdate range [1993-07-01, 1993-10-01), EXISTS l_commitdate < l_receiptdate
  Iterations: 10 (first 2 = warm-up)
================================================================

[Probe] orders num_rows = 15000000

[Load] Loading bitmaps (mode=ALL)...
  WAH load:      17.55 ms
  ComBit load:   28.804 ms
  CRoaring load: 12.801 ms
  CRR load:      12.818 ms
  EWAH load:     12.353 ms
  Bitset load:   174.249 ms (shared by BS / BSA)
  Concise load:  226.342 ms

--- Iteration 1/10 (warm-up) ---
  CB:   OR=4.436  AND_late=0.642  AND_prio+Pop=1.031  Total=6.11
  CR:   OR=20.745  AND_late=0.476  AND_prio+Pop=2.067  Total=23.289
  CRR:  OR=1.91  AND_late=0.46  AND_prio+Pop=2.075  Total=4.446
  WAH:  OR=1.567  AND_late=0.298  AND_prio+Pop=3.37  Total=5.236
  EW:   OR=50.686  AND_late=1.102  AND_prio+Pop=3.17  Total=54.959
  BS:   OR=23.295  AND_late=0.25  AND_prio+Pop=1.337  Total=24.883
  BSA:  OR=15.392  AND_late=0.166  AND_prio+Pop=0.881  Total=16.439
  CON:  OR=67.507  AND_late=5.907  AND_prio+Pop=22.351  Total=95.765

--- Iteration 2/10 (warm-up) ---
  CB:   OR=4.673  AND_late=0.64  AND_prio+Pop=1.102  Total=6.416
  CR:   OR=20.727  AND_late=0.476  AND_prio+Pop=2.059  Total=23.263
  CRR:  OR=1.906  AND_late=0.464  AND_prio+Pop=2.047  Total=4.418
  WAH:  OR=1.552  AND_late=0.303  AND_prio+Pop=3.342  Total=5.198
  EW:   OR=50.608  AND_late=1.078  AND_prio+Pop=3.118  Total=54.805
  BS:   OR=22.996  AND_late=0.248  AND_prio+Pop=1.263  Total=24.508
  BSA:  OR=15.164  AND_late=0.16  AND_prio+Pop=0.847  Total=16.172
  CON:  OR=67.599  AND_late=5.889  AND_prio+Pop=22.352  Total=95.841

--- Iteration 3/10 ---
  CB:   OR=4.494  AND_late=0.656  AND_prio+Pop=1.071  Total=6.222
  CR:   OR=20.631  AND_late=0.472  AND_prio+Pop=2.065  Total=23.169
  CRR:  OR=1.903  AND_late=0.479  AND_prio+Pop=2.053  Total=4.436
  WAH:  OR=1.586  AND_late=0.316  AND_prio+Pop=3.362  Total=5.265
  EW:   OR=50.875  AND_late=1.105  AND_prio+Pop=3.159  Total=55.14
  BS:   OR=23.229  AND_late=0.256  AND_prio+Pop=1.311  Total=24.797
  BSA:  OR=15.128  AND_late=0.165  AND_prio+Pop=0.87  Total=16.163
  CON:  OR=67.58  AND_late=5.893  AND_prio+Pop=22.451  Total=95.925

--- Iteration 4/10 ---
  CB:   OR=4.586  AND_late=0.63  AND_prio+Pop=1.158  Total=6.376
  CR:   OR=20.463  AND_late=0.494  AND_prio+Pop=2.063  Total=23.021
  CRR:  OR=1.903  AND_late=0.452  AND_prio+Pop=2.043  Total=4.399
  WAH:  OR=1.577  AND_late=0.296  AND_prio+Pop=3.355  Total=5.229
  EW:   OR=50.862  AND_late=1.054  AND_prio+Pop=3.14  Total=55.057
  BS:   OR=23.37  AND_late=0.251  AND_prio+Pop=1.318  Total=24.94
  BSA:  OR=15.159  AND_late=0.162  AND_prio+Pop=0.859  Total=16.181
  CON:  OR=67.637  AND_late=5.998  AND_prio+Pop=22.453  Total=96.09

--- Iteration 5/10 ---
  CB:   OR=4.579  AND_late=0.647  AND_prio+Pop=1.07  Total=6.297
  CR:   OR=20.829  AND_late=0.463  AND_prio+Pop=2.062  Total=23.355
  CRR:  OR=1.893  AND_late=0.486  AND_prio+Pop=2.048  Total=4.428
  WAH:  OR=1.606  AND_late=0.295  AND_prio+Pop=3.346  Total=5.248
  EW:   OR=50.799  AND_late=1.094  AND_prio+Pop=3.175  Total=55.069
  BS:   OR=23.2  AND_late=0.247  AND_prio+Pop=1.318  Total=24.766
  BSA:  OR=15.365  AND_late=0.168  AND_prio+Pop=0.867  Total=16.4
  CON:  OR=67.544  AND_late=5.904  AND_prio+Pop=22.424  Total=95.873

--- Iteration 6/10 ---
  CB:   OR=4.526  AND_late=0.644  AND_prio+Pop=1.005  Total=6.175
  CR:   OR=20.723  AND_late=0.478  AND_prio+Pop=2.066  Total=23.269
  CRR:  OR=1.916  AND_late=0.456  AND_prio+Pop=2.046  Total=4.419
  WAH:  OR=1.593  AND_late=0.297  AND_prio+Pop=3.366  Total=5.257
  EW:   OR=50.755  AND_late=1.061  AND_prio+Pop=3.158  Total=54.976
  BS:   OR=23.381  AND_late=0.246  AND_prio+Pop=1.328  Total=24.956
  BSA:  OR=15.286  AND_late=0.166  AND_prio+Pop=0.884  Total=16.337
  CON:  OR=67.419  AND_late=5.903  AND_prio+Pop=22.353  Total=95.676

--- Iteration 7/10 ---
  CB:   OR=4.571  AND_late=0.653  AND_prio+Pop=1.069  Total=6.294
  CR:   OR=20.728  AND_late=0.464  AND_prio+Pop=2.063  Total=23.256
  CRR:  OR=1.934  AND_late=0.487  AND_prio+Pop=2.056  Total=4.478
  WAH:  OR=1.559  AND_late=0.357  AND_prio+Pop=3.352  Total=5.269
  EW:   OR=50.742  AND_late=1.096  AND_prio+Pop=3.125  Total=54.964
  BS:   OR=23.325  AND_late=0.26  AND_prio+Pop=1.323  Total=24.91
  BSA:  OR=15.056  AND_late=0.164  AND_prio+Pop=0.85  Total=16.07
  CON:  OR=67.592  AND_late=5.92  AND_prio+Pop=22.337  Total=95.851

--- Iteration 8/10 ---
  CB:   OR=4.599  AND_late=0.64  AND_prio+Pop=1.146  Total=6.386
  CR:   OR=20.501  AND_late=0.481  AND_prio+Pop=2.071  Total=23.054
  CRR:  OR=1.911  AND_late=0.476  AND_prio+Pop=2.063  Total=4.451
  WAH:  OR=1.581  AND_late=0.311  AND_prio+Pop=3.361  Total=5.254
  EW:   OR=50.79  AND_late=1.049  AND_prio+Pop=3.17  Total=55.01
  BS:   OR=23.264  AND_late=0.259  AND_prio+Pop=1.306  Total=24.83
  BSA:  OR=15.274  AND_late=0.172  AND_prio+Pop=0.85  Total=16.297
  CON:  OR=67.486  AND_late=6.016  AND_prio+Pop=22.322  Total=95.825

--- Iteration 9/10 ---
  CB:   OR=4.591  AND_late=0.644  AND_prio+Pop=1.132  Total=6.368
  CR:   OR=20.759  AND_late=0.47  AND_prio+Pop=2.068  Total=23.298
  CRR:  OR=1.881  AND_late=0.461  AND_prio+Pop=2.053  Total=4.397
  WAH:  OR=1.592  AND_late=0.325  AND_prio+Pop=3.359  Total=5.277
  EW:   OR=50.7  AND_late=1.061  AND_prio+Pop=3.178  Total=54.94
  BS:   OR=23.39  AND_late=0.264  AND_prio+Pop=1.337  Total=24.992
  BSA:  OR=15.086  AND_late=0.161  AND_prio+Pop=0.852  Total=16.1
  CON:  OR=67.587  AND_late=5.912  AND_prio+Pop=22.376  Total=95.876

--- Iteration 10/10 ---
  CB:   OR=4.611  AND_late=0.643  AND_prio+Pop=0.999  Total=6.254
  CR:   OR=21.055  AND_late=0.487  AND_prio+Pop=2.071  Total=23.614
  CRR:  OR=1.913  AND_late=0.463  AND_prio+Pop=2.054  Total=4.43
  WAH:  OR=1.587  AND_late=0.3  AND_prio+Pop=3.379  Total=5.268
  EW:   OR=50.831  AND_late=1.116  AND_prio+Pop=3.143  Total=55.09
  BS:   OR=23.334  AND_late=0.255  AND_prio+Pop=1.319  Total=24.909
  BSA:  OR=15.273  AND_late=0.165  AND_prio+Pop=0.858  Total=16.297
  CON:  OR=67.429  AND_late=5.926  AND_prio+Pop=22.395  Total=95.75

[Baseline] DuckDB native SQL Q4  (single run: 1228.48 ms)
[OK] all active backends match DuckDB SQL ground truth (per-priority counts exact).

  Q4 per-priority counts (source=ComBit):
  o_orderpriority        order_count
  1-URGENT                    105214
  2-HIGH                      104821
  3-MEDIUM                    105227
  4-NOT SPECIFIED             105422
  5-LOW                       105356

================================================================
  Q4 RESULTS (8 measured iterations, median +/- stddev)
================================================================
                  CB (ms)         CR (ms)        CRR (ms)        WAH (ms)        EW (ms)
  -----------------------------------------------------------------------------------------
  OR_date           4.58 +/-  0.04     20.73 +/-  0.18      1.91 +/-  0.01      1.59 +/-  0.01     50.79 +/-  0.06
  AND_late          0.64 +/-  0.01      0.47 +/-  0.01      0.47 +/-  0.01      0.31 +/-  0.02      1.08 +/-  0.02
  AND_prio+Pop      1.07 +/-  0.06      2.07 +/-  0.00      2.05 +/-  0.01      3.36 +/-  0.01      3.16 +/-  0.02
  -----------------------------------------------------------------------------------------
  TOTAL             6.30 +/-  0.07     23.26 +/-  0.17      4.43 +/-  0.02      5.26 +/-  0.01     55.03 +/-  0.06
================================================================


================================================================
  Q4 BASELINE BACKENDS (no compression / Concise)
================================================================
                  BS (ms)         BSA (ms)        Concise (ms)     BS vs WAH   BSA vs WAH   CON vs WAH
  ----------------------------------------------------------------------------------------------
  OR_date          23.33 +/-  0.07     15.22 +/-  0.10     67.56 +/-  0.08      0.07x      0.10x      0.02x
  AND_late          0.26 +/-  0.01      0.17 +/-  0.00      5.92 +/-  0.04      1.20x      1.85x      0.05x
  AND_prio+Pop      1.32 +/-  0.01      0.86 +/-  0.01     22.39 +/-  0.05      2.55x      3.91x      0.15x
  ----------------------------------------------------------------------------------------------
  TOTAL            24.91 +/-  0.08     16.24 +/-  0.11     95.86 +/-  0.11      0.21x      0.32x      0.05x
================================================================

  [CSV] q4_results_SF10.csv
┌─────────────────┬─────────────┐
│ o_orderpriority │ order_count │
│     varchar     │    int64    │
├─────────────────┼─────────────┤
│ 1-URGENT        │      105214 │
│ 2-HIGH          │      104821 │
│ 3-MEDIUM        │      105227 │
│ 4-NOT SPECIFIED │      105422 │
│ 5-LOW           │      105356 │
└─────────────────┴─────────────┘
  [Breakdown] ComBit   L1=9.78 MiB  L2=1.40 MiB  L3=0.63 MiB  L4=0.34 MiB  total=12.15 MiB
