
================================================================
  TPC-H Q5 Benchmark — ComBit vs WAH vs CRoaring vs EWAH (SF10)
  OR orderdate days 731..1095 (365 bitmaps)
  Then AND each nation_join bitmap -> Aggregate revenue
  TPC-H params: r_name = 'ASIA', orderdate [1994-01-01, 1995-01-01)
  Bitmap dirs: tpch_q5_combit tpch_q5_croaring tpch_q5_wah tpch_q5_ewah
  Iterations: 10 (first 2 = warm-up)
================================================================
  Nations: INDIA(8) INDONESIA(9) JAPAN(12) CHINA(18) VIETNAM(21) 

[Pre-load] Loading 59986052 rows (l_extendedprice, l_discount) ...
[Pre-load] Done in 790.108 ms

[Load] Loading bitmaps (mode=ALL)...
  WAH load:      32.137 ms
  ComBit load:   250.697 ms
  CRoaring load: 42.195 ms
  CRR load:      89.544 ms
  EWAH load:     27.496 ms
  Bitset load:   1293.97 ms (shared by BS / BSA)
  Concise load:  148.275 ms
  WAH      on disk: 122.88 MiB
  ComBit   on disk: 412.28 MiB
  CRoaring on disk: 132.19 MiB (shared by CR / CRR)
  EWAH     on disk: 238.96 MiB
  Bitset in mem:    2645.85 MiB (rebuilt from CRoaring at load)
  Concise in mem:   18.50 MiB (rebuilt from CRoaring at load)

--- Iteration 1/10 (warm-up) ---
  CB:   OR_date=45.97  AND+Agg=11.61  Total=57.58  rows=72985
  CR:   OR_date=155.05  AND+Agg=4.42  Total=159.47  rows=72985
  CRR:  OR_date=17.70  AND+Agg=4.00  Total=21.70  rows=72985
  WAH:  OR_date=9.34  AND+Agg=27.76  Total=37.09  rows=72985
  EW:   OR_date=300.83  AND+Agg=15.42  Total=316.25  rows=72985
  BS:   OR_date=375.07  AND+Agg=27.05  Total=402.12  rows=72985
  BSA:  OR_date=238.15  AND+Agg=20.57  Total=258.71  rows=72985
  CON:  OR_date=434.44  AND+Agg=62.17  Total=496.61  rows=72985

--- Iteration 2/10 (warm-up) ---
  CB:   OR_date=39.51  AND+Agg=10.84  Total=50.35  rows=72985
  CR:   OR_date=153.53  AND+Agg=4.28  Total=157.81  rows=72985
  CRR:  OR_date=17.76  AND+Agg=4.04  Total=21.81  rows=72985
  WAH:  OR_date=9.40  AND+Agg=25.33  Total=34.73  rows=72985
  EW:   OR_date=301.36  AND+Agg=15.37  Total=316.73  rows=72985
  BS:   OR_date=369.46  AND+Agg=25.42  Total=394.88  rows=72985
  BSA:  OR_date=237.72  AND+Agg=20.95  Total=258.67  rows=72985
  CON:  OR_date=426.42  AND+Agg=62.12  Total=488.54  rows=72985

--- Iteration 3/10 ---
  CB:   OR_date=42.77  AND+Agg=11.35  Total=54.12  rows=72985
  CR:   OR_date=153.85  AND+Agg=4.44  Total=158.29  rows=72985
  CRR:  OR_date=17.81  AND+Agg=4.01  Total=21.81  rows=72985
  WAH:  OR_date=9.35  AND+Agg=25.52  Total=34.87  rows=72985
  EW:   OR_date=302.72  AND+Agg=15.47  Total=318.19  rows=72985
  BS:   OR_date=367.40  AND+Agg=24.34  Total=391.74  rows=72985
  BSA:  OR_date=239.63  AND+Agg=20.46  Total=260.09  rows=72985
  CON:  OR_date=428.50  AND+Agg=64.34  Total=492.84  rows=72985

--- Iteration 4/10 ---
  CB:   OR_date=38.69  AND+Agg=10.90  Total=49.59  rows=72985
  CR:   OR_date=153.22  AND+Agg=4.32  Total=157.55  rows=72985
  CRR:  OR_date=17.49  AND+Agg=3.93  Total=21.42  rows=72985
  WAH:  OR_date=8.93  AND+Agg=22.79  Total=31.72  rows=72985
  EW:   OR_date=297.23  AND+Agg=15.36  Total=312.59  rows=72985
  BS:   OR_date=364.82  AND+Agg=24.30  Total=389.12  rows=72985
  BSA:  OR_date=237.76  AND+Agg=20.59  Total=258.35  rows=72985
  CON:  OR_date=424.65  AND+Agg=62.16  Total=486.81  rows=72985

--- Iteration 5/10 ---
  CB:   OR_date=43.33  AND+Agg=10.88  Total=54.21  rows=72985
  CR:   OR_date=154.79  AND+Agg=4.45  Total=159.24  rows=72985
  CRR:  OR_date=17.43  AND+Agg=4.02  Total=21.45  rows=72985
  WAH:  OR_date=9.23  AND+Agg=24.68  Total=33.90  rows=72985
  EW:   OR_date=304.47  AND+Agg=15.44  Total=319.91  rows=72985
  BS:   OR_date=366.95  AND+Agg=24.48  Total=391.44  rows=72985
  BSA:  OR_date=237.75  AND+Agg=20.69  Total=258.44  rows=72985
  CON:  OR_date=429.85  AND+Agg=64.39  Total=494.23  rows=72985

--- Iteration 6/10 ---
  CB:   OR_date=39.02  AND+Agg=10.95  Total=49.97  rows=72985
  CR:   OR_date=152.97  AND+Agg=4.33  Total=157.30  rows=72985
  CRR:  OR_date=17.75  AND+Agg=4.03  Total=21.77  rows=72985
  WAH:  OR_date=9.47  AND+Agg=23.87  Total=33.34  rows=72985
  EW:   OR_date=299.65  AND+Agg=15.48  Total=315.13  rows=72985
  BS:   OR_date=368.16  AND+Agg=23.79  Total=391.94  rows=72985
  BSA:  OR_date=238.97  AND+Agg=20.91  Total=259.88  rows=72985
  CON:  OR_date=430.76  AND+Agg=64.47  Total=495.23  rows=72985

--- Iteration 7/10 ---
  CB:   OR_date=39.08  AND+Agg=11.02  Total=50.09  rows=72985
  CR:   OR_date=152.85  AND+Agg=4.34  Total=157.19  rows=72985
  CRR:  OR_date=17.75  AND+Agg=3.99  Total=21.73  rows=72985
  WAH:  OR_date=9.15  AND+Agg=23.18  Total=32.34  rows=72985
  EW:   OR_date=302.82  AND+Agg=15.37  Total=318.19  rows=72985
  BS:   OR_date=368.88  AND+Agg=24.33  Total=393.21  rows=72985
  BSA:  OR_date=238.55  AND+Agg=20.68  Total=259.23  rows=72985
  CON:  OR_date=429.63  AND+Agg=64.25  Total=493.88  rows=72985

--- Iteration 8/10 ---
  CB:   OR_date=38.82  AND+Agg=11.13  Total=49.95  rows=72985
  CR:   OR_date=153.34  AND+Agg=4.38  Total=157.72  rows=72985
  CRR:  OR_date=17.70  AND+Agg=4.00  Total=21.70  rows=72985
  WAH:  OR_date=9.31  AND+Agg=23.41  Total=32.71  rows=72985
  EW:   OR_date=299.58  AND+Agg=15.44  Total=315.02  rows=72985
  BS:   OR_date=367.91  AND+Agg=25.71  Total=393.62  rows=72985
  BSA:  OR_date=236.90  AND+Agg=20.77  Total=257.68  rows=72985
  CON:  OR_date=427.05  AND+Agg=62.14  Total=489.19  rows=72985

--- Iteration 9/10 ---
  CB:   OR_date=42.41  AND+Agg=10.85  Total=53.25  rows=72985
  CR:   OR_date=153.39  AND+Agg=4.50  Total=157.89  rows=72985
  CRR:  OR_date=17.84  AND+Agg=4.13  Total=21.97  rows=72985
  WAH:  OR_date=10.33  AND+Agg=26.95  Total=37.28  rows=72985
  EW:   OR_date=299.37  AND+Agg=15.51  Total=314.88  rows=72985
  BS:   OR_date=373.02  AND+Agg=24.92  Total=397.94  rows=72985
  BSA:  OR_date=238.11  AND+Agg=20.57  Total=258.69  rows=72985
  CON:  OR_date=425.39  AND+Agg=62.02  Total=487.41  rows=72985

--- Iteration 10/10 ---
  CB:   OR_date=41.53  AND+Agg=11.11  Total=52.64  rows=72985
  CR:   OR_date=154.67  AND+Agg=4.25  Total=158.91  rows=72985
  CRR:  OR_date=17.80  AND+Agg=4.02  Total=21.82  rows=72985
  WAH:  OR_date=9.42  AND+Agg=26.17  Total=35.58  rows=72985
  EW:   OR_date=298.12  AND+Agg=15.40  Total=313.53  rows=72985
  BS:   OR_date=371.88  AND+Agg=25.31  Total=397.19  rows=72985
  BSA:  OR_date=237.74  AND+Agg=20.24  Total=257.98  rows=72985
  CON:  OR_date=423.37  AND+Agg=62.27  Total=485.64  rows=72985

================================================================
  Q5 Correctness Validation
================================================================
  Row counts: WAH=72985 CB=72985 CR=72985 CRR=72985 EW=72985 BS=72985 BSA=72985 CON=72985

  Q5 Results (revenue = SUM(l_extendedprice * (1 - l_discount)), sorted by ComBit):
  nation                     CB_revenue            CR_revenue           CRR_revenue           WAH_revenue            EW_revenue            BS_revenue           BSA_revenue           CON_revenue
  INDIA                  536862587.9995        536862587.9995        536862587.9995        536862587.9995        536862587.9995        536862587.9995        536862587.9995        536862587.9995
  CHINA                  535350829.9282        535350829.9282        535350829.9282        535350829.9282        535350829.9282        535350829.9282        535350829.9282        535350829.9282
  VIETNAM                532269388.7176        532269388.7176        532269388.7176        532269388.7176        532269388.7176        532269388.7176        532269388.7176        532269388.7176
  JAPAN                  526766837.1444        526766837.1444        526766837.1444        526766837.1444        526766837.1444        526766837.1444        526766837.1444        526766837.1444
  INDONESIA              523176852.3189        523176852.3189        523176852.3189        523176852.3189        523176852.3189        523176852.3189        523176852.3189        523176852.3189
  Consistency: ALL MATCH

[Baseline] DuckDB native SQL count(*) = 72985  (single run: 164.42 ms)
[OK] all active backends match DuckDB SQL ground truth (72985 rows).

================================================================
  Q5 RESULTS (8 measured iterations, median +/- stddev)
================================================================
                  CB (ms)         CR (ms)        CRR (ms)        WAH (ms)        EW (ms)
  -----------------------------------------------------------------------------------------
  OR_date          40.30 +/-  1.86    153.36 +/-  0.69     17.75 +/-  0.14      9.33 +/-  0.39    299.62 +/-  2.38
  AND+Agg          10.98 +/-  0.16      4.36 +/-  0.08      4.01 +/-  0.05     24.27 +/-  1.42     15.44 +/-  0.05
  -----------------------------------------------------------------------------------------
  TOTAL            51.37 +/-  1.89    157.80 +/-  0.70     21.75 +/-  0.17     33.62 +/-  1.73    315.08 +/-  2.39

  CB rows:  72985  CR rows:  72985  CRR rows: 72985  WAH rows: 72985  EW rows:  72985
================================================================


================================================================
  Q5 BASELINE BACKENDS (no compression / Concise)
================================================================
                  BS (ms)         BSA (ms)        Concise (ms)     BS vs WAH   BSA vs WAH   CON vs WAH
  ----------------------------------------------------------------------------------------------
  OR_date         368.03 +/-  2.49    237.94 +/-  0.79    427.77 +/-  2.53      0.03x      0.04x      0.02x
  AND+Agg          24.41 +/-  0.59     20.63 +/-  0.19     63.26 +/-  1.11      0.99x      1.18x      0.38x
  ----------------------------------------------------------------------------------------------
  TOTAL           392.57 +/-  2.78    258.56 +/-  0.81    491.02 +/-  3.56      0.09x      0.13x      0.07x

  BS rows:  72985  BSA rows: 72985  CON rows: 72985
================================================================

  [CSV] Results written to: q5_results_SF10.csv
┌───────────┬────────────────┐
│  n_name   │    revenue     │
│  varchar  │ decimal(38,4)  │
├───────────┼────────────────┤
│ INDIA     │ 536862587.9995 │
│ CHINA     │ 535350829.9282 │
│ VIETNAM   │ 532269388.7176 │
│ JAPAN     │ 526766837.1444 │
│ INDONESIA │ 523176852.3189 │
└───────────┴────────────────┘
  [Breakdown] ComBit   L1=3.42 MiB  L2=2.67 MiB  L3=2.42 MiB  L4=5.17 MiB  total=13.68 MiB
