
================================================================
  TPC-H Q8 Benchmark — DDC vs WAH vs CRoaring vs EWAH (SF10)
  OR orderdate days 1096..1826 (731 bitmaps)
  AND join_result, then per-year split (1995, 1996), aggregate revenue
  TPC-H params: r_name='AMERICA', p_type='ECONOMY ANODIZED STEEL', BRAZIL nation numerator
  Bitmap dirs: tpch_q8_ddc tpch_q8_croaring tpch_q8_wah tpch_q8_ewah
  Iterations: 10 (first 2 = warm-up)
================================================================

[Pre-load] Loading 59986052 rows (l_extendedprice, l_discount) ...
[Pre-load] Done in 792.039 ms

[Load] Loading bitmaps (mode=ALL)...
  WAH load:      80.943 ms
  DDC load:   1702.78 ms (incl. year/brazil decompress+flatten)
  CRoaring load: 87.496 ms
  CRR load:      106.496 ms
  EWAH load:     59.104 ms
  Bitset load:   2709.82 ms (shared by BS / BSA)
  Concise load:  631.61 ms
  WAH      on disk: 57.41 MiB
  DDC   on disk: 135.17 MiB
  CRoaring on disk: 42.86 MiB (shared by CR / CRR)
  EWAH     on disk: 93.17 MiB

--- Iteration 1/10 (warm-up) ---
  CB:   OR_date=75.21  AND+Agg=2.92  Total=78.13  rows=24254
  CR:   OR_date=1025.15  AND+Agg=4.56  Total=1029.71  rows=24254
  CRR:  OR_date=35.17  AND+Agg=4.25  Total=39.42  rows=24254
  WAH:  OR_date=17.66  AND+Agg=27.50  Total=45.16  rows=24254
  EW:   OR_date=620.81  AND+Agg=9.28  Total=630.10  rows=24254
  BS:   OR_date=727.70  AND+Agg=22.21  Total=749.91  rows=24254
  BSA:  OR_date=472.69  AND+Agg=19.86  Total=492.55  rows=24254
  CON:  OR_date=867.44  AND+Agg=58.26  Total=925.70  rows=24254

--- Iteration 2/10 (warm-up) ---
  CB:   OR_date=75.97  AND+Agg=2.94  Total=78.91  rows=24254
  CR:   OR_date=1022.82  AND+Agg=4.57  Total=1027.39  rows=24254
  CRR:  OR_date=35.42  AND+Agg=4.24  Total=39.66  rows=24254
  WAH:  OR_date=17.79  AND+Agg=23.43  Total=41.23  rows=24254
  EW:   OR_date=611.96  AND+Agg=9.14  Total=621.10  rows=24254
  BS:   OR_date=732.02  AND+Agg=19.46  Total=751.48  rows=24254
  BSA:  OR_date=470.69  AND+Agg=14.41  Total=485.10  rows=24254
  CON:  OR_date=868.68  AND+Agg=60.29  Total=928.97  rows=24254

--- Iteration 3/10 ---
  CB:   OR_date=76.04  AND+Agg=2.90  Total=78.94  rows=24254
  CR:   OR_date=1025.10  AND+Agg=4.57  Total=1029.67  rows=24254
  CRR:  OR_date=35.35  AND+Agg=4.22  Total=39.57  rows=24254
  WAH:  OR_date=17.75  AND+Agg=23.96  Total=41.70  rows=24254
  EW:   OR_date=611.97  AND+Agg=9.06  Total=621.03  rows=24254
  BS:   OR_date=729.60  AND+Agg=19.68  Total=749.28  rows=24254
  BSA:  OR_date=472.30  AND+Agg=14.24  Total=486.54  rows=24254
  CON:  OR_date=869.28  AND+Agg=60.59  Total=929.87  rows=24254

--- Iteration 4/10 ---
  CB:   OR_date=76.05  AND+Agg=2.93  Total=78.98  rows=24254
  CR:   OR_date=1024.71  AND+Agg=4.55  Total=1029.26  rows=24254
  CRR:  OR_date=35.33  AND+Agg=4.28  Total=39.61  rows=24254
  WAH:  OR_date=17.76  AND+Agg=24.21  Total=41.97  rows=24254
  EW:   OR_date=611.66  AND+Agg=9.17  Total=620.83  rows=24254
  BS:   OR_date=732.38  AND+Agg=18.79  Total=751.17  rows=24254
  BSA:  OR_date=472.47  AND+Agg=14.35  Total=486.82  rows=24254
  CON:  OR_date=869.83  AND+Agg=59.93  Total=929.76  rows=24254

--- Iteration 5/10 ---
  CB:   OR_date=75.94  AND+Agg=2.90  Total=78.84  rows=24254
  CR:   OR_date=1024.84  AND+Agg=4.59  Total=1029.43  rows=24254
  CRR:  OR_date=35.24  AND+Agg=4.21  Total=39.45  rows=24254
  WAH:  OR_date=17.66  AND+Agg=27.19  Total=44.86  rows=24254
  EW:   OR_date=647.84  AND+Agg=9.27  Total=657.11  rows=24254
  BS:   OR_date=728.75  AND+Agg=17.26  Total=746.02  rows=24254
  BSA:  OR_date=472.93  AND+Agg=14.74  Total=487.67  rows=24254
  CON:  OR_date=872.62  AND+Agg=57.90  Total=930.52  rows=24254

--- Iteration 6/10 ---
  CB:   OR_date=75.82  AND+Agg=2.99  Total=78.81  rows=24254
  CR:   OR_date=1027.15  AND+Agg=4.58  Total=1031.73  rows=24254
  CRR:  OR_date=35.19  AND+Agg=4.43  Total=39.63  rows=24254
  WAH:  OR_date=17.88  AND+Agg=28.87  Total=46.75  rows=24254
  EW:   OR_date=647.34  AND+Agg=9.19  Total=656.54  rows=24254
  BS:   OR_date=752.93  AND+Agg=17.82  Total=770.75  rows=24254
  BSA:  OR_date=472.78  AND+Agg=14.44  Total=487.22  rows=24254
  CON:  OR_date=871.27  AND+Agg=57.58  Total=928.85  rows=24254

--- Iteration 7/10 ---
  CB:   OR_date=76.41  AND+Agg=2.95  Total=79.36  rows=24254
  CR:   OR_date=1028.11  AND+Agg=4.50  Total=1032.61  rows=24254
  CRR:  OR_date=35.23  AND+Agg=4.22  Total=39.45  rows=24254
  WAH:  OR_date=17.68  AND+Agg=27.73  Total=45.41  rows=24254
  EW:   OR_date=642.29  AND+Agg=9.44  Total=651.73  rows=24254
  BS:   OR_date=730.68  AND+Agg=19.52  Total=750.20  rows=24254
  BSA:  OR_date=473.07  AND+Agg=14.86  Total=487.94  rows=24254
  CON:  OR_date=867.75  AND+Agg=57.71  Total=925.46  rows=24254

--- Iteration 8/10 ---
  CB:   OR_date=75.93  AND+Agg=2.89  Total=78.82  rows=24254
  CR:   OR_date=1027.82  AND+Agg=4.61  Total=1032.44  rows=24254
  CRR:  OR_date=35.42  AND+Agg=4.27  Total=39.69  rows=24254
  WAH:  OR_date=17.88  AND+Agg=26.20  Total=44.09  rows=24254
  EW:   OR_date=614.14  AND+Agg=9.34  Total=623.48  rows=24254
  BS:   OR_date=732.43  AND+Agg=22.54  Total=754.97  rows=24254
  BSA:  OR_date=475.63  AND+Agg=14.89  Total=490.52  rows=24254
  CON:  OR_date=870.37  AND+Agg=57.33  Total=927.70  rows=24254

--- Iteration 9/10 ---
  CB:   OR_date=75.86  AND+Agg=2.83  Total=78.69  rows=24254
  CR:   OR_date=1029.73  AND+Agg=4.58  Total=1034.32  rows=24254
  CRR:  OR_date=35.32  AND+Agg=4.43  Total=39.75  rows=24254
  WAH:  OR_date=18.44  AND+Agg=24.88  Total=43.32  rows=24254
  EW:   OR_date=615.60  AND+Agg=9.17  Total=624.77  rows=24254
  BS:   OR_date=730.94  AND+Agg=21.45  Total=752.39  rows=24254
  BSA:  OR_date=476.24  AND+Agg=14.33  Total=490.57  rows=24254
  CON:  OR_date=870.12  AND+Agg=57.27  Total=927.39  rows=24254

--- Iteration 10/10 ---
  CB:   OR_date=75.60  AND+Agg=2.91  Total=78.50  rows=24254
  CR:   OR_date=1027.96  AND+Agg=4.62  Total=1032.58  rows=24254
  CRR:  OR_date=35.37  AND+Agg=4.34  Total=39.71  rows=24254
  WAH:  OR_date=18.42  AND+Agg=24.25  Total=42.66  rows=24254
  EW:   OR_date=614.98  AND+Agg=9.23  Total=624.21  rows=24254
  BS:   OR_date=731.32  AND+Agg=22.68  Total=754.00  rows=24254
  BSA:  OR_date=475.86  AND+Agg=14.30  Total=490.16  rows=24254
  CON:  OR_date=870.48  AND+Agg=57.32  Total=927.81  rows=24254

================================================================
  Q8 Correctness Validation
================================================================
  Row counts: WAH=24254 CB=24254 CR=24254 CRR=24254 EW=24254 BS=24254 BSA=24254 CON=24254

  Q8 Results (mkt_share = sum(BRAZIL volume) / sum(volume), per year, DDC values):
  year  mkt_share
  1995   0.038820
  1996   0.039490
  Consistency: ALL MATCH

[Baseline] DuckDB native SQL: 24254 rows total  (single run: 1982.80 ms)
  SQL ground truth mkt_share: 1995=0.038820  1996=0.039490
[OK] all active backends match DuckDB SQL ground truth (24254 rows total, mkt_share within 1e-6).

================================================================
  Q8 RESULTS (8 measured iterations, median +/- stddev)
================================================================
                  CB (ms)         CR (ms)        CRR (ms)        WAH (ms)        EW (ms)
  -----------------------------------------------------------------------------------------
  OR_date          75.94 +/-  0.22   1027.49 +/-  1.72     35.32 +/-  0.07     17.82 +/-  0.29    615.29 +/- 15.69
  AND+Agg           2.90 +/-  0.04      4.58 +/-  0.03      4.27 +/-  0.09     25.54 +/-  1.74      9.21 +/-  0.11
  -----------------------------------------------------------------------------------------
  TOTAL            78.83 +/-  0.23   1032.08 +/-  1.73     39.62 +/-  0.11     43.70 +/-  1.65    624.49 +/- 15.74

  CB rows:  24254  CR rows:  24254  CRR rows: 24254  WAH rows: 24254  EW rows:  24254
================================================================


================================================================
  Q8 BASELINE BACKENDS (no compression / Concise)
================================================================
                  BS (ms)         BSA (ms)        Concise (ms)     BS vs WAH   BSA vs WAH   CON vs WAH
  ----------------------------------------------------------------------------------------------
  OR_date         731.13 +/-  7.39    473.00 +/-  1.57    870.25 +/-  1.33      0.02x      0.04x      0.02x
  AND+Agg          19.60 +/-  1.93     14.40 +/-  0.25     57.64 +/-  1.21      1.30x      1.77x      0.44x
  ----------------------------------------------------------------------------------------------
  TOTAL           751.78 +/-  6.99    487.80 +/-  1.60    928.33 +/-  1.55      0.06x      0.09x      0.05x

  BS rows:  24254  BSA rows: 24254  CON rows: 24254
================================================================

  [CSV] Results written to: q8_results_SF10.csv
┌────────┬─────────────────────┐
│ o_year │      mkt_share      │
│ int64  │       double        │
├────────┼─────────────────────┤
│   1995 │  0.0388201425143322 │
│   1996 │ 0.03948968749183992 │
└────────┴─────────────────────┘
  [Breakdown] DDC   L1=13.18 MiB  L2=7.10 MiB  L3=4.47 MiB  L4=10.27 MiB  total=35.02 MiB
