# cwd=/home/lichenhang/lee/thesis/check/lee/duckdb-dev
# cmd=/home/lichenhang/lee/thesis/check/lee/duckdb-dev/build/release/duckdb /home/lichenhang/lee/thesis/check/lee/duckdb-dev/tpch_sf10.db -c PRAGMA bm_tpch(10);

================================================================
  TPC-H Q10 Benchmark — DDC vs WAH vs CRoaring vs EWAH (SF10)
  OR orderdate days 639..730 (92 bitmaps)
  Then AND returnflag='R' (index 2) -> aggregate revenue per c_custkey -> Top-20
  TPC-H params: o_orderdate [1993-10-01, 1994-01-01), l_returnflag = 'R'
  Bitmap dirs:
    orderdate: tpch_q5_ddc  returnflag: tpch_q1_ddc
    orderdate: tpch_q5_croaring  returnflag: tpch_q1_croaring
    orderdate: tpch_q5_wah  returnflag: tpch_q1_wah
    orderdate: tpch_q5_ewah  returnflag: tpch_q1_ewah
  Iterations: 10 (first 2 = warm-up)
================================================================

[Side-load] nation: 25 rows in 0.625 ms
[Side-load] customer: 1500000 rows (max_custkey=1500000) in 614.25 ms
[Side-load] orders:   15000000 rows (max_orderkey=60000000; flat vector 457 MiB) in 337.008 ms
[Pre-load] lineitem:  59986052 rows (l_orderkey, l_extendedprice, l_discount) in 523.993 ms

[Load] Loading bitmaps (mode=ALL)...
  WAH load:      12.673 ms
  DDC load:   798.911 ms
  CRoaring load: 17.693 ms
  CRR load:      30.353 ms
  EWAH load:     9.916 ms
  Bitset load:   366.542 ms (shared by BS / BSA)
  Concise load:  164.146 ms
  WAH      on disk: 605.12 MiB (q5+q1)
  DDC   on disk: 952.21 MiB (q5+q1)
  CRoaring on disk: 300.05 MiB (q5+q1, shared by CR / CRR)
  EWAH     on disk: 1153.46 MiB (q5+q1)
  Bitset in mem:    665.04 MiB (rebuilt from CRoaring at load)
  Concise in mem:   11.58 MiB (rebuilt from CRoaring at load)

--- Iteration 1/10 (warm-up) ---
  CB:   OR=329.27  AND+Agg=42.20  TopK=4.82  Total=376.30  rows=1147084
  CR:   OR=58.72  AND+Agg=51.46  TopK=4.86  Total=115.03  rows=1147084
  CRR:  OR=7.87  AND+Agg=50.66  TopK=4.80  Total=63.33  rows=1147084
  WAH:  OR=5.79  AND+Agg=70.96  TopK=4.81  Total=81.56  rows=1147084
  EW:   OR=66.36  AND+Agg=54.10  TopK=4.80  Total=125.26  rows=1147084
  BS:   OR=90.31  AND+Agg=28.09  TopK=4.82  Total=123.22  rows=1147084
  BSA:  OR=59.46  AND+Agg=27.73  TopK=5.04  Total=92.23  rows=1147084
  CON:  OR=89.77  AND+Agg=81.81  TopK=4.80  Total=176.38  rows=1147084

--- Iteration 2/10 (warm-up) ---
  CB:   OR=16.34  AND+Agg=38.69  TopK=4.87  Total=59.90  rows=1147084
  CR:   OR=58.79  AND+Agg=50.17  TopK=4.80  Total=113.77  rows=1147084
  CRR:  OR=7.76  AND+Agg=49.67  TopK=4.84  Total=62.28  rows=1147084
  WAH:  OR=3.16  AND+Agg=70.24  TopK=4.76  Total=78.17  rows=1147084
  EW:   OR=66.31  AND+Agg=53.67  TopK=4.79  Total=124.77  rows=1147084
  BS:   OR=90.48  AND+Agg=27.79  TopK=4.80  Total=123.07  rows=1147084
  BSA:  OR=59.55  AND+Agg=27.87  TopK=4.81  Total=92.23  rows=1147084
  CON:  OR=90.05  AND+Agg=78.57  TopK=4.80  Total=173.41  rows=1147084

--- Iteration 3/10 ---
  CB:   OR=16.35  AND+Agg=39.12  TopK=4.84  Total=60.31  rows=1147084
  CR:   OR=58.82  AND+Agg=50.27  TopK=4.83  Total=113.91  rows=1147084
  CRR:  OR=7.79  AND+Agg=49.98  TopK=4.81  Total=62.57  rows=1147084
  WAH:  OR=3.37  AND+Agg=70.50  TopK=4.80  Total=78.67  rows=1147084
  EW:   OR=64.26  AND+Agg=53.60  TopK=4.79  Total=122.65  rows=1147084
  BS:   OR=90.69  AND+Agg=27.73  TopK=4.79  Total=123.21  rows=1147084
  BSA:  OR=59.52  AND+Agg=27.38  TopK=4.81  Total=91.71  rows=1147084
  CON:  OR=89.74  AND+Agg=77.69  TopK=4.79  Total=172.23  rows=1147084

--- Iteration 4/10 ---
  CB:   OR=16.14  AND+Agg=38.31  TopK=4.82  Total=59.28  rows=1147084
  CR:   OR=58.81  AND+Agg=49.53  TopK=4.83  Total=113.17  rows=1147084
  CRR:  OR=7.75  AND+Agg=49.17  TopK=4.92  Total=61.83  rows=1147084
  WAH:  OR=3.09  AND+Agg=69.58  TopK=4.79  Total=77.46  rows=1147084
  EW:   OR=64.39  AND+Agg=53.43  TopK=4.80  Total=122.62  rows=1147084
  BS:   OR=90.42  AND+Agg=27.57  TopK=4.78  Total=122.78  rows=1147084
  BSA:  OR=59.42  AND+Agg=27.52  TopK=4.83  Total=91.78  rows=1147084
  CON:  OR=89.94  AND+Agg=76.50  TopK=4.95  Total=171.40  rows=1147084

--- Iteration 5/10 ---
  CB:   OR=16.09  AND+Agg=38.09  TopK=4.81  Total=58.99  rows=1147084
  CR:   OR=58.85  AND+Agg=49.13  TopK=4.80  Total=112.80  rows=1147084
  CRR:  OR=7.77  AND+Agg=48.58  TopK=4.82  Total=61.17  rows=1147084
  WAH:  OR=3.07  AND+Agg=69.13  TopK=4.81  Total=77.02  rows=1147084
  EW:   OR=64.36  AND+Agg=52.71  TopK=4.81  Total=121.88  rows=1147084
  BS:   OR=90.36  AND+Agg=27.37  TopK=4.84  Total=122.57  rows=1147084
  BSA:  OR=59.40  AND+Agg=27.01  TopK=4.86  Total=91.27  rows=1147084
  CON:  OR=90.21  AND+Agg=76.10  TopK=4.80  Total=171.11  rows=1147084

--- Iteration 6/10 ---
  CB:   OR=16.09  AND+Agg=37.61  TopK=4.96  Total=58.66  rows=1147084
  CR:   OR=58.63  AND+Agg=48.83  TopK=4.81  Total=112.27  rows=1147084
  CRR:  OR=7.92  AND+Agg=48.83  TopK=4.81  Total=61.56  rows=1147084
  WAH:  OR=3.13  AND+Agg=69.40  TopK=4.85  Total=77.38  rows=1147084
  EW:   OR=64.39  AND+Agg=53.25  TopK=4.82  Total=122.45  rows=1147084
  BS:   OR=90.82  AND+Agg=27.65  TopK=4.85  Total=123.31  rows=1147084
  BSA:  OR=59.64  AND+Agg=27.30  TopK=4.83  Total=91.77  rows=1147084
  CON:  OR=89.98  AND+Agg=76.86  TopK=4.81  Total=171.65  rows=1147084

--- Iteration 7/10 ---
  CB:   OR=16.23  AND+Agg=38.03  TopK=4.80  Total=59.06  rows=1147084
  CR:   OR=58.72  AND+Agg=49.24  TopK=4.79  Total=112.76  rows=1147084
  CRR:  OR=7.79  AND+Agg=48.87  TopK=4.82  Total=61.47  rows=1147084
  WAH:  OR=3.08  AND+Agg=69.28  TopK=4.80  Total=77.17  rows=1147084
  EW:   OR=64.34  AND+Agg=53.20  TopK=4.84  Total=122.38  rows=1147084
  BS:   OR=91.24  AND+Agg=27.42  TopK=4.82  Total=123.49  rows=1147084
  BSA:  OR=59.69  AND+Agg=27.25  TopK=4.93  Total=91.87  rows=1147084
  CON:  OR=90.08  AND+Agg=77.55  TopK=4.87  Total=172.49  rows=1147084

--- Iteration 8/10 ---
  CB:   OR=17.16  AND+Agg=38.16  TopK=4.81  Total=60.13  rows=1147084
  CR:   OR=58.79  AND+Agg=49.12  TopK=4.84  Total=112.75  rows=1147084
  CRR:  OR=7.82  AND+Agg=49.07  TopK=4.86  Total=61.75  rows=1147084
  WAH:  OR=3.10  AND+Agg=69.58  TopK=4.80  Total=77.48  rows=1147084
  EW:   OR=64.14  AND+Agg=53.02  TopK=4.80  Total=121.96  rows=1147084
  BS:   OR=90.39  AND+Agg=27.25  TopK=4.78  Total=122.42  rows=1147084
  BSA:  OR=59.71  AND+Agg=27.04  TopK=4.88  Total=91.63  rows=1147084
  CON:  OR=89.92  AND+Agg=76.51  TopK=4.92  Total=171.35  rows=1147084

--- Iteration 9/10 ---
  CB:   OR=16.89  AND+Agg=37.81  TopK=4.85  Total=59.55  rows=1147084
  CR:   OR=58.80  AND+Agg=48.61  TopK=4.81  Total=112.21  rows=1147084
  CRR:  OR=7.84  AND+Agg=48.97  TopK=4.85  Total=61.66  rows=1147084
  WAH:  OR=3.12  AND+Agg=68.92  TopK=4.82  Total=76.86  rows=1147084
  EW:   OR=64.33  AND+Agg=52.65  TopK=4.80  Total=121.78  rows=1147084
  BS:   OR=90.27  AND+Agg=27.38  TopK=4.82  Total=122.47  rows=1147084
  BSA:  OR=59.51  AND+Agg=26.88  TopK=4.82  Total=91.20  rows=1147084
  CON:  OR=89.76  AND+Agg=76.37  TopK=4.82  Total=170.95  rows=1147084

--- Iteration 10/10 ---
  CB:   OR=17.21  AND+Agg=37.80  TopK=4.85  Total=59.85  rows=1147084
  CR:   OR=58.78  AND+Agg=48.67  TopK=4.80  Total=112.26  rows=1147084
  CRR:  OR=7.78  AND+Agg=48.32  TopK=4.80  Total=60.91  rows=1147084
  WAH:  OR=3.08  AND+Agg=68.27  TopK=4.87  Total=76.22  rows=1147084
  EW:   OR=64.36  AND+Agg=54.14  TopK=4.84  Total=123.34  rows=1147084
  BS:   OR=90.33  AND+Agg=27.66  TopK=4.81  Total=122.80  rows=1147084
  BSA:  OR=59.64  AND+Agg=27.41  TopK=4.84  Total=91.89  rows=1147084
  CON:  OR=89.85  AND+Agg=79.70  TopK=4.87  Total=174.42  rows=1147084

[Baseline] DuckDB native SQL Top-20  (single run: 1883.30 ms)
[OK] all active backends match DuckDB SQL ground truth (Top-20, revenue within 0.01).

  Q10 Top-20 (revenue = SUM(l_extendedprice * (1 - l_discount)), sorted DESC, source=DDC):
  c_custkey c_name                         revenue     c_acctbal  n_name          c_address                                 c_phone            c_comment
  1237537   Customer#001237537         884989.6657     7840.1700  RUSSIA          mdkU4LpZECCtt20RHa76sA6b4WC               32-367-120-4327    yly regular accounts boost. requests need to nag evenly
  1116802   Customer#001116802         830214.1117      772.1700  JORDAN          iBka7YijCCLApX1f 8 sKp 5ldP               23-199-655-3770    y carefully regular deposits. packages nod ironic packages
  508954    Customer#000508954         826167.5138     3072.0700  ETHIOPIA        tKQLmGq3MOqXiTmNZQRp                      15-880-510-9487    t the quickly pending deposits. carefully express dependencies detect. blithely regular
  1487503   Customer#001487503         825996.5903     5398.1100  IRAN            D tOJIC0rcVO                              20-271-234-4401    ithely quiet deposits about the slyly final dolphins hinder carefully about the slyly ironic accounts. carefully ir
  1461247   Customer#001461247         775992.0820     3205.9300  SAUDI ARABIA    Ia1gHwdAyyFo,pCKhCkqX6                    30-137-949-5375    beans. furiously ironic realms after the slyly ironic sentiments are requests. courts was carefully about t
  1316338   Customer#001316338         765063.7003     8682.9500  INDIA           QLsXlkrrAQ7fz5TDIoDUVsUMsH1pBOG           18-793-610-3832    olites sleep furiously ironic instructions. final, final ideas wake carefully after the slyly iron
  817849    Customer#000817849         737664.7232     -380.3000  MOROCCO         UKsTjQdC5d9PwYXz u                        25-111-847-3201    ts after the slyly regular excuses wake pending accounts. deposits wake? carefully ironic foxes wa
  1335394   Customer#001335394         731259.8675     3978.5300  VIETNAM         FNdEi9tP 5eQib8C                          31-760-271-2302    ly ironic, final foxes. slyly bold instructions 
  102358    Customer#000102358         715001.8825     3564.9000  BRAZIL          3BnBw0 bZWmVue6bPGn513kOeitBl5VHj         12-941-212-8350     furiously furiously dogged deposits. regular accounts are furiously furiously pending instructions. carefu
  1432624   Customer#001432624         713512.6431      205.0800  FRANCE          e7o5TBwh,bLO6flPI05Nrp0,1Q8m19ODDs0       16-550-232-2774    y ironic packages. slyly silent instructions cajole about the a
  160528    Customer#000160528         710673.3317     3425.5200  INDONESIA       VrYJ,qyK75m PkPLTQT7KocfwMwPYQTlcEYBz     19-670-600-6340    blithely even deposits sleep until the even accounts
  1345237   Customer#001345237         707735.5745     6905.2200  FRANCE          QJxZWEukcxoDYlFOgUGIOuGay                 16-133-279-4001    symptotes integrate according to the sl
  839816    Customer#000839816         705643.2854     2110.2500  UNITED STATES   r9c CDy,MgOouA                            34-453-282-7925    sly sly pinto beans wake quickly slyly final packages. express deposit
  1136716   Customer#001136716         695043.5606     5886.0100  CHINA           yqiALHYT6gaiip1g6wgnM6ctJ                 28-729-762-5783    out the fluffily pending requests. furiously ironic forges integrate. quickly bold theod
  1439413   Customer#001439413         690161.9783     8808.6500  ETHIOPIA        5vMec8OoAWrStjng                          15-432-961-8772    boost across the regular, ironic packages. final instructions 
  1392475   Customer#001392475         685464.4086      593.2600  SAUDI ARABIA    sbjxdO1xOzy1wBIhAOzp6b2,9sHMj8q1f         30-640-220-2095    c accounts. always final instructions boost according to the final 
  616909    Customer#000616909         684978.1044     2660.8400  EGYPT           Jg9FiC98BUWmlBb3WTN                       14-185-768-2185    s about the busy ideas affix f
  314272    Customer#000314272         682212.6365     5127.9200  UNITED STATES    LKR3R5VStcAlT4D,qGBJLWYkmJU              34-674-752-5199    ng to the slyly express instructions sleep fluffily even foxes. special id
  1472980   Customer#001472980         677765.9180     6003.3600  IRAQ            JIMreXGvswrve5rkBww                       21-506-776-4657    e. packages according to the instructions are among the even, regular th
  1486201   Customer#001486201         674878.4539     -276.9200  JORDAN          8hJKgyMlv Ay3fyNDJFvszoYd                 23-611-797-4750    es nag. silent accounts are blithely daring packages. 

================================================================
  Q10 RESULTS (8 measured iterations, median +/- stddev)
================================================================
                  CB (ms)         CR (ms)        CRR (ms)        WAH (ms)        EW (ms)
  -----------------------------------------------------------------------------------------
  OR_date        16.2905 +/- 0.4532   58.7955 +/- 0.0670    7.7880 +/- 0.0511    3.0990 +/- 0.0910   64.3475 +/- 0.0767
  AND+Agg        38.0625 +/- 0.4343   49.1245 +/- 0.5022   48.9165 +/- 0.4552   69.3390 +/- 0.5963   53.2250 +/- 0.4545
  TopK            4.8295 +/- 0.0475    4.8115 +/- 0.0157    4.8180 +/- 0.0353    4.8075 +/- 0.0271    4.8025 +/- 0.0196
  -----------------------------------------------------------------------------------------
  TOTAL          59.4135 +/- 0.5451  112.7560 +/- 0.5351   61.6095 +/- 0.4591   77.2735 +/- 0.6528  122.4165 +/- 0.4804

  CB rows:  1147084  CR rows:  1147084  CRR rows: 1147084  WAH rows: 1147084  EW rows:  1147084
================================================================


================================================================
  Q10 BASELINE BACKENDS (no compression / Concise)
================================================================
                  BS (ms)         BSA (ms)        Concise (ms)     BS vs WAH   BSA vs WAH   CON vs WAH
  ----------------------------------------------------------------------------------------------
  OR_date        90.4035 +/- 0.3111   59.5780 +/- 0.1127   89.9320 +/- 0.1482     0.0343x     0.0520x     0.0345x
  AND+Agg        27.4980 +/- 0.1600   27.2760 +/- 0.2109   76.6855 +/- 1.0953     2.5216x     2.5421x     0.9042x
  TopK            4.8155 +/- 0.0238    4.8320 +/- 0.0360    4.8445 +/- 0.0546     0.9983x     0.9949x     0.9924x
  ----------------------------------------------------------------------------------------------
  TOTAL         122.7895 +/- 0.3794   91.7385 +/- 0.2456  171.5220 +/- 1.0580     0.6293x     0.8423x     0.4505x

  BS rows:  1147084  BSA rows: 1147084  CON rows: 1147084
================================================================

  [CSV] Results written to: q10_results_SF10.csv
┌───────────┬────────────────────┬───────────────┬───────────────┬───────────────┬───────────────────────────────────────┬─────────────────┬─────────────────────────────────────────────────────────────────────────────────────────────────────────────────────┐
│ c_custkey │       c_name       │    revenue    │   c_acctbal   │    n_name     │               c_address               │     c_phone     │                                                      c_comment                                                      │
│   int64   │      varchar       │ decimal(38,4) │ decimal(15,2) │    varchar    │                varchar                │     varchar     │                                                       varchar                                                       │
├───────────┼────────────────────┼───────────────┼───────────────┼───────────────┼───────────────────────────────────────┼─────────────────┼─────────────────────────────────────────────────────────────────────────────────────────────────────────────────────┤
│   1237537 │ Customer#001237537 │   884989.6657 │       7840.17 │ RUSSIA        │ mdkU4LpZECCtt20RHa76sA6b4WC           │ 32-367-120-4327 │ yly regular accounts boost. requests need to nag evenly                                                             │
│   1116802 │ Customer#001116802 │   830214.1117 │        772.17 │ JORDAN        │ iBka7YijCCLApX1f 8 sKp 5ldP           │ 23-199-655-3770 │ y carefully regular deposits. packages nod ironic packages                                                          │
│    508954 │ Customer#000508954 │   826167.5138 │       3072.07 │ ETHIOPIA      │ tKQLmGq3MOqXiTmNZQRp                  │ 15-880-510-9487 │ t the quickly pending deposits. carefully express dependencies detect. blithely regular                             │
│   1487503 │ Customer#001487503 │   825996.5903 │       5398.11 │ IRAN          │ D tOJIC0rcVO                          │ 20-271-234-4401 │ ithely quiet deposits about the slyly final dolphins hinder carefully about the slyly ironic accounts. carefully ir │
│   1461247 │ Customer#001461247 │   775992.0820 │       3205.93 │ SAUDI ARABIA  │ Ia1gHwdAyyFo,pCKhCkqX6                │ 30-137-949-5375 │ beans. furiously ironic realms after the slyly ironic sentiments are requests. courts was carefully about t         │
│   1316338 │ Customer#001316338 │   765063.7003 │       8682.95 │ INDIA         │ QLsXlkrrAQ7fz5TDIoDUVsUMsH1pBOG       │ 18-793-610-3832 │ olites sleep furiously ironic instructions. final, final ideas wake carefully after the slyly iron                  │
│    817849 │ Customer#000817849 │   737664.7232 │       -380.30 │ MOROCCO       │ UKsTjQdC5d9PwYXz u                    │ 25-111-847-3201 │ ts after the slyly regular excuses wake pending accounts. deposits wake? carefully ironic foxes wa                  │
│   1335394 │ Customer#001335394 │   731259.8675 │       3978.53 │ VIETNAM       │ FNdEi9tP 5eQib8C                      │ 31-760-271-2302 │ ly ironic, final foxes. slyly bold instructions                                                                     │
│    102358 │ Customer#000102358 │   715001.8825 │       3564.90 │ BRAZIL        │ 3BnBw0 bZWmVue6bPGn513kOeitBl5VHj     │ 12-941-212-8350 │  furiously furiously dogged deposits. regular accounts are furiously furiously pending instructions. carefu         │
│   1432624 │ Customer#001432624 │   713512.6431 │        205.08 │ FRANCE        │ e7o5TBwh,bLO6flPI05Nrp0,1Q8m19ODDs0   │ 16-550-232-2774 │ y ironic packages. slyly silent instructions cajole about the a                                                     │
│    160528 │ Customer#000160528 │   710673.3317 │       3425.52 │ INDONESIA     │ VrYJ,qyK75m PkPLTQT7KocfwMwPYQTlcEYBz │ 19-670-600-6340 │ blithely even deposits sleep until the even accounts                                                                │
│   1345237 │ Customer#001345237 │   707735.5745 │       6905.22 │ FRANCE        │ QJxZWEukcxoDYlFOgUGIOuGay             │ 16-133-279-4001 │ symptotes integrate according to the sl                                                                             │
│    839816 │ Customer#000839816 │   705643.2854 │       2110.25 │ UNITED STATES │ r9c CDy,MgOouA                        │ 34-453-282-7925 │ sly sly pinto beans wake quickly slyly final packages. express deposit                                              │
│   1136716 │ Customer#001136716 │   695043.5606 │       5886.01 │ CHINA         │ yqiALHYT6gaiip1g6wgnM6ctJ             │ 28-729-762-5783 │ out the fluffily pending requests. furiously ironic forges integrate. quickly bold theod                            │
│   1439413 │ Customer#001439413 │   690161.9783 │       8808.65 │ ETHIOPIA      │ 5vMec8OoAWrStjng                      │ 15-432-961-8772 │ boost across the regular, ironic packages. final instructions                                                       │
│   1392475 │ Customer#001392475 │   685464.4086 │        593.26 │ SAUDI ARABIA  │ sbjxdO1xOzy1wBIhAOzp6b2,9sHMj8q1f     │ 30-640-220-2095 │ c accounts. always final instructions boost according to the final                                                  │
│    616909 │ Customer#000616909 │   684978.1044 │       2660.84 │ EGYPT         │ Jg9FiC98BUWmlBb3WTN                   │ 14-185-768-2185 │ s about the busy ideas affix f                                                                                      │
│    314272 │ Customer#000314272 │   682212.6365 │       5127.92 │ UNITED STATES │  LKR3R5VStcAlT4D,qGBJLWYkmJU          │ 34-674-752-5199 │ ng to the slyly express instructions sleep fluffily even foxes. special id                                          │
│   1472980 │ Customer#001472980 │   677765.9180 │       6003.36 │ IRAQ          │ JIMreXGvswrve5rkBww                   │ 21-506-776-4657 │ e. packages according to the instructions are among the even, regular th                                            │
│   1486201 │ Customer#001486201 │   674878.4539 │       -276.92 │ JORDAN        │ 8hJKgyMlv Ay3fyNDJFvszoYd             │ 23-611-797-4750 │ es nag. silent accounts are blithely daring packages.                                                               │
├───────────┴────────────────────┴───────────────┴───────────────┴───────────────┴───────────────────────────────────────┴─────────────────┴─────────────────────────────────────────────────────────────────────────────────────────────────────────────────────┤
│ 20 rows                                                                                                                                                                                                                                              8 columns │
└────────────────────────────────────────────────────────────────────────────────────────────────────────────────────────────────────────────────────────────────────────────────────────────────────────────────────────────────────────────────────────────────┘
  [Breakdown] DDC   L1=7.70 MiB  L2=1.34 MiB  L3=2.67 MiB  total=11.71 MiB
