# cwd=/home/lichenhang/lee/thesis/check/lee/duckdb-dev
# cmd=/home/lichenhang/lee/thesis/check/lee/duckdb-dev/build/release/duckdb /home/lichenhang/lee/thesis/check/lee/duckdb-dev/tpch_sf10.db -c PRAGMA bm_tpch(12);

================================================================
  TPC-H Q12 Benchmark — DDC vs WAH vs CRoaring vs EWAH (SF10)
  OR receiptdate days 731..1095 (365 bitmaps)
  AND commit_lt_receipt, ship_lt_commit, then per-shipmode AND + 2x popcount_and
  TPC-H params: shipmodes={MAIL, SHIP}, receiptdate [1994-01-01, 1995-01-01)
  Bitmap dirs: tpch_q12_ddc tpch_q12_croaring tpch_q12_wah tpch_q12_ewah
  Iterations: 10 (first 2 = warm-up)
================================================================

[Load] Loading bitmaps (mode=ALL)...
  WAH load:      138.903 ms
  DDC load:   4205.13 ms
  CRoaring load: 80.459 ms
  CRR load:      91.293 ms
  EWAH load:     109.563 ms
  Bitset load:   1795.73 ms (shared by BS / BSA)
  Concise load:  1342.32 ms
  WAH      on disk: 111.90 MiB
  DDC   on disk: 114.10 MiB
  CRoaring on disk: 62.88 MiB (shared by CR / CRR)
  EWAH     on disk: 176.31 MiB

--- Iteration 1/10 (warm-up) ---
  CB:   OR=2300.92  AND_pred=1.92  AND+Pop=9.40  Total=2312.24  MAIL=(62071,93045)  SHIP=(62426,93261)
  CR:   OR=207.44  AND_pred=10.98  AND+Pop=5.35  Total=223.77
  CRR:  OR=34.89  AND_pred=10.87  AND+Pop=5.62  Total=51.38
  WAH:  OR=38.92  AND_pred=1.42  AND+Pop=15.21  Total=55.56
  EW:   OR=885.32  AND_pred=14.89  AND+Pop=23.11  Total=923.32
  BS:   OR=378.24  AND_pred=2.02  AND+Pop=11.02  Total=391.27
  BSA:  OR=237.93  AND_pred=1.32  AND+Pop=6.37  Total=245.63
  CON:  OR=1151.10  AND_pred=66.56  AND+Pop=76.18  Total=1293.84

--- Iteration 2/10 (warm-up) ---
  CB:   OR=112.34  AND_pred=1.97  AND+Pop=6.41  Total=120.72  MAIL=(62071,93045)  SHIP=(62426,93261)
  CR:   OR=207.80  AND_pred=11.05  AND+Pop=5.49  Total=224.35
  CRR:  OR=34.94  AND_pred=10.82  AND+Pop=5.55  Total=51.32
  WAH:  OR=38.97  AND_pred=1.43  AND+Pop=13.45  Total=53.85
  EW:   OR=885.00  AND_pred=12.49  AND+Pop=22.30  Total=919.79
  BS:   OR=365.42  AND_pred=2.02  AND+Pop=11.07  Total=378.51
  BSA:  OR=239.22  AND_pred=1.31  AND+Pop=6.40  Total=246.93
  CON:  OR=1154.11  AND_pred=60.70  AND+Pop=76.18  Total=1290.99

--- Iteration 3/10 ---
  CB:   OR=112.31  AND_pred=1.96  AND+Pop=8.50  Total=122.77  MAIL=(62071,93045)  SHIP=(62426,93261)
  CR:   OR=207.77  AND_pred=11.00  AND+Pop=5.40  Total=224.17
  CRR:  OR=34.86  AND_pred=10.83  AND+Pop=5.50  Total=51.19
  WAH:  OR=38.13  AND_pred=1.43  AND+Pop=15.00  Total=54.56
  EW:   OR=885.79  AND_pred=12.69  AND+Pop=22.21  Total=920.70
  BS:   OR=377.44  AND_pred=2.02  AND+Pop=11.74  Total=391.21
  BSA:  OR=237.82  AND_pred=1.30  AND+Pop=6.25  Total=245.36
  CON:  OR=1151.78  AND_pred=61.01  AND+Pop=75.91  Total=1288.71

--- Iteration 4/10 ---
  CB:   OR=112.89  AND_pred=1.95  AND+Pop=8.36  Total=123.20  MAIL=(62071,93045)  SHIP=(62426,93261)
  CR:   OR=207.42  AND_pred=10.98  AND+Pop=5.42  Total=223.82
  CRR:  OR=34.81  AND_pred=10.82  AND+Pop=5.48  Total=51.12
  WAH:  OR=38.14  AND_pred=1.42  AND+Pop=15.03  Total=54.60
  EW:   OR=886.88  AND_pred=12.59  AND+Pop=22.21  Total=921.69
  BS:   OR=366.54  AND_pred=1.99  AND+Pop=11.05  Total=379.59
  BSA:  OR=237.59  AND_pred=1.30  AND+Pop=6.40  Total=245.29
  CON:  OR=1151.27  AND_pred=60.51  AND+Pop=75.92  Total=1287.70

--- Iteration 5/10 ---
  CB:   OR=112.06  AND_pred=1.96  AND+Pop=8.43  Total=122.46  MAIL=(62071,93045)  SHIP=(62426,93261)
  CR:   OR=207.79  AND_pred=11.09  AND+Pop=5.50  Total=224.39
  CRR:  OR=34.85  AND_pred=10.82  AND+Pop=5.54  Total=51.20
  WAH:  OR=38.28  AND_pred=1.43  AND+Pop=15.07  Total=54.78
  EW:   OR=886.67  AND_pred=12.52  AND+Pop=22.32  Total=921.51
  BS:   OR=366.01  AND_pred=1.98  AND+Pop=11.71  Total=379.71
  BSA:  OR=238.11  AND_pred=1.29  AND+Pop=6.10  Total=245.51
  CON:  OR=1151.19  AND_pred=60.78  AND+Pop=75.83  Total=1287.80

--- Iteration 6/10 ---
  CB:   OR=112.87  AND_pred=1.95  AND+Pop=8.69  Total=123.51  MAIL=(62071,93045)  SHIP=(62426,93261)
  CR:   OR=207.70  AND_pred=11.10  AND+Pop=5.45  Total=224.24
  CRR:  OR=34.80  AND_pred=10.88  AND+Pop=5.48  Total=51.17
  WAH:  OR=38.18  AND_pred=1.43  AND+Pop=14.96  Total=54.57
  EW:   OR=886.00  AND_pred=13.03  AND+Pop=22.30  Total=921.34
  BS:   OR=365.48  AND_pred=1.98  AND+Pop=11.64  Total=379.10
  BSA:  OR=236.93  AND_pred=1.30  AND+Pop=6.19  Total=244.43
  CON:  OR=1151.45  AND_pred=60.63  AND+Pop=76.21  Total=1288.29

--- Iteration 7/10 ---
  CB:   OR=112.08  AND_pred=1.96  AND+Pop=8.49  Total=122.53  MAIL=(62071,93045)  SHIP=(62426,93261)
  CR:   OR=207.56  AND_pred=11.06  AND+Pop=5.41  Total=224.02
  CRR:  OR=34.85  AND_pred=10.95  AND+Pop=5.54  Total=51.35
  WAH:  OR=38.19  AND_pred=1.43  AND+Pop=14.98  Total=54.61
  EW:   OR=887.98  AND_pred=12.67  AND+Pop=22.19  Total=922.85
  BS:   OR=365.30  AND_pred=2.03  AND+Pop=11.15  Total=378.48
  BSA:  OR=238.97  AND_pred=1.31  AND+Pop=6.20  Total=246.48
  CON:  OR=1153.15  AND_pred=60.66  AND+Pop=75.85  Total=1289.66

--- Iteration 8/10 ---
  CB:   OR=112.48  AND_pred=1.96  AND+Pop=8.41  Total=122.85  MAIL=(62071,93045)  SHIP=(62426,93261)
  CR:   OR=207.47  AND_pred=11.02  AND+Pop=5.52  Total=224.01
  CRR:  OR=34.87  AND_pred=10.82  AND+Pop=5.58  Total=51.28
  WAH:  OR=38.28  AND_pred=1.44  AND+Pop=15.02  Total=54.74
  EW:   OR=889.37  AND_pred=12.71  AND+Pop=22.30  Total=924.38
  BS:   OR=364.75  AND_pred=1.99  AND+Pop=11.61  Total=378.35
  BSA:  OR=237.75  AND_pred=1.31  AND+Pop=6.22  Total=245.29
  CON:  OR=1151.27  AND_pred=60.75  AND+Pop=75.76  Total=1287.78

--- Iteration 9/10 ---
  CB:   OR=112.95  AND_pred=1.96  AND+Pop=8.44  Total=123.35  MAIL=(62071,93045)  SHIP=(62426,93261)
  CR:   OR=207.86  AND_pred=11.06  AND+Pop=5.48  Total=224.40
  CRR:  OR=34.68  AND_pred=10.94  AND+Pop=5.55  Total=51.17
  WAH:  OR=38.39  AND_pred=1.43  AND+Pop=15.05  Total=54.87
  EW:   OR=886.58  AND_pred=12.58  AND+Pop=22.27  Total=921.43
  BS:   OR=365.41  AND_pred=1.97  AND+Pop=11.71  Total=379.08
  BSA:  OR=237.68  AND_pred=1.31  AND+Pop=6.18  Total=245.18
  CON:  OR=1153.94  AND_pred=60.75  AND+Pop=75.69  Total=1290.38

--- Iteration 10/10 ---
  CB:   OR=112.88  AND_pred=1.96  AND+Pop=8.38  Total=123.22  MAIL=(62071,93045)  SHIP=(62426,93261)
  CR:   OR=207.82  AND_pred=10.98  AND+Pop=5.46  Total=224.26
  CRR:  OR=34.60  AND_pred=10.79  AND+Pop=5.57  Total=50.95
  WAH:  OR=38.30  AND_pred=1.42  AND+Pop=14.96  Total=54.68
  EW:   OR=888.79  AND_pred=12.66  AND+Pop=22.18  Total=923.63
  BS:   OR=364.70  AND_pred=1.96  AND+Pop=10.96  Total=377.63
  BSA:  OR=238.17  AND_pred=1.30  AND+Pop=6.24  Total=245.71
  CON:  OR=1151.23  AND_pred=60.73  AND+Pop=75.87  Total=1287.83

================================================================
  Q12 Correctness Validation
================================================================

  Q12 Results (DDC values):
  l_shipmode  high_line_count  low_line_count
  MAIL                 62071           93045
  SHIP                 62426           93261
  Consistency: ALL MATCH

[Baseline] DuckDB native SQL  (single run: 1241.21 ms)
  SQL ground truth: MAIL=(62071,93045)  SHIP=(62426,93261)
[OK] all active backends match DuckDB SQL ground truth (per-shipmode high/low counts exact).

================================================================
  Q12 RESULTS (8 measured iterations, median +/- stddev)
================================================================
                  CB (ms)         CR (ms)        CRR (ms)        WAH (ms)        EW (ms)
  -----------------------------------------------------------------------------------------
  OR_date         112.68 +/-  0.35    207.74 +/-  0.16     34.83 +/-  0.09     38.23 +/-  0.09    886.78 +/-  1.22
  AND_pred          1.96 +/-  0.01     11.04 +/-  0.04     10.83 +/-  0.06      1.43 +/-  0.01     12.67 +/-  0.14
  AND+Pop           8.44 +/-  0.10      5.45 +/-  0.04      5.54 +/-  0.04     15.01 +/-  0.04     22.24 +/-  0.05
  -----------------------------------------------------------------------------------------
  TOTAL           123.03 +/-  0.37    224.21 +/-  0.19     51.18 +/-  0.11     54.64 +/-  0.10    921.60 +/-  1.20
================================================================


================================================================
  Q12 BASELINE BACKENDS (no compression / Concise)
================================================================
                  BS (ms)         BSA (ms)        Concise (ms)     BS vs WAH   BSA vs WAH   CON vs WAH
  ----------------------------------------------------------------------------------------------
  OR_date         365.44 +/-  4.01    237.79 +/-  0.54   1151.36 +/-  0.98      0.10x      0.16x      0.03x
  AND_pred          1.99 +/-  0.02      1.30 +/-  0.01     60.74 +/-  0.14      0.72x      1.09x      0.02x
  AND+Pop          11.63 +/-  0.31      6.21 +/-  0.08     75.86 +/-  0.14      1.29x      2.42x      0.20x
  ----------------------------------------------------------------------------------------------
  TOTAL           379.09 +/-  4.14    245.33 +/-  0.54   1288.06 +/-  0.94      0.14x      0.22x      0.04x
================================================================

  [CSV] Results written to: q12_results_SF10.csv
┌────────────┬─────────────────┬────────────────┐
│ l_shipmode │ high_line_count │ low_line_count │
│  varchar   │     int128      │     int128     │
├────────────┼─────────────────┼────────────────┤
│ MAIL       │           62071 │          93045 │
│ SHIP       │           62426 │          93261 │
└────────────┴─────────────────┴────────────────┘
  [Breakdown] DDC   L1=53.36 MiB  L2=11.31 MiB  L3=20.89 MiB  total=85.56 MiB
