# cwd=/home/lichenhang/lee/thesis/check/lee/duckdb-dev
# cmd=/home/lichenhang/lee/thesis/check/lee/duckdb-dev/build/release/duckdb /home/lichenhang/lee/thesis/check/lee/duckdb-dev/tpch_sf10.db -c PRAGMA bm_tpch(19);

================================================================
  TPC-H Q19 Benchmark — 8 backends (SF10)
  3-branch OR over (brand × container × p_size × l_quantity range)
        AND with l_shipmode IN ('AIR','AIR REG')
        AND with l_shipinstruct = 'DELIVER IN PERSON'
  TPC-H params: BRAND1=Brand#12 (Q1=1..11), BRAND2=Brand#23 (Q2=10..20), BRAND3=Brand#34 (Q3=20..30)
  Bitmap dirs: tpch_q19_combit tpch_q19_croaring tpch_q19_wah tpch_q19_ewah
  Iterations: 10 (first 2 = warm-up)
================================================================

[Pre-load] Loading 59986052 rows (price, discount) ...
[Pre-load] Done in 786.088 ms

[Load] Loading bitmaps (mode=ALL)...
  WAH load:      282.883 ms
  ComBit load:   77.79 ms
  CRoaring load: 64.937 ms
  CRR load:      86.239 ms
  EWAH load:     130.199 ms
  Bitset load:   268.115 ms (shared by BS / BSA)
  Concise load:  1059.53 ms
  WAH      on disk: 15.82 MiB
  ComBit   on disk: 13.90 MiB
  CRoaring on disk: 14.62 MiB (shared by CR / CRR)
  EWAH     on disk: 16.35 MiB

--- Iteration 1/10 (warm-up) ---
  CB:   OR=15.14  AND=33.94  Agg=2.89  Total=51.97  revenue=30104438.09
  CR:   OR=71.14  AND=1.77  Agg=0.07  Total=72.98  revenue=30104438.09
  CRR:  OR=22.93  AND=1.72  Agg=0.08  Total=24.73  revenue=30104438.09
  WAH:  OR=121.97  AND=15.31  Agg=1.64  Total=138.92  revenue=30104438.09
  EW:   OR=289.62  AND=5.32  Agg=0.07  Total=295.01  revenue=30104438.09
  BS:   OR=33.99  AND=18.61  Agg=0.91  Total=53.52  revenue=30104438.09
  BSA:  OR=22.66  AND=9.32  Agg=0.91  Total=32.90  revenue=30104438.09
  CON:  OR=825.49  AND=49.49  Agg=0.10  Total=875.08  revenue=30104438.09

--- Iteration 2/10 (warm-up) ---
  CB:   OR=13.67  AND=12.37  Agg=2.93  Total=28.97  revenue=30104438.09
  CR:   OR=72.46  AND=2.02  Agg=0.08  Total=74.56  revenue=30104438.09
  CRR:  OR=23.63  AND=1.72  Agg=0.07  Total=25.41  revenue=30104438.09
  WAH:  OR=121.74  AND=14.93  Agg=1.60  Total=138.28  revenue=30104438.09
  EW:   OR=282.34  AND=5.13  Agg=0.07  Total=287.54  revenue=30104438.09
  BS:   OR=33.01  AND=21.62  Agg=0.90  Total=55.53  revenue=30104438.09
  BSA:  OR=22.60  AND=9.20  Agg=0.90  Total=32.69  revenue=30104438.09
  CON:  OR=798.04  AND=52.47  Agg=0.10  Total=850.60  revenue=30104438.09

--- Iteration 3/10 ---
  CB:   OR=13.51  AND=14.79  Agg=2.85  Total=31.16  revenue=30104438.09
  CR:   OR=72.30  AND=1.83  Agg=0.06  Total=74.20  revenue=30104438.09
  CRR:  OR=23.00  AND=1.72  Agg=0.07  Total=24.79  revenue=30104438.09
  WAH:  OR=121.68  AND=17.23  Agg=1.59  Total=140.49  revenue=30104438.09
  EW:   OR=282.17  AND=5.20  Agg=0.07  Total=287.45  revenue=30104438.09
  BS:   OR=36.28  AND=20.85  Agg=0.88  Total=58.02  revenue=30104438.09
  BSA:  OR=24.79  AND=18.89  Agg=0.96  Total=44.64  revenue=30104438.09
  CON:  OR=805.34  AND=51.48  Agg=0.10  Total=856.92  revenue=30104438.09

--- Iteration 4/10 ---
  CB:   OR=13.71  AND=14.99  Agg=2.94  Total=31.64  revenue=30104438.09
  CR:   OR=72.63  AND=1.80  Agg=0.06  Total=74.50  revenue=30104438.09
  CRR:  OR=22.96  AND=1.74  Agg=0.06  Total=24.77  revenue=30104438.09
  WAH:  OR=122.26  AND=15.18  Agg=1.59  Total=139.04  revenue=30104438.09
  EW:   OR=289.41  AND=5.21  Agg=0.07  Total=294.69  revenue=30104438.09
  BS:   OR=33.94  AND=21.71  Agg=0.88  Total=56.54  revenue=30104438.09
  BSA:  OR=22.83  AND=9.13  Agg=0.88  Total=32.84  revenue=30104438.09
  CON:  OR=802.06  AND=49.99  Agg=0.09  Total=852.15  revenue=30104438.09

--- Iteration 5/10 ---
  CB:   OR=13.60  AND=15.03  Agg=2.85  Total=31.48  revenue=30104438.09
  CR:   OR=72.50  AND=1.84  Agg=0.07  Total=74.40  revenue=30104438.09
  CRR:  OR=23.11  AND=1.72  Agg=0.07  Total=24.89  revenue=30104438.09
  WAH:  OR=122.15  AND=17.08  Agg=1.63  Total=140.86  revenue=30104438.09
  EW:   OR=283.25  AND=5.22  Agg=0.07  Total=288.54  revenue=30104438.09
  BS:   OR=35.56  AND=20.99  Agg=0.89  Total=57.45  revenue=30104438.09
  BSA:  OR=24.86  AND=19.05  Agg=0.89  Total=44.79  revenue=30104438.09
  CON:  OR=809.35  AND=52.73  Agg=0.09  Total=862.18  revenue=30104438.09

--- Iteration 6/10 ---
  CB:   OR=13.60  AND=14.91  Agg=2.84  Total=31.35  revenue=30104438.09
  CR:   OR=72.56  AND=1.77  Agg=0.06  Total=74.39  revenue=30104438.09
  CRR:  OR=22.90  AND=1.71  Agg=0.06  Total=24.68  revenue=30104438.09
  WAH:  OR=121.72  AND=17.19  Agg=1.59  Total=140.51  revenue=30104438.09
  EW:   OR=281.78  AND=5.02  Agg=0.07  Total=286.87  revenue=30104438.09
  BS:   OR=35.24  AND=21.41  Agg=0.85  Total=57.51  revenue=30104438.09
  BSA:  OR=24.77  AND=18.85  Agg=0.85  Total=44.48  revenue=30104438.09
  CON:  OR=809.76  AND=52.82  Agg=0.09  Total=862.67  revenue=30104438.09

--- Iteration 7/10 ---
  CB:   OR=13.64  AND=14.84  Agg=2.86  Total=31.34  revenue=30104438.09
  CR:   OR=72.52  AND=1.79  Agg=0.06  Total=74.38  revenue=30104438.09
  CRR:  OR=22.96  AND=1.71  Agg=0.06  Total=24.74  revenue=30104438.09
  WAH:  OR=121.54  AND=17.24  Agg=1.59  Total=140.38  revenue=30104438.09
  EW:   OR=282.78  AND=5.54  Agg=0.07  Total=288.39  revenue=30104438.09
  BS:   OR=33.69  AND=20.94  Agg=0.89  Total=55.51  revenue=30104438.09
  BSA:  OR=22.58  AND=9.22  Agg=0.89  Total=32.69  revenue=30104438.09
  CON:  OR=796.50  AND=50.88  Agg=0.10  Total=847.48  revenue=30104438.09

--- Iteration 8/10 ---
  CB:   OR=13.53  AND=14.99  Agg=2.87  Total=31.39  revenue=30104438.09
  CR:   OR=72.39  AND=1.82  Agg=0.07  Total=74.29  revenue=30104438.09
  CRR:  OR=22.96  AND=1.73  Agg=0.07  Total=24.76  revenue=30104438.09
  WAH:  OR=121.62  AND=17.21  Agg=1.60  Total=140.43  revenue=30104438.09
  EW:   OR=282.37  AND=5.29  Agg=0.07  Total=287.73  revenue=30104438.09
  BS:   OR=35.81  AND=21.41  Agg=0.90  Total=58.13  revenue=30104438.09
  BSA:  OR=25.08  AND=19.12  Agg=0.90  Total=45.09  revenue=30104438.09
  CON:  OR=804.61  AND=51.60  Agg=0.09  Total=856.31  revenue=30104438.09

--- Iteration 9/10 ---
  CB:   OR=13.52  AND=14.87  Agg=2.85  Total=31.24  revenue=30104438.09
  CR:   OR=72.58  AND=1.77  Agg=0.07  Total=74.42  revenue=30104438.09
  CRR:  OR=22.97  AND=1.70  Agg=0.06  Total=24.73  revenue=30104438.09
  WAH:  OR=121.93  AND=15.12  Agg=1.64  Total=138.69  revenue=30104438.09
  EW:   OR=285.90  AND=5.30  Agg=0.07  Total=291.27  revenue=30104438.09
  BS:   OR=33.10  AND=21.13  Agg=0.91  Total=55.13  revenue=30104438.09
  BSA:  OR=22.57  AND=8.90  Agg=0.90  Total=32.36  revenue=30104438.09
  CON:  OR=799.70  AND=50.09  Agg=0.09  Total=849.88  revenue=30104438.09

--- Iteration 10/10 ---
  CB:   OR=13.65  AND=15.08  Agg=2.87  Total=31.60  revenue=30104438.09
  CR:   OR=72.07  AND=1.84  Agg=0.07  Total=73.98  revenue=30104438.09
  CRR:  OR=22.98  AND=1.76  Agg=0.07  Total=24.82  revenue=30104438.09
  WAH:  OR=122.06  AND=17.90  Agg=1.62  Total=141.58  revenue=30104438.09
  EW:   OR=282.75  AND=4.97  Agg=0.07  Total=287.80  revenue=30104438.09
  BS:   OR=35.44  AND=21.28  Agg=0.89  Total=57.62  revenue=30104438.09
  BSA:  OR=24.75  AND=18.92  Agg=0.89  Total=44.56  revenue=30104438.09
  CON:  OR=806.20  AND=51.75  Agg=0.09  Total=858.05  revenue=30104438.09

================================================================
  Q19 Correctness Validation
================================================================
  Q19 Result (ComBit):
    revenue = 30104438.09   (sum×10000 = 301044380911)
  Consistency: ALL MATCH

[Baseline] DuckDB native SQL  (single run: 1840.91 ms)
  SQL ground truth:  revenue = 30104438.09
[OK] all active backends match DuckDB SQL ground truth (revenue within 0.00).

================================================================
  Q19 RESULTS (8 measured iterations, median +/- stddev)
================================================================
  CB    OR=13.60   +/- 0.07   AND=14.95   +/- 0.09   Agg=2.86    +/- 0.03   Total=31.37   +/- 0.16  (ms)
  CR    OR=72.51   +/- 0.17   AND=1.81    +/- 0.03   Agg=0.07    +/- 0.00   Total=74.38   +/- 0.15  (ms)
  CRR   OR=22.96   +/- 0.05   AND=1.72    +/- 0.02   Agg=0.07    +/- 0.00   Total=24.76   +/- 0.06  (ms)
  WAH   OR=121.83  +/- 0.25   AND=17.20   +/- 0.96   Agg=1.60    +/- 0.02   Total=140.46  +/- 0.88  (ms)
  EW    OR=282.76  +/- 2.43   AND=5.21    +/- 0.16   Agg=0.07    +/- 0.00   Total=288.09  +/- 2.45  (ms)
  BS    OR=35.34   +/- 1.07   AND=21.21   +/- 0.27   Agg=0.89    +/- 0.02   Total=57.48   +/- 1.06  (ms)
  BSA   OR=24.76   +/- 1.07   AND=18.87   +/- 4.78   Agg=0.89    +/- 0.03   Total=44.52   +/- 5.85  (ms)
  CON   OR=804.98  +/- 4.29   AND=51.54   +/- 0.99   Agg=0.09    +/- 0.00   Total=856.62  +/- 5.15  (ms)
================================================================

  [CSV] Results written to: q19_results_SF10.csv
┌───────────────┐
│    revenue    │
│ decimal(38,4) │
├───────────────┤
│ 30104438.0911 │
└───────────────┘
  [Breakdown] ComBit   L1=43.72 MiB  L2=20.93 MiB  L3=3.80 MiB  total=68.45 MiB
