# cwd=/home/lichenhang/lee/thesis/check/lee/duckdb-dev
# cmd=/home/lichenhang/lee/thesis/check/lee/duckdb-dev/build/release/duckdb /home/lichenhang/lee/thesis/check/lee/duckdb-dev/tpch_sf10.db -c PRAGMA bm_tpch(1);

================================================================
  TPC-H Q1 Benchmark — DDC vs WAH vs CRoaring vs EWAH (SF10)
  Complement approach: OR days 2437..max → NOT
  TPC-H params: l_shipdate <= DATE '1998-12-01' - INTERVAL '90' DAY (= 1998-09-02)
  Bitmap dirs: tpch_q1_wah tpch_q1_ddc tpch_q1_croaring tpch_q1_ewah
  Iterations: 10 (first 2 = warm-up)
================================================================

[Pre-load] Loading 59986052 rows (4 columns) ...
[Pre-load] Done in 1450.91 ms

[Load] Loading bitmaps (mode=ALL)...
  Shipdate: cutoff=2436 max=2526 complement OR: 90 bitmaps (days 2437..2526)
  WAH load:      49.667 ms
  DDC load:   816.367 ms
  CRoaring load: 38.414 ms
  CRR load:      38.772 ms
  EWAH load:     29.501 ms
  Bitset load:   705.378 ms (shared by BS / BSA)
  Concise load:  1167.71 ms (incl. universe build)
  WAH      on disk: 482.24 MiB
  DDC   on disk: 539.93 MiB
  CRoaring on disk: 167.86 MiB (shared by CR / CRR)
  EWAH     on disk: 914.50 MiB
  Bitset in mem:    679.34 MiB (rebuilt from CRoaring at load)
  Concise in mem:   40.13 MiB (rebuilt from CRoaring + universe)

--- Iteration 1/10 (warm-up) ---
  WAH:  OR_ship=4.12  NOT=0.31  AND+Agg=725.14  Total=729.58  rows=59142609
  CB:   OR_ship=343.40  NOT=3.50  AND+Agg=442.70  Total=789.60  rows=59142609
  CR:   OR_ship=33.17  NOT=1.71  AND+Agg=501.01  Total=535.89  rows=59142609
  CRR:  OR_ship=7.67  NOT=1.32  AND+Agg=499.92  Total=508.91  rows=59142609
  EW:   OR_ship=74.19  NOT=1.72  AND+Agg=429.75  Total=505.66  rows=59142609
  BS:   OR_ship=90.67  NOT=0.34  AND+Agg=327.56  Total=418.57  rows=59142609
  BSA:  OR_ship=59.13  NOT=0.30  AND+Agg=321.38  Total=380.81  rows=59142609
  CON:  OR_ship=89.67  NOT=8.55  AND+Agg=543.05  Total=641.27  rows=59142609

--- Iteration 2/10 (warm-up) ---
  WAH:  OR_ship=3.76  NOT=0.32  AND+Agg=724.34  Total=728.42  rows=59142609
  CB:   OR_ship=17.07  NOT=0.93  AND+Agg=439.19  Total=457.19  rows=59142609
  CR:   OR_ship=32.60  NOT=1.69  AND+Agg=499.65  Total=533.94  rows=59142609
  CRR:  OR_ship=7.59  NOT=1.33  AND+Agg=500.33  Total=509.25  rows=59142609
  EW:   OR_ship=74.19  NOT=1.73  AND+Agg=426.28  Total=502.20  rows=59142609
  BS:   OR_ship=90.27  NOT=0.33  AND+Agg=328.25  Total=418.85  rows=59142609
  BSA:  OR_ship=59.44  NOT=0.29  AND+Agg=322.78  Total=382.51  rows=59142609
  CON:  OR_ship=89.45  NOT=8.59  AND+Agg=531.81  Total=629.85  rows=59142609

--- Iteration 3/10 ---
  WAH:  OR_ship=4.02  NOT=0.31  AND+Agg=723.44  Total=727.78  rows=59142609
  CB:   OR_ship=18.46  NOT=0.86  AND+Agg=441.64  Total=460.95  rows=59142609
  CR:   OR_ship=32.52  NOT=1.66  AND+Agg=500.53  Total=534.71  rows=59142609
  CRR:  OR_ship=7.57  NOT=1.41  AND+Agg=500.71  Total=509.69  rows=59142609
  EW:   OR_ship=73.87  NOT=1.74  AND+Agg=426.06  Total=501.67  rows=59142609
  BS:   OR_ship=89.59  NOT=0.34  AND+Agg=326.95  Total=416.88  rows=59142609
  BSA:  OR_ship=59.16  NOT=0.29  AND+Agg=320.39  Total=379.84  rows=59142609
  CON:  OR_ship=89.56  NOT=8.57  AND+Agg=530.67  Total=628.81  rows=59142609

--- Iteration 4/10 ---
  WAH:  OR_ship=4.03  NOT=0.32  AND+Agg=722.00  Total=726.34  rows=59142609
  CB:   OR_ship=17.25  NOT=0.95  AND+Agg=441.06  Total=459.26  rows=59142609
  CR:   OR_ship=32.65  NOT=1.63  AND+Agg=500.45  Total=534.73  rows=59142609
  CRR:  OR_ship=7.55  NOT=1.32  AND+Agg=499.71  Total=508.58  rows=59142609
  EW:   OR_ship=73.96  NOT=1.75  AND+Agg=425.19  Total=500.90  rows=59142609
  BS:   OR_ship=89.67  NOT=0.36  AND+Agg=326.68  Total=416.71  rows=59142609
  BSA:  OR_ship=59.17  NOT=0.30  AND+Agg=320.36  Total=379.83  rows=59142609
  CON:  OR_ship=89.50  NOT=8.61  AND+Agg=532.60  Total=630.71  rows=59142609

--- Iteration 5/10 ---
  WAH:  OR_ship=4.51  NOT=0.32  AND+Agg=723.91  Total=728.75  rows=59142609
  CB:   OR_ship=17.14  NOT=0.90  AND+Agg=438.40  Total=456.44  rows=59142609
  CR:   OR_ship=33.08  NOT=1.68  AND+Agg=499.48  Total=534.24  rows=59142609
  CRR:  OR_ship=7.72  NOT=1.33  AND+Agg=499.64  Total=508.70  rows=59142609
  EW:   OR_ship=74.01  NOT=1.71  AND+Agg=424.99  Total=500.71  rows=59142609
  BS:   OR_ship=89.95  NOT=0.34  AND+Agg=326.21  Total=416.50  rows=59142609
  BSA:  OR_ship=59.16  NOT=0.30  AND+Agg=320.17  Total=379.62  rows=59142609
  CON:  OR_ship=89.44  NOT=8.55  AND+Agg=532.25  Total=630.24  rows=59142609

--- Iteration 6/10 ---
  WAH:  OR_ship=4.12  NOT=0.32  AND+Agg=723.95  Total=728.40  rows=59142609
  CB:   OR_ship=18.46  NOT=0.92  AND+Agg=437.72  Total=457.10  rows=59142609
  CR:   OR_ship=32.64  NOT=1.69  AND+Agg=500.03  Total=534.36  rows=59142609
  CRR:  OR_ship=7.77  NOT=1.34  AND+Agg=500.25  Total=509.36  rows=59142609
  EW:   OR_ship=74.01  NOT=1.72  AND+Agg=425.68  Total=501.41  rows=59142609
  BS:   OR_ship=89.71  NOT=0.34  AND+Agg=325.67  Total=415.72  rows=59142609
  BSA:  OR_ship=59.24  NOT=0.30  AND+Agg=321.08  Total=380.62  rows=59142609
  CON:  OR_ship=89.33  NOT=8.58  AND+Agg=533.44  Total=631.36  rows=59142609

--- Iteration 7/10 ---
  WAH:  OR_ship=4.01  NOT=0.33  AND+Agg=723.35  Total=727.69  rows=59142609
  CB:   OR_ship=17.34  NOT=1.00  AND+Agg=441.01  Total=459.35  rows=59142609
  CR:   OR_ship=32.56  NOT=1.65  AND+Agg=500.01  Total=534.22  rows=59142609
  CRR:  OR_ship=7.71  NOT=1.37  AND+Agg=500.06  Total=509.15  rows=59142609
  EW:   OR_ship=74.10  NOT=1.73  AND+Agg=426.84  Total=502.67  rows=59142609
  BS:   OR_ship=89.75  NOT=0.34  AND+Agg=326.33  Total=416.42  rows=59142609
  BSA:  OR_ship=59.40  NOT=0.30  AND+Agg=321.34  Total=381.04  rows=59142609
  CON:  OR_ship=89.46  NOT=8.61  AND+Agg=531.74  Total=629.81  rows=59142609

--- Iteration 8/10 ---
  WAH:  OR_ship=4.34  NOT=0.32  AND+Agg=726.00  Total=730.66  rows=59142609
  CB:   OR_ship=17.41  NOT=1.05  AND+Agg=438.77  Total=457.24  rows=59142609
  CR:   OR_ship=32.75  NOT=1.61  AND+Agg=500.53  Total=534.89  rows=59142609
  CRR:  OR_ship=7.67  NOT=1.45  AND+Agg=499.64  Total=508.76  rows=59142609
  EW:   OR_ship=74.08  NOT=1.72  AND+Agg=425.68  Total=501.48  rows=59142609
  BS:   OR_ship=89.53  NOT=0.34  AND+Agg=325.84  Total=415.71  rows=59142609
  BSA:  OR_ship=59.16  NOT=0.29  AND+Agg=320.22  Total=379.67  rows=59142609
  CON:  OR_ship=89.36  NOT=8.54  AND+Agg=532.94  Total=630.84  rows=59142609

--- Iteration 9/10 ---
  WAH:  OR_ship=4.60  NOT=0.31  AND+Agg=722.52  Total=727.43  rows=59142609
  CB:   OR_ship=16.99  NOT=0.91  AND+Agg=438.29  Total=456.19  rows=59142609
  CR:   OR_ship=33.40  NOT=1.62  AND+Agg=500.37  Total=535.39  rows=59142609
  CRR:  OR_ship=7.54  NOT=1.40  AND+Agg=499.09  Total=508.04  rows=59142609
  EW:   OR_ship=73.92  NOT=1.74  AND+Agg=425.85  Total=501.50  rows=59142609
  BS:   OR_ship=89.58  NOT=0.35  AND+Agg=326.33  Total=416.26  rows=59142609
  BSA:  OR_ship=59.21  NOT=0.30  AND+Agg=320.85  Total=380.37  rows=59142609
  CON:  OR_ship=89.46  NOT=8.56  AND+Agg=532.86  Total=630.88  rows=59142609

--- Iteration 10/10 ---
  WAH:  OR_ship=4.53  NOT=0.31  AND+Agg=721.37  Total=726.21  rows=59142609
  CB:   OR_ship=18.39  NOT=0.88  AND+Agg=440.57  Total=459.84  rows=59142609
  CR:   OR_ship=32.69  NOT=1.65  AND+Agg=499.49  Total=533.83  rows=59142609
  CRR:  OR_ship=7.80  NOT=1.33  AND+Agg=499.62  Total=508.76  rows=59142609
  EW:   OR_ship=73.89  NOT=1.76  AND+Agg=425.79  Total=501.44  rows=59142609
  BS:   OR_ship=89.83  NOT=0.34  AND+Agg=327.69  Total=417.87  rows=59142609
  BSA:  OR_ship=59.52  NOT=0.29  AND+Agg=321.71  Total=381.52  rows=59142609
  CON:  OR_ship=89.55  NOT=8.59  AND+Agg=532.37  Total=630.51  rows=59142609

================================================================
  Q1 Correctness Validation
================================================================
  Row counts: WAH=59142609 CB=59142609 CR=59142609 CRR=59142609 EW=59142609 BS=59142609 BSA=59142609 CON=59142609

  Q1 Results (from DDC):
  rf ls  sum_qty       sum_base_price  sum_disc_price     sum_charge        avg_qty  avg_price  avg_disc  count
  A  F  377518399.00  566065727797.25   537759104278.07     559276670892.12     25.50   38237.15      0.05  14804077
  N  F    9851614.00  14767438399.17    14028805792.21      14590490998.37     25.52   38257.81      0.05  385998
  N  O  743124873.00  1114302286901.88  1058580922144.96    1100937000170.59     25.50   38233.90      0.05  29144351
  R  F  377732830.00  566431054976.00   538110922664.77     559634780885.09     25.51   38251.22      0.05  14808183
  Consistency: ALL MATCH

[Baseline] DuckDB native SQL count(*) = 59142609  (single run: 180.60 ms)
[OK] all active backends match DuckDB SQL ground truth (59142609 rows).

================================================================
  Q1 RESULTS (8 measured iterations, median ± stddev)
================================================================
                       WAH (ms)              DDC (ms)         CRoaring (ms)      CRoar+Run (ms)       EWAH (ms)          CB vs WAH   CR vs WAH  CRR vs WAH   EW vs WAH
  --------------------------------------------------------------------------------------------------------------------------------
  OR_ship             4.23 ±   0.24        17.38 ±   0.60        32.67 ±   0.28         7.69 ±   0.10        73.99 ±   0.08      0.24x      0.13x      0.55x      0.06x
  NOT                 0.32 ±   0.01         0.91 ±   0.06         1.65 ±   0.02         1.36 ±   0.04         1.73 ±   0.02      0.35x      0.19x      0.24x      0.18x
  AND+Agg           723.40 ±   1.33       439.67 ±   1.44       500.20 ±   0.41       499.68 ±   0.46       425.73 ±   0.52      1.65x      1.45x      1.45x      1.70x
  --------------------------------------------------------------------------------------------------------------------------------
  TOTAL             727.73 ±   1.33       458.25 ±   1.65       534.53 ±   0.45       508.76 ±   0.48       501.46 ±   0.55      1.59x      1.36x      1.43x      1.45x

  WAH rows:        59142609
  DDC rows:     59142609
  CRoaring rows:   59142609
  CRoar+Run rows:  59142609
  EWAH rows:       59142609
================================================================


================================================================
  Q1 BASELINE BACKENDS (no compression / Concise)
================================================================
                       BS (ms)              BSA (ms)            Concise (ms)        BS vs WAH   BSA vs WAH   CON vs WAH
  -------------------------------------------------------------------------------------------------------------
  OR_ship            89.69 ±   0.13        59.19 ±   0.13        89.46 ±   0.08      0.05x      0.07x      0.05x
  NOT                 0.34 ±   0.01         0.30 ±   0.00         8.58 ±   0.02      0.93x      1.08x      0.04x
  AND+Agg           326.33 ±   0.60       320.62 ±   0.53       532.48 ±   0.79      2.22x      2.26x      1.36x
  -------------------------------------------------------------------------------------------------------------
  TOTAL             416.46 ±   0.65       380.11 ±   0.66       630.61 ±   0.74      1.75x      1.91x      1.15x

  Bitset rows:         59142609
  Bitset+AVX512 rows:  59142609
  Concise rows:        59142609
================================================================

  [CSV] Results written to: q1_results_SF10.csv
┌──────────────┬──────────────┬───────────────┬──────────────────┬────────────────────┬──────────────────────┬────────────────────┬────────────────────┬─────────────────────┬─────────────┐
│ l_returnflag │ l_linestatus │    sum_qty    │  sum_base_price  │   sum_disc_price   │      sum_charge      │      avg_qty       │     avg_price      │      avg_disc       │ count_order │
│   varchar    │   varchar    │ decimal(38,2) │  decimal(38,2)   │   decimal(38,4)    │    decimal(38,6)     │       double       │       double       │       double        │    int64    │
├──────────────┼──────────────┼───────────────┼──────────────────┼────────────────────┼──────────────────────┼────────────────────┼────────────────────┼─────────────────────┼─────────────┤
│ A            │ F            │  377518399.00 │  566065727797.25 │  537759104278.0656 │  559276670892.116819 │ 25.500975103007097 │  38237.15100895854 │  0.0500065745402432 │    14804077 │
│ N            │ F            │    9851614.00 │   14767438399.17 │   14028805792.2114 │   14590490998.366737 │ 25.522448302840946 │  38257.81066008114 │ 0.04997336773765667 │      385998 │
│ N            │ O            │  743124873.00 │ 1114302286901.88 │ 1058580922144.9638 │ 1100937000170.591854 │ 25.498075870689316 │  38233.90292348181 │ 0.05000081182113131 │    29144351 │
│ R            │ F            │  377732830.00 │  566431054976.00 │  538110922664.7677 │  559634780885.086257 │  25.50838478968014 │ 38251.219273559764 │ 0.04999679231408742 │    14808183 │
└──────────────┴──────────────┴───────────────┴──────────────────┴────────────────────┴──────────────────────┴────────────────────┴────────────────────┴─────────────────────┴─────────────┘
  [Breakdown] DDC   L1=31.44 MiB  L2=4.25 MiB  L3=3.23 MiB  total=38.93 MiB
