# cwd=/home/lichenhang/lee/thesis/check/lee/duckdb-dev
# cmd=/home/lichenhang/lee/thesis/check/lee/duckdb-dev/build/release/duckdb /home/lichenhang/lee/thesis/check/lee/duckdb-dev/tpch_sf10.db -c PRAGMA bm_tpch(3);

================================================================
  TPC-H Q3 Benchmark — DDC vs WAH vs CRoaring vs EWAH (SF10)
  Complement OR shipdate days 1..1169 -> NOT -> AND join_result -> Top-10
  TPC-H params: c_mktsegment='BUILDING', date=1995-03-15
  Iterations: 10 (first 2 = warm-up)
================================================================

[Side-load] orders_meta: 1461923 qualifying orders in 390.321 ms
[Pre-load] lineitem: 59986052 rows (l_orderkey, l_extendedprice, l_discount) in 523.436 ms

[Load] Loading bitmaps (mode=ALL)...
  WAH load:      269.357 ms
  DDC load:   13012.2 ms
  CRoaring load: 122.104 ms
  CRR load:      153.528 ms
  EWAH load:     236.98 ms
  Bitset load:   3931.55 ms (shared by BS / BSA)
  Concise load:  751.104 ms (incl. universe build)

--- Iteration 1/10 (warm-up) ---
  CB:   OR=6975.51  NOT=3.384  AND=0.634  Agg=46.248  Total=7025.77  rows=302114
  CR:   OR=294.509  NOT=0.46  AND=13.031  Agg=47.07  Total=355.071  rows=302114
  CRR:  OR=112.206  NOT=0.425  AND=12.729  Agg=39.702  Total=165.063  rows=302114
  WAH:  OR=114.199  NOT=0.304  AND=7.256  Agg=56.672  Total=178.433  rows=302114
  EW:   OR=2710.89  NOT=0.648  AND=7.091  Agg=50.599  Total=2769.23  rows=302114
  BS:   OR=1140.09  NOT=0.312  AND=0.982  Agg=61.32  Total=1202.71  rows=302114
  BSA:  OR=747.475  NOT=0.283  AND=0.666  Agg=60.476  Total=808.902  rows=302114
  CON:  OR=3564.78  NOT=9.458  AND=18.053  Agg=52.507  Total=3644.8  rows=302114

--- Iteration 2/10 (warm-up) ---
  CB:   OR=339.55  NOT=3.405  AND=0.654  Agg=45.598  Total=389.209  rows=302114
  CR:   OR=295.261  NOT=0.455  AND=12.967  Agg=44.432  Total=353.116  rows=302114
  CRR:  OR=112.514  NOT=0.418  AND=12.854  Agg=43.499  Total=169.287  rows=302114
  WAH:  OR=113.664  NOT=0.304  AND=7.011  Agg=57.225  Total=178.206  rows=302114
  EW:   OR=2706.68  NOT=0.63  AND=7.182  Agg=50.333  Total=2764.82  rows=302114
  BS:   OR=1139.4  NOT=0.324  AND=0.985  Agg=61.219  Total=1201.93  rows=302114
  BSA:  OR=744.806  NOT=0.283  AND=0.66  Agg=60.745  Total=806.496  rows=302114
  CON:  OR=3572.54  NOT=9.667  AND=17.966  Agg=52.615  Total=3652.79  rows=302114

--- Iteration 3/10 ---
  CB:   OR=339.223  NOT=3.417  AND=0.647  Agg=46.221  Total=389.51  rows=302114
  CR:   OR=295.369  NOT=0.445  AND=13.123  Agg=44.429  Total=353.369  rows=302114
  CRR:  OR=112.494  NOT=0.421  AND=12.777  Agg=39.799  Total=165.493  rows=302114
  WAH:  OR=113.49  NOT=0.308  AND=7.704  Agg=61.28  Total=182.783  rows=302114
  EW:   OR=2709.8  NOT=0.679  AND=7.072  Agg=50.127  Total=2767.68  rows=302114
  BS:   OR=1133.7  NOT=0.323  AND=0.985  Agg=60.47  Total=1195.48  rows=302114
  BSA:  OR=746.748  NOT=0.287  AND=0.662  Agg=60.285  Total=807.985  rows=302114
  CON:  OR=3567.26  NOT=12.087  AND=22.293  Agg=52.778  Total=3654.42  rows=302114

--- Iteration 4/10 ---
  CB:   OR=337.866  NOT=1.088  AND=0.64  Agg=43.965  Total=383.562  rows=302114
  CR:   OR=295.313  NOT=0.455  AND=12.938  Agg=43.483  Total=352.19  rows=302114
  CRR:  OR=112.256  NOT=0.421  AND=12.759  Agg=40.468  Total=165.905  rows=302114
  WAH:  OR=113.56  NOT=0.315  AND=6.05  Agg=56.512  Total=176.438  rows=302114
  EW:   OR=2700.72  NOT=0.665  AND=7.131  Agg=50.475  Total=2759  rows=302114
  BS:   OR=1137.35  NOT=0.331  AND=1.002  Agg=60.927  Total=1199.61  rows=302114
  BSA:  OR=745.62  NOT=0.297  AND=0.655  Agg=60.484  Total=807.057  rows=302114
  CON:  OR=3578.87  NOT=9.364  AND=18.175  Agg=52.491  Total=3658.9  rows=302114

--- Iteration 5/10 ---
  CB:   OR=337.627  NOT=1.05  AND=0.641  Agg=43.569  Total=382.887  rows=302114
  CR:   OR=295.081  NOT=0.458  AND=12.966  Agg=43.46  Total=351.967  rows=302114
  CRR:  OR=112.229  NOT=0.417  AND=12.754  Agg=40.758  Total=166.159  rows=302114
  WAH:  OR=113.652  NOT=0.296  AND=5.919  Agg=56.509  Total=176.377  rows=302114
  EW:   OR=2699.77  NOT=0.656  AND=7.781  Agg=49.387  Total=2757.59  rows=302114
  BS:   OR=1152.25  NOT=0.313  AND=0.987  Agg=60.822  Total=1214.37  rows=302114
  BSA:  OR=745.234  NOT=0.284  AND=0.657  Agg=60.173  Total=806.35  rows=302114
  CON:  OR=3570.43  NOT=12.273  AND=22.359  Agg=52.85  Total=3657.91  rows=302114

--- Iteration 6/10 ---
  CB:   OR=340.103  NOT=1.071  AND=0.652  Agg=45.276  Total=387.104  rows=302114
  CR:   OR=295.155  NOT=0.452  AND=12.96  Agg=43.307  Total=351.875  rows=302114
  CRR:  OR=112.526  NOT=0.413  AND=12.792  Agg=40.541  Total=166.274  rows=302114
  WAH:  OR=113.586  NOT=0.313  AND=6.034  Agg=57.13  Total=177.065  rows=302114
  EW:   OR=2712.29  NOT=0.682  AND=7.076  Agg=50.365  Total=2770.41  rows=302114
  BS:   OR=1137.39  NOT=0.321  AND=1.012  Agg=61.231  Total=1199.96  rows=302114
  BSA:  OR=745.855  NOT=0.284  AND=0.666  Agg=59.996  Total=806.803  rows=302114
  CON:  OR=3567.03  NOT=9.706  AND=18.041  Agg=53.152  Total=3647.93  rows=302114

--- Iteration 7/10 ---
  CB:   OR=338.143  NOT=3.422  AND=0.652  Agg=45.906  Total=388.124  rows=302114
  CR:   OR=295.366  NOT=0.45  AND=13.057  Agg=47.447  Total=356.321  rows=302114
  CRR:  OR=112.004  NOT=0.423  AND=12.913  Agg=39.746  Total=165.087  rows=302114
  WAH:  OR=113.402  NOT=0.315  AND=7.07  Agg=56.831  Total=177.619  rows=302114
  EW:   OR=2724.08  NOT=0.681  AND=7.097  Agg=50.917  Total=2782.78  rows=302114
  BS:   OR=1141.82  NOT=0.341  AND=0.99  Agg=62.018  Total=1205.17  rows=302114
  BSA:  OR=755.567  NOT=0.298  AND=0.662  Agg=60.625  Total=817.153  rows=302114
  CON:  OR=3574.29  NOT=12.134  AND=22.348  Agg=52.759  Total=3661.53  rows=302114

--- Iteration 8/10 ---
  CB:   OR=342.885  NOT=1.093  AND=0.663  Agg=43.674  Total=388.317  rows=302114
  CR:   OR=297.237  NOT=0.455  AND=13.017  Agg=43.367  Total=354.078  rows=302114
  CRR:  OR=112.68  NOT=0.422  AND=12.774  Agg=40.683  Total=166.561  rows=302114
  WAH:  OR=113.209  NOT=0.314  AND=6.085  Agg=57.857  Total=177.466  rows=302114
  EW:   OR=2705.29  NOT=0.641  AND=7.164  Agg=50.636  Total=2763.73  rows=302114
  BS:   OR=1140.17  NOT=0.313  AND=0.991  Agg=61.022  Total=1202.5  rows=302114
  BSA:  OR=745.368  NOT=0.289  AND=0.658  Agg=60.672  Total=806.988  rows=302114
  CON:  OR=3573.48  NOT=12.327  AND=22.216  Agg=52.789  Total=3660.81  rows=302114

--- Iteration 9/10 ---
  CB:   OR=338.453  NOT=1.082  AND=0.957  Agg=44.109  Total=384.601  rows=302114
  CR:   OR=295.327  NOT=0.441  AND=12.974  Agg=43.862  Total=352.605  rows=302114
  CRR:  OR=112.474  NOT=0.406  AND=12.737  Agg=40.118  Total=165.737  rows=302114
  WAH:  OR=113.809  NOT=0.313  AND=6.046  Agg=57.092  Total=177.263  rows=302114
  EW:   OR=2704.4  NOT=0.642  AND=7.052  Agg=50.673  Total=2762.77  rows=302114
  BS:   OR=1137.43  NOT=0.321  AND=0.994  Agg=60.957  Total=1199.71  rows=302114
  BSA:  OR=745.048  NOT=0.291  AND=0.651  Agg=60.651  Total=806.643  rows=302114
  CON:  OR=3577.52  NOT=12.259  AND=22.141  Agg=52.957  Total=3664.88  rows=302114

--- Iteration 10/10 ---
  CB:   OR=340.17  NOT=1.062  AND=0.637  Agg=46.649  Total=388.52  rows=302114
  CR:   OR=295.398  NOT=0.459  AND=12.906  Agg=41.567  Total=350.332  rows=302114
  CRR:  OR=112.408  NOT=0.42  AND=12.747  Agg=39.653  Total=165.229  rows=302114
  WAH:  OR=113.627  NOT=0.313  AND=6.066  Agg=56.724  Total=176.732  rows=302114
  EW:   OR=2709.89  NOT=0.758  AND=7.075  Agg=50.314  Total=2768.04  rows=302114
  BS:   OR=1137.72  NOT=0.326  AND=0.99  Agg=60.84  Total=1199.88  rows=302114
  BSA:  OR=744.688  NOT=0.294  AND=0.651  Agg=60.4  Total=806.034  rows=302114
  CON:  OR=3580.56  NOT=12.233  AND=22.281  Agg=52.766  Total=3667.84  rows=302114

[Baseline] DuckDB native SQL Top-10  (single run: 297.40 ms)
[OK] all active backends match DuckDB SQL ground truth (Top-10, revenue within 0.01).

  Q3 Top-10 (revenue DESC, o_orderdate ASC, source=DDC):
  l_orderkey           revenue  o_orderdate o_shippriority 
  4791171          440715.2185  1995-02-23  0              
  46678469         439855.3250  1995-01-27  0              
  23906758         432728.5737  1995-03-14  0              
  23861382         428739.1368  1995-03-09  0              
  59393639         426036.0662  1995-02-12  0              
  3355202          425100.6657  1995-03-04  0              
  9806272          425088.0568  1995-03-13  0              
  22810436         423231.9690  1995-01-02  0              
  16384100         421478.7294  1995-03-02  0              
  52974151         415367.1195  1995-02-05  0              

================================================================
  Q3 RESULTS (8 measured iterations, median +/- stddev)
================================================================
                  CB (ms)         CR (ms)        CRR (ms)        WAH (ms)        EW (ms)
  -----------------------------------------------------------------------------------------
  OR_ship       338.8380 +/- 1.6268  295.3465 +/- 0.6533  112.4410 +/- 0.1979  113.5730 +/- 0.1681  2707.5480 +/- 7.2820
  NOT             1.0850 +/- 1.0156    0.4535 +/- 0.0059    0.4205 +/- 0.0054    0.3130 +/- 0.0060    0.6720 +/- 0.0348
  AND             0.6495 +/- 0.1027   12.9700 +/- 0.0655   12.7665 +/- 0.0523    6.0580 +/- 0.6090    7.0865 +/- 0.2293
  Agg            44.6925 +/- 1.1580   43.4715 +/- 1.5532   40.2930 +/- 0.4187   56.9615 +/- 1.4886   50.4200 +/- 0.4331
  -----------------------------------------------------------------------------------------
  TOTAL         387.6140 +/- 2.3634  352.3975 +/- 1.6730  165.8210 +/- 0.4843  177.1640 +/- 1.9612  2765.7085 +/- 7.4267

  CB rows: 302114  CR rows: 302114  CRR rows: 302114  WAH rows: 302114  EW rows: 302114
================================================================


================================================================
  Q3 BASELINE BACKENDS (no compression / Concise)
================================================================
                  BS (ms)         BSA (ms)        Concise (ms)     BS vs WAH   BSA vs WAH   CON vs WAH
  ----------------------------------------------------------------------------------------------
  OR_ship       1137.5775 +/- 5.2210  745.4940 +/- 3.3759  3573.8830 +/- 4.8149     0.0998x     0.1523x     0.0318x
  NOT             0.3220 +/- 0.0087    0.2900 +/- 0.0051   12.1835 +/- 1.1675     0.9720x     1.0793x     0.0257x
  AND             0.9905 +/- 0.0084    0.6575 +/- 0.0050   22.2485 +/- 1.8050     6.1161x     9.2137x     0.2723x
  Agg            60.9420 +/- 0.4221   60.4420 +/- 0.2296   52.7835 +/- 0.1759     0.9347x     0.9424x     1.0792x
  ----------------------------------------------------------------------------------------------
  TOTAL         1199.9185 +/- 5.3087  806.8955 +/- 3.4537  3659.8550 +/- 5.7723     0.1476x     0.2196x     0.0484x

  BS rows: 302114  BSA rows: 302114  CON rows: 302114
================================================================

  [CSV] q3_results_SF10.csv
┌────────────┬───────────────┬─────────────┬────────────────┐
│ l_orderkey │    revenue    │ o_orderdate │ o_shippriority │
│   int64    │ decimal(38,4) │    date     │     int32      │
├────────────┼───────────────┼─────────────┼────────────────┤
│    4791171 │   440715.2185 │ 1995-02-23  │              0 │
│   46678469 │   439855.3250 │ 1995-01-27  │              0 │
│   23906758 │   432728.5737 │ 1995-03-14  │              0 │
│   23861382 │   428739.1368 │ 1995-03-09  │              0 │
│   59393639 │   426036.0662 │ 1995-02-12  │              0 │
│    3355202 │   425100.6657 │ 1995-03-04  │              0 │
│    9806272 │   425088.0568 │ 1995-03-13  │              0 │
│   22810436 │   423231.9690 │ 1995-01-02  │              0 │
│   16384100 │   421478.7294 │ 1995-03-02  │              0 │
│   52974151 │   415367.1195 │ 1995-02-05  │              0 │
├────────────┴───────────────┴─────────────┴────────────────┤
│ 10 rows                                         4 columns │
└───────────────────────────────────────────────────────────┘
  [Breakdown] DDC   L1=55.29 MiB  L2=26.04 MiB  L3=62.50 MiB  total=143.83 MiB
