# cwd=/home/lichenhang/lee/thesis/check/lee/duckdb-dev
# cmd=/home/lichenhang/lee/thesis/check/lee/duckdb-dev/build/release/duckdb /home/lichenhang/lee/thesis/check/lee/duckdb-dev/tpch_sf10.db -c PRAGMA bm_tpch(4);

================================================================
  TPC-H Q4 Benchmark — DDC vs WAH vs CRoaring vs EWAH (SF10)
  OR orderdate days 547..638 (92 bitmaps) -> AND late_lineitem -> per-priority popcount
  TPC-H params: orderdate range [1993-07-01, 1993-10-01), EXISTS l_commitdate < l_receiptdate
  Iterations: 10 (first 2 = warm-up)
================================================================

[Probe] orders num_rows = 15000000

[Load] Loading bitmaps (mode=ALL)...
  WAH load:      16.662 ms
  DDC load:   287.603 ms
  CRoaring load: 10.612 ms
  CRR load:      11.424 ms
  EWAH load:     11.672 ms
  Bitset load:   168.656 ms (shared by BS / BSA)
  Concise load:  212.919 ms

--- Iteration 1/10 (warm-up) ---
  CB:   OR=138.073  AND_late=0.784  AND_prio+Pop=0.878  Total=139.737
  CR:   OR=19.818  AND_late=0.458  AND_prio+Pop=2.048  Total=22.325
  CRR:  OR=1.847  AND_late=0.463  AND_prio+Pop=2.011  Total=4.321
  WAH:  OR=2.069  AND_late=0.281  AND_prio+Pop=3.39  Total=5.741
  EW:   OR=54.805  AND_late=1.098  AND_prio+Pop=3.011  Total=58.915
  BS:   OR=22.937  AND_late=0.258  AND_prio+Pop=1.305  Total=24.501
  BSA:  OR=14.867  AND_late=0.161  AND_prio+Pop=0.846  Total=15.876
  CON:  OR=68.263  AND_late=5.966  AND_prio+Pop=21.949  Total=96.18

--- Iteration 2/10 (warm-up) ---
  CB:   OR=5.955  AND_late=0.641  AND_prio+Pop=0.897  Total=7.494
  CR:   OR=19.731  AND_late=0.47  AND_prio+Pop=2.067  Total=22.269
  CRR:  OR=1.859  AND_late=0.45  AND_prio+Pop=2.01  Total=4.32
  WAH:  OR=1.546  AND_late=0.282  AND_prio+Pop=3.378  Total=5.207
  EW:   OR=51.364  AND_late=1.073  AND_prio+Pop=3.035  Total=55.474
  BS:   OR=22.575  AND_late=0.238  AND_prio+Pop=1.247  Total=24.061
  BSA:  OR=14.969  AND_late=0.158  AND_prio+Pop=0.821  Total=15.949
  CON:  OR=68.111  AND_late=5.943  AND_prio+Pop=21.904  Total=95.959

--- Iteration 3/10 ---
  CB:   OR=5.918  AND_late=0.643  AND_prio+Pop=0.992  Total=7.554
  CR:   OR=19.763  AND_late=0.462  AND_prio+Pop=2.056  Total=22.282
  CRR:  OR=1.852  AND_late=0.45  AND_prio+Pop=2.014  Total=4.316
  WAH:  OR=1.556  AND_late=0.283  AND_prio+Pop=3.382  Total=5.222
  EW:   OR=51.244  AND_late=1.012  AND_prio+Pop=3.053  Total=55.31
  BS:   OR=21.603  AND_late=0.204  AND_prio+Pop=1.089  Total=22.897
  BSA:  OR=14.576  AND_late=0.154  AND_prio+Pop=0.743  Total=15.475
  CON:  OR=68.119  AND_late=5.91  AND_prio+Pop=21.933  Total=95.963

--- Iteration 4/10 ---
  CB:   OR=5.889  AND_late=0.641  AND_prio+Pop=0.923  Total=7.454
  CR:   OR=19.729  AND_late=0.455  AND_prio+Pop=2.043  Total=22.228
  CRR:  OR=1.843  AND_late=0.444  AND_prio+Pop=1.998  Total=4.286
  WAH:  OR=1.555  AND_late=0.285  AND_prio+Pop=3.369  Total=5.209
  EW:   OR=51.199  AND_late=1.04  AND_prio+Pop=3.046  Total=55.286
  BS:   OR=21.169  AND_late=0.2  AND_prio+Pop=1.037  Total=22.407
  BSA:  OR=14.414  AND_late=0.145  AND_prio+Pop=0.729  Total=15.289
  CON:  OR=68.029  AND_late=5.894  AND_prio+Pop=21.942  Total=95.866

--- Iteration 5/10 ---
  CB:   OR=5.893  AND_late=0.624  AND_prio+Pop=0.949  Total=7.468
  CR:   OR=19.71  AND_late=0.456  AND_prio+Pop=2.038  Total=22.204
  CRR:  OR=1.85  AND_late=0.461  AND_prio+Pop=2.006  Total=4.318
  WAH:  OR=1.527  AND_late=0.307  AND_prio+Pop=3.362  Total=5.198
  EW:   OR=51.177  AND_late=1.051  AND_prio+Pop=3.01  Total=55.239
  BS:   OR=20.949  AND_late=0.196  AND_prio+Pop=1.028  Total=22.174
  BSA:  OR=14.382  AND_late=0.144  AND_prio+Pop=0.735  Total=15.261
  CON:  OR=68.244  AND_late=5.932  AND_prio+Pop=22.135  Total=96.312

--- Iteration 6/10 ---
  CB:   OR=5.94  AND_late=0.634  AND_prio+Pop=0.997  Total=7.572
  CR:   OR=19.699  AND_late=0.475  AND_prio+Pop=2.047  Total=22.222
  CRR:  OR=1.836  AND_late=0.45  AND_prio+Pop=2.005  Total=4.292
  WAH:  OR=1.58  AND_late=0.296  AND_prio+Pop=3.347  Total=5.225
  EW:   OR=51.495  AND_late=1.065  AND_prio+Pop=3.051  Total=55.612
  BS:   OR=22.103  AND_late=0.23  AND_prio+Pop=1.213  Total=23.547
  BSA:  OR=14.832  AND_late=0.161  AND_prio+Pop=0.773  Total=15.767
  CON:  OR=68.072  AND_late=5.937  AND_prio+Pop=21.9  Total=95.911

--- Iteration 7/10 ---
  CB:   OR=5.956  AND_late=0.639  AND_prio+Pop=0.92  Total=7.516
  CR:   OR=19.764  AND_late=0.452  AND_prio+Pop=2.034  Total=22.251
  CRR:  OR=1.837  AND_late=0.449  AND_prio+Pop=1.999  Total=4.286
  WAH:  OR=1.553  AND_late=0.29  AND_prio+Pop=3.374  Total=5.218
  EW:   OR=51.793  AND_late=1.097  AND_prio+Pop=3.026  Total=55.917
  BS:   OR=22.257  AND_late=0.229  AND_prio+Pop=1.212  Total=23.699
  BSA:  OR=14.76  AND_late=0.155  AND_prio+Pop=0.792  Total=15.707
  CON:  OR=68.012  AND_late=5.982  AND_prio+Pop=21.982  Total=95.977

--- Iteration 8/10 ---
  CB:   OR=5.975  AND_late=0.639  AND_prio+Pop=0.889  Total=7.504
  CR:   OR=19.713  AND_late=0.48  AND_prio+Pop=2.038  Total=22.232
  CRR:  OR=1.858  AND_late=0.445  AND_prio+Pop=2.013  Total=4.317
  WAH:  OR=1.56  AND_late=0.288  AND_prio+Pop=3.363  Total=5.212
  EW:   OR=51.302  AND_late=1.036  AND_prio+Pop=3.039  Total=55.378
  BS:   OR=22.07  AND_late=0.223  AND_prio+Pop=1.165  Total=23.459
  BSA:  OR=14.692  AND_late=0.153  AND_prio+Pop=0.779  Total=15.625
  CON:  OR=68.122  AND_late=5.931  AND_prio+Pop=21.926  Total=95.979

--- Iteration 9/10 ---
  CB:   OR=5.966  AND_late=0.635  AND_prio+Pop=0.992  Total=7.594
  CR:   OR=19.702  AND_late=0.48  AND_prio+Pop=2.053  Total=22.235
  CRR:  OR=1.849  AND_late=0.442  AND_prio+Pop=2  Total=4.292
  WAH:  OR=1.561  AND_late=0.283  AND_prio+Pop=3.354  Total=5.199
  EW:   OR=51.258  AND_late=1.056  AND_prio+Pop=3.068  Total=55.383
  BS:   OR=21.803  AND_late=0.216  AND_prio+Pop=1.123  Total=23.143
  BSA:  OR=14.686  AND_late=0.151  AND_prio+Pop=0.759  Total=15.597
  CON:  OR=68.04  AND_late=5.94  AND_prio+Pop=21.93  Total=95.911

--- Iteration 10/10 ---
  CB:   OR=5.899  AND_late=0.624  AND_prio+Pop=0.954  Total=7.477
  CR:   OR=19.728  AND_late=0.453  AND_prio+Pop=2.042  Total=22.224
  CRR:  OR=1.847  AND_late=0.461  AND_prio+Pop=2.009  Total=4.317
  WAH:  OR=1.533  AND_late=0.304  AND_prio+Pop=3.34  Total=5.178
  EW:   OR=51.965  AND_late=1.076  AND_prio+Pop=3.083  Total=56.126
  BS:   OR=21.515  AND_late=0.206  AND_prio+Pop=1.094  Total=22.817
  BSA:  OR=14.511  AND_late=0.158  AND_prio+Pop=0.739  Total=15.409
  CON:  OR=68.22  AND_late=5.933  AND_prio+Pop=21.969  Total=96.124

[Baseline] DuckDB native SQL Q4  (single run: 1216.71 ms)
[OK] all active backends match DuckDB SQL ground truth (per-priority counts exact).

  Q4 per-priority counts (source=DDC):
  o_orderpriority        order_count
  1-URGENT                    105214
  2-HIGH                      104821
  3-MEDIUM                    105227
  4-NOT SPECIFIED             105422
  5-LOW                       105356

================================================================
  Q4 RESULTS (8 measured iterations, median +/- stddev)
================================================================
                  CB (ms)         CR (ms)        CRR (ms)        WAH (ms)        EW (ms)
  -----------------------------------------------------------------------------------------
  OR_date           5.93 +/-  0.03     19.72 +/-  0.02      1.85 +/-  0.01      1.56 +/-  0.02     51.28 +/-  0.28
  AND_late          0.64 +/-  0.01      0.46 +/-  0.01      0.45 +/-  0.01      0.29 +/-  0.01      1.05 +/-  0.02
  AND_prio+Pop      0.95 +/-  0.04      2.04 +/-  0.01      2.01 +/-  0.01      3.36 +/-  0.01      3.05 +/-  0.02
  -----------------------------------------------------------------------------------------
  TOTAL             7.51 +/-  0.05     22.23 +/-  0.02      4.30 +/-  0.01      5.21 +/-  0.01     55.38 +/-  0.31
================================================================


================================================================
  Q4 BASELINE BACKENDS (no compression / Concise)
================================================================
                  BS (ms)         BSA (ms)        Concise (ms)     BS vs WAH   BSA vs WAH   CON vs WAH
  ----------------------------------------------------------------------------------------------
  OR_date          21.70 +/-  0.43     14.63 +/-  0.15     68.10 +/-  0.08      0.07x      0.11x      0.02x
  AND_late          0.21 +/-  0.01      0.15 +/-  0.01      5.93 +/-  0.02      1.37x      1.88x      0.05x
  AND_prio+Pop      1.11 +/-  0.07      0.75 +/-  0.02     21.94 +/-  0.07      3.03x      4.48x      0.15x
  ----------------------------------------------------------------------------------------------
  TOTAL            23.02 +/-  0.51     15.54 +/-  0.18     95.97 +/-  0.14      0.23x      0.34x      0.05x
================================================================

  [CSV] q4_results_SF10.csv
┌─────────────────┬─────────────┐
│ o_orderpriority │ order_count │
│     varchar     │    int64    │
├─────────────────┼─────────────┤
│ 1-URGENT        │      105214 │
│ 2-HIGH          │      104821 │
│ 3-MEDIUM        │      105227 │
│ 4-NOT SPECIFIED │      105422 │
│ 5-LOW           │      105356 │
└─────────────────┴─────────────┘
  [Breakdown] DDC   L1=10.33 MiB  L2=1.39 MiB  L3=1.44 MiB  total=13.17 MiB
