# cwd=/home/lichenhang/lee/thesis/check/lee/duckdb-dev
# cmd=/home/lichenhang/lee/thesis/check/lee/duckdb-dev/build/release/duckdb /home/lichenhang/lee/thesis/check/lee/duckdb-dev/tpch_sf10.db -c PRAGMA bm_tpch(5);

================================================================
  TPC-H Q5 Benchmark — DDC vs WAH vs CRoaring vs EWAH (SF10)
  OR orderdate days 731..1095 (365 bitmaps)
  Then AND each nation_join bitmap -> Aggregate revenue
  TPC-H params: r_name = 'ASIA', orderdate [1994-01-01, 1995-01-01)
  Bitmap dirs: tpch_q5_ddc tpch_q5_croaring tpch_q5_wah tpch_q5_ewah
  Iterations: 10 (first 2 = warm-up)
================================================================
  Nations: INDIA(8) INDONESIA(9) JAPAN(12) CHINA(18) VIETNAM(21) 

[Pre-load] Loading 59986052 rows (l_extendedprice, l_discount) ...
[Pre-load] Done in 787.68 ms

[Load] Loading bitmaps (mode=ALL)...
  WAH load:      31.593 ms
  DDC load:   3169.54 ms
  CRoaring load: 37.803 ms
  CRR load:      90.791 ms
  EWAH load:     27.118 ms
  Bitset load:   1247.27 ms (shared by BS / BSA)
  Concise load:  147.993 ms
  WAH      on disk: 122.88 MiB
  DDC   on disk: 412.28 MiB
  CRoaring on disk: 132.19 MiB (shared by CR / CRR)
  EWAH     on disk: 238.96 MiB
  Bitset in mem:    2645.85 MiB (rebuilt from CRoaring at load)
  Concise in mem:   18.50 MiB (rebuilt from CRoaring at load)

--- Iteration 1/10 (warm-up) ---
  CB:   OR_date=1317.66  AND+Agg=11.04  Total=1328.70  rows=72985
  CR:   OR_date=154.61  AND+Agg=5.14  Total=159.75  rows=72985
  CRR:  OR_date=18.25  AND+Agg=4.86  Total=23.10  rows=72985
  WAH:  OR_date=11.84  AND+Agg=26.20  Total=38.03  rows=72985
  EW:   OR_date=304.71  AND+Agg=15.42  Total=320.14  rows=72985
  BS:   OR_date=360.30  AND+Agg=25.25  Total=385.55  rows=72985
  BSA:  OR_date=235.16  AND+Agg=20.91  Total=256.07  rows=72985
  CON:  OR_date=427.62  AND+Agg=60.22  Total=487.84  rows=72985

--- Iteration 2/10 (warm-up) ---
  CB:   OR_date=66.21  AND+Agg=10.50  Total=76.71  rows=72985
  CR:   OR_date=153.21  AND+Agg=5.16  Total=158.38  rows=72985
  CRR:  OR_date=18.19  AND+Agg=4.84  Total=23.02  rows=72985
  WAH:  OR_date=9.42  AND+Agg=25.10  Total=34.52  rows=72985
  EW:   OR_date=304.01  AND+Agg=15.28  Total=319.29  rows=72985
  BS:   OR_date=361.23  AND+Agg=25.22  Total=386.45  rows=72985
  BSA:  OR_date=234.91  AND+Agg=20.17  Total=255.08  rows=72985
  CON:  OR_date=430.73  AND+Agg=62.39  Total=493.12  rows=72985

--- Iteration 3/10 ---
  CB:   OR_date=63.18  AND+Agg=10.07  Total=73.25  rows=72985
  CR:   OR_date=152.88  AND+Agg=5.14  Total=158.02  rows=72985
  CRR:  OR_date=18.53  AND+Agg=4.87  Total=23.40  rows=72985
  WAH:  OR_date=9.16  AND+Agg=22.93  Total=32.09  rows=72985
  EW:   OR_date=301.64  AND+Agg=15.02  Total=316.66  rows=72985
  BS:   OR_date=359.73  AND+Agg=22.49  Total=382.23  rows=72985
  BSA:  OR_date=234.77  AND+Agg=20.53  Total=255.30  rows=72985
  CON:  OR_date=427.42  AND+Agg=60.07  Total=487.49  rows=72985

--- Iteration 4/10 ---
  CB:   OR_date=66.05  AND+Agg=10.64  Total=76.69  rows=72985
  CR:   OR_date=153.40  AND+Agg=5.14  Total=158.53  rows=72985
  CRR:  OR_date=18.43  AND+Agg=4.86  Total=23.29  rows=72985
  WAH:  OR_date=9.34  AND+Agg=25.23  Total=34.58  rows=72985
  EW:   OR_date=302.62  AND+Agg=15.31  Total=317.93  rows=72985
  BS:   OR_date=359.44  AND+Agg=24.90  Total=384.34  rows=72985
  BSA:  OR_date=234.87  AND+Agg=20.12  Total=254.99  rows=72985
  CON:  OR_date=428.32  AND+Agg=60.08  Total=488.40  rows=72985

--- Iteration 5/10 ---
  CB:   OR_date=65.91  AND+Agg=10.16  Total=76.06  rows=72985
  CR:   OR_date=153.39  AND+Agg=5.06  Total=158.45  rows=72985
  CRR:  OR_date=18.27  AND+Agg=4.80  Total=23.07  rows=72985
  WAH:  OR_date=9.01  AND+Agg=24.58  Total=33.59  rows=72985
  EW:   OR_date=301.88  AND+Agg=15.24  Total=317.12  rows=72985
  BS:   OR_date=362.03  AND+Agg=26.42  Total=388.45  rows=72985
  BSA:  OR_date=235.20  AND+Agg=20.21  Total=255.42  rows=72985
  CON:  OR_date=432.05  AND+Agg=61.30  Total=493.35  rows=72985

--- Iteration 6/10 ---
  CB:   OR_date=67.11  AND+Agg=10.60  Total=77.71  rows=72985
  CR:   OR_date=153.67  AND+Agg=5.13  Total=158.80  rows=72985
  CRR:  OR_date=18.60  AND+Agg=4.88  Total=23.48  rows=72985
  WAH:  OR_date=9.69  AND+Agg=24.85  Total=34.53  rows=72985
  EW:   OR_date=360.99  AND+Agg=18.00  Total=378.98  rows=72985
  BS:   OR_date=372.17  AND+Agg=23.98  Total=396.15  rows=72985
  BSA:  OR_date=236.38  AND+Agg=20.91  Total=257.30  rows=72985
  CON:  OR_date=427.35  AND+Agg=59.94  Total=487.29  rows=72985

--- Iteration 7/10 ---
  CB:   OR_date=66.87  AND+Agg=10.59  Total=77.46  rows=72985
  CR:   OR_date=154.21  AND+Agg=5.38  Total=159.59  rows=72985
  CRR:  OR_date=18.56  AND+Agg=4.93  Total=23.50  rows=72985
  WAH:  OR_date=9.25  AND+Agg=24.50  Total=33.75  rows=72985
  EW:   OR_date=303.16  AND+Agg=15.20  Total=318.36  rows=72985
  BS:   OR_date=359.30  AND+Agg=25.01  Total=384.31  rows=72985
  BSA:  OR_date=235.76  AND+Agg=20.29  Total=256.05  rows=72985
  CON:  OR_date=431.63  AND+Agg=62.60  Total=494.22  rows=72985

--- Iteration 8/10 ---
  CB:   OR_date=63.56  AND+Agg=10.16  Total=73.72  rows=72985
  CR:   OR_date=154.31  AND+Agg=5.32  Total=159.63  rows=72985
  CRR:  OR_date=18.71  AND+Agg=4.99  Total=23.70  rows=72985
  WAH:  OR_date=9.49  AND+Agg=23.42  Total=32.91  rows=72985
  EW:   OR_date=303.96  AND+Agg=15.31  Total=319.27  rows=72985
  BS:   OR_date=358.56  AND+Agg=24.70  Total=383.26  rows=72985
  BSA:  OR_date=235.51  AND+Agg=20.34  Total=255.85  rows=72985
  CON:  OR_date=428.49  AND+Agg=68.81  Total=497.30  rows=72985

--- Iteration 9/10 ---
  CB:   OR_date=67.68  AND+Agg=10.74  Total=78.42  rows=72985
  CR:   OR_date=154.24  AND+Agg=5.32  Total=159.56  rows=72985
  CRR:  OR_date=18.65  AND+Agg=4.97  Total=23.61  rows=72985
  WAH:  OR_date=9.46  AND+Agg=24.90  Total=34.35  rows=72985
  EW:   OR_date=305.70  AND+Agg=14.94  Total=320.64  rows=72985
  BS:   OR_date=358.03  AND+Agg=24.55  Total=382.58  rows=72985
  BSA:  OR_date=235.65  AND+Agg=20.35  Total=256.00  rows=72985
  CON:  OR_date=427.24  AND+Agg=60.18  Total=487.42  rows=72985

--- Iteration 10/10 ---
  CB:   OR_date=65.92  AND+Agg=10.22  Total=76.13  rows=72985
  CR:   OR_date=154.03  AND+Agg=5.20  Total=159.23  rows=72985
  CRR:  OR_date=18.61  AND+Agg=4.92  Total=23.53  rows=72985
  WAH:  OR_date=9.10  AND+Agg=25.09  Total=34.20  rows=72985
  EW:   OR_date=302.42  AND+Agg=15.16  Total=317.58  rows=72985
  BS:   OR_date=358.20  AND+Agg=23.62  Total=381.81  rows=72985
  BSA:  OR_date=235.97  AND+Agg=20.33  Total=256.30  rows=72985
  CON:  OR_date=426.98  AND+Agg=59.61  Total=486.58  rows=72985

================================================================
  Q5 Correctness Validation
================================================================
  Row counts: WAH=72985 CB=72985 CR=72985 CRR=72985 EW=72985 BS=72985 BSA=72985 CON=72985

  Q5 Results (revenue = SUM(l_extendedprice * (1 - l_discount)), sorted by DDC):
  nation                     CB_revenue            CR_revenue           CRR_revenue           WAH_revenue            EW_revenue            BS_revenue           BSA_revenue           CON_revenue
  INDIA                  536862587.9995        536862587.9995        536862587.9995        536862587.9995        536862587.9995        536862587.9995        536862587.9995        536862587.9995
  CHINA                  535350829.9282        535350829.9282        535350829.9282        535350829.9282        535350829.9282        535350829.9282        535350829.9282        535350829.9282
  VIETNAM                532269388.7176        532269388.7176        532269388.7176        532269388.7176        532269388.7176        532269388.7176        532269388.7176        532269388.7176
  JAPAN                  526766837.1444        526766837.1444        526766837.1444        526766837.1444        526766837.1444        526766837.1444        526766837.1444        526766837.1444
  INDONESIA              523176852.3189        523176852.3189        523176852.3189        523176852.3189        523176852.3189        523176852.3189        523176852.3189        523176852.3189
  Consistency: ALL MATCH

[Baseline] DuckDB native SQL count(*) = 72985  (single run: 159.63 ms)
[OK] all active backends match DuckDB SQL ground truth (72985 rows).

================================================================
  Q5 RESULTS (8 measured iterations, median +/- stddev)
================================================================
                  CB (ms)         CR (ms)        CRR (ms)        WAH (ms)        EW (ms)
  -----------------------------------------------------------------------------------------
  OR_date          65.98 +/-  1.52    153.85 +/-  0.48     18.58 +/-  0.13      9.30 +/-  0.21    302.89 +/- 19.20
  AND+Agg          10.40 +/-  0.25      5.17 +/-  0.11      4.90 +/-  0.06     24.71 +/-  0.77     15.22 +/-  0.94
  -----------------------------------------------------------------------------------------
  TOTAL            76.41 +/-  1.73    159.01 +/-  0.57     23.49 +/-  0.18     33.97 +/-  0.82    318.14 +/- 20.13

  CB rows:  72985  CR rows:  72985  CRR rows: 72985  WAH rows: 72985  EW rows:  72985
================================================================


================================================================
  Q5 BASELINE BACKENDS (no compression / Concise)
================================================================
                  BS (ms)         BSA (ms)        Concise (ms)     BS vs WAH   BSA vs WAH   CON vs WAH
  ----------------------------------------------------------------------------------------------
  OR_date         359.37 +/-  4.41    235.58 +/-  0.51    427.87 +/-  1.89      0.03x      0.04x      0.02x
  AND+Agg          24.62 +/-  1.07     20.34 +/-  0.23     60.13 +/-  2.88      1.00x      1.22x      0.41x
  ----------------------------------------------------------------------------------------------
  TOTAL           383.78 +/-  4.51    255.92 +/-  0.67    487.94 +/-  3.81      0.09x      0.13x      0.07x

  BS rows:  72985  BSA rows: 72985  CON rows: 72985
================================================================

  [CSV] Results written to: q5_results_SF10.csv
┌───────────┬────────────────┐
│  n_name   │    revenue     │
│  varchar  │ decimal(38,4)  │
├───────────┼────────────────┤
│ INDIA     │ 536862587.9995 │
│ CHINA     │ 535350829.9282 │
│ VIETNAM   │ 532269388.7176 │
│ JAPAN     │ 526766837.1444 │
│ INDONESIA │ 523176852.3189 │
└───────────┴────────────────┘
  [Breakdown] DDC   L1=9.89 MiB  L2=2.58 MiB  L3=10.72 MiB  total=23.18 MiB
