# cwd=/home/lichenhang/lee/thesis/check/lee/duckdb-dev
# cmd=/home/lichenhang/lee/thesis/check/lee/duckdb-dev/build/release/duckdb /home/lichenhang/lee/thesis/check/lee/duckdb-dev/tpch_sf10.db -c PRAGMA bm_tpch(8);

================================================================
  TPC-H Q8 Benchmark — DDC vs WAH vs CRoaring vs EWAH (SF10)
  OR orderdate days 1096..1826 (731 bitmaps)
  AND join_result, then per-year split (1995, 1996), aggregate revenue
  TPC-H params: r_name='AMERICA', p_type='ECONOMY ANODIZED STEEL', BRAZIL nation numerator
  Bitmap dirs: tpch_q8_ddc tpch_q8_croaring tpch_q8_wah tpch_q8_ewah
  Iterations: 10 (first 2 = warm-up)
================================================================

[Pre-load] Loading 59986052 rows (l_extendedprice, l_discount) ...
[Pre-load] Done in 790.011 ms

[Load] Loading bitmaps (mode=ALL)...
  WAH load:      78.6 ms
  DDC load:   7689.61 ms (incl. year/brazil decompress+flatten)
  CRoaring load: 79.275 ms
  CRR load:      98.678 ms
  EWAH load:     57.052 ms
  Bitset load:   2629.59 ms (shared by BS / BSA)
  Concise load:  574.76 ms
  WAH      on disk: 57.41 MiB
  DDC   on disk: 135.17 MiB
  CRoaring on disk: 42.86 MiB (shared by CR / CRR)
  EWAH     on disk: 93.17 MiB

--- Iteration 1/10 (warm-up) ---
  CB:   OR_date=2609.95  AND+Agg=3.02  Total=2612.97  rows=24254
  CR:   OR_date=1024.01  AND+Agg=5.42  Total=1029.43  rows=24254
  CRR:  OR_date=32.60  AND+Agg=4.57  Total=37.17  rows=24254
  WAH:  OR_date=17.59  AND+Agg=26.41  Total=44.01  rows=24254
  EW:   OR_date=626.13  AND+Agg=9.32  Total=635.45  rows=24254
  BS:   OR_date=721.34  AND+Agg=21.57  Total=742.91  rows=24254
  BSA:  OR_date=474.66  AND+Agg=14.24  Total=488.89  rows=24254
  CON:  OR_date=877.00  AND+Agg=61.84  Total=938.83  rows=24254

--- Iteration 2/10 (warm-up) ---
  CB:   OR_date=126.29  AND+Agg=2.97  Total=129.25  rows=24254
  CR:   OR_date=1018.17  AND+Agg=4.96  Total=1023.13  rows=24254
  CRR:  OR_date=33.05  AND+Agg=4.67  Total=37.72  rows=24254
  WAH:  OR_date=17.62  AND+Agg=23.52  Total=41.14  rows=24254
  EW:   OR_date=616.76  AND+Agg=8.92  Total=625.69  rows=24254
  BS:   OR_date=722.46  AND+Agg=21.84  Total=744.31  rows=24254
  BSA:  OR_date=477.42  AND+Agg=14.36  Total=491.77  rows=24254
  CON:  OR_date=877.63  AND+Agg=61.83  Total=939.46  rows=24254

--- Iteration 3/10 ---
  CB:   OR_date=126.77  AND+Agg=2.95  Total=129.71  rows=24254
  CR:   OR_date=1020.61  AND+Agg=4.99  Total=1025.60  rows=24254
  CRR:  OR_date=32.63  AND+Agg=4.66  Total=37.28  rows=24254
  WAH:  OR_date=18.02  AND+Agg=23.69  Total=41.71  rows=24254
  EW:   OR_date=617.10  AND+Agg=9.03  Total=626.13  rows=24254
  BS:   OR_date=721.11  AND+Agg=21.02  Total=742.13  rows=24254
  BSA:  OR_date=474.08  AND+Agg=14.32  Total=488.39  rows=24254
  CON:  OR_date=878.07  AND+Agg=62.21  Total=940.27  rows=24254

--- Iteration 4/10 ---
  CB:   OR_date=127.04  AND+Agg=2.98  Total=130.02  rows=24254
  CR:   OR_date=1017.98  AND+Agg=5.06  Total=1023.04  rows=24254
  CRR:  OR_date=34.30  AND+Agg=4.85  Total=39.15  rows=24254
  WAH:  OR_date=17.89  AND+Agg=24.79  Total=42.68  rows=24254
  EW:   OR_date=617.16  AND+Agg=8.98  Total=626.14  rows=24254
  BS:   OR_date=723.23  AND+Agg=21.56  Total=744.79  rows=24254
  BSA:  OR_date=476.83  AND+Agg=14.73  Total=491.56  rows=24254
  CON:  OR_date=878.33  AND+Agg=62.30  Total=940.63  rows=24254

--- Iteration 5/10 ---
  CB:   OR_date=126.94  AND+Agg=2.97  Total=129.91  rows=24254
  CR:   OR_date=1018.53  AND+Agg=5.07  Total=1023.60  rows=24254
  CRR:  OR_date=32.60  AND+Agg=4.71  Total=37.31  rows=24254
  WAH:  OR_date=18.23  AND+Agg=23.93  Total=42.16  rows=24254
  EW:   OR_date=619.03  AND+Agg=8.90  Total=627.93  rows=24254
  BS:   OR_date=770.08  AND+Agg=22.00  Total=792.08  rows=24254
  BSA:  OR_date=475.88  AND+Agg=14.59  Total=490.48  rows=24254
  CON:  OR_date=878.43  AND+Agg=62.12  Total=940.55  rows=24254

--- Iteration 6/10 ---
  CB:   OR_date=126.18  AND+Agg=2.96  Total=129.15  rows=24254
  CR:   OR_date=1024.75  AND+Agg=5.08  Total=1029.83  rows=24254
  CRR:  OR_date=32.61  AND+Agg=4.75  Total=37.36  rows=24254
  WAH:  OR_date=17.77  AND+Agg=24.05  Total=41.82  rows=24254
  EW:   OR_date=615.67  AND+Agg=9.18  Total=624.85  rows=24254
  BS:   OR_date=722.51  AND+Agg=22.51  Total=745.02  rows=24254
  BSA:  OR_date=475.97  AND+Agg=14.71  Total=490.68  rows=24254
  CON:  OR_date=878.02  AND+Agg=61.56  Total=939.58  rows=24254

--- Iteration 7/10 ---
  CB:   OR_date=126.45  AND+Agg=2.96  Total=129.41  rows=24254
  CR:   OR_date=1019.55  AND+Agg=5.03  Total=1024.57  rows=24254
  CRR:  OR_date=32.92  AND+Agg=4.75  Total=37.67  rows=24254
  WAH:  OR_date=17.94  AND+Agg=23.82  Total=41.76  rows=24254
  EW:   OR_date=616.12  AND+Agg=9.03  Total=625.15  rows=24254
  BS:   OR_date=719.34  AND+Agg=22.02  Total=741.36  rows=24254
  BSA:  OR_date=473.78  AND+Agg=14.96  Total=488.74  rows=24254
  CON:  OR_date=878.90  AND+Agg=61.89  Total=940.79  rows=24254

--- Iteration 8/10 ---
  CB:   OR_date=127.04  AND+Agg=2.99  Total=130.03  rows=24254
  CR:   OR_date=1021.53  AND+Agg=5.03  Total=1026.56  rows=24254
  CRR:  OR_date=32.84  AND+Agg=4.96  Total=37.80  rows=24254
  WAH:  OR_date=17.71  AND+Agg=23.79  Total=41.50  rows=24254
  EW:   OR_date=616.05  AND+Agg=9.04  Total=625.09  rows=24254
  BS:   OR_date=720.65  AND+Agg=22.53  Total=743.18  rows=24254
  BSA:  OR_date=473.90  AND+Agg=14.34  Total=488.24  rows=24254
  CON:  OR_date=879.11  AND+Agg=61.92  Total=941.03  rows=24254

--- Iteration 9/10 ---
  CB:   OR_date=126.05  AND+Agg=2.97  Total=129.02  rows=24254
  CR:   OR_date=1019.76  AND+Agg=5.11  Total=1024.87  rows=24254
  CRR:  OR_date=33.88  AND+Agg=4.86  Total=38.75  rows=24254
  WAH:  OR_date=17.93  AND+Agg=24.82  Total=42.76  rows=24254
  EW:   OR_date=615.57  AND+Agg=9.03  Total=624.61  rows=24254
  BS:   OR_date=721.53  AND+Agg=22.00  Total=743.54  rows=24254
  BSA:  OR_date=474.41  AND+Agg=14.40  Total=488.81  rows=24254
  CON:  OR_date=879.57  AND+Agg=62.15  Total=941.71  rows=24254

--- Iteration 10/10 ---
  CB:   OR_date=126.71  AND+Agg=2.97  Total=129.68  rows=24254
  CR:   OR_date=1021.53  AND+Agg=5.14  Total=1026.67  rows=24254
  CRR:  OR_date=33.12  AND+Agg=4.72  Total=37.84  rows=24254
  WAH:  OR_date=17.74  AND+Agg=24.05  Total=41.79  rows=24254
  EW:   OR_date=616.23  AND+Agg=9.11  Total=625.34  rows=24254
  BS:   OR_date=721.33  AND+Agg=21.98  Total=743.30  rows=24254
  BSA:  OR_date=474.74  AND+Agg=14.78  Total=489.53  rows=24254
  CON:  OR_date=880.43  AND+Agg=62.52  Total=942.95  rows=24254

================================================================
  Q8 Correctness Validation
================================================================
  Row counts: WAH=24254 CB=24254 CR=24254 CRR=24254 EW=24254 BS=24254 BSA=24254 CON=24254

  Q8 Results (mkt_share = sum(BRAZIL volume) / sum(volume), per year, DDC values):
  year  mkt_share
  1995   0.038820
  1996   0.039490
  Consistency: ALL MATCH

[Baseline] DuckDB native SQL: 24254 rows total  (single run: 1975.42 ms)
  SQL ground truth mkt_share: 1995=0.038820  1996=0.039490
[OK] all active backends match DuckDB SQL ground truth (24254 rows total, mkt_share within 1e-6).

================================================================
  Q8 RESULTS (8 measured iterations, median +/- stddev)
================================================================
                  CB (ms)         CR (ms)        CRR (ms)        WAH (ms)        EW (ms)
  -----------------------------------------------------------------------------------------
  OR_date         126.74 +/-  0.36   1020.18 +/-  2.00     32.88 +/-  0.60     17.91 +/-  0.16    616.17 +/-  1.07
  AND+Agg           2.97 +/-  0.01      5.07 +/-  0.04      4.75 +/-  0.09     23.99 +/-  0.42      9.03 +/-  0.08
  -----------------------------------------------------------------------------------------
  TOTAL           129.70 +/-  0.36   1025.23 +/-  2.00     37.74 +/-  0.65     41.80 +/-  0.44    625.24 +/-  1.00

  CB rows:  24254  CR rows:  24254  CRR rows: 24254  WAH rows: 24254  EW rows:  24254
================================================================


================================================================
  Q8 BASELINE BACKENDS (no compression / Concise)
================================================================
                  BS (ms)         BSA (ms)        Concise (ms)     BS vs WAH   BSA vs WAH   CON vs WAH
  ----------------------------------------------------------------------------------------------
  OR_date         721.43 +/- 16.14    474.58 +/-  1.06    878.67 +/-  0.78      0.02x      0.04x      0.02x
  AND+Agg          22.00 +/-  0.46     14.65 +/-  0.22     62.13 +/-  0.27      1.09x      1.64x      0.39x
  ----------------------------------------------------------------------------------------------
  TOTAL           743.42 +/- 16.16    489.17 +/-  1.14    940.71 +/-  0.95      0.06x      0.09x      0.04x

  BS rows:  24254  BSA rows: 24254  CON rows: 24254
================================================================

  [CSV] Results written to: q8_results_SF10.csv
┌────────┬─────────────────────┐
│ o_year │      mkt_share      │
│ int64  │       double        │
├────────┼─────────────────────┤
│   1995 │  0.0388201425143322 │
│   1996 │ 0.03948968749183992 │
└────────┴─────────────────────┘
  [Breakdown] DDC   L1=26.14 MiB  L2=6.92 MiB  L3=20.79 MiB  total=53.85 MiB
