# cwd=/home/lichenhang/lee/thesis/check/lee/duckdb-dev
# cmd=/home/lichenhang/lee/thesis/check/lee/duckdb-dev/build/release/duckdb /home/lichenhang/lee/thesis/check/lee/duckdb-dev/tpch_sf10.db -c PRAGMA bm_tpch(19);

================================================================
  TPC-H Q19 Benchmark — 8 backends (SF10)
  3-branch OR over (brand × container × p_size × l_quantity range)
        AND with l_shipmode IN ('AIR','AIR REG')
        AND with l_shipinstruct = 'DELIVER IN PERSON'
  TPC-H params: BRAND1=Brand#12 (Q1=1..11), BRAND2=Brand#23 (Q2=10..20), BRAND3=Brand#34 (Q3=20..30)
  Bitmap dirs: tpch_q19_combit tpch_q19_croaring tpch_q19_wah tpch_q19_ewah
  Iterations: 10 (first 2 = warm-up)
================================================================

[Pre-load] Loading 59986052 rows (price, discount) ...
[Pre-load] Done in 798.524 ms

[Load] Loading bitmaps (mode=ALL)...
  WAH load:      286.294 ms
  ComBit load:   67.845 ms
  CRoaring load: 73.906 ms
  CRR load:      91.407 ms
  EWAH load:     133.458 ms
  Bitset load:   273.19 ms (shared by BS / BSA)
  Concise load:  1033.6 ms
  WAH      on disk: 15.82 MiB
  ComBit   on disk: 13.90 MiB
  CRoaring on disk: 14.62 MiB (shared by CR / CRR)
  EWAH     on disk: 16.35 MiB

--- Iteration 1/10 (warm-up) ---
  CB:   OR=20.97  AND=24.66  Agg=5.33  Total=50.96  revenue=30104438.09
  CR:   OR=73.75  AND=1.84  Agg=0.07  Total=75.67  revenue=30104438.09
  CRR:  OR=23.23  AND=1.72  Agg=0.07  Total=25.02  revenue=30104438.09
  WAH:  OR=124.01  AND=13.56  Agg=1.67  Total=139.24  revenue=30104438.09
  EW:   OR=305.49  AND=5.49  Agg=0.07  Total=311.05  revenue=30104438.09
  BS:   OR=33.91  AND=16.75  Agg=1.21  Total=51.87  revenue=30104438.09
  BSA:  OR=23.16  AND=9.25  Agg=0.91  Total=33.32  revenue=30104438.09
  CON:  OR=802.13  AND=48.72  Agg=0.10  Total=850.95  revenue=30104438.09

--- Iteration 2/10 (warm-up) ---
  CB:   OR=13.99  AND=12.74  Agg=5.33  Total=32.06  revenue=30104438.09
  CR:   OR=73.72  AND=1.84  Agg=0.07  Total=75.63  revenue=30104438.09
  CRR:  OR=23.21  AND=1.71  Agg=0.08  Total=25.00  revenue=30104438.09
  WAH:  OR=123.89  AND=11.10  Agg=1.66  Total=136.65  revenue=30104438.09
  EW:   OR=291.99  AND=5.39  Agg=0.07  Total=297.46  revenue=30104438.09
  BS:   OR=34.05  AND=14.51  Agg=1.21  Total=49.77  revenue=30104438.09
  BSA:  OR=23.08  AND=11.71  Agg=0.92  Total=35.70  revenue=30104438.09
  CON:  OR=802.72  AND=48.54  Agg=0.10  Total=851.35  revenue=30104438.09

--- Iteration 3/10 ---
  CB:   OR=13.63  AND=12.64  Agg=5.34  Total=31.61  revenue=30104438.09
  CR:   OR=74.57  AND=1.94  Agg=0.07  Total=76.58  revenue=30104438.09
  CRR:  OR=23.64  AND=1.74  Agg=0.07  Total=25.45  revenue=30104438.09
  WAH:  OR=124.12  AND=11.00  Agg=1.62  Total=136.74  revenue=30104438.09
  EW:   OR=294.90  AND=5.87  Agg=0.08  Total=300.85  revenue=30104438.09
  BS:   OR=33.93  AND=14.57  Agg=1.21  Total=49.71  revenue=30104438.09
  BSA:  OR=22.99  AND=11.59  Agg=0.90  Total=35.48  revenue=30104438.09
  CON:  OR=813.42  AND=48.47  Agg=0.10  Total=861.98  revenue=30104438.09

--- Iteration 4/10 ---
  CB:   OR=13.76  AND=12.60  Agg=5.31  Total=31.67  revenue=30104438.09
  CR:   OR=73.94  AND=1.85  Agg=0.07  Total=75.86  revenue=30104438.09
  CRR:  OR=23.23  AND=1.75  Agg=0.07  Total=25.05  revenue=30104438.09
  WAH:  OR=124.18  AND=11.13  Agg=1.63  Total=136.94  revenue=30104438.09
  EW:   OR=260.50  AND=5.55  Agg=0.08  Total=266.12  revenue=30104438.09
  BS:   OR=33.73  AND=14.60  Agg=1.19  Total=49.52  revenue=30104438.09
  BSA:  OR=23.05  AND=11.42  Agg=0.88  Total=35.36  revenue=30104438.09
  CON:  OR=805.83  AND=51.12  Agg=0.10  Total=857.04  revenue=30104438.09

--- Iteration 5/10 ---
  CB:   OR=13.77  AND=12.41  Agg=5.32  Total=31.50  revenue=30104438.09
  CR:   OR=74.60  AND=1.86  Agg=0.07  Total=76.53  revenue=30104438.09
  CRR:  OR=23.36  AND=1.71  Agg=0.07  Total=25.14  revenue=30104438.09
  WAH:  OR=124.44  AND=13.19  Agg=1.65  Total=139.28  revenue=30104438.09
  EW:   OR=291.19  AND=5.60  Agg=0.07  Total=296.86  revenue=30104438.09
  BS:   OR=33.49  AND=17.02  Agg=1.13  Total=51.65  revenue=30104438.09
  BSA:  OR=22.82  AND=13.97  Agg=0.84  Total=37.62  revenue=30104438.09
  CON:  OR=798.89  AND=59.44  Agg=0.10  Total=858.43  revenue=30104438.09

--- Iteration 6/10 ---
  CB:   OR=14.46  AND=12.63  Agg=5.33  Total=32.41  revenue=30104438.09
  CR:   OR=74.10  AND=1.93  Agg=0.07  Total=76.11  revenue=30104438.09
  CRR:  OR=23.29  AND=1.72  Agg=0.07  Total=25.08  revenue=30104438.09
  WAH:  OR=124.14  AND=13.28  Agg=1.65  Total=139.06  revenue=30104438.09
  EW:   OR=292.17  AND=5.72  Agg=0.08  Total=297.97  revenue=30104438.09
  BS:   OR=33.58  AND=16.54  Agg=1.14  Total=51.27  revenue=30104438.09
  BSA:  OR=22.86  AND=14.45  Agg=0.86  Total=38.17  revenue=30104438.09
  CON:  OR=799.50  AND=58.52  Agg=0.10  Total=858.12  revenue=30104438.09

--- Iteration 7/10 ---
  CB:   OR=13.84  AND=13.19  Agg=5.55  Total=32.58  revenue=30104438.09
  CR:   OR=73.89  AND=1.91  Agg=0.07  Total=75.87  revenue=30104438.09
  CRR:  OR=23.23  AND=1.75  Agg=0.07  Total=25.05  revenue=30104438.09
  WAH:  OR=124.36  AND=11.24  Agg=1.63  Total=137.24  revenue=30104438.09
  EW:   OR=262.26  AND=5.97  Agg=0.09  Total=268.32  revenue=30104438.09
  BS:   OR=33.91  AND=14.60  Agg=1.18  Total=49.69  revenue=30104438.09
  BSA:  OR=23.07  AND=9.31  Agg=0.89  Total=33.28  revenue=30104438.09
  CON:  OR=785.40  AND=58.45  Agg=0.09  Total=843.94  revenue=30104438.09

--- Iteration 8/10 ---
  CB:   OR=14.47  AND=12.78  Agg=5.33  Total=32.59  revenue=30104438.09
  CR:   OR=73.87  AND=1.89  Agg=0.07  Total=75.83  revenue=30104438.09
  CRR:  OR=23.34  AND=1.72  Agg=0.07  Total=25.12  revenue=30104438.09
  WAH:  OR=124.29  AND=11.26  Agg=1.62  Total=137.17  revenue=30104438.09
  EW:   OR=261.23  AND=5.70  Agg=0.08  Total=267.01  revenue=30104438.09
  BS:   OR=34.20  AND=14.45  Agg=1.14  Total=49.79  revenue=30104438.09
  BSA:  OR=22.85  AND=11.43  Agg=0.86  Total=35.14  revenue=30104438.09
  CON:  OR=803.67  AND=60.32  Agg=0.10  Total=864.08  revenue=30104438.09

--- Iteration 9/10 ---
  CB:   OR=14.26  AND=12.65  Agg=5.33  Total=32.24  revenue=30104438.09
  CR:   OR=73.86  AND=1.93  Agg=0.07  Total=75.85  revenue=30104438.09
  CRR:  OR=23.51  AND=1.74  Agg=0.07  Total=25.32  revenue=30104438.09
  WAH:  OR=124.37  AND=11.28  Agg=1.67  Total=137.31  revenue=30104438.09
  EW:   OR=260.83  AND=5.67  Agg=0.08  Total=266.57  revenue=30104438.09
  BS:   OR=33.79  AND=14.24  Agg=1.18  Total=49.20  revenue=30104438.09
  BSA:  OR=22.85  AND=11.57  Agg=0.88  Total=35.30  revenue=30104438.09
  CON:  OR=803.63  AND=51.09  Agg=0.10  Total=854.82  revenue=30104438.09

--- Iteration 10/10 ---
  CB:   OR=13.84  AND=12.53  Agg=5.34  Total=31.70  revenue=30104438.09
  CR:   OR=73.81  AND=1.86  Agg=0.07  Total=75.74  revenue=30104438.09
  CRR:  OR=23.31  AND=1.74  Agg=0.07  Total=25.13  revenue=30104438.09
  WAH:  OR=124.92  AND=11.04  Agg=1.64  Total=137.61  revenue=30104438.09
  EW:   OR=260.71  AND=5.50  Agg=0.08  Total=266.29  revenue=30104438.09
  BS:   OR=33.97  AND=12.60  Agg=1.21  Total=47.78  revenue=30104438.09
  BSA:  OR=23.23  AND=9.15  Agg=0.91  Total=33.30  revenue=30104438.09
  CON:  OR=801.37  AND=60.80  Agg=0.10  Total=862.27  revenue=30104438.09

================================================================
  Q19 Correctness Validation
================================================================
  Q19 Result (ComBit):
    revenue = 30104438.09   (sum×10000 = 301044380911)
  Consistency: ALL MATCH

[Baseline] DuckDB native SQL  (single run: 1860.89 ms)
  SQL ground truth:  revenue = 30104438.09
[OK] all active backends match DuckDB SQL ground truth (revenue within 0.00).

================================================================
  Q19 RESULTS (8 measured iterations, median +/- stddev)
================================================================
  CB    OR=13.84   +/- 0.32   AND=12.64   +/- 0.22   Agg=5.33    +/- 0.07   Total=31.97   +/- 0.43  (ms)
  CR    OR=73.92   +/- 0.30   AND=1.90    +/- 0.03   Agg=0.07    +/- 0.00   Total=75.87   +/- 0.31  (ms)
  CRR   OR=23.33   +/- 0.13   AND=1.74    +/- 0.02   Agg=0.07    +/- 0.00   Total=25.12   +/- 0.13  (ms)
  WAH   OR=124.33  +/- 0.24   AND=11.25   +/- 0.90   Agg=1.64    +/- 0.02   Total=137.28  +/- 0.90  (ms)
  EW    OR=261.75  +/- 15.36  AND=5.69    +/- 0.15   Agg=0.08    +/- 0.00   Total=267.66  +/- 15.39 (ms)
  BS    OR=33.85   +/- 0.21   AND=14.59   +/- 1.29   Agg=1.18    +/- 0.03   Total=49.70   +/- 1.12  (ms)
  BSA   OR=22.93   +/- 0.14   AND=11.50   +/- 1.77   Agg=0.88    +/- 0.02   Total=35.33   +/- 1.64  (ms)
  CON   OR=802.50  +/- 7.42   AND=58.49   +/- 4.62   Agg=0.10    +/- 0.00   Total=858.27  +/- 5.90  (ms)
================================================================

  [CSV] Results written to: q19_results_SF10.csv
┌───────────────┐
│    revenue    │
│ decimal(38,4) │
├───────────────┤
│ 30104438.0911 │
└───────────────┘
  [Breakdown] ComBit   L1=43.65 MiB  L2=20.93 MiB  L3=3.91 MiB  total=68.49 MiB
