# cwd=/home/lichenhang/lee/thesis/check/lee/duckdb-dev
# cmd=/home/lichenhang/lee/thesis/check/lee/duckdb-dev/build/release/duckdb /home/lichenhang/lee/thesis/check/lee/duckdb-dev/tpch_sf10.db -c PRAGMA bm_tpch(1);

================================================================
  TPC-H Q1 Benchmark — DDC vs WAH vs CRoaring vs EWAH (SF10)
  Complement approach: OR days 2437..max → NOT
  TPC-H params: l_shipdate <= DATE '1998-12-01' - INTERVAL '90' DAY (= 1998-09-02)
  Bitmap dirs: tpch_q1_wah tpch_q1_ddc tpch_q1_croaring tpch_q1_ewah
  Iterations: 10 (first 2 = warm-up)
================================================================

[Pre-load] Loading 59986052 rows (4 columns) ...
[Pre-load] Done in 1421.91 ms

[Load] Loading bitmaps (mode=ALL)...
  Shipdate: cutoff=2436 max=2526 complement OR: 90 bitmaps (days 2437..2526)
  WAH load:      48.372 ms
  DDC load:   57.059 ms
  CRoaring load: 36.608 ms
  CRR load:      37.98 ms
  EWAH load:     28.626 ms
  Bitset load:   701.655 ms (shared by BS / BSA)
  Concise load:  1270.98 ms (incl. universe build)
  WAH      on disk: 482.24 MiB
  DDC   on disk: 539.93 MiB
  CRoaring on disk: 167.86 MiB (shared by CR / CRR)
  EWAH     on disk: 914.50 MiB
  Bitset in mem:    679.34 MiB (rebuilt from CRoaring at load)
  Concise in mem:   40.13 MiB (rebuilt from CRoaring + universe)

--- Iteration 1/10 (warm-up) ---
  WAH:  OR_ship=3.96  NOT=0.31  AND+Agg=713.26  Total=717.53  rows=59142609
  CB:   OR_ship=11.17  NOT=0.71  AND+Agg=434.60  Total=446.48  rows=59142609
  CR:   OR_ship=33.74  NOT=1.67  AND+Agg=498.29  Total=533.71  rows=59142609
  CRR:  OR_ship=7.62  NOT=1.42  AND+Agg=496.24  Total=505.28  rows=59142609
  EW:   OR_ship=76.29  NOT=1.67  AND+Agg=444.92  Total=522.88  rows=59142609
  BS:   OR_ship=88.41  NOT=0.32  AND+Agg=314.46  Total=403.18  rows=59142609
  BSA:  OR_ship=58.01  NOT=0.29  AND+Agg=308.31  Total=366.62  rows=59142609
  CON:  OR_ship=88.13  NOT=8.49  AND+Agg=543.81  Total=640.43  rows=59142609

--- Iteration 2/10 (warm-up) ---
  WAH:  OR_ship=4.03  NOT=0.30  AND+Agg=713.72  Total=718.05  rows=59142609
  CB:   OR_ship=11.71  NOT=1.05  AND+Agg=436.16  Total=448.92  rows=59142609
  CR:   OR_ship=33.39  NOT=1.73  AND+Agg=496.52  Total=531.63  rows=59142609
  CRR:  OR_ship=7.69  NOT=1.39  AND+Agg=496.51  Total=505.58  rows=59142609
  EW:   OR_ship=73.92  NOT=1.66  AND+Agg=439.66  Total=515.25  rows=59142609
  BS:   OR_ship=88.39  NOT=0.33  AND+Agg=314.29  Total=403.01  rows=59142609
  BSA:  OR_ship=58.16  NOT=0.29  AND+Agg=313.93  Total=372.38  rows=59142609
  CON:  OR_ship=88.35  NOT=8.49  AND+Agg=533.62  Total=630.46  rows=59142609

--- Iteration 3/10 ---
  WAH:  OR_ship=3.93  NOT=0.30  AND+Agg=713.77  Total=718.00  rows=59142609
  CB:   OR_ship=11.48  NOT=1.05  AND+Agg=436.51  Total=449.04  rows=59142609
  CR:   OR_ship=33.48  NOT=1.78  AND+Agg=497.33  Total=532.58  rows=59142609
  CRR:  OR_ship=7.65  NOT=1.41  AND+Agg=496.76  Total=505.82  rows=59142609
  EW:   OR_ship=74.02  NOT=1.66  AND+Agg=439.30  Total=514.99  rows=59142609
  BS:   OR_ship=88.61  NOT=0.32  AND+Agg=313.60  Total=402.52  rows=59142609
  BSA:  OR_ship=58.19  NOT=0.28  AND+Agg=309.40  Total=367.88  rows=59142609
  CON:  OR_ship=88.34  NOT=8.49  AND+Agg=532.20  Total=629.02  rows=59142609

--- Iteration 4/10 ---
  WAH:  OR_ship=3.92  NOT=0.29  AND+Agg=713.70  Total=717.92  rows=59142609
  CB:   OR_ship=11.57  NOT=1.05  AND+Agg=437.68  Total=450.30  rows=59142609
  CR:   OR_ship=33.55  NOT=1.76  AND+Agg=497.59  Total=532.91  rows=59142609
  CRR:  OR_ship=7.61  NOT=1.41  AND+Agg=497.80  Total=506.82  rows=59142609
  EW:   OR_ship=73.97  NOT=1.67  AND+Agg=443.21  Total=518.86  rows=59142609
  BS:   OR_ship=88.21  NOT=0.32  AND+Agg=313.52  Total=402.04  rows=59142609
  BSA:  OR_ship=58.03  NOT=0.28  AND+Agg=308.91  Total=367.23  rows=59142609
  CON:  OR_ship=88.82  NOT=8.48  AND+Agg=531.16  Total=628.46  rows=59142609

--- Iteration 5/10 ---
  WAH:  OR_ship=4.07  NOT=0.32  AND+Agg=712.16  Total=716.55  rows=59142609
  CB:   OR_ship=11.51  NOT=1.04  AND+Agg=435.48  Total=448.03  rows=59142609
  CR:   OR_ship=33.66  NOT=1.76  AND+Agg=496.16  Total=531.58  rows=59142609
  CRR:  OR_ship=7.79  NOT=1.40  AND+Agg=497.36  Total=506.55  rows=59142609
  EW:   OR_ship=74.18  NOT=1.68  AND+Agg=443.55  Total=519.41  rows=59142609
  BS:   OR_ship=91.06  NOT=0.35  AND+Agg=317.01  Total=408.43  rows=59142609
  BSA:  OR_ship=58.49  NOT=0.29  AND+Agg=312.73  Total=371.52  rows=59142609
  CON:  OR_ship=88.40  NOT=8.50  AND+Agg=535.09  Total=631.99  rows=59142609

--- Iteration 6/10 ---
  WAH:  OR_ship=3.83  NOT=0.30  AND+Agg=713.43  Total=717.57  rows=59142609
  CB:   OR_ship=11.42  NOT=1.08  AND+Agg=435.04  Total=447.54  rows=59142609
  CR:   OR_ship=33.63  NOT=1.74  AND+Agg=497.41  Total=532.78  rows=59142609
  CRR:  OR_ship=8.06  NOT=1.40  AND+Agg=497.11  Total=506.58  rows=59142609
  EW:   OR_ship=74.03  NOT=1.68  AND+Agg=439.68  Total=515.38  rows=59142609
  BS:   OR_ship=87.70  NOT=0.32  AND+Agg=313.94  Total=401.96  rows=59142609
  BSA:  OR_ship=58.28  NOT=0.29  AND+Agg=308.69  Total=367.26  rows=59142609
  CON:  OR_ship=88.28  NOT=8.49  AND+Agg=535.41  Total=632.18  rows=59142609

--- Iteration 7/10 ---
  WAH:  OR_ship=4.97  NOT=0.35  AND+Agg=713.16  Total=718.48  rows=59142609
  CB:   OR_ship=11.45  NOT=1.12  AND+Agg=438.75  Total=451.32  rows=59142609
  CR:   OR_ship=33.80  NOT=1.78  AND+Agg=496.31  Total=531.88  rows=59142609
  CRR:  OR_ship=7.53  NOT=1.39  AND+Agg=509.40  Total=518.32  rows=59142609
  EW:   OR_ship=74.01  NOT=1.66  AND+Agg=442.17  Total=517.84  rows=59142609
  BS:   OR_ship=88.16  NOT=0.33  AND+Agg=314.43  Total=402.92  rows=59142609
  BSA:  OR_ship=58.12  NOT=0.29  AND+Agg=309.99  Total=368.40  rows=59142609
  CON:  OR_ship=88.31  NOT=8.49  AND+Agg=532.65  Total=629.46  rows=59142609

--- Iteration 8/10 ---
  WAH:  OR_ship=4.07  NOT=0.31  AND+Agg=712.53  Total=716.91  rows=59142609
  CB:   OR_ship=11.65  NOT=1.03  AND+Agg=435.80  Total=448.49  rows=59142609
  CR:   OR_ship=33.27  NOT=1.73  AND+Agg=496.56  Total=531.56  rows=59142609
  CRR:  OR_ship=7.48  NOT=1.39  AND+Agg=496.79  Total=505.65  rows=59142609
  EW:   OR_ship=74.15  NOT=1.70  AND+Agg=439.52  Total=515.37  rows=59142609
  BS:   OR_ship=88.62  NOT=0.32  AND+Agg=315.89  Total=404.84  rows=59142609
  BSA:  OR_ship=58.04  NOT=0.28  AND+Agg=308.73  Total=367.06  rows=59142609
  CON:  OR_ship=88.36  NOT=8.53  AND+Agg=531.46  Total=628.35  rows=59142609

--- Iteration 9/10 ---
  WAH:  OR_ship=4.01  NOT=0.31  AND+Agg=712.98  Total=717.30  rows=59142609
  CB:   OR_ship=11.32  NOT=1.04  AND+Agg=436.96  Total=449.32  rows=59142609
  CR:   OR_ship=33.82  NOT=1.77  AND+Agg=497.50  Total=533.10  rows=59142609
  CRR:  OR_ship=7.64  NOT=1.41  AND+Agg=501.94  Total=511.00  rows=59142609
  EW:   OR_ship=74.16  NOT=1.72  AND+Agg=440.18  Total=516.06  rows=59142609
  BS:   OR_ship=88.37  NOT=0.32  AND+Agg=316.04  Total=404.74  rows=59142609
  BSA:  OR_ship=58.11  NOT=0.28  AND+Agg=309.34  Total=367.74  rows=59142609
  CON:  OR_ship=88.33  NOT=8.42  AND+Agg=544.98  Total=641.73  rows=59142609

--- Iteration 10/10 ---
  WAH:  OR_ship=3.99  NOT=0.31  AND+Agg=712.09  Total=716.39  rows=59142609
  CB:   OR_ship=11.24  NOT=1.02  AND+Agg=433.28  Total=445.55  rows=59142609
  CR:   OR_ship=33.35  NOT=1.76  AND+Agg=496.47  Total=531.58  rows=59142609
  CRR:  OR_ship=7.72  NOT=1.41  AND+Agg=496.38  Total=505.52  rows=59142609
  EW:   OR_ship=74.14  NOT=1.71  AND+Agg=449.27  Total=525.12  rows=59142609
  BS:   OR_ship=90.92  NOT=0.36  AND+Agg=316.13  Total=407.41  rows=59142609
  BSA:  OR_ship=58.74  NOT=0.29  AND+Agg=308.92  Total=367.95  rows=59142609
  CON:  OR_ship=88.33  NOT=8.48  AND+Agg=535.91  Total=632.73  rows=59142609

================================================================
  Q1 Correctness Validation
================================================================
  Row counts: WAH=59142609 CB=59142609 CR=59142609 CRR=59142609 EW=59142609 BS=59142609 BSA=59142609 CON=59142609

  Q1 Results (from DDC):
  rf ls  sum_qty       sum_base_price  sum_disc_price     sum_charge        avg_qty  avg_price  avg_disc  count
  A  F  377518399.00  566065727797.25   537759104278.07     559276670892.12     25.50   38237.15      0.05  14804077
  N  F    9851614.00  14767438399.17    14028805792.21      14590490998.37     25.52   38257.81      0.05  385998
  N  O  743124873.00  1114302286901.88  1058580922144.96    1100937000170.59     25.50   38233.90      0.05  29144351
  R  F  377732830.00  566431054976.00   538110922664.77     559634780885.09     25.51   38251.22      0.05  14808183
  Consistency: ALL MATCH

[Baseline] DuckDB native SQL count(*) = 59142609  (single run: 195.57 ms)
[OK] all active backends match DuckDB SQL ground truth (59142609 rows).

================================================================
  Q1 RESULTS (8 measured iterations, median ± stddev)
================================================================
                       WAH (ms)              DDC (ms)         CRoaring (ms)      CRoar+Run (ms)       EWAH (ms)          CB vs WAH   CR vs WAH  CRR vs WAH   EW vs WAH
  --------------------------------------------------------------------------------------------------------------------------------
  OR_ship             4.00 ±   0.34        11.46 ±   0.12        33.59 ±   0.19         7.65 ±   0.17        74.08 ±   0.08      0.35x      0.12x      0.52x      0.05x
  NOT                 0.31 ±   0.02         1.04 ±   0.03         1.76 ±   0.02         1.40 ±   0.01         1.68 ±   0.02      0.30x      0.18x      0.22x      0.19x
  AND+Agg           713.07 ±   0.62       436.15 ±   1.58       496.94 ±   0.56       497.23 ±   4.20       441.17 ±   3.14      1.63x      1.43x      1.43x      1.62x
  --------------------------------------------------------------------------------------------------------------------------------
  TOTAL             717.43 ±   0.69       448.76 ±   1.65       532.23 ±   0.62       506.56 ±   4.14       516.95 ±   3.16      1.60x      1.35x      1.42x      1.39x

  WAH rows:        59142609
  DDC rows:     59142609
  CRoaring rows:   59142609
  CRoar+Run rows:  59142609
  EWAH rows:       59142609
================================================================


================================================================
  Q1 BASELINE BACKENDS (no compression / Concise)
================================================================
                       BS (ms)              BSA (ms)            Concise (ms)        BS vs WAH   BSA vs WAH   CON vs WAH
  -------------------------------------------------------------------------------------------------------------
  OR_ship            88.49 ±   1.20        58.15 ±   0.23        88.34 ±   0.16      0.05x      0.07x      0.05x
  NOT                 0.32 ±   0.02         0.29 ±   0.01         8.49 ±   0.03      0.98x      1.08x      0.04x
  AND+Agg           315.16 ±   1.26       309.13 ±   1.25       533.87 ±   4.20      2.26x      2.31x      1.34x
  -------------------------------------------------------------------------------------------------------------
  TOTAL             403.83 ±   2.31       367.81 ±   1.35       630.72 ±   4.12      1.78x      1.95x      1.14x

  Bitset rows:         59142609
  Bitset+AVX512 rows:  59142609
  Concise rows:        59142609
================================================================

  [CSV] Results written to: q1_results_SF10.csv
┌──────────────┬──────────────┬───────────────┬──────────────────┬────────────────────┬──────────────────────┬────────────────────┬────────────────────┬─────────────────────┬─────────────┐
│ l_returnflag │ l_linestatus │    sum_qty    │  sum_base_price  │   sum_disc_price   │      sum_charge      │      avg_qty       │     avg_price      │      avg_disc       │ count_order │
│   varchar    │   varchar    │ decimal(38,2) │  decimal(38,2)   │   decimal(38,4)    │    decimal(38,6)     │       double       │       double       │       double        │    int64    │
├──────────────┼──────────────┼───────────────┼──────────────────┼────────────────────┼──────────────────────┼────────────────────┼────────────────────┼─────────────────────┼─────────────┤
│ A            │ F            │  377518399.00 │  566065727797.25 │  537759104278.0656 │  559276670892.116819 │ 25.500975103007097 │  38237.15100895854 │  0.0500065745402432 │    14804077 │
│ N            │ F            │    9851614.00 │   14767438399.17 │   14028805792.2114 │   14590490998.366737 │ 25.522448302840946 │  38257.81066008114 │ 0.04997336773765667 │      385998 │
│ N            │ O            │  743124873.00 │ 1114302286901.88 │ 1058580922144.9638 │ 1100937000170.591854 │ 25.498075870689316 │  38233.90292348181 │ 0.05000081182113131 │    29144351 │
│ R            │ F            │  377732830.00 │  566431054976.00 │  538110922664.7677 │  559634780885.086257 │  25.50838478968014 │ 38251.219273559764 │ 0.04999679231408742 │    14808183 │
└──────────────┴──────────────┴───────────────┴──────────────────┴────────────────────┴──────────────────────┴────────────────────┴────────────────────┴─────────────────────┴─────────────┘
  [Breakdown] DDC   L1=29.51 MiB  L2=4.26 MiB  L3=10.61 MiB  total=44.38 MiB
