# cwd=/home/lichenhang/lee/thesis/check/lee/duckdb-dev
# cmd=/home/lichenhang/lee/thesis/check/lee/duckdb-dev/build/release/duckdb /home/lichenhang/lee/thesis/check/lee/duckdb-dev/tpch_sf10.db -c PRAGMA bm_tpch(3);

================================================================
  TPC-H Q3 Benchmark — ComBit vs WAH vs CRoaring vs EWAH (SF10)
  Complement OR shipdate days 1..1169 -> NOT -> AND join_result -> Top-10
  TPC-H params: c_mktsegment='BUILDING', date=1995-03-15
  Iterations: 10 (first 2 = warm-up)
================================================================

[Side-load] orders_meta: 1461923 qualifying orders in 433.854 ms
[Pre-load] lineitem: 59986052 rows (l_orderkey, l_extendedprice, l_discount) in 524.576 ms

[Load] Loading bitmaps (mode=ALL)...
  WAH load:      260.874 ms
  ComBit load:   453.424 ms
  CRoaring load: 114.584 ms
  CRR load:      146.821 ms
  EWAH load:     231.99 ms
  Bitset load:   4063 ms (shared by BS / BSA)
  Concise load:  752.636 ms (incl. universe build)

--- Iteration 1/10 (warm-up) ---
  CB:   OR=274.512  NOT=3.479  AND=1.192  Agg=34.086  Total=313.271  rows=302114
  CR:   OR=295.169  NOT=0.379  AND=13.061  Agg=27.198  Total=335.808  rows=302114
  CRR:  OR=117.982  NOT=0.417  AND=13.008  Agg=26.42  Total=157.829  rows=302114
  WAH:  OR=132.229  NOT=0.301  AND=5.537  Agg=39.652  Total=177.721  rows=302114
  EW:   OR=2770.27  NOT=0.657  AND=7.164  Agg=30.976  Total=2809.07  rows=302114
  BS:   OR=1912.16  NOT=0.332  AND=1.011  Agg=33.251  Total=1946.75  rows=302114
  BSA:  OR=754.591  NOT=0.291  AND=0.674  Agg=33.345  Total=788.902  rows=302114
  CON:  OR=3565.94  NOT=9.915  AND=19  Agg=33.365  Total=3628.22  rows=302114

--- Iteration 2/10 (warm-up) ---
  CB:   OR=239.224  NOT=1.087  AND=0.962  Agg=32.183  Total=273.457  rows=302114
  CR:   OR=285.575  NOT=0.391  AND=12.613  Agg=27.162  Total=325.742  rows=302114
  CRR:  OR=105.714  NOT=0.415  AND=12.485  Agg=25.694  Total=144.31  rows=302114
  WAH:  OR=113.305  NOT=0.32  AND=5.071  Agg=39.664  Total=158.362  rows=302114
  EW:   OR=2737.99  NOT=0.641  AND=7.089  Agg=30.944  Total=2776.66  rows=302114
  BS:   OR=1156.94  NOT=0.343  AND=0.986  Agg=32.968  Total=1191.24  rows=302114
  BSA:  OR=754.882  NOT=0.289  AND=0.669  Agg=33.15  Total=788.991  rows=302114
  CON:  OR=3560.21  NOT=10.749  AND=18.803  Agg=33.525  Total=3623.29  rows=302114

--- Iteration 3/10 ---
  CB:   OR=243.093  NOT=3.013  AND=0.663  Agg=34.131  Total=280.902  rows=302114
  CR:   OR=286.555  NOT=0.397  AND=12.64  Agg=27.411  Total=327.004  rows=302114
  CRR:  OR=105.727  NOT=0.408  AND=12.526  Agg=25.764  Total=144.427  rows=302114
  WAH:  OR=113.14  NOT=0.308  AND=6.869  Agg=39.416  Total=159.734  rows=302114
  EW:   OR=2741.61  NOT=0.645  AND=7.144  Agg=30.959  Total=2780.36  rows=302114
  BS:   OR=1154.16  NOT=0.35  AND=0.997  Agg=33.128  Total=1188.63  rows=302114
  BSA:  OR=759.38  NOT=0.304  AND=0.66  Agg=33.57  Total=793.916  rows=302114
  CON:  OR=3565.6  NOT=9.883  AND=18.664  Agg=33.534  Total=3627.68  rows=302114

--- Iteration 4/10 ---
  CB:   OR=244.518  NOT=1.17  AND=0.651  Agg=32.147  Total=278.488  rows=302114
  CR:   OR=286.128  NOT=0.401  AND=12.577  Agg=27.142  Total=326.25  rows=302114
  CRR:  OR=105.679  NOT=0.414  AND=12.529  Agg=26.066  Total=144.689  rows=302114
  WAH:  OR=115.995  NOT=0.307  AND=6.951  Agg=39.914  Total=163.168  rows=302114
  EW:   OR=2737.91  NOT=0.648  AND=7.087  Agg=31.125  Total=2776.77  rows=302114
  BS:   OR=1157.83  NOT=0.343  AND=1.017  Agg=33.742  Total=1192.93  rows=302114
  BSA:  OR=758.805  NOT=0.308  AND=0.659  Agg=33.382  Total=793.156  rows=302114
  CON:  OR=3548.88  NOT=9.935  AND=18.658  Agg=33.731  Total=3611.21  rows=302114

--- Iteration 5/10 ---
  CB:   OR=247.878  NOT=1.173  AND=0.668  Agg=32.37  Total=282.09  rows=302114
  CR:   OR=285.752  NOT=0.396  AND=12.634  Agg=27.355  Total=326.139  rows=302114
  CRR:  OR=105.656  NOT=0.425  AND=12.562  Agg=25.78  Total=144.424  rows=302114
  WAH:  OR=116.213  NOT=0.308  AND=7.062  Agg=39.975  Total=163.559  rows=302114
  EW:   OR=2739.67  NOT=0.681  AND=7.13  Agg=30.841  Total=2778.33  rows=302114
  BS:   OR=1154.85  NOT=0.368  AND=0.996  Agg=33.21  Total=1189.42  rows=302114
  BSA:  OR=759.401  NOT=0.296  AND=0.672  Agg=33.589  Total=793.96  rows=302114
  CON:  OR=3560.9  NOT=10.191  AND=23.229  Agg=33.673  Total=3627.99  rows=302114

--- Iteration 6/10 ---
  CB:   OR=250.182  NOT=1.148  AND=0.652  Agg=32.295  Total=284.279  rows=302114
  CR:   OR=286.577  NOT=0.402  AND=12.721  Agg=27.436  Total=327.138  rows=302114
  CRR:  OR=106.69  NOT=0.408  AND=12.557  Agg=26.189  Total=145.846  rows=302114
  WAH:  OR=113.879  NOT=0.307  AND=5.122  Agg=39.621  Total=158.931  rows=302114
  EW:   OR=2734.45  NOT=0.663  AND=7.224  Agg=31.149  Total=2773.49  rows=302114
  BS:   OR=1154.55  NOT=0.365  AND=0.988  Agg=33.323  Total=1189.23  rows=302114
  BSA:  OR=760.518  NOT=0.304  AND=0.662  Agg=33.755  Total=795.24  rows=302114
  CON:  OR=3556.12  NOT=10.555  AND=18.785  Agg=33.653  Total=3619.11  rows=302114

--- Iteration 7/10 ---
  CB:   OR=247.974  NOT=1.139  AND=0.659  Agg=32.479  Total=282.252  rows=302114
  CR:   OR=286.176  NOT=0.397  AND=12.635  Agg=27.094  Total=326.304  rows=302114
  CRR:  OR=105.137  NOT=0.407  AND=12.572  Agg=25.802  Total=143.919  rows=302114
  WAH:  OR=112.632  NOT=0.306  AND=6.546  Agg=39.23  Total=158.715  rows=302114
  EW:   OR=2752.83  NOT=0.919  AND=7.086  Agg=30.862  Total=2791.7  rows=302114
  BS:   OR=1152.58  NOT=0.344  AND=0.998  Agg=33.42  Total=1187.35  rows=302114
  BSA:  OR=753.819  NOT=0.295  AND=0.666  Agg=33.579  Total=788.361  rows=302114
  CON:  OR=3571.92  NOT=9.705  AND=18.791  Agg=33.753  Total=3634.17  rows=302114

--- Iteration 8/10 ---
  CB:   OR=255.374  NOT=1.157  AND=0.656  Agg=32.116  Total=289.305  rows=302114
  CR:   OR=285.783  NOT=0.409  AND=12.575  Agg=27.189  Total=325.957  rows=302114
  CRR:  OR=105.111  NOT=0.427  AND=12.563  Agg=26.396  Total=144.498  rows=302114
  WAH:  OR=113.004  NOT=0.307  AND=4.952  Agg=39.956  Total=158.22  rows=302114
  EW:   OR=2738.25  NOT=0.634  AND=7.096  Agg=30.862  Total=2776.84  rows=302114
  BS:   OR=1152.97  NOT=0.325  AND=0.992  Agg=33.589  Total=1187.88  rows=302114
  BSA:  OR=754.136  NOT=0.288  AND=0.66  Agg=33.698  Total=788.784  rows=302114
  CON:  OR=3571.01  NOT=10.741  AND=18.777  Agg=33.493  Total=3634.03  rows=302114

--- Iteration 9/10 ---
  CB:   OR=255.452  NOT=1.155  AND=1.049  Agg=32.565  Total=290.223  rows=302114
  CR:   OR=286.098  NOT=0.404  AND=12.591  Agg=27.128  Total=326.223  rows=302114
  CRR:  OR=105.292  NOT=0.432  AND=12.562  Agg=25.866  Total=144.154  rows=302114
  WAH:  OR=116.01  NOT=0.314  AND=6.865  Agg=39.739  Total=162.93  rows=302114
  EW:   OR=2749.31  NOT=0.644  AND=7.115  Agg=30.696  Total=2787.76  rows=302114
  BS:   OR=1152.8  NOT=0.337  AND=1.001  Agg=33.482  Total=1187.62  rows=302114
  BSA:  OR=753.229  NOT=0.289  AND=0.664  Agg=33.889  Total=788.072  rows=302114
  CON:  OR=3547.37  NOT=9.721  AND=18.658  Agg=33.697  Total=3609.45  rows=302114

--- Iteration 10/10 ---
  CB:   OR=254.088  NOT=1.164  AND=0.647  Agg=32.029  Total=287.93  rows=302114
  CR:   OR=285.669  NOT=0.405  AND=12.587  Agg=27.314  Total=325.977  rows=302114
  CRR:  OR=105.341  NOT=0.429  AND=12.542  Agg=25.705  Total=144.019  rows=302114
  WAH:  OR=113.327  NOT=0.323  AND=4.974  Agg=39.778  Total=158.404  rows=302114
  EW:   OR=2739.51  NOT=0.656  AND=7.128  Agg=30.649  Total=2777.94  rows=302114
  BS:   OR=1155.61  NOT=0.356  AND=0.981  Agg=33.317  Total=1190.26  rows=302114
  BSA:  OR=753.548  NOT=0.302  AND=0.651  Agg=33.554  Total=788.057  rows=302114
  CON:  OR=3562.5  NOT=10.302  AND=23.4  Agg=33.485  Total=3629.69  rows=302114

[Baseline] DuckDB native SQL Top-10  (single run: 296.77 ms)
[OK] all active backends match DuckDB SQL ground truth (Top-10, revenue within 0.01).

  Q3 Top-10 (revenue DESC, o_orderdate ASC, source=ComBit):
  l_orderkey           revenue  o_orderdate o_shippriority 
  4791171          440715.2185  1995-02-23  0              
  46678469         439855.3250  1995-01-27  0              
  23906758         432728.5737  1995-03-14  0              
  23861382         428739.1368  1995-03-09  0              
  59393639         426036.0662  1995-02-12  0              
  3355202          425100.6657  1995-03-04  0              
  9806272          425088.0568  1995-03-13  0              
  22810436         423231.9690  1995-01-02  0              
  16384100         421478.7294  1995-03-02  0              
  52974151         415367.1195  1995-02-05  0              

================================================================
  Q3 RESULTS (8 measured iterations, median +/- stddev)
================================================================
                  CB (ms)         CR (ms)        CRR (ms)        WAH (ms)        EW (ms)
  -----------------------------------------------------------------------------------------
  OR_ship       249.0780 +/- 4.4924  286.1130 +/- 0.3256  105.4985 +/- 0.4777  113.6030 +/- 1.4310  2739.5895 +/- 5.8049
  NOT             1.1605 +/- 0.6136    0.4015 +/- 0.0043    0.4195 +/- 0.0099    0.3075 +/- 0.0054    0.6520 +/- 0.0890
  AND             0.6575 +/- 0.1299   12.6125 +/- 0.0459   12.5595 +/- 0.0160    6.7055 +/- 0.9035    7.1215 +/- 0.0420
  Agg            32.3325 +/- 0.6340   27.2515 +/- 0.1273   25.8340 +/- 0.2296   39.7585 +/- 0.2506   30.8620 +/- 0.1683
  -----------------------------------------------------------------------------------------
  TOTAL         283.2655 +/- 3.9933  326.2365 +/- 0.4199  144.4255 +/- 0.5643  159.3325 +/- 2.1850  2778.1335 +/- 5.7648

  CB rows: 302114  CR rows: 302114  CRR rows: 302114  WAH rows: 302114  EW rows: 302114
================================================================


================================================================
  Q3 BASELINE BACKENDS (no compression / Concise)
================================================================
                  BS (ms)         BSA (ms)        Concise (ms)     BS vs WAH   BSA vs WAH   CON vs WAH
  ----------------------------------------------------------------------------------------------
  OR_ship       1154.3550 +/- 1.6363  756.4705 +/- 2.9637  3561.6985 +/- 8.6429     0.0984x     0.1502x     0.0319x
  NOT             0.3470 +/- 0.0134    0.2990 +/- 0.0069   10.0630 +/- 0.3595     0.8862x     1.0284x     0.0306x
  AND             0.9965 +/- 0.0098    0.6610 +/- 0.0057   18.7810 +/- 1.9897     6.7291x     10.1445x     0.3570x
  Agg            33.3715 +/- 0.1880   33.5840 +/- 0.1425   33.6630 +/- 0.1007     1.1914x     1.1839x     1.1811x
  ----------------------------------------------------------------------------------------------
  TOTAL         1188.9320 +/- 1.6996  790.9700 +/- 2.9305  3627.8345 +/- 9.1159     0.1340x     0.2014x     0.0439x

  BS rows: 302114  BSA rows: 302114  CON rows: 302114
================================================================

  [CSV] q3_results_SF10.csv
┌────────────┬───────────────┬─────────────┬────────────────┐
│ l_orderkey │    revenue    │ o_orderdate │ o_shippriority │
│   int64    │ decimal(38,4) │    date     │     int32      │
├────────────┼───────────────┼─────────────┼────────────────┤
│    4791171 │   440715.2185 │ 1995-02-23  │              0 │
│   46678469 │   439855.3250 │ 1995-01-27  │              0 │
│   23906758 │   432728.5737 │ 1995-03-14  │              0 │
│   23861382 │   428739.1368 │ 1995-03-09  │              0 │
│   59393639 │   426036.0662 │ 1995-02-12  │              0 │
│    3355202 │   425100.6657 │ 1995-03-04  │              0 │
│    9806272 │   425088.0568 │ 1995-03-13  │              0 │
│   22810436 │   423231.9690 │ 1995-01-02  │              0 │
│   16384100 │   421478.7294 │ 1995-03-02  │              0 │
│   52974151 │   415367.1195 │ 1995-02-05  │              0 │
├────────────┴───────────────┴─────────────┴────────────────┤
│ 10 rows                                         4 columns │
└───────────────────────────────────────────────────────────┘
  [Breakdown] ComBit   L1=27.78 MiB  L2=26.38 MiB  L3=130.73 MiB  total=184.88 MiB
