# cwd=/home/lichenhang/lee/thesis/check/lee/duckdb-dev
# cmd=/home/lichenhang/lee/thesis/check/lee/duckdb-dev/build/release/duckdb /home/lichenhang/lee/thesis/check/lee/duckdb-dev/tpch_sf10.db -c PRAGMA bm_tpch(12);

================================================================
  TPC-H Q12 Benchmark — ComBit vs WAH vs CRoaring vs EWAH (SF10)
  OR receiptdate days 731..1095 (365 bitmaps)
  AND commit_lt_receipt, ship_lt_commit, then per-shipmode AND + 2x popcount_and
  TPC-H params: shipmodes={MAIL, SHIP}, receiptdate [1994-01-01, 1995-01-01)
  Bitmap dirs: tpch_q12_combit tpch_q12_croaring tpch_q12_wah tpch_q12_ewah
  Iterations: 10 (first 2 = warm-up)
================================================================

[Load] Loading bitmaps (mode=ALL)...
  WAH load:      139.132 ms
  ComBit load:   502.179 ms
  CRoaring load: 72.693 ms
  CRR load:      82.571 ms
  EWAH load:     109.515 ms
  Bitset load:   1761.12 ms (shared by BS / BSA)
  Concise load:  1331.47 ms
  WAH      on disk: 111.90 MiB
  ComBit   on disk: 114.10 MiB
  CRoaring on disk: 62.88 MiB (shared by CR / CRR)
  EWAH     on disk: 176.31 MiB

--- Iteration 1/10 (warm-up) ---
  CB:   OR=88.46  AND_pred=2.11  AND+Pop=9.93  Total=100.50  MAIL=(62071,93045)  SHIP=(62426,93261)
  CR:   OR=214.53  AND_pred=11.07  AND+Pop=5.40  Total=231.00
  CRR:  OR=35.47  AND_pred=10.97  AND+Pop=5.39  Total=51.83
  WAH:  OR=38.94  AND_pred=1.43  AND+Pop=14.86  Total=55.23
  EW:   OR=878.74  AND_pred=16.84  AND+Pop=22.93  Total=918.51
  BS:   OR=363.35  AND_pred=1.99  AND+Pop=8.99  Total=374.33
  BSA:  OR=239.94  AND_pred=1.31  AND+Pop=6.52  Total=247.77
  CON:  OR=1150.11  AND_pred=61.90  AND+Pop=76.12  Total=1288.13

--- Iteration 2/10 (warm-up) ---
  CB:   OR=88.05  AND_pred=2.10  AND+Pop=7.53  Total=97.68  MAIL=(62071,93045)  SHIP=(62426,93261)
  CR:   OR=215.18  AND_pred=10.92  AND+Pop=5.33  Total=231.43
  CRR:  OR=35.37  AND_pred=10.97  AND+Pop=5.29  Total=51.64
  WAH:  OR=38.87  AND_pred=1.42  AND+Pop=14.56  Total=54.85
  EW:   OR=881.85  AND_pred=16.69  AND+Pop=23.02  Total=921.56
  BS:   OR=367.30  AND_pred=1.96  AND+Pop=11.59  Total=380.84
  BSA:  OR=240.18  AND_pred=1.32  AND+Pop=6.34  Total=247.84
  CON:  OR=1151.33  AND_pred=60.05  AND+Pop=76.11  Total=1287.50

--- Iteration 3/10 ---
  CB:   OR=91.31  AND_pred=2.12  AND+Pop=10.08  Total=103.51  MAIL=(62071,93045)  SHIP=(62426,93261)
  CR:   OR=215.43  AND_pred=10.90  AND+Pop=5.36  Total=231.69
  CRR:  OR=35.41  AND_pred=11.00  AND+Pop=5.33  Total=51.75
  WAH:  OR=38.77  AND_pred=1.42  AND+Pop=14.40  Total=54.59
  EW:   OR=879.33  AND_pred=16.66  AND+Pop=23.06  Total=919.05
  BS:   OR=366.83  AND_pred=1.99  AND+Pop=11.04  Total=379.86
  BSA:  OR=240.47  AND_pred=1.32  AND+Pop=6.43  Total=248.22
  CON:  OR=1153.29  AND_pred=60.59  AND+Pop=75.94  Total=1289.81

--- Iteration 4/10 ---
  CB:   OR=92.15  AND_pred=2.10  AND+Pop=10.05  Total=104.30  MAIL=(62071,93045)  SHIP=(62426,93261)
  CR:   OR=215.55  AND_pred=11.00  AND+Pop=5.38  Total=231.92
  CRR:  OR=35.37  AND_pred=11.09  AND+Pop=5.32  Total=51.77
  WAH:  OR=38.92  AND_pred=1.44  AND+Pop=14.37  Total=54.73
  EW:   OR=881.93  AND_pred=16.61  AND+Pop=23.03  Total=921.57
  BS:   OR=367.24  AND_pred=1.97  AND+Pop=11.68  Total=380.89
  BSA:  OR=241.35  AND_pred=1.32  AND+Pop=6.35  Total=249.03
  CON:  OR=1149.99  AND_pred=60.45  AND+Pop=76.09  Total=1286.54

--- Iteration 5/10 ---
  CB:   OR=91.93  AND_pred=2.10  AND+Pop=10.05  Total=104.08  MAIL=(62071,93045)  SHIP=(62426,93261)
  CR:   OR=214.98  AND_pred=11.00  AND+Pop=5.38  Total=231.35
  CRR:  OR=35.35  AND_pred=11.17  AND+Pop=5.30  Total=51.82
  WAH:  OR=38.67  AND_pred=1.45  AND+Pop=14.42  Total=54.54
  EW:   OR=882.73  AND_pred=16.35  AND+Pop=22.94  Total=922.02
  BS:   OR=366.92  AND_pred=1.99  AND+Pop=11.62  Total=380.53
  BSA:  OR=239.96  AND_pred=1.31  AND+Pop=6.23  Total=247.51
  CON:  OR=1151.04  AND_pred=60.22  AND+Pop=76.13  Total=1287.40

--- Iteration 6/10 ---
  CB:   OR=89.62  AND_pred=2.10  AND+Pop=10.17  Total=101.89  MAIL=(62071,93045)  SHIP=(62426,93261)
  CR:   OR=215.43  AND_pred=11.38  AND+Pop=5.43  Total=232.24
  CRR:  OR=35.26  AND_pred=11.01  AND+Pop=5.22  Total=51.49
  WAH:  OR=38.79  AND_pred=1.44  AND+Pop=15.21  Total=55.44
  EW:   OR=880.55  AND_pred=13.18  AND+Pop=22.27  Total=916.00
  BS:   OR=367.29  AND_pred=2.00  AND+Pop=11.03  Total=380.32
  BSA:  OR=240.32  AND_pred=1.32  AND+Pop=6.28  Total=247.93
  CON:  OR=1154.00  AND_pred=60.41  AND+Pop=76.11  Total=1290.52

--- Iteration 7/10 ---
  CB:   OR=93.43  AND_pred=2.10  AND+Pop=10.09  Total=105.61  MAIL=(62071,93045)  SHIP=(62426,93261)
  CR:   OR=215.58  AND_pred=10.94  AND+Pop=5.37  Total=231.90
  CRR:  OR=35.31  AND_pred=11.08  AND+Pop=5.34  Total=51.73
  WAH:  OR=38.81  AND_pred=1.43  AND+Pop=14.61  Total=54.86
  EW:   OR=883.06  AND_pred=16.65  AND+Pop=23.16  Total=922.87
  BS:   OR=366.10  AND_pred=1.96  AND+Pop=10.98  Total=379.03
  BSA:  OR=241.04  AND_pred=1.32  AND+Pop=6.28  Total=248.65
  CON:  OR=1158.22  AND_pred=67.00  AND+Pop=75.92  Total=1301.14

--- Iteration 8/10 ---
  CB:   OR=91.21  AND_pred=2.11  AND+Pop=10.15  Total=103.47  MAIL=(62071,93045)  SHIP=(62426,93261)
  CR:   OR=215.52  AND_pred=10.97  AND+Pop=5.38  Total=231.88
  CRR:  OR=35.34  AND_pred=11.05  AND+Pop=5.40  Total=51.79
  WAH:  OR=39.08  AND_pred=1.43  AND+Pop=14.50  Total=55.01
  EW:   OR=884.37  AND_pred=16.38  AND+Pop=23.02  Total=923.77
  BS:   OR=367.30  AND_pred=1.97  AND+Pop=11.95  Total=381.22
  BSA:  OR=241.68  AND_pred=1.32  AND+Pop=6.60  Total=249.60
  CON:  OR=1155.53  AND_pred=60.45  AND+Pop=76.37  Total=1292.35

--- Iteration 9/10 ---
  CB:   OR=91.75  AND_pred=2.11  AND+Pop=10.10  Total=103.96  MAIL=(62071,93045)  SHIP=(62426,93261)
  CR:   OR=215.01  AND_pred=10.97  AND+Pop=5.50  Total=231.48
  CRR:  OR=35.25  AND_pred=11.11  AND+Pop=5.30  Total=51.65
  WAH:  OR=38.66  AND_pred=1.42  AND+Pop=14.46  Total=54.53
  EW:   OR=883.38  AND_pred=16.65  AND+Pop=22.92  Total=922.96
  BS:   OR=365.18  AND_pred=1.98  AND+Pop=11.02  Total=378.18
  BSA:  OR=241.18  AND_pred=1.32  AND+Pop=6.39  Total=248.89
  CON:  OR=1151.70  AND_pred=60.36  AND+Pop=76.23  Total=1288.29

--- Iteration 10/10 ---
  CB:   OR=93.06  AND_pred=2.11  AND+Pop=10.16  Total=105.32  MAIL=(62071,93045)  SHIP=(62426,93261)
  CR:   OR=218.00  AND_pred=11.08  AND+Pop=5.55  Total=234.63
  CRR:  OR=35.32  AND_pred=10.95  AND+Pop=5.27  Total=51.53
  WAH:  OR=38.79  AND_pred=1.46  AND+Pop=14.74  Total=54.98
  EW:   OR=884.91  AND_pred=16.40  AND+Pop=23.02  Total=924.33
  BS:   OR=366.19  AND_pred=1.98  AND+Pop=10.98  Total=379.15
  BSA:  OR=239.76  AND_pred=1.31  AND+Pop=6.31  Total=247.38
  CON:  OR=1151.30  AND_pred=60.79  AND+Pop=76.18  Total=1288.28

================================================================
  Q12 Correctness Validation
================================================================

  Q12 Results (ComBit values):
  l_shipmode  high_line_count  low_line_count
  MAIL                 62071           93045
  SHIP                 62426           93261
  Consistency: ALL MATCH

[Baseline] DuckDB native SQL  (single run: 1227.07 ms)
  SQL ground truth: MAIL=(62071,93045)  SHIP=(62426,93261)
[OK] all active backends match DuckDB SQL ground truth (per-shipmode high/low counts exact).

================================================================
  Q12 RESULTS (8 measured iterations, median +/- stddev)
================================================================
                  CB (ms)         CR (ms)        CRR (ms)        WAH (ms)        EW (ms)
  -----------------------------------------------------------------------------------------
  OR_date          91.84 +/-  1.10    215.47 +/-  0.90     35.33 +/-  0.05     38.79 +/-  0.13    882.89 +/-  1.76
  AND_pred          2.10 +/-  0.01     10.98 +/-  0.14     11.06 +/-  0.07      1.44 +/-  0.01     16.50 +/-  1.11
  AND+Pop          10.09 +/-  0.05      5.38 +/-  0.07      5.31 +/-  0.05     14.48 +/-  0.26     23.02 +/-  0.26
  -----------------------------------------------------------------------------------------
  TOTAL           104.02 +/-  1.08    231.89 +/-  0.98     51.74 +/-  0.11     54.80 +/-  0.29    922.44 +/-  2.59
================================================================


================================================================
  Q12 BASELINE BACKENDS (no compression / Concise)
================================================================
                  BS (ms)         BSA (ms)        Concise (ms)     BS vs WAH   BSA vs WAH   CON vs WAH
  ----------------------------------------------------------------------------------------------
  OR_date         366.88 +/-  0.70    240.75 +/-  0.65   1152.49 +/-  2.55      0.11x      0.16x      0.03x
  AND_pred          1.98 +/-  0.01      1.32 +/-  0.00     60.45 +/-  2.16      0.72x      1.09x      0.02x
  AND+Pop          11.03 +/-  0.37      6.33 +/-  0.11     76.12 +/-  0.14      1.31x      2.29x      0.19x
  ----------------------------------------------------------------------------------------------
  TOTAL           380.09 +/-  0.97    248.43 +/-  0.73   1289.05 +/-  4.36      0.14x      0.22x      0.04x
================================================================

  [CSV] Results written to: q12_results_SF10.csv
┌────────────┬─────────────────┬────────────────┐
│ l_shipmode │ high_line_count │ low_line_count │
│  varchar   │     int128      │     int128     │
├────────────┼─────────────────┼────────────────┤
│ MAIL       │           62071 │          93045 │
│ SHIP       │           62426 │          93261 │
└────────────┴─────────────────┴────────────────┘
  [Breakdown] ComBit   L1=44.69 MiB  L2=11.42 MiB  L3=8.02 MiB  L4=5.18 MiB  total=69.31 MiB
