# cwd=/home/lichenhang/lee/thesis/check/lee/duckdb-dev
# cmd=/home/lichenhang/lee/thesis/check/lee/duckdb-dev/build/release/duckdb /home/lichenhang/lee/thesis/check/lee/duckdb-dev/tpch_sf10.db -c PRAGMA bm_tpch(14);

================================================================
  TPC-H Q14 Benchmark — 8 backends (SF10)
  OR shipdate days 1339..1368 (30 bitmaps), AND is_promo, then per-row revenue aggregation
  TPC-H params: l_shipdate [1995-09-01, 1995-10-01), p_type LIKE 'PROMO%'
  Bitmap dirs: tpch_q14_combit tpch_q14_croaring tpch_q14_wah tpch_q14_ewah
  Iterations: 10 (first 2 = warm-up)
================================================================

[Pre-load] Loading 59986052 rows (price, discount) ...
[Pre-load] Done in 785.191 ms

[Load] Loading bitmaps (mode=ALL)...
  WAH load:      13.84 ms
  ComBit load:   46.009 ms
  CRoaring load: 12.24 ms
  CRR load:      13.118 ms
  EWAH load:     11.521 ms
  Bitset load:   146.472 ms (shared by BS / BSA)
  Concise load:  112.991 ms
  WAH      on disk: 7.38 MiB
  ComBit   on disk: 6.43 MiB
  CRoaring on disk: 7.16 MiB (shared by CR / CRR)
  EWAH     on disk: 7.15 MiB

--- Iteration 1/10 (warm-up) ---
  CB:   OR=9.30  AND_pro=4.84  Agg=40.07  Total=54.22  promo=16.65%
  CR:   OR=16.34  AND_pro=1.07  Agg=18.47  Total=35.88  promo=16.65%
  CRR:  OR=7.96  AND_pro=1.14  Agg=16.79  Total=25.89  promo=16.65%
  WAH:  OR=6.29  AND_pro=4.36  Agg=35.58  Total=46.22  promo=16.65%
  EW:   OR=54.38  AND_pro=6.58  Agg=18.75  Total=79.71  promo=16.65%
  BS:   OR=30.83  AND_pro=2.73  Agg=11.98  Total=45.54  promo=16.65%
  BSA:  OR=20.31  AND_pro=1.83  Agg=11.72  Total=33.86  promo=16.65%
  CON:  OR=67.80  AND_pro=22.30  Agg=23.10  Total=113.20  promo=16.65%

--- Iteration 2/10 (warm-up) ---
  CB:   OR=10.17  AND_pro=5.05  Agg=26.01  Total=41.23  promo=16.65%
  CR:   OR=16.94  AND_pro=1.11  Agg=13.90  Total=31.95  promo=16.65%
  CRR:  OR=8.11  AND_pro=1.14  Agg=12.77  Total=22.03  promo=16.65%
  WAH:  OR=4.01  AND_pro=2.40  Agg=30.80  Total=37.22  promo=16.65%
  EW:   OR=54.33  AND_pro=6.63  Agg=14.83  Total=75.79  promo=16.65%
  BS:   OR=30.13  AND_pro=2.73  Agg=11.20  Total=44.07  promo=16.65%
  BSA:  OR=20.29  AND_pro=1.77  Agg=12.70  Total=34.76  promo=16.65%
  CON:  OR=67.74  AND_pro=18.45  Agg=18.14  Total=104.32  promo=16.65%

--- Iteration 3/10 ---
  CB:   OR=10.69  AND_pro=5.09  Agg=22.41  Total=38.19  promo=16.65%
  CR:   OR=16.54  AND_pro=1.08  Agg=10.57  Total=28.20  promo=16.65%
  CRR:  OR=8.02  AND_pro=1.16  Agg=10.06  Total=19.24  promo=16.65%
  WAH:  OR=3.91  AND_pro=2.27  Agg=28.61  Total=34.80  promo=16.65%
  EW:   OR=59.09  AND_pro=6.65  Agg=15.18  Total=80.94  promo=16.65%
  BS:   OR=30.98  AND_pro=2.81  Agg=11.48  Total=45.28  promo=16.65%
  BSA:  OR=20.34  AND_pro=1.77  Agg=11.02  Total=33.13  promo=16.65%
  CON:  OR=67.85  AND_pro=18.45  Agg=22.72  Total=109.02  promo=16.65%

--- Iteration 4/10 ---
  CB:   OR=10.21  AND_pro=5.13  Agg=25.73  Total=41.08  promo=16.65%
  CR:   OR=16.56  AND_pro=1.09  Agg=13.78  Total=31.43  promo=16.65%
  CRR:  OR=8.16  AND_pro=1.15  Agg=12.97  Total=22.29  promo=16.65%
  WAH:  OR=3.98  AND_pro=2.29  Agg=30.58  Total=36.85  promo=16.65%
  EW:   OR=59.00  AND_pro=6.59  Agg=14.85  Total=80.44  promo=16.65%
  BS:   OR=30.24  AND_pro=2.62  Agg=11.35  Total=44.20  promo=16.65%
  BSA:  OR=20.27  AND_pro=1.77  Agg=10.94  Total=32.99  promo=16.65%
  CON:  OR=67.71  AND_pro=18.45  Agg=19.71  Total=105.87  promo=16.65%

--- Iteration 5/10 ---
  CB:   OR=10.19  AND_pro=5.00  Agg=23.12  Total=38.31  promo=16.65%
  CR:   OR=16.69  AND_pro=1.12  Agg=10.66  Total=28.47  promo=16.65%
  CRR:  OR=8.04  AND_pro=1.17  Agg=9.43  Total=18.64  promo=16.65%
  WAH:  OR=6.24  AND_pro=4.31  Agg=30.00  Total=40.54  promo=16.65%
  EW:   OR=55.06  AND_pro=6.58  Agg=19.31  Total=80.96  promo=16.65%
  BS:   OR=30.04  AND_pro=2.09  Agg=11.84  Total=43.96  promo=16.65%
  BSA:  OR=20.28  AND_pro=1.74  Agg=11.63  Total=33.65  promo=16.65%
  CON:  OR=67.52  AND_pro=18.46  Agg=21.93  Total=107.91  promo=16.65%

--- Iteration 6/10 ---
  CB:   OR=8.06  AND_pro=1.64  Agg=24.87  Total=34.56  promo=16.65%
  CR:   OR=16.79  AND_pro=1.12  Agg=12.89  Total=30.81  promo=16.65%
  CRR:  OR=6.39  AND_pro=1.17  Agg=12.78  Total=20.34  promo=16.65%
  WAH:  OR=3.73  AND_pro=2.31  Agg=30.09  Total=36.13  promo=16.65%
  EW:   OR=53.80  AND_pro=6.57  Agg=15.13  Total=75.51  promo=16.65%
  BS:   OR=30.64  AND_pro=2.69  Agg=11.30  Total=44.63  promo=16.65%
  BSA:  OR=20.31  AND_pro=1.81  Agg=10.84  Total=32.96  promo=16.65%
  CON:  OR=67.52  AND_pro=18.41  Agg=20.84  Total=106.77  promo=16.65%

--- Iteration 7/10 ---
  CB:   OR=7.97  AND_pro=1.75  Agg=23.56  Total=33.28  promo=16.65%
  CR:   OR=16.67  AND_pro=1.11  Agg=11.36  Total=29.14  promo=16.65%
  CRR:  OR=6.40  AND_pro=1.16  Agg=10.04  Total=17.60  promo=16.65%
  WAH:  OR=3.74  AND_pro=2.19  Agg=29.06  Total=35.00  promo=16.65%
  EW:   OR=53.85  AND_pro=6.57  Agg=18.38  Total=78.79  promo=16.65%
  BS:   OR=30.36  AND_pro=2.21  Agg=11.87  Total=44.45  promo=16.65%
  BSA:  OR=20.46  AND_pro=1.77  Agg=11.51  Total=33.74  promo=16.65%
  CON:  OR=67.68  AND_pro=18.45  Agg=20.96  Total=107.09  promo=16.65%

--- Iteration 8/10 ---
  CB:   OR=10.48  AND_pro=4.90  Agg=23.39  Total=38.78  promo=16.65%
  CR:   OR=16.65  AND_pro=1.13  Agg=11.19  Total=28.96  promo=16.65%
  CRR:  OR=8.04  AND_pro=1.15  Agg=9.86  Total=19.05  promo=16.65%
  WAH:  OR=3.97  AND_pro=2.29  Agg=28.21  Total=34.48  promo=16.65%
  EW:   OR=58.99  AND_pro=6.62  Agg=18.15  Total=83.77  promo=16.65%
  BS:   OR=30.66  AND_pro=2.15  Agg=12.52  Total=45.33  promo=16.65%
  BSA:  OR=20.36  AND_pro=1.75  Agg=11.70  Total=33.82  promo=16.65%
  CON:  OR=67.75  AND_pro=18.56  Agg=24.16  Total=110.47  promo=16.65%

--- Iteration 9/10 ---
  CB:   OR=10.68  AND_pro=5.15  Agg=26.36  Total=42.19  promo=16.65%
  CR:   OR=16.62  AND_pro=1.16  Agg=14.28  Total=32.05  promo=16.65%
  CRR:  OR=6.33  AND_pro=1.15  Agg=10.97  Total=18.45  promo=16.65%
  WAH:  OR=3.69  AND_pro=2.94  Agg=28.38  Total=35.01  promo=16.65%
  EW:   OR=53.70  AND_pro=6.58  Agg=15.84  Total=76.11  promo=16.65%
  BS:   OR=30.39  AND_pro=2.07  Agg=11.38  Total=43.84  promo=16.65%
  BSA:  OR=20.25  AND_pro=1.75  Agg=11.01  Total=33.02  promo=16.65%
  CON:  OR=67.69  AND_pro=18.42  Agg=20.06  Total=106.18  promo=16.65%

--- Iteration 10/10 ---
  CB:   OR=7.86  AND_pro=1.72  Agg=23.61  Total=33.19  promo=16.65%
  CR:   OR=16.45  AND_pro=1.11  Agg=11.83  Total=29.39  promo=16.65%
  CRR:  OR=6.32  AND_pro=1.19  Agg=9.99  Total=17.49  promo=16.65%
  WAH:  OR=3.80  AND_pro=2.10  Agg=28.30  Total=34.20  promo=16.65%
  EW:   OR=53.69  AND_pro=6.57  Agg=17.93  Total=78.19  promo=16.65%
  BS:   OR=30.70  AND_pro=2.57  Agg=12.44  Total=45.71  promo=16.65%
  BSA:  OR=20.49  AND_pro=1.83  Agg=11.97  Total=34.30  promo=16.65%
  CON:  OR=67.46  AND_pro=18.38  Agg=21.39  Total=107.23  promo=16.65%

================================================================
  Q14 Correctness Validation
================================================================
  Q14 Result (ComBit):
    promo_revenue = 16.6476  %  (promo_rev=45330799274176 total_rev=272296385352695)
  Consistency: ALL MATCH

[Baseline] DuckDB native SQL  (single run: 890.59 ms)
  SQL ground truth:  promo_revenue = 16.6476 %
[OK] all active backends match DuckDB SQL ground truth (promo_revenue within 0.0000).

================================================================
  Q14 RESULTS (8 measured iterations, median +/- stddev)
================================================================
                  CB (ms)         CR (ms)        CRR (ms)        WAH (ms)        EW (ms)
  -----------------------------------------------------------------------------------------
  OR_date          10.20 +/-  1.22     16.63 +/-  0.10      7.21 +/-  0.85      3.86 +/-  0.80     54.45 +/-  2.46
  AND_pro           4.95 +/-  1.63      1.12 +/-  0.02      1.16 +/-  0.01      2.29 +/-  0.69      6.58 +/-  0.03
  Agg              23.59 +/-  1.28     11.59 +/-  1.33     10.05 +/-  1.28     28.83 +/-  0.88     16.88 +/-  1.66
  -----------------------------------------------------------------------------------------
  TOTAL            38.25 +/-  3.21     29.26 +/-  1.34     18.85 +/-  1.47     35.00 +/-  1.95     79.62 +/-  2.57
================================================================

================================================================
  Q14 BASELINE BACKENDS (no compression / Concise)
================================================================
                  BS (ms)         BSA (ms)        Concise (ms)     BS vs WAH   BSA vs WAH   CON vs WAH
  ----------------------------------------------------------------------------------------------
  OR_date          30.51 +/-  0.28     20.33 +/-  0.08     67.69 +/-  0.13      0.13x      0.19x      0.06x
  AND_pro           2.39 +/-  0.28      1.77 +/-  0.03     18.45 +/-  0.05      0.96x      1.30x      0.12x
  Agg              11.66 +/-  0.46     11.26 +/-  0.40     21.18 +/-  1.36      2.47x      2.56x      1.36x
  ----------------------------------------------------------------------------------------------
  TOTAL            44.54 +/-  0.65     33.39 +/-  0.46    107.16 +/-  1.43      0.79x      1.05x      0.33x
================================================================

  [CSV] Results written to: q14_results_SF10.csv
┌────────────────────┐
│   promo_revenue    │
│       double       │
├────────────────────┤
│ 16.647594941615097 │
└────────────────────┘
  [Breakdown] ComBit   L1=6.19 MiB  L2=1.48 MiB  L3=0.71 MiB  L4=0.43 MiB  total=8.81 MiB
