# cwd=/home/lichenhang/lee/thesis/check/lee/duckdb-dev
# cmd=/home/lichenhang/lee/thesis/check/lee/duckdb-dev/build/release/duckdb /home/lichenhang/lee/thesis/check/lee/duckdb-dev/tpch_sf10.db -c PRAGMA bm_tpch(15);

================================================================
  TPC-H Q15 Benchmark — 8 backends (SF10)
  OR shipdate days 1461..1551 (91 bitmaps), then per-row revenue aggregation grouped by l_suppkey
  TPC-H params: l_shipdate [1996-01-01, 1996-04-01)
  Bitmap dirs: tpch_q15_combit tpch_q15_croaring tpch_q15_wah tpch_q15_ewah
  Iterations: 10 (first 2 = warm-up)
================================================================

[Pre-load] Streaming lineitem (suppkey, price, discount) ...
[Pre-load] 59986052 rows in 1044.42 ms  (max_suppkey=100000)

[Load] Loading shipdate bitmaps (mode=ALL)...
  WAH load:      21.209 ms
  ComBit load:   116.615 ms
  CRoaring load: 9.037 ms
  CRR load:      11.588 ms
  EWAH load:     20.539 ms
  Bitset load:   309.936 ms (shared by BS / BSA)
  Concise load:  38.126 ms
  WAH      on disk: 0.00 MiB
  ComBit   on disk: 0.00 MiB
  CRoaring on disk: 0.00 MiB (shared by CR / CRR)
  EWAH     on disk: 0.00 MiB

--- Iteration 1/10 (warm-up) ---
  CB:   OR=24.72  Agg=44.24  Total=68.96  max=2194132.82  ties=1
  CR:   OR=87.98  Agg=55.83  Total=143.81  max=2194132.82  ties=1
  CRR:  OR=14.15  Agg=55.69  Total=69.83  max=2194132.82  ties=1
  WAH:  OR=12.31  Agg=72.88  Total=85.19  max=2194132.82  ties=1
  EW:   OR=206.25  Agg=53.16  Total=259.41  max=2194132.82  ties=1
  BS:   OR=92.23  Agg=29.13  Total=121.37  max=2194132.82  ties=1
  BSA:  OR=59.07  Agg=28.96  Total=88.03  max=2194132.82  ties=1
  CON:  OR=248.10  Agg=60.19  Total=308.29  max=2194132.82  ties=1

--- Iteration 2/10 (warm-up) ---
  CB:   OR=22.85  Agg=44.21  Total=67.07  max=2194132.82  ties=1
  CR:   OR=85.86  Agg=55.55  Total=141.41  max=2194132.82  ties=1
  CRR:  OR=12.05  Agg=55.80  Total=67.85  max=2194132.82  ties=1
  WAH:  OR=10.33  Agg=78.26  Total=88.59  max=2194132.82  ties=1
  EW:   OR=201.25  Agg=52.84  Total=254.10  max=2194132.82  ties=1
  BS:   OR=92.15  Agg=29.17  Total=121.32  max=2194132.82  ties=1
  BSA:  OR=59.37  Agg=29.15  Total=88.52  max=2194132.82  ties=1
  CON:  OR=247.82  Agg=60.29  Total=308.11  max=2194132.82  ties=1

--- Iteration 3/10 ---
  CB:   OR=23.12  Agg=44.60  Total=67.71  max=2194132.82  ties=1
  CR:   OR=85.75  Agg=55.66  Total=141.42  max=2194132.82  ties=1
  CRR:  OR=12.07  Agg=58.71  Total=70.78  max=2194132.82  ties=1
  WAH:  OR=12.26  Agg=74.20  Total=86.46  max=2194132.82  ties=1
  EW:   OR=206.45  Agg=52.97  Total=259.42  max=2194132.82  ties=1
  BS:   OR=89.87  Agg=29.20  Total=119.07  max=2194132.82  ties=1
  BSA:  OR=59.28  Agg=29.18  Total=88.46  max=2194132.82  ties=1
  CON:  OR=243.96  Agg=60.30  Total=304.26  max=2194132.82  ties=1

--- Iteration 4/10 ---
  CB:   OR=22.52  Agg=44.18  Total=66.70  max=2194132.82  ties=1
  CR:   OR=86.84  Agg=56.24  Total=143.09  max=2194132.82  ties=1
  CRR:  OR=12.11  Agg=55.35  Total=67.46  max=2194132.82  ties=1
  WAH:  OR=10.29  Agg=76.92  Total=87.21  max=2194132.82  ties=1
  EW:   OR=202.25  Agg=52.88  Total=255.12  max=2194132.82  ties=1
  BS:   OR=90.49  Agg=29.23  Total=119.72  max=2194132.82  ties=1
  BSA:  OR=59.35  Agg=29.05  Total=88.40  max=2194132.82  ties=1
  CON:  OR=244.07  Agg=60.72  Total=304.79  max=2194132.82  ties=1

--- Iteration 5/10 ---
  CB:   OR=22.71  Agg=45.52  Total=68.23  max=2194132.82  ties=1
  CR:   OR=87.16  Agg=55.58  Total=142.74  max=2194132.82  ties=1
  CRR:  OR=12.21  Agg=55.75  Total=67.95  max=2194132.82  ties=1
  WAH:  OR=10.46  Agg=72.50  Total=82.96  max=2194132.82  ties=1
  EW:   OR=200.44  Agg=53.00  Total=253.44  max=2194132.82  ties=1
  BS:   OR=90.76  Agg=29.21  Total=119.97  max=2194132.82  ties=1
  BSA:  OR=59.36  Agg=28.99  Total=88.34  max=2194132.82  ties=1
  CON:  OR=243.24  Agg=60.28  Total=303.51  max=2194132.82  ties=1

--- Iteration 6/10 ---
  CB:   OR=22.43  Agg=44.14  Total=66.57  max=2194132.82  ties=1
  CR:   OR=86.08  Agg=56.14  Total=142.22  max=2194132.82  ties=1
  CRR:  OR=12.17  Agg=55.48  Total=67.64  max=2194132.82  ties=1
  WAH:  OR=10.58  Agg=72.52  Total=83.10  max=2194132.82  ties=1
  EW:   OR=196.84  Agg=52.75  Total=249.59  max=2194132.82  ties=1
  BS:   OR=89.39  Agg=29.13  Total=118.51  max=2194132.82  ties=1
  BSA:  OR=59.40  Agg=28.98  Total=88.38  max=2194132.82  ties=1
  CON:  OR=247.19  Agg=60.79  Total=307.98  max=2194132.82  ties=1

--- Iteration 7/10 ---
  CB:   OR=21.99  Agg=44.27  Total=66.26  max=2194132.82  ties=1
  CR:   OR=86.11  Agg=55.60  Total=141.71  max=2194132.82  ties=1
  CRR:  OR=12.05  Agg=55.65  Total=67.70  max=2194132.82  ties=1
  WAH:  OR=10.43  Agg=72.44  Total=82.87  max=2194132.82  ties=1
  EW:   OR=196.42  Agg=53.05  Total=249.47  max=2194132.82  ties=1
  BS:   OR=90.94  Agg=29.22  Total=120.17  max=2194132.82  ties=1
  BSA:  OR=59.17  Agg=29.24  Total=88.41  max=2194132.82  ties=1
  CON:  OR=243.59  Agg=60.63  Total=304.22  max=2194132.82  ties=1

--- Iteration 8/10 ---
  CB:   OR=22.41  Agg=44.16  Total=66.56  max=2194132.82  ties=1
  CR:   OR=89.66  Agg=55.56  Total=145.21  max=2194132.82  ties=1
  CRR:  OR=12.12  Agg=55.39  Total=67.50  max=2194132.82  ties=1
  WAH:  OR=10.40  Agg=72.63  Total=83.03  max=2194132.82  ties=1
  EW:   OR=206.00  Agg=53.26  Total=259.26  max=2194132.82  ties=1
  BS:   OR=92.48  Agg=29.40  Total=121.88  max=2194132.82  ties=1
  BSA:  OR=59.45  Agg=29.24  Total=88.70  max=2194132.82  ties=1
  CON:  OR=253.26  Agg=60.40  Total=313.66  max=2194132.82  ties=1

--- Iteration 9/10 ---
  CB:   OR=23.90  Agg=44.26  Total=68.16  max=2194132.82  ties=1
  CR:   OR=85.59  Agg=55.50  Total=141.09  max=2194132.82  ties=1
  CRR:  OR=12.16  Agg=55.72  Total=67.88  max=2194132.82  ties=1
  WAH:  OR=10.65  Agg=72.58  Total=83.23  max=2194132.82  ties=1
  EW:   OR=207.16  Agg=53.04  Total=260.20  max=2194132.82  ties=1
  BS:   OR=91.82  Agg=29.06  Total=120.88  max=2194132.82  ties=1
  BSA:  OR=59.27  Agg=29.35  Total=88.62  max=2194132.82  ties=1
  CON:  OR=247.88  Agg=60.37  Total=308.25  max=2194132.82  ties=1

--- Iteration 10/10 ---
  CB:   OR=23.40  Agg=44.20  Total=67.60  max=2194132.82  ties=1
  CR:   OR=85.86  Agg=55.65  Total=141.51  max=2194132.82  ties=1
  CRR:  OR=12.09  Agg=55.64  Total=67.73  max=2194132.82  ties=1
  WAH:  OR=10.12  Agg=73.01  Total=83.13  max=2194132.82  ties=1
  EW:   OR=201.72  Agg=52.83  Total=254.55  max=2194132.82  ties=1
  BS:   OR=95.27  Agg=29.26  Total=124.53  max=2194132.82  ties=1
  BSA:  OR=59.32  Agg=28.96  Total=88.28  max=2194132.82  ties=1
  CON:  OR=247.22  Agg=60.46  Total=307.69  max=2194132.82  ties=1

================================================================
  Q15 Correctness Validation
================================================================
  Q15 Result (ComBit):
    max total_revenue = 2194132.82   (fp=21941328166)   ties=1
    suppkey(s): 69998
  Consistency: ALL MATCH

  Tied supplier rows (bitmap pipeline):
    69998  Supplier#000069998  total_revenue=2194132.82

[Baseline] DuckDB native SQL  (single run: 552.74 ms)
  SQL ground truth rows: 1
    69998  Supplier#000069998  total_revenue=2194132.82
[OK] all active backends match DuckDB SQL ground truth (1 row(s), revenue within 0.01).

================================================================
  Q15 RESULTS (8 measured iterations, median +/- stddev)
================================================================
  CB    OR=22.61   +/- 0.58   Agg=44.23   +/- 0.44   Total=67.15   +/- 0.74  (ms)
  CR    OR=86.09   +/- 1.25   Agg=55.63   +/- 0.27   Total=141.97  +/- 1.25  (ms)
  CRR   OR=12.11   +/- 0.05   Agg=55.64   +/- 1.05   Total=67.72   +/- 1.03  (ms)
  WAH   OR=10.45   +/- 0.63   Agg=72.60   +/- 1.46   Total=83.11   +/- 1.65  (ms)
  EW    OR=201.98  +/- 3.91   Agg=52.98   +/- 0.15   Total=254.84  +/- 3.99  (ms)
  BS    OR=90.85   +/- 1.74   Agg=29.22   +/- 0.09   Total=120.07  +/- 1.78  (ms)
  BSA   OR=59.34   +/- 0.08   Agg=29.11   +/- 0.14   Total=88.41   +/- 0.13  (ms)
  CON   OR=245.63  +/- 3.16   Agg=60.43   +/- 0.18   Total=306.24  +/- 3.15  (ms)
================================================================

  [CSV] Results written to: q15_results_SF10.csv
┌───────────┬────────────────────┬──────────────────────────────────────────┬─────────────────┬───────────────┐
│ s_suppkey │       s_name       │                s_address                 │     s_phone     │ total_revenue │
│   int64   │      varchar       │                 varchar                  │     varchar     │ decimal(38,4) │
├───────────┼────────────────────┼──────────────────────────────────────────┼─────────────────┼───────────────┤
│     69998 │ Supplier#000069998 │ 117W54YtKASNfzkZRS8P32856BMj0HKf895vdukw │ 16-386-278-9829 │  2194132.8166 │
└───────────┴────────────────────┴──────────────────────────────────────────┴─────────────────┴───────────────┘
  [Breakdown] ComBit   L1=2.13 MiB  L2=2.10 MiB  L3=1.92 MiB  L4=1.27 MiB  total=7.43 MiB
