# cwd=/home/lichenhang/lee/thesis/check/lee/duckdb-dev
# cmd=/home/lichenhang/lee/thesis/check/lee/duckdb-dev/build/release/duckdb /home/lichenhang/lee/thesis/check/lee/duckdb-dev/tpch_sf10.db -c PRAGMA bm_tpch(17);

================================================================
  TPC-H Q17 Benchmark — 8 backends (SF10)
  Single-bitmap two-pass aggregation over is_q17_part.
  TPC-H params: p_brand='Brand#23', p_container='MED BOX'
  Bitmap dirs: tpch_q17_combit tpch_q17_croaring tpch_q17_wah tpch_q17_ewah
  Iterations: 10 (first 2 = warm-up)
================================================================

[Pre-load] Loading 59986052 rows (partkey, quantity, extendedprice) ...
[Pre-load] 59986052 rows in 1332.66 ms  (max_partkey=2000000)

[Load] Loading is_q17_part bitmaps (mode=ALL)...
  WAH load:      0.609 ms
  ComBit load:   1.879 ms
  CRoaring load: 0.206 ms
  CRR load:      0.191 ms
  EWAH load:     0.524 ms
  Bitset load:   3.826 ms (shared by BS / BSA)
  Concise load:  1.056 ms
  WAH      on disk: 0.45 MiB
  ComBit   on disk: 0.27 MiB
  CRoaring on disk: 0.12 MiB (shared by CR / CRR)
  EWAH     on disk: 0.88 MiB

--- Iteration 1/10 (warm-up) ---
  CB:   Pass1=9.73  Pass2=3.54  Total=13.27  avg_yearly=3295493.51
  CR:   Pass1=5.46  Pass2=1.54  Total=7.00  avg_yearly=3295493.51
  CRR:  Pass1=5.13  Pass2=1.51  Total=6.63  avg_yearly=3295493.51
  WAH:  Pass1=6.50  Pass2=2.94  Total=9.44  avg_yearly=3295493.51
  EW:   Pass1=5.53  Pass2=1.53  Total=7.06  avg_yearly=3295493.51
  BS:   Pass1=6.28  Pass2=2.59  Total=8.88  avg_yearly=3295493.51
  BSA:  Pass1=6.09  Pass2=2.45  Total=8.54  avg_yearly=3295493.51
  CON:  Pass1=5.79  Pass2=1.94  Total=7.73  avg_yearly=3295493.51

--- Iteration 2/10 (warm-up) ---
  CB:   Pass1=5.43  Pass2=1.76  Total=7.18  avg_yearly=3295493.51
  CR:   Pass1=5.04  Pass2=1.40  Total=6.45  avg_yearly=3295493.51
  CRR:  Pass1=5.00  Pass2=1.39  Total=6.39  avg_yearly=3295493.51
  WAH:  Pass1=6.30  Pass2=2.75  Total=9.05  avg_yearly=3295493.51
  EW:   Pass1=5.40  Pass2=1.43  Total=6.83  avg_yearly=3295493.51
  BS:   Pass1=6.01  Pass2=2.42  Total=8.43  avg_yearly=3295493.51
  BSA:  Pass1=6.00  Pass2=2.45  Total=8.45  avg_yearly=3295493.51
  CON:  Pass1=5.81  Pass2=1.93  Total=7.74  avg_yearly=3295493.51

--- Iteration 3/10 ---
  CB:   Pass1=5.34  Pass2=1.73  Total=7.07  avg_yearly=3295493.51
  CR:   Pass1=5.03  Pass2=1.40  Total=6.43  avg_yearly=3295493.51
  CRR:  Pass1=4.96  Pass2=1.40  Total=6.36  avg_yearly=3295493.51
  WAH:  Pass1=6.30  Pass2=2.74  Total=9.04  avg_yearly=3295493.51
  EW:   Pass1=5.39  Pass2=1.45  Total=6.83  avg_yearly=3295493.51
  BS:   Pass1=6.04  Pass2=2.41  Total=8.44  avg_yearly=3295493.51
  BSA:  Pass1=6.01  Pass2=2.40  Total=8.41  avg_yearly=3295493.51
  CON:  Pass1=5.84  Pass2=1.96  Total=7.81  avg_yearly=3295493.51

--- Iteration 4/10 ---
  CB:   Pass1=5.39  Pass2=1.72  Total=7.11  avg_yearly=3295493.51
  CR:   Pass1=4.97  Pass2=1.40  Total=6.36  avg_yearly=3295493.51
  CRR:  Pass1=4.98  Pass2=1.39  Total=6.37  avg_yearly=3295493.51
  WAH:  Pass1=6.32  Pass2=2.75  Total=9.06  avg_yearly=3295493.51
  EW:   Pass1=5.38  Pass2=1.43  Total=6.81  avg_yearly=3295493.51
  BS:   Pass1=6.00  Pass2=2.42  Total=8.43  avg_yearly=3295493.51
  BSA:  Pass1=6.08  Pass2=2.41  Total=8.49  avg_yearly=3295493.51
  CON:  Pass1=5.78  Pass2=1.92  Total=7.70  avg_yearly=3295493.51

--- Iteration 5/10 ---
  CB:   Pass1=5.35  Pass2=1.72  Total=7.07  avg_yearly=3295493.51
  CR:   Pass1=5.00  Pass2=1.40  Total=6.39  avg_yearly=3295493.51
  CRR:  Pass1=5.02  Pass2=1.39  Total=6.41  avg_yearly=3295493.51
  WAH:  Pass1=6.29  Pass2=2.73  Total=9.01  avg_yearly=3295493.51
  EW:   Pass1=5.36  Pass2=1.45  Total=6.81  avg_yearly=3295493.51
  BS:   Pass1=6.03  Pass2=2.41  Total=8.45  avg_yearly=3295493.51
  BSA:  Pass1=6.01  Pass2=2.41  Total=8.42  avg_yearly=3295493.51
  CON:  Pass1=5.80  Pass2=1.92  Total=7.72  avg_yearly=3295493.51

--- Iteration 6/10 ---
  CB:   Pass1=5.43  Pass2=1.72  Total=7.15  avg_yearly=3295493.51
  CR:   Pass1=5.03  Pass2=1.39  Total=6.42  avg_yearly=3295493.51
  CRR:  Pass1=5.12  Pass2=1.40  Total=6.52  avg_yearly=3295493.51
  WAH:  Pass1=6.33  Pass2=2.86  Total=9.19  avg_yearly=3295493.51
  EW:   Pass1=5.40  Pass2=1.44  Total=6.85  avg_yearly=3295493.51
  BS:   Pass1=6.02  Pass2=2.41  Total=8.43  avg_yearly=3295493.51
  BSA:  Pass1=6.03  Pass2=2.42  Total=8.45  avg_yearly=3295493.51
  CON:  Pass1=5.78  Pass2=1.92  Total=7.70  avg_yearly=3295493.51

--- Iteration 7/10 ---
  CB:   Pass1=5.40  Pass2=1.71  Total=7.11  avg_yearly=3295493.51
  CR:   Pass1=5.03  Pass2=1.39  Total=6.42  avg_yearly=3295493.51
  CRR:  Pass1=4.96  Pass2=1.39  Total=6.35  avg_yearly=3295493.51
  WAH:  Pass1=6.29  Pass2=2.72  Total=9.02  avg_yearly=3295493.51
  EW:   Pass1=5.33  Pass2=1.44  Total=6.77  avg_yearly=3295493.51
  BS:   Pass1=6.05  Pass2=2.41  Total=8.45  avg_yearly=3295493.51
  BSA:  Pass1=6.05  Pass2=2.42  Total=8.46  avg_yearly=3295493.51
  CON:  Pass1=5.78  Pass2=1.91  Total=7.70  avg_yearly=3295493.51

--- Iteration 8/10 ---
  CB:   Pass1=5.40  Pass2=1.73  Total=7.12  avg_yearly=3295493.51
  CR:   Pass1=4.96  Pass2=1.38  Total=6.34  avg_yearly=3295493.51
  CRR:  Pass1=4.99  Pass2=1.39  Total=6.38  avg_yearly=3295493.51
  WAH:  Pass1=6.29  Pass2=2.75  Total=9.04  avg_yearly=3295493.51
  EW:   Pass1=5.37  Pass2=1.44  Total=6.81  avg_yearly=3295493.51
  BS:   Pass1=6.07  Pass2=2.41  Total=8.48  avg_yearly=3295493.51
  BSA:  Pass1=6.01  Pass2=2.40  Total=8.42  avg_yearly=3295493.51
  CON:  Pass1=5.79  Pass2=1.92  Total=7.71  avg_yearly=3295493.51

--- Iteration 9/10 ---
  CB:   Pass1=5.43  Pass2=1.71  Total=7.14  avg_yearly=3295493.51
  CR:   Pass1=4.98  Pass2=1.40  Total=6.38  avg_yearly=3295493.51
  CRR:  Pass1=5.02  Pass2=1.38  Total=6.40  avg_yearly=3295493.51
  WAH:  Pass1=6.31  Pass2=2.72  Total=9.04  avg_yearly=3295493.51
  EW:   Pass1=5.34  Pass2=1.44  Total=6.78  avg_yearly=3295493.51
  BS:   Pass1=6.03  Pass2=2.42  Total=8.45  avg_yearly=3295493.51
  BSA:  Pass1=6.00  Pass2=2.40  Total=8.40  avg_yearly=3295493.51
  CON:  Pass1=5.80  Pass2=1.92  Total=7.72  avg_yearly=3295493.51

--- Iteration 10/10 ---
  CB:   Pass1=5.40  Pass2=1.74  Total=7.14  avg_yearly=3295493.51
  CR:   Pass1=5.03  Pass2=1.39  Total=6.41  avg_yearly=3295493.51
  CRR:  Pass1=4.97  Pass2=1.40  Total=6.37  avg_yearly=3295493.51
  WAH:  Pass1=6.30  Pass2=2.74  Total=9.04  avg_yearly=3295493.51
  EW:   Pass1=5.34  Pass2=1.45  Total=6.79  avg_yearly=3295493.51
  BS:   Pass1=6.00  Pass2=2.40  Total=8.40  avg_yearly=3295493.51
  BSA:  Pass1=6.01  Pass2=2.41  Total=8.42  avg_yearly=3295493.51
  CON:  Pass1=5.80  Pass2=1.92  Total=7.73  avg_yearly=3295493.51

================================================================
  Q17 Correctness Validation
================================================================
  Q17 Result (ComBit):
    avg_yearly = 3295493.51   (sum_ep×100 = 2306845459)
  Consistency: ALL MATCH

[Baseline] DuckDB native SQL  (single run: 1306.25 ms)
  SQL ground truth:  avg_yearly = 3295493.51
[OK] all active backends match DuckDB SQL ground truth (avg_yearly within 0.00).

================================================================
  Q17 RESULTS (8 measured iterations, median +/- stddev)
================================================================
  CB    Pass1=5.40    +/- 0.03   Pass2=1.72    +/- 0.01   Total=7.12    +/- 0.03  (ms)
  CR    Pass1=5.01    +/- 0.03   Pass2=1.39    +/- 0.01   Total=6.40    +/- 0.03  (ms)
  CRR   Pass1=4.98    +/- 0.05   Pass2=1.39    +/- 0.01   Total=6.38    +/- 0.05  (ms)
  WAH   Pass1=6.30    +/- 0.01   Pass2=2.74    +/- 0.04   Total=9.04    +/- 0.05  (ms)
  EW    Pass1=5.36    +/- 0.02   Pass2=1.44    +/- 0.00   Total=6.81    +/- 0.02  (ms)
  BS    Pass1=6.03    +/- 0.02   Pass2=2.41    +/- 0.01   Total=8.45    +/- 0.02  (ms)
  BSA   Pass1=6.01    +/- 0.02   Pass2=2.41    +/- 0.01   Total=8.42    +/- 0.03  (ms)
  CON   Pass1=5.80    +/- 0.02   Pass2=1.92    +/- 0.02   Total=7.71    +/- 0.03  (ms)
================================================================

  [CSV] Results written to: q17_results_SF10.csv
┌───────────────────┐
│    avg_yearly     │
│      double       │
├───────────────────┤
│ 3295493.512857143 │
└───────────────────┘
  [Breakdown] ComBit   L1=0.06 MiB  L2=0.06 MiB  L3=0.05 MiB  L4=0.01 MiB  total=0.17 MiB
