# cwd=/home/lichenhang/lee/thesis/check/lee/duckdb-dev
# cmd=/home/lichenhang/lee/thesis/check/lee/duckdb-dev/build/release/duckdb /home/lichenhang/lee/thesis/check/lee/duckdb-dev/tpch_sf10.db -c PRAGMA bm_tpch(6);

================================================================
  SYSTEM INFORMATION
================================================================
  CPU: INTEL(R) XEON(R) PLATINUM 8576C
  CPU cores: 16
  Memory: 61.4 GB
  Compiler: 13.3.0
  Optimization: enabled (-O)
  AVX-512 VBMI2: enabled
  Sizeof(void*): 8 (64-bit)

================================================================
  TPC-H Q6 Benchmark — ComBit vs WAH vs CRoaring vs EWAH (SF10, in DuckDB)
  Equality encoding on ALL columns (publication-grade)
  Bitmap dirs: tpch_q6_wah tpch_q6_combit tpch_q6_croaring tpch_q6_ewah
  Iterations: 10 (first 2 = warm-up)
  OR discount: 3 bitmaps
  OR quantity: 23 bitmaps
  OR shipdate: 365 bitmaps
  TPC-H params: discount [0.05, 0.07], quantity < 24, shipdate [1994-01-01, 1995-01-01)
================================================================

[Load] Loading bitmaps (mode=ALL)...
  WAH load:         312.7 ms (391 files)
  ComBit load:      530.7 ms (391 files)
  CRoaring load:    88.9 ms (391 files)
  CRoar+Run load:   118.4 ms (391 files)
  EWAH load:        188.4 ms (391 files)
  Bitset load:      1455.7 ms (391 files, shared by BS / BSA)
  Concise load:     957.2 ms (391 files)
  WAH      on disk: 789.93 MiB
  ComBit   on disk: 654.01 MiB
  CRoaring on disk: 325.55 MiB (shared by CR / CRR)
  EWAH     on disk: 1288.04 MiB
  Bitset in mem:    2796.02 MiB (rebuilt from CRoaring at load)
  Concise in mem:   147.14 MiB (rebuilt from CRoaring at load)

================================================================
  COMPRESSION RATIO (Q6-relevant bitmaps only)
================================================================
                 Count    Raw(MB)   ComBit(MB)  WAH(MB)  CRoar(MB)  EWAH(MB)  CB ratio  WAH ratio  CR ratio  EW ratio
  ---------------------------------------------------------------------------------------------------------------
  Discount          3      21.45       14.58    22.08     21.48     21.45      0.68      1.03      1.00      1.00
  Quantity         23     164.47       43.05   121.25     52.79    152.08      0.26      0.74      0.32      0.92
  Shipdate        365    2610.08       74.06    67.54     19.91    133.24      0.03      0.03      0.01      0.05
  ---------------------------------------------------------------------------------------------------------------
  TOTAL           391    2796.00      131.69   210.88     94.17    306.77      0.05      0.08      0.03      0.11


--- Iteration 1/10 (warm-up) ---
  WAH:  OR_disc=15.29  OR_qty=96.32  OR_ship=2439.18  AND=3.76  Decode=34.62  Total=2589.18  rows=1139264
  CB:   OR_disc=2.05  OR_qty=13.70  OR_ship=85.15  AND=1.25  Decode=6.05  Total=108.20  rows=1139264
  CR:   OR_disc=2.21  OR_qty=33.66  OR_ship=213.10  AND=11.82  Decode=2.10  Total=262.90  rows=1139264
  CRR:  OR_disc=2.18  OR_qty=15.16  OR_ship=34.60  AND=11.42  Decode=4.17  Total=67.54  rows=1139264
  EW:   OR_disc=9.41  OR_qty=219.86  OR_ship=864.43  AND=10.86  Decode=21.45  Total=1126.01  rows=1139264
  BS:   OR_disc=3.69  OR_qty=22.91  OR_ship=359.50  AND=1.93  Decode=14.45  Total=402.49  rows=1139264
  BSA:  OR_disc=2.52  OR_qty=15.47  OR_ship=234.85  AND=1.25  Decode=11.31  Total=265.40  rows=1139264
  CON:  OR_disc=24.01  OR_qty=575.72  OR_ship=1142.50  AND=48.11  Decode=19.40  Total=1809.75  rows=1139264

--- Iteration 2/10 (warm-up) ---
  WAH:  OR_disc=12.29  OR_qty=93.59  OR_ship=2426.32  AND=3.74  Decode=34.06  Total=2570.01  rows=1139264
  CB:   OR_disc=2.09  OR_qty=13.66  OR_ship=85.06  AND=1.30  Decode=5.53  Total=107.65  rows=1139264
  CR:   OR_disc=2.21  OR_qty=34.02  OR_ship=212.50  AND=11.83  Decode=2.14  Total=262.69  rows=1139264
  CRR:  OR_disc=2.23  OR_qty=15.36  OR_ship=34.22  AND=11.36  Decode=1.95  Total=65.12  rows=1139264
  EW:   OR_disc=5.50  OR_qty=217.52  OR_ship=863.72  AND=11.04  Decode=12.64  Total=1110.42  rows=1139264
  BS:   OR_disc=3.12  OR_qty=23.03  OR_ship=359.14  AND=1.89  Decode=10.01  Total=397.20  rows=1139264
  BSA:  OR_disc=2.48  OR_qty=15.44  OR_ship=235.57  AND=1.25  Decode=9.99  Total=264.74  rows=1139264
  CON:  OR_disc=22.63  OR_qty=575.30  OR_ship=1149.16  AND=45.02  Decode=19.38  Total=1811.49  rows=1139264

--- Iteration 3/10 ---
  WAH:  OR_disc=12.40  OR_qty=93.58  OR_ship=2422.28  AND=3.70  Decode=34.66  Total=2566.62  rows=1139264
  CB:   OR_disc=2.14  OR_qty=13.56  OR_ship=85.21  AND=1.29  Decode=5.51  Total=107.71  rows=1139264
  CR:   OR_disc=2.20  OR_qty=33.90  OR_ship=212.90  AND=11.81  Decode=2.17  Total=262.97  rows=1139264
  CRR:  OR_disc=2.18  OR_qty=15.24  OR_ship=34.30  AND=11.32  Decode=2.02  Total=65.06  rows=1139264
  EW:   OR_disc=5.54  OR_qty=216.72  OR_ship=860.85  AND=11.00  Decode=12.66  Total=1106.77  rows=1139264
  BS:   OR_disc=3.18  OR_qty=23.26  OR_ship=362.89  AND=1.97  Decode=10.01  Total=401.30  rows=1139264
  BSA:  OR_disc=2.46  OR_qty=15.75  OR_ship=235.69  AND=1.32  Decode=10.14  Total=265.38  rows=1139264
  CON:  OR_disc=23.22  OR_qty=575.82  OR_ship=1151.06  AND=48.64  Decode=19.53  Total=1818.28  rows=1139264

--- Iteration 4/10 ---
  WAH:  OR_disc=12.80  OR_qty=93.69  OR_ship=2427.78  AND=3.73  Decode=34.09  Total=2572.08  rows=1139264
  CB:   OR_disc=2.20  OR_qty=13.61  OR_ship=85.24  AND=1.35  Decode=5.53  Total=107.93  rows=1139264
  CR:   OR_disc=2.18  OR_qty=33.83  OR_ship=213.03  AND=12.11  Decode=2.15  Total=263.30  rows=1139264
  CRR:  OR_disc=2.25  OR_qty=15.39  OR_ship=34.43  AND=11.61  Decode=2.10  Total=65.78  rows=1139264
  EW:   OR_disc=5.64  OR_qty=217.16  OR_ship=856.61  AND=10.72  Decode=16.37  Total=1106.50  rows=1139264
  BS:   OR_disc=3.93  OR_qty=22.95  OR_ship=358.89  AND=1.88  Decode=9.89  Total=397.55  rows=1139264
  BSA:  OR_disc=2.47  OR_qty=15.49  OR_ship=235.05  AND=1.24  Decode=10.10  Total=264.34  rows=1139264
  CON:  OR_disc=22.89  OR_qty=577.35  OR_ship=1149.95  AND=49.68  Decode=19.98  Total=1819.85  rows=1139264

--- Iteration 5/10 ---
  WAH:  OR_disc=12.64  OR_qty=93.54  OR_ship=2427.81  AND=3.74  Decode=34.06  Total=2571.79  rows=1139264
  CB:   OR_disc=2.20  OR_qty=13.58  OR_ship=85.01  AND=1.35  Decode=5.57  Total=107.71  rows=1139264
  CR:   OR_disc=2.21  OR_qty=34.20  OR_ship=214.19  AND=11.91  Decode=2.15  Total=264.66  rows=1139264
  CRR:  OR_disc=2.20  OR_qty=15.33  OR_ship=34.41  AND=11.40  Decode=2.40  Total=65.74  rows=1139264
  EW:   OR_disc=5.45  OR_qty=217.16  OR_ship=867.12  AND=10.88  Decode=16.31  Total=1116.93  rows=1139264
  BS:   OR_disc=3.19  OR_qty=22.97  OR_ship=360.27  AND=1.98  Decode=10.01  Total=398.43  rows=1139264
  BSA:  OR_disc=2.48  OR_qty=15.61  OR_ship=235.87  AND=1.27  Decode=10.14  Total=265.38  rows=1139264
  CON:  OR_disc=23.76  OR_qty=577.15  OR_ship=1148.46  AND=45.47  Decode=19.67  Total=1814.52  rows=1139264

--- Iteration 6/10 ---
  WAH:  OR_disc=11.94  OR_qty=93.51  OR_ship=2431.15  AND=3.74  Decode=34.13  Total=2574.48  rows=1139264
  CB:   OR_disc=2.23  OR_qty=13.53  OR_ship=85.60  AND=1.38  Decode=5.53  Total=108.26  rows=1139264
  CR:   OR_disc=2.21  OR_qty=34.13  OR_ship=214.09  AND=12.04  Decode=2.15  Total=264.63  rows=1139264
  CRR:  OR_disc=2.31  OR_qty=15.47  OR_ship=34.41  AND=11.29  Decode=1.98  Total=65.47  rows=1139264
  EW:   OR_disc=5.52  OR_qty=217.02  OR_ship=864.78  AND=10.86  Decode=16.39  Total=1114.58  rows=1139264
  BS:   OR_disc=3.12  OR_qty=23.02  OR_ship=360.21  AND=1.92  Decode=10.14  Total=398.43  rows=1139264
  BSA:  OR_disc=2.47  OR_qty=15.45  OR_ship=234.93  AND=1.22  Decode=10.04  Total=264.12  rows=1139264
  CON:  OR_disc=23.46  OR_qty=578.47  OR_ship=1152.45  AND=45.88  Decode=19.45  Total=1819.72  rows=1139264

--- Iteration 7/10 ---
  WAH:  OR_disc=12.49  OR_qty=93.62  OR_ship=2432.17  AND=3.72  Decode=34.27  Total=2576.28  rows=1139264
  CB:   OR_disc=2.28  OR_qty=13.63  OR_ship=85.38  AND=1.36  Decode=5.52  Total=108.18  rows=1139264
  CR:   OR_disc=2.20  OR_qty=34.22  OR_ship=213.38  AND=12.05  Decode=2.35  Total=264.21  rows=1139264
  CRR:  OR_disc=2.28  OR_qty=15.42  OR_ship=34.36  AND=11.44  Decode=1.95  Total=65.45  rows=1139264
  EW:   OR_disc=5.51  OR_qty=217.54  OR_ship=872.90  AND=10.70  Decode=12.60  Total=1119.26  rows=1139264
  BS:   OR_disc=3.15  OR_qty=23.35  OR_ship=358.89  AND=1.89  Decode=9.98  Total=397.26  rows=1139264
  BSA:  OR_disc=2.47  OR_qty=15.51  OR_ship=235.17  AND=1.30  Decode=10.00  Total=264.45  rows=1139264
  CON:  OR_disc=23.62  OR_qty=577.20  OR_ship=1151.66  AND=42.37  Decode=19.36  Total=1814.20  rows=1139264

--- Iteration 8/10 ---
  WAH:  OR_disc=12.40  OR_qty=93.73  OR_ship=2423.72  AND=3.79  Decode=34.09  Total=2567.74  rows=1139264
  CB:   OR_disc=2.23  OR_qty=13.56  OR_ship=85.17  AND=1.36  Decode=5.50  Total=107.83  rows=1139264
  CR:   OR_disc=2.21  OR_qty=34.14  OR_ship=219.80  AND=12.09  Decode=2.12  Total=270.36  rows=1139264
  CRR:  OR_disc=2.27  OR_qty=15.40  OR_ship=34.41  AND=11.26  Decode=1.98  Total=65.32  rows=1139264
  EW:   OR_disc=5.52  OR_qty=218.47  OR_ship=871.41  AND=10.93  Decode=12.92  Total=1119.25  rows=1139264
  BS:   OR_disc=3.09  OR_qty=23.07  OR_ship=361.56  AND=1.94  Decode=10.23  Total=399.89  rows=1139264
  BSA:  OR_disc=2.51  OR_qty=15.39  OR_ship=235.47  AND=1.27  Decode=9.99  Total=264.65  rows=1139264
  CON:  OR_disc=22.39  OR_qty=582.18  OR_ship=1152.97  AND=49.92  Decode=19.45  Total=1826.92  rows=1139264

--- Iteration 9/10 ---
  WAH:  OR_disc=11.73  OR_qty=93.58  OR_ship=2428.65  AND=3.75  Decode=34.11  Total=2571.81  rows=1139264
  CB:   OR_disc=2.24  OR_qty=13.57  OR_ship=85.12  AND=1.36  Decode=5.53  Total=107.83  rows=1139264
  CR:   OR_disc=2.23  OR_qty=33.97  OR_ship=213.46  AND=11.63  Decode=2.15  Total=263.44  rows=1139264
  CRR:  OR_disc=2.23  OR_qty=15.29  OR_ship=34.39  AND=11.28  Decode=2.01  Total=65.19  rows=1139264
  EW:   OR_disc=5.55  OR_qty=217.10  OR_ship=867.63  AND=10.89  Decode=12.65  Total=1113.83  rows=1139264
  BS:   OR_disc=3.11  OR_qty=23.04  OR_ship=358.92  AND=1.94  Decode=10.03  Total=397.04  rows=1139264
  BSA:  OR_disc=2.51  OR_qty=15.50  OR_ship=235.38  AND=1.28  Decode=10.01  Total=264.68  rows=1139264
  CON:  OR_disc=22.68  OR_qty=582.27  OR_ship=1150.71  AND=45.34  Decode=19.44  Total=1820.44  rows=1139264

--- Iteration 10/10 ---
  WAH:  OR_disc=12.16  OR_qty=93.46  OR_ship=2424.61  AND=3.73  Decode=34.11  Total=2568.07  rows=1139264
  CB:   OR_disc=2.25  OR_qty=13.60  OR_ship=84.72  AND=1.39  Decode=5.55  Total=107.52  rows=1139264
  CR:   OR_disc=2.22  OR_qty=34.11  OR_ship=214.09  AND=11.90  Decode=2.14  Total=264.46  rows=1139264
  CRR:  OR_disc=2.28  OR_qty=15.43  OR_ship=34.28  AND=11.39  Decode=2.01  Total=65.39  rows=1139264
  EW:   OR_disc=5.52  OR_qty=216.92  OR_ship=866.92  AND=11.12  Decode=16.28  Total=1116.75  rows=1139264
  BS:   OR_disc=3.11  OR_qty=23.09  OR_ship=359.26  AND=1.94  Decode=9.97  Total=397.37  rows=1139264
  BSA:  OR_disc=2.48  OR_qty=15.60  OR_ship=235.02  AND=1.28  Decode=10.07  Total=264.44  rows=1139264
  CON:  OR_disc=23.31  OR_qty=577.14  OR_ship=1150.88  AND=49.32  Decode=19.57  Total=1820.23  rows=1139264

[Baseline] DuckDB native SQL count(*) = 1139264  (single run: 505.75 ms)
[OK] all active backends match DuckDB SQL ground truth (1139264 rows).

================================================================
  RESULTS (8 measured iterations, median ± stddev)
================================================================
                       WAH (ms)              ComBit (ms)         CRoaring (ms)      CRoar+Run (ms)       EWAH (ms)          CB vs WAH   CR vs WAH  CRR vs WAH   EW vs WAH
  --------------------------------------------------------------------------------------------------------------------------------
  OR discount        12.40 ±   0.33         2.23 ±   0.04         2.21 ±   0.01         2.26 ±   0.04         5.52 ±   0.05      5.56x      5.61x      5.49x      2.25x
  OR quantity        93.58 ±   0.08        13.57 ±   0.03        34.12 ±   0.14        15.39 ±   0.07       217.13 ±   0.51      6.89x      2.74x      6.08x      0.43x
  OR shipdate      2427.80 ±   3.28        85.19 ±   0.24       213.77 ±   2.10        34.40 ±   0.05       867.02 ±   4.97     28.50x     11.36x     70.58x      2.80x
  AND (3-way)         3.74 ±   0.02         1.36 ±   0.03        11.97 ±   0.15        11.36 ±   0.11        10.88 ±   0.13      2.75x      0.31x      0.33x      0.34x
  Decode             34.11 ±   0.19         5.53 ±   0.02         2.15 ±   0.07         2.01 ±   0.14        14.60 ±   1.82      6.17x     15.86x     16.97x      2.34x
  --------------------------------------------------------------------------------------------------------------------------------
  TOTAL            2571.80 ±   3.18       107.83 ±   0.23       264.33 ±   2.20        65.42 ±   0.23      1115.67 ±   4.74     23.85x      9.73x     39.31x      2.31x

  WAH rows:        1139264
  ComBit rows:     1139264
  CRoaring rows:   1139264
  CRoar+Run rows:  1139264
  EWAH rows:       1139264
================================================================


================================================================
  Q6 BASELINE BACKENDS (no compression / Concise)
================================================================
                       BS (ms)              BSA (ms)            Concise (ms)        BS vs WAH   BSA vs WAH   CON vs WAH
  -------------------------------------------------------------------------------------------------------------
  OR discount         3.14 ±   0.27         2.47 ±   0.02        23.26 ±   0.44      3.95x      5.01x      0.53x
  OR quantity        23.06 ±   0.13        15.50 ±   0.11       577.27 ±   2.28      4.06x      6.04x      0.16x
  OR shipdate       359.74 ±   1.37       235.28 ±   0.32      1150.97 ±   1.33      6.75x     10.32x      2.11x
  AND (3-way)         1.94 ±   0.03         1.28 ±   0.03        47.26 ±   2.54      1.93x      2.93x      0.08x
  Decode             10.01 ±   0.10        10.06 ±   0.06        19.49 ±   0.18      3.41x      3.39x      1.75x
  -------------------------------------------------------------------------------------------------------------
  TOTAL             397.99 ±   1.39       264.55 ±   0.43      1819.78 ±   3.72      6.46x      9.72x      1.41x

  Bitset rows:         1139264
  Bitset+AVX512 rows:  1139264
  Concise rows:        1139264
================================================================

  [CSV] Results written to: q6_results_SF10.csv
  [CSV] Compression written to: q6_compression_SF10.csv
┌─────────────────┐
│     revenue     │
│  decimal(38,4)  │
├─────────────────┤
│ 1230113636.0101 │
└─────────────────┘
  [Breakdown] ComBit   L1=44.56 MiB  L2=26.02 MiB  L3=10.10 MiB  L4=5.46 MiB  total=86.13 MiB
