# cwd=/home/lichenhang/lee/thesis/check/lee/duckdb-dev
# cmd=/home/lichenhang/lee/thesis/check/lee/duckdb-dev/build/release/duckdb /home/lichenhang/lee/thesis/check/lee/duckdb-dev/tpch_sf10.db -c PRAGMA bm_tpch(8);

================================================================
  TPC-H Q8 Benchmark — ComBit vs WAH vs CRoaring vs EWAH (SF10)
  OR orderdate days 1096..1826 (731 bitmaps)
  AND join_result, then per-year split (1995, 1996), aggregate revenue
  TPC-H params: r_name='AMERICA', p_type='ECONOMY ANODIZED STEEL', BRAZIL nation numerator
  Bitmap dirs: tpch_q8_combit tpch_q8_croaring tpch_q8_wah tpch_q8_ewah
  Iterations: 10 (first 2 = warm-up)
================================================================

[Pre-load] Loading 59986052 rows (l_extendedprice, l_discount) ...
[Pre-load] Done in 795.682 ms

[Load] Loading bitmaps (mode=ALL)...
  WAH load:      76.841 ms
  ComBit load:   1763.42 ms (incl. year/brazil decompress+flatten)
  CRoaring load: 80.22 ms
  CRR load:      98.937 ms
  EWAH load:     57.256 ms
  Bitset load:   2628.71 ms (shared by BS / BSA)
  Concise load:  573.634 ms
  WAH      on disk: 57.41 MiB
  ComBit   on disk: 135.17 MiB
  CRoaring on disk: 42.86 MiB (shared by CR / CRR)
  EWAH     on disk: 93.17 MiB

--- Iteration 1/10 (warm-up) ---
  CB:   OR_date=78.88  AND+Agg=3.40  Total=82.28  rows=24254
  CR:   OR_date=1026.86  AND+Agg=4.47  Total=1031.33  rows=24254
  CRR:  OR_date=36.71  AND+Agg=4.22  Total=40.93  rows=24254
  WAH:  OR_date=17.48  AND+Agg=24.43  Total=41.90  rows=24254
  EW:   OR_date=609.93  AND+Agg=9.06  Total=619.00  rows=24254
  BS:   OR_date=722.24  AND+Agg=19.16  Total=741.40  rows=24254
  BSA:  OR_date=476.95  AND+Agg=14.54  Total=491.48  rows=24254
  CON:  OR_date=868.50  AND+Agg=57.56  Total=926.06  rows=24254

--- Iteration 2/10 (warm-up) ---
  CB:   OR_date=79.55  AND+Agg=3.27  Total=82.82  rows=24254
  CR:   OR_date=1026.40  AND+Agg=4.55  Total=1030.95  rows=24254
  CRR:  OR_date=36.54  AND+Agg=4.21  Total=40.75  rows=24254
  WAH:  OR_date=17.55  AND+Agg=22.72  Total=40.27  rows=24254
  EW:   OR_date=610.84  AND+Agg=9.29  Total=620.13  rows=24254
  BS:   OR_date=720.12  AND+Agg=19.57  Total=739.69  rows=24254
  BSA:  OR_date=474.33  AND+Agg=14.33  Total=488.66  rows=24254
  CON:  OR_date=869.05  AND+Agg=58.02  Total=927.07  rows=24254

--- Iteration 3/10 ---
  CB:   OR_date=79.01  AND+Agg=3.28  Total=82.28  rows=24254
  CR:   OR_date=1025.28  AND+Agg=4.44  Total=1029.72  rows=24254
  CRR:  OR_date=36.17  AND+Agg=4.22  Total=40.39  rows=24254
  WAH:  OR_date=17.00  AND+Agg=23.54  Total=40.54  rows=24254
  EW:   OR_date=607.91  AND+Agg=9.07  Total=616.98  rows=24254
  BS:   OR_date=722.96  AND+Agg=19.72  Total=742.68  rows=24254
  BSA:  OR_date=474.23  AND+Agg=14.25  Total=488.48  rows=24254
  CON:  OR_date=867.02  AND+Agg=58.44  Total=925.46  rows=24254

--- Iteration 4/10 ---
  CB:   OR_date=79.78  AND+Agg=3.31  Total=83.08  rows=24254
  CR:   OR_date=1025.97  AND+Agg=4.43  Total=1030.40  rows=24254
  CRR:  OR_date=36.10  AND+Agg=4.23  Total=40.34  rows=24254
  WAH:  OR_date=17.43  AND+Agg=23.13  Total=40.56  rows=24254
  EW:   OR_date=610.44  AND+Agg=9.10  Total=619.54  rows=24254
  BS:   OR_date=721.60  AND+Agg=19.42  Total=741.02  rows=24254
  BSA:  OR_date=474.74  AND+Agg=14.40  Total=489.14  rows=24254
  CON:  OR_date=868.04  AND+Agg=58.31  Total=926.35  rows=24254

--- Iteration 5/10 ---
  CB:   OR_date=79.84  AND+Agg=3.25  Total=83.08  rows=24254
  CR:   OR_date=1030.83  AND+Agg=4.52  Total=1035.35  rows=24254
  CRR:  OR_date=36.39  AND+Agg=4.18  Total=40.57  rows=24254
  WAH:  OR_date=17.37  AND+Agg=23.11  Total=40.48  rows=24254
  EW:   OR_date=608.76  AND+Agg=9.05  Total=617.80  rows=24254
  BS:   OR_date=721.19  AND+Agg=18.84  Total=740.04  rows=24254
  BSA:  OR_date=474.33  AND+Agg=14.47  Total=488.80  rows=24254
  CON:  OR_date=864.67  AND+Agg=61.91  Total=926.59  rows=24254

--- Iteration 6/10 ---
  CB:   OR_date=79.44  AND+Agg=3.34  Total=82.78  rows=24254
  CR:   OR_date=1030.62  AND+Agg=4.52  Total=1035.14  rows=24254
  CRR:  OR_date=36.43  AND+Agg=4.18  Total=40.61  rows=24254
  WAH:  OR_date=17.46  AND+Agg=23.00  Total=40.46  rows=24254
  EW:   OR_date=609.63  AND+Agg=9.06  Total=618.68  rows=24254
  BS:   OR_date=722.21  AND+Agg=19.47  Total=741.68  rows=24254
  BSA:  OR_date=473.41  AND+Agg=14.63  Total=488.04  rows=24254
  CON:  OR_date=864.40  AND+Agg=62.37  Total=926.78  rows=24254

--- Iteration 7/10 ---
  CB:   OR_date=79.74  AND+Agg=3.32  Total=83.06  rows=24254
  CR:   OR_date=1029.63  AND+Agg=4.49  Total=1034.12  rows=24254
  CRR:  OR_date=36.29  AND+Agg=4.10  Total=40.39  rows=24254
  WAH:  OR_date=17.42  AND+Agg=23.05  Total=40.48  rows=24254
  EW:   OR_date=609.96  AND+Agg=9.45  Total=619.42  rows=24254
  BS:   OR_date=719.94  AND+Agg=19.75  Total=739.70  rows=24254
  BSA:  OR_date=474.12  AND+Agg=14.30  Total=488.41  rows=24254
  CON:  OR_date=863.91  AND+Agg=61.80  Total=925.71  rows=24254

--- Iteration 8/10 ---
  CB:   OR_date=79.25  AND+Agg=3.31  Total=82.56  rows=24254
  CR:   OR_date=1028.05  AND+Agg=4.65  Total=1032.70  rows=24254
  CRR:  OR_date=37.05  AND+Agg=4.27  Total=41.32  rows=24254
  WAH:  OR_date=17.14  AND+Agg=23.76  Total=40.90  rows=24254
  EW:   OR_date=615.72  AND+Agg=9.18  Total=624.90  rows=24254
  BS:   OR_date=719.05  AND+Agg=18.90  Total=737.95  rows=24254
  BSA:  OR_date=474.53  AND+Agg=14.69  Total=489.22  rows=24254
  CON:  OR_date=868.51  AND+Agg=61.87  Total=930.38  rows=24254

--- Iteration 9/10 ---
  CB:   OR_date=79.61  AND+Agg=3.34  Total=82.94  rows=24254
  CR:   OR_date=1028.23  AND+Agg=4.48  Total=1032.70  rows=24254
  CRR:  OR_date=36.47  AND+Agg=4.24  Total=40.71  rows=24254
  WAH:  OR_date=17.48  AND+Agg=23.15  Total=40.64  rows=24254
  EW:   OR_date=607.32  AND+Agg=9.07  Total=616.39  rows=24254
  BS:   OR_date=722.59  AND+Agg=19.55  Total=742.14  rows=24254
  BSA:  OR_date=474.72  AND+Agg=14.73  Total=489.45  rows=24254
  CON:  OR_date=865.00  AND+Agg=61.75  Total=926.75  rows=24254

--- Iteration 10/10 ---
  CB:   OR_date=79.77  AND+Agg=3.32  Total=83.09  rows=24254
  CR:   OR_date=1025.61  AND+Agg=4.47  Total=1030.08  rows=24254
  CRR:  OR_date=36.39  AND+Agg=4.10  Total=40.49  rows=24254
  WAH:  OR_date=17.44  AND+Agg=22.96  Total=40.40  rows=24254
  EW:   OR_date=608.55  AND+Agg=9.05  Total=617.61  rows=24254
  BS:   OR_date=723.54  AND+Agg=18.88  Total=742.42  rows=24254
  BSA:  OR_date=474.45  AND+Agg=15.04  Total=489.49  rows=24254
  CON:  OR_date=865.16  AND+Agg=61.79  Total=926.95  rows=24254

================================================================
  Q8 Correctness Validation
================================================================
  Row counts: WAH=24254 CB=24254 CR=24254 CRR=24254 EW=24254 BS=24254 BSA=24254 CON=24254

  Q8 Results (mkt_share = sum(BRAZIL volume) / sum(volume), per year, ComBit values):
  year  mkt_share
  1995   0.038820
  1996   0.039490
  Consistency: ALL MATCH

[Baseline] DuckDB native SQL: 24254 rows total  (single run: 1946.14 ms)
  SQL ground truth mkt_share: 1995=0.038820  1996=0.039490
[OK] all active backends match DuckDB SQL ground truth (24254 rows total, mkt_share within 1e-6).

================================================================
  Q8 RESULTS (8 measured iterations, median +/- stddev)
================================================================
                  CB (ms)         CR (ms)        CRR (ms)        WAH (ms)        EW (ms)
  -----------------------------------------------------------------------------------------
  OR_date          79.67 +/-  0.28   1028.14 +/-  2.09     36.39 +/-  0.27     17.43 +/-  0.16    609.19 +/-  2.45
  AND+Agg           3.32 +/-  0.03      4.48 +/-  0.06      4.20 +/-  0.06     23.12 +/-  0.27      9.07 +/-  0.13
  -----------------------------------------------------------------------------------------
  TOTAL            83.00 +/-  0.28   1032.70 +/-  2.11     40.53 +/-  0.30     40.51 +/-  0.14    618.24 +/-  2.49

  CB rows:  24254  CR rows:  24254  CRR rows: 24254  WAH rows: 24254  EW rows:  24254
================================================================


================================================================
  Q8 BASELINE BACKENDS (no compression / Concise)
================================================================
                  BS (ms)         BSA (ms)        Concise (ms)     BS vs WAH   BSA vs WAH   CON vs WAH
  ----------------------------------------------------------------------------------------------
  OR_date         721.91 +/-  1.43    474.39 +/-  0.40    865.08 +/-  1.65      0.02x      0.04x      0.02x
  AND+Agg          19.45 +/-  0.36     14.55 +/-  0.24     61.79 +/-  1.54      1.19x      1.59x      0.37x
  ----------------------------------------------------------------------------------------------
  TOTAL           741.35 +/-  1.52    488.97 +/-  0.50    926.67 +/-  1.42      0.05x      0.08x      0.04x

  BS rows:  24254  BSA rows: 24254  CON rows: 24254
================================================================

  [CSV] Results written to: q8_results_SF10.csv
┌────────┬─────────────────────┐
│ o_year │      mkt_share      │
│ int64  │       double        │
├────────┼─────────────────────┤
│   1995 │  0.0388201425143322 │
│   1996 │ 0.03948968749183992 │
└────────┴─────────────────────┘
  [Breakdown] ComBit   L1=13.18 MiB  L2=7.10 MiB  L3=4.46 MiB  L4=10.27 MiB  total=35.01 MiB
