# cwd=/home/lichenhang/lee/thesis/check/lee/duckdb-dev
# cmd=/home/lichenhang/lee/thesis/check/lee/duckdb-dev/build/release/duckdb /home/lichenhang/lee/thesis/check/lee/duckdb-dev/tpch_sf10.db -c PRAGMA bm_tpch(10);

================================================================
  TPC-H Q10 Benchmark — ComBit vs WAH vs CRoaring vs EWAH (SF10)
  OR orderdate days 639..730 (92 bitmaps)
  Then AND returnflag='R' (index 2) -> aggregate revenue per c_custkey -> Top-20
  TPC-H params: o_orderdate [1993-10-01, 1994-01-01), l_returnflag = 'R'
  Bitmap dirs:
    orderdate: tpch_q5_combit  returnflag: tpch_q1_combit
    orderdate: tpch_q5_croaring  returnflag: tpch_q1_croaring
    orderdate: tpch_q5_wah  returnflag: tpch_q1_wah
    orderdate: tpch_q5_ewah  returnflag: tpch_q1_ewah
  Iterations: 10 (first 2 = warm-up)
================================================================

[Side-load] nation: 25 rows in 0.279 ms
[Side-load] customer: 1500000 rows (max_custkey=1500000) in 690.432 ms
[Side-load] orders:   15000000 rows (max_orderkey=60000000; flat vector 457 MiB) in 339.152 ms
[Pre-load] lineitem:  59986052 rows (l_orderkey, l_extendedprice, l_discount) in 526.224 ms

[Load] Loading bitmaps (mode=ALL)...
  WAH load:      12.908 ms
  ComBit load:   83.33 ms
  CRoaring load: 19 ms
  CRR load:      31.387 ms
  EWAH load:     10.185 ms
  Bitset load:   374.345 ms (shared by BS / BSA)
  Concise load:  162.608 ms
  WAH      on disk: 605.12 MiB (q5+q1)
  ComBit   on disk: 952.21 MiB (q5+q1)
  CRoaring on disk: 300.05 MiB (q5+q1, shared by CR / CRR)
  EWAH     on disk: 1153.46 MiB (q5+q1)
  Bitset in mem:    665.04 MiB (rebuilt from CRoaring at load)
  Concise in mem:   11.58 MiB (rebuilt from CRoaring at load)

--- Iteration 1/10 (warm-up) ---
  CB:   OR=13.33  AND+Agg=43.01  TopK=4.83  Total=61.16  rows=1147084
  CR:   OR=57.75  AND+Agg=52.86  TopK=4.87  Total=115.47  rows=1147084
  CRR:  OR=8.29  AND+Agg=51.71  TopK=4.87  Total=64.87  rows=1147084
  WAH:  OR=2.89  AND+Agg=73.61  TopK=4.89  Total=81.39  rows=1147084
  EW:   OR=70.38  AND+Agg=56.02  TopK=4.87  Total=131.27  rows=1147084
  BS:   OR=94.35  AND+Agg=29.77  TopK=4.85  Total=128.97  rows=1147084
  BSA:  OR=60.36  AND+Agg=29.08  TopK=4.88  Total=94.32  rows=1147084
  CON:  OR=92.41  AND+Agg=85.52  TopK=4.85  Total=182.78  rows=1147084

--- Iteration 2/10 (warm-up) ---
  CB:   OR=14.39  AND+Agg=42.51  TopK=4.87  Total=61.77  rows=1147084
  CR:   OR=57.80  AND+Agg=51.75  TopK=4.88  Total=114.43  rows=1147084
  CRR:  OR=7.88  AND+Agg=50.86  TopK=4.88  Total=63.62  rows=1147084
  WAH:  OR=2.77  AND+Agg=72.66  TopK=4.90  Total=80.33  rows=1147084
  EW:   OR=68.11  AND+Agg=55.49  TopK=4.88  Total=128.48  rows=1147084
  BS:   OR=94.07  AND+Agg=29.03  TopK=4.90  Total=128.00  rows=1147084
  BSA:  OR=60.39  AND+Agg=28.71  TopK=4.87  Total=93.97  rows=1147084
  CON:  OR=92.44  AND+Agg=81.19  TopK=4.86  Total=178.50  rows=1147084

--- Iteration 3/10 ---
  CB:   OR=14.38  AND+Agg=41.79  TopK=4.85  Total=61.02  rows=1147084
  CR:   OR=57.94  AND+Agg=51.10  TopK=4.86  Total=113.91  rows=1147084
  CRR:  OR=7.90  AND+Agg=50.26  TopK=4.89  Total=63.05  rows=1147084
  WAH:  OR=2.78  AND+Agg=71.20  TopK=4.85  Total=78.83  rows=1147084
  EW:   OR=67.88  AND+Agg=54.98  TopK=4.96  Total=127.83  rows=1147084
  BS:   OR=94.42  AND+Agg=29.37  TopK=4.90  Total=128.68  rows=1147084
  BSA:  OR=60.36  AND+Agg=28.57  TopK=4.94  Total=93.86  rows=1147084
  CON:  OR=92.33  AND+Agg=80.89  TopK=4.89  Total=178.10  rows=1147084

--- Iteration 4/10 ---
  CB:   OR=14.35  AND+Agg=41.45  TopK=4.87  Total=60.67  rows=1147084
  CR:   OR=58.04  AND+Agg=50.90  TopK=4.90  Total=113.84  rows=1147084
  CRR:  OR=7.86  AND+Agg=50.32  TopK=4.90  Total=63.08  rows=1147084
  WAH:  OR=2.78  AND+Agg=71.29  TopK=4.85  Total=78.92  rows=1147084
  EW:   OR=67.80  AND+Agg=55.35  TopK=4.88  Total=128.03  rows=1147084
  BS:   OR=94.34  AND+Agg=28.77  TopK=4.89  Total=128.00  rows=1147084
  BSA:  OR=60.47  AND+Agg=28.61  TopK=4.90  Total=93.99  rows=1147084
  CON:  OR=92.53  AND+Agg=81.14  TopK=4.87  Total=178.54  rows=1147084

--- Iteration 5/10 ---
  CB:   OR=14.14  AND+Agg=41.95  TopK=4.86  Total=60.95  rows=1147084
  CR:   OR=58.07  AND+Agg=50.86  TopK=4.90  Total=113.83  rows=1147084
  CRR:  OR=7.85  AND+Agg=50.06  TopK=4.89  Total=62.80  rows=1147084
  WAH:  OR=3.11  AND+Agg=71.16  TopK=4.83  Total=79.10  rows=1147084
  EW:   OR=68.62  AND+Agg=54.33  TopK=4.87  Total=127.83  rows=1147084
  BS:   OR=91.72  AND+Agg=28.22  TopK=4.91  Total=124.85  rows=1147084
  BSA:  OR=60.45  AND+Agg=27.91  TopK=4.89  Total=93.25  rows=1147084
  CON:  OR=90.06  AND+Agg=80.32  TopK=4.89  Total=175.28  rows=1147084

--- Iteration 6/10 ---
  CB:   OR=13.22  AND+Agg=41.07  TopK=4.83  Total=59.12  rows=1147084
  CR:   OR=57.96  AND+Agg=50.41  TopK=4.87  Total=113.24  rows=1147084
  CRR:  OR=7.98  AND+Agg=49.38  TopK=4.84  Total=62.20  rows=1147084
  WAH:  OR=3.19  AND+Agg=70.66  TopK=4.89  Total=78.73  rows=1147084
  EW:   OR=64.44  AND+Agg=53.75  TopK=4.86  Total=123.05  rows=1147084
  BS:   OR=91.86  AND+Agg=28.14  TopK=4.89  Total=124.89  rows=1147084
  BSA:  OR=60.34  AND+Agg=27.86  TopK=4.90  Total=93.10  rows=1147084
  CON:  OR=90.28  AND+Agg=79.31  TopK=6.17  Total=175.77  rows=1147084

--- Iteration 7/10 ---
  CB:   OR=13.29  AND+Agg=40.51  TopK=4.89  Total=58.69  rows=1147084
  CR:   OR=58.03  AND+Agg=50.37  TopK=4.86  Total=113.26  rows=1147084
  CRR:  OR=8.02  AND+Agg=50.11  TopK=4.88  Total=63.02  rows=1147084
  WAH:  OR=3.18  AND+Agg=71.41  TopK=4.87  Total=79.47  rows=1147084
  EW:   OR=64.50  AND+Agg=54.24  TopK=4.83  Total=123.57  rows=1147084
  BS:   OR=91.83  AND+Agg=28.36  TopK=4.86  Total=125.04  rows=1147084
  BSA:  OR=60.22  AND+Agg=27.88  TopK=4.86  Total=92.96  rows=1147084
  CON:  OR=90.09  AND+Agg=79.52  TopK=4.87  Total=174.48  rows=1147084

--- Iteration 8/10 ---
  CB:   OR=12.97  AND+Agg=40.53  TopK=4.82  Total=58.33  rows=1147084
  CR:   OR=58.04  AND+Agg=49.70  TopK=4.87  Total=112.61  rows=1147084
  CRR:  OR=7.89  AND+Agg=48.99  TopK=4.87  Total=61.75  rows=1147084
  WAH:  OR=3.10  AND+Agg=70.03  TopK=4.88  Total=78.01  rows=1147084
  EW:   OR=64.33  AND+Agg=53.52  TopK=4.88  Total=122.73  rows=1147084
  BS:   OR=91.49  AND+Agg=27.85  TopK=4.86  Total=124.21  rows=1147084
  BSA:  OR=60.25  AND+Agg=27.59  TopK=4.88  Total=92.72  rows=1147084
  CON:  OR=90.36  AND+Agg=79.05  TopK=4.86  Total=174.26  rows=1147084

--- Iteration 9/10 ---
  CB:   OR=13.09  AND+Agg=40.32  TopK=4.82  Total=58.23  rows=1147084
  CR:   OR=58.02  AND+Agg=49.57  TopK=4.86  Total=112.45  rows=1147084
  CRR:  OR=7.82  AND+Agg=48.50  TopK=4.84  Total=61.16  rows=1147084
  WAH:  OR=3.10  AND+Agg=69.03  TopK=4.90  Total=77.03  rows=1147084
  EW:   OR=64.45  AND+Agg=66.28  TopK=6.04  Total=136.78  rows=1147084
  BS:   OR=92.73  AND+Agg=29.39  TopK=4.98  Total=127.11  rows=1147084
  BSA:  OR=60.37  AND+Agg=28.46  TopK=4.92  Total=93.76  rows=1147084
  CON:  OR=90.30  AND+Agg=81.08  TopK=4.89  Total=176.26  rows=1147084

--- Iteration 10/10 ---
  CB:   OR=13.38  AND+Agg=41.63  TopK=4.83  Total=59.84  rows=1147084
  CR:   OR=57.97  AND+Agg=51.10  TopK=4.85  Total=113.93  rows=1147084
  CRR:  OR=7.83  AND+Agg=50.33  TopK=4.85  Total=63.01  rows=1147084
  WAH:  OR=3.10  AND+Agg=71.92  TopK=4.96  Total=79.98  rows=1147084
  EW:   OR=64.50  AND+Agg=54.95  TopK=4.83  Total=124.29  rows=1147084
  BS:   OR=91.63  AND+Agg=28.66  TopK=4.86  Total=125.16  rows=1147084
  BSA:  OR=60.60  AND+Agg=28.76  TopK=4.90  Total=94.27  rows=1147084
  CON:  OR=90.13  AND+Agg=80.57  TopK=4.86  Total=175.55  rows=1147084

[Baseline] DuckDB native SQL Top-20  (single run: 1885.81 ms)
[OK] all active backends match DuckDB SQL ground truth (Top-20, revenue within 0.01).

  Q10 Top-20 (revenue = SUM(l_extendedprice * (1 - l_discount)), sorted DESC, source=ComBit):
  c_custkey c_name                         revenue     c_acctbal  n_name          c_address                                 c_phone            c_comment
  1237537   Customer#001237537         884989.6657     7840.1700  RUSSIA          mdkU4LpZECCtt20RHa76sA6b4WC               32-367-120-4327    yly regular accounts boost. requests need to nag evenly
  1116802   Customer#001116802         830214.1117      772.1700  JORDAN          iBka7YijCCLApX1f 8 sKp 5ldP               23-199-655-3770    y carefully regular deposits. packages nod ironic packages
  508954    Customer#000508954         826167.5138     3072.0700  ETHIOPIA        tKQLmGq3MOqXiTmNZQRp                      15-880-510-9487    t the quickly pending deposits. carefully express dependencies detect. blithely regular
  1487503   Customer#001487503         825996.5903     5398.1100  IRAN            D tOJIC0rcVO                              20-271-234-4401    ithely quiet deposits about the slyly final dolphins hinder carefully about the slyly ironic accounts. carefully ir
  1461247   Customer#001461247         775992.0820     3205.9300  SAUDI ARABIA    Ia1gHwdAyyFo,pCKhCkqX6                    30-137-949-5375    beans. furiously ironic realms after the slyly ironic sentiments are requests. courts was carefully about t
  1316338   Customer#001316338         765063.7003     8682.9500  INDIA           QLsXlkrrAQ7fz5TDIoDUVsUMsH1pBOG           18-793-610-3832    olites sleep furiously ironic instructions. final, final ideas wake carefully after the slyly iron
  817849    Customer#000817849         737664.7232     -380.3000  MOROCCO         UKsTjQdC5d9PwYXz u                        25-111-847-3201    ts after the slyly regular excuses wake pending accounts. deposits wake? carefully ironic foxes wa
  1335394   Customer#001335394         731259.8675     3978.5300  VIETNAM         FNdEi9tP 5eQib8C                          31-760-271-2302    ly ironic, final foxes. slyly bold instructions 
  102358    Customer#000102358         715001.8825     3564.9000  BRAZIL          3BnBw0 bZWmVue6bPGn513kOeitBl5VHj         12-941-212-8350     furiously furiously dogged deposits. regular accounts are furiously furiously pending instructions. carefu
  1432624   Customer#001432624         713512.6431      205.0800  FRANCE          e7o5TBwh,bLO6flPI05Nrp0,1Q8m19ODDs0       16-550-232-2774    y ironic packages. slyly silent instructions cajole about the a
  160528    Customer#000160528         710673.3317     3425.5200  INDONESIA       VrYJ,qyK75m PkPLTQT7KocfwMwPYQTlcEYBz     19-670-600-6340    blithely even deposits sleep until the even accounts
  1345237   Customer#001345237         707735.5745     6905.2200  FRANCE          QJxZWEukcxoDYlFOgUGIOuGay                 16-133-279-4001    symptotes integrate according to the sl
  839816    Customer#000839816         705643.2854     2110.2500  UNITED STATES   r9c CDy,MgOouA                            34-453-282-7925    sly sly pinto beans wake quickly slyly final packages. express deposit
  1136716   Customer#001136716         695043.5606     5886.0100  CHINA           yqiALHYT6gaiip1g6wgnM6ctJ                 28-729-762-5783    out the fluffily pending requests. furiously ironic forges integrate. quickly bold theod
  1439413   Customer#001439413         690161.9783     8808.6500  ETHIOPIA        5vMec8OoAWrStjng                          15-432-961-8772    boost across the regular, ironic packages. final instructions 
  1392475   Customer#001392475         685464.4086      593.2600  SAUDI ARABIA    sbjxdO1xOzy1wBIhAOzp6b2,9sHMj8q1f         30-640-220-2095    c accounts. always final instructions boost according to the final 
  616909    Customer#000616909         684978.1044     2660.8400  EGYPT           Jg9FiC98BUWmlBb3WTN                       14-185-768-2185    s about the busy ideas affix f
  314272    Customer#000314272         682212.6365     5127.9200  UNITED STATES    LKR3R5VStcAlT4D,qGBJLWYkmJU              34-674-752-5199    ng to the slyly express instructions sleep fluffily even foxes. special id
  1472980   Customer#001472980         677765.9180     6003.3600  IRAQ            JIMreXGvswrve5rkBww                       21-506-776-4657    e. packages according to the instructions are among the even, regular th
  1486201   Customer#001486201         674878.4539     -276.9200  JORDAN          8hJKgyMlv Ay3fyNDJFvszoYd                 23-611-797-4750    es nag. silent accounts are blithely daring packages. 

================================================================
  Q10 RESULTS (8 measured iterations, median +/- stddev)
================================================================
                  CB (ms)         CR (ms)        CRR (ms)        WAH (ms)        EW (ms)
  -----------------------------------------------------------------------------------------
  OR_date        13.3335 +/- 0.5480   58.0240 +/- 0.0447    7.8720 +/- 0.0688    3.1025 +/- 0.1563   64.4995 +/- 1.7853
  AND+Agg        41.2605 +/- 0.5987   50.6355 +/- 0.5627   50.0865 +/- 0.6537   71.1800 +/- 0.8569   54.6435 +/- 3.9584
  TopK            4.8375 +/- 0.0245    4.8650 +/- 0.0167    4.8790 +/- 0.0231    4.8735 +/- 0.0360    4.8730 +/- 0.3868
  -----------------------------------------------------------------------------------------
  TOTAL          59.4755 +/- 1.0958  113.5455 +/- 0.5569   62.9040 +/- 0.6805   78.8720 +/- 0.8416  126.0585 +/- 4.3375

  CB rows:  1147084  CR rows:  1147084  CRR rows: 1147084  WAH rows: 1147084  EW rows:  1147084
================================================================


================================================================
  Q10 BASELINE BACKENDS (no compression / Concise)
================================================================
                  BS (ms)         BSA (ms)        Concise (ms)     BS vs WAH   BSA vs WAH   CON vs WAH
  ----------------------------------------------------------------------------------------------
  OR_date        91.8425 +/- 1.1388   60.3625 +/- 0.1171   90.2920 +/- 0.9689     0.0338x     0.0514x     0.0344x
  AND+Agg        28.5095 +/- 0.5284   28.1860 +/- 0.4135   80.4425 +/- 0.7775     2.4967x     2.5254x     0.8849x
  TopK            4.8895 +/- 0.0374    4.9005 +/- 0.0218    4.8800 +/- 0.4302     0.9967x     0.9945x     0.9987x
  ----------------------------------------------------------------------------------------------
  TOTAL         125.1030 +/- 1.5743   93.5030 +/- 0.5183  175.6625 +/- 1.4585     0.6305x     0.8435x     0.4490x

  BS rows:  1147084  BSA rows: 1147084  CON rows: 1147084
================================================================

  [CSV] Results written to: q10_results_SF10.csv
┌───────────┬────────────────────┬───────────────┬───────────────┬───────────────┬───────────────────────────────────────┬─────────────────┬─────────────────────────────────────────────────────────────────────────────────────────────────────────────────────┐
│ c_custkey │       c_name       │    revenue    │   c_acctbal   │    n_name     │               c_address               │     c_phone     │                                                      c_comment                                                      │
│   int64   │      varchar       │ decimal(38,4) │ decimal(15,2) │    varchar    │                varchar                │     varchar     │                                                       varchar                                                       │
├───────────┼────────────────────┼───────────────┼───────────────┼───────────────┼───────────────────────────────────────┼─────────────────┼─────────────────────────────────────────────────────────────────────────────────────────────────────────────────────┤
│   1237537 │ Customer#001237537 │   884989.6657 │       7840.17 │ RUSSIA        │ mdkU4LpZECCtt20RHa76sA6b4WC           │ 32-367-120-4327 │ yly regular accounts boost. requests need to nag evenly                                                             │
│   1116802 │ Customer#001116802 │   830214.1117 │        772.17 │ JORDAN        │ iBka7YijCCLApX1f 8 sKp 5ldP           │ 23-199-655-3770 │ y carefully regular deposits. packages nod ironic packages                                                          │
│    508954 │ Customer#000508954 │   826167.5138 │       3072.07 │ ETHIOPIA      │ tKQLmGq3MOqXiTmNZQRp                  │ 15-880-510-9487 │ t the quickly pending deposits. carefully express dependencies detect. blithely regular                             │
│   1487503 │ Customer#001487503 │   825996.5903 │       5398.11 │ IRAN          │ D tOJIC0rcVO                          │ 20-271-234-4401 │ ithely quiet deposits about the slyly final dolphins hinder carefully about the slyly ironic accounts. carefully ir │
│   1461247 │ Customer#001461247 │   775992.0820 │       3205.93 │ SAUDI ARABIA  │ Ia1gHwdAyyFo,pCKhCkqX6                │ 30-137-949-5375 │ beans. furiously ironic realms after the slyly ironic sentiments are requests. courts was carefully about t         │
│   1316338 │ Customer#001316338 │   765063.7003 │       8682.95 │ INDIA         │ QLsXlkrrAQ7fz5TDIoDUVsUMsH1pBOG       │ 18-793-610-3832 │ olites sleep furiously ironic instructions. final, final ideas wake carefully after the slyly iron                  │
│    817849 │ Customer#000817849 │   737664.7232 │       -380.30 │ MOROCCO       │ UKsTjQdC5d9PwYXz u                    │ 25-111-847-3201 │ ts after the slyly regular excuses wake pending accounts. deposits wake? carefully ironic foxes wa                  │
│   1335394 │ Customer#001335394 │   731259.8675 │       3978.53 │ VIETNAM       │ FNdEi9tP 5eQib8C                      │ 31-760-271-2302 │ ly ironic, final foxes. slyly bold instructions                                                                     │
│    102358 │ Customer#000102358 │   715001.8825 │       3564.90 │ BRAZIL        │ 3BnBw0 bZWmVue6bPGn513kOeitBl5VHj     │ 12-941-212-8350 │  furiously furiously dogged deposits. regular accounts are furiously furiously pending instructions. carefu         │
│   1432624 │ Customer#001432624 │   713512.6431 │        205.08 │ FRANCE        │ e7o5TBwh,bLO6flPI05Nrp0,1Q8m19ODDs0   │ 16-550-232-2774 │ y ironic packages. slyly silent instructions cajole about the a                                                     │
│    160528 │ Customer#000160528 │   710673.3317 │       3425.52 │ INDONESIA     │ VrYJ,qyK75m PkPLTQT7KocfwMwPYQTlcEYBz │ 19-670-600-6340 │ blithely even deposits sleep until the even accounts                                                                │
│   1345237 │ Customer#001345237 │   707735.5745 │       6905.22 │ FRANCE        │ QJxZWEukcxoDYlFOgUGIOuGay             │ 16-133-279-4001 │ symptotes integrate according to the sl                                                                             │
│    839816 │ Customer#000839816 │   705643.2854 │       2110.25 │ UNITED STATES │ r9c CDy,MgOouA                        │ 34-453-282-7925 │ sly sly pinto beans wake quickly slyly final packages. express deposit                                              │
│   1136716 │ Customer#001136716 │   695043.5606 │       5886.01 │ CHINA         │ yqiALHYT6gaiip1g6wgnM6ctJ             │ 28-729-762-5783 │ out the fluffily pending requests. furiously ironic forges integrate. quickly bold theod                            │
│   1439413 │ Customer#001439413 │   690161.9783 │       8808.65 │ ETHIOPIA      │ 5vMec8OoAWrStjng                      │ 15-432-961-8772 │ boost across the regular, ironic packages. final instructions                                                       │
│   1392475 │ Customer#001392475 │   685464.4086 │        593.26 │ SAUDI ARABIA  │ sbjxdO1xOzy1wBIhAOzp6b2,9sHMj8q1f     │ 30-640-220-2095 │ c accounts. always final instructions boost according to the final                                                  │
│    616909 │ Customer#000616909 │   684978.1044 │       2660.84 │ EGYPT         │ Jg9FiC98BUWmlBb3WTN                   │ 14-185-768-2185 │ s about the busy ideas affix f                                                                                      │
│    314272 │ Customer#000314272 │   682212.6365 │       5127.92 │ UNITED STATES │  LKR3R5VStcAlT4D,qGBJLWYkmJU          │ 34-674-752-5199 │ ng to the slyly express instructions sleep fluffily even foxes. special id                                          │
│   1472980 │ Customer#001472980 │   677765.9180 │       6003.36 │ IRAQ          │ JIMreXGvswrve5rkBww                   │ 21-506-776-4657 │ e. packages according to the instructions are among the even, regular th                                            │
│   1486201 │ Customer#001486201 │   674878.4539 │       -276.92 │ JORDAN        │ 8hJKgyMlv Ay3fyNDJFvszoYd             │ 23-611-797-4750 │ es nag. silent accounts are blithely daring packages.                                                               │
├───────────┴────────────────────┴───────────────┴───────────────┴───────────────┴───────────────────────────────────────┴─────────────────┴─────────────────────────────────────────────────────────────────────────────────────────────────────────────────────┤
│ 20 rows                                                                                                                                                                                                                                              8 columns │
└────────────────────────────────────────────────────────────────────────────────────────────────────────────────────────────────────────────────────────────────────────────────────────────────────────────────────────────────────────────────────────────────┘
  [Breakdown] ComBit   L1=6.07 MiB  L2=1.36 MiB  L3=0.60 MiB  L4=1.30 MiB  total=9.33 MiB
