# cwd=/home/lichenhang/lee/thesis/check/lee/duckdb-dev
# cmd=/home/lichenhang/lee/thesis/check/lee/duckdb-dev/build/release/duckdb /home/lichenhang/lee/thesis/check/lee/duckdb-dev/tpch_sf10.db -c PRAGMA bm_tpch(14);

================================================================
  TPC-H Q14 Benchmark — 8 backends (SF10)
  OR shipdate days 1339..1368 (30 bitmaps), AND is_promo, then per-row revenue aggregation
  TPC-H params: l_shipdate [1995-09-01, 1995-10-01), p_type LIKE 'PROMO%'
  Bitmap dirs: tpch_q14_combit tpch_q14_croaring tpch_q14_wah tpch_q14_ewah
  Iterations: 10 (first 2 = warm-up)
================================================================

[Pre-load] Loading 59986052 rows (price, discount) ...
[Pre-load] Done in 798.72 ms

[Load] Loading bitmaps (mode=ALL)...
  WAH load:      14.205 ms
  ComBit load:   46.091 ms
  CRoaring load: 12.826 ms
  CRR load:      13.21 ms
  EWAH load:     11.477 ms
  Bitset load:   150.368 ms (shared by BS / BSA)
  Concise load:  114.18 ms
  WAH      on disk: 7.38 MiB
  ComBit   on disk: 6.43 MiB
  CRoaring on disk: 7.16 MiB (shared by CR / CRR)
  EWAH     on disk: 7.15 MiB

--- Iteration 1/10 (warm-up) ---
  CB:   OR=10.19  AND_pro=4.88  Agg=38.09  Total=53.16  promo=16.65%
  CR:   OR=15.60  AND_pro=1.13  Agg=19.36  Total=36.10  promo=16.65%
  CRR:  OR=6.50  AND_pro=1.16  Agg=17.28  Total=24.94  promo=16.65%
  WAH:  OR=4.04  AND_pro=4.28  Agg=35.37  Total=43.69  promo=16.65%
  EW:   OR=55.83  AND_pro=6.71  Agg=18.92  Total=81.45  promo=16.65%
  BS:   OR=33.38  AND_pro=4.65  Agg=12.09  Total=50.12  promo=16.65%
  BSA:  OR=20.71  AND_pro=1.78  Agg=11.90  Total=34.40  promo=16.65%
  CON:  OR=67.98  AND_pro=19.12  Agg=24.32  Total=111.43  promo=16.65%

--- Iteration 2/10 (warm-up) ---
  CB:   OR=8.80  AND_pro=1.63  Agg=26.45  Total=36.88  promo=16.65%
  CR:   OR=15.65  AND_pro=1.14  Agg=13.96  Total=30.75  promo=16.65%
  CRR:  OR=7.66  AND_pro=1.15  Agg=11.57  Total=20.38  promo=16.65%
  WAH:  OR=5.50  AND_pro=3.82  Agg=30.11  Total=39.43  promo=16.65%
  EW:   OR=56.17  AND_pro=6.66  Agg=17.30  Total=80.12  promo=16.65%
  BS:   OR=33.36  AND_pro=4.69  Agg=11.93  Total=49.98  promo=16.65%
  BSA:  OR=20.72  AND_pro=1.78  Agg=11.51  Total=34.00  promo=16.65%
  CON:  OR=67.84  AND_pro=19.20  Agg=23.44  Total=110.49  promo=16.65%

--- Iteration 3/10 ---
  CB:   OR=9.37  AND_pro=1.70  Agg=27.46  Total=38.53  promo=16.65%
  CR:   OR=15.67  AND_pro=1.16  Agg=17.05  Total=33.88  promo=16.65%
  CRR:  OR=6.95  AND_pro=1.17  Agg=15.75  Total=23.87  promo=16.65%
  WAH:  OR=3.99  AND_pro=2.34  Agg=36.55  Total=42.89  promo=16.65%
  EW:   OR=56.18  AND_pro=6.66  Agg=20.62  Total=83.46  promo=16.65%
  BS:   OR=33.21  AND_pro=4.66  Agg=12.49  Total=50.37  promo=16.65%
  BSA:  OR=20.85  AND_pro=1.86  Agg=11.93  Total=34.64  promo=16.65%
  CON:  OR=67.72  AND_pro=19.25  Agg=25.21  Total=112.18  promo=16.65%

--- Iteration 4/10 ---
  CB:   OR=8.68  AND_pro=1.63  Agg=26.90  Total=37.21  promo=16.65%
  CR:   OR=15.80  AND_pro=1.13  Agg=13.86  Total=30.79  promo=16.65%
  CRR:  OR=6.49  AND_pro=1.16  Agg=10.81  Total=18.45  promo=16.65%
  WAH:  OR=3.79  AND_pro=2.13  Agg=29.49  Total=35.42  promo=16.65%
  EW:   OR=56.00  AND_pro=6.76  Agg=18.64  Total=81.40  promo=16.65%
  BS:   OR=33.34  AND_pro=4.61  Agg=12.13  Total=50.09  promo=16.65%
  BSA:  OR=20.80  AND_pro=1.80  Agg=11.61  Total=34.21  promo=16.65%
  CON:  OR=68.20  AND_pro=19.21  Agg=23.77  Total=111.18  promo=16.65%

--- Iteration 5/10 ---
  CB:   OR=9.32  AND_pro=1.66  Agg=25.76  Total=36.74  promo=16.65%
  CR:   OR=15.73  AND_pro=1.12  Agg=13.37  Total=30.22  promo=16.65%
  CRR:  OR=6.47  AND_pro=1.16  Agg=10.44  Total=18.08  promo=16.65%
  WAH:  OR=3.79  AND_pro=3.28  Agg=29.62  Total=36.70  promo=16.65%
  EW:   OR=55.90  AND_pro=6.64  Agg=18.61  Total=81.15  promo=16.65%
  BS:   OR=33.48  AND_pro=4.64  Agg=12.05  Total=50.17  promo=16.65%
  BSA:  OR=20.66  AND_pro=1.78  Agg=11.62  Total=34.06  promo=16.65%
  CON:  OR=67.95  AND_pro=19.26  Agg=26.88  Total=114.09  promo=16.65%

--- Iteration 6/10 ---
  CB:   OR=8.81  AND_pro=1.67  Agg=29.05  Total=39.53  promo=16.65%
  CR:   OR=15.66  AND_pro=1.12  Agg=15.71  Total=32.50  promo=16.65%
  CRR:  OR=6.51  AND_pro=1.15  Agg=13.98  Total=21.65  promo=16.65%
  WAH:  OR=3.84  AND_pro=2.37  Agg=31.55  Total=37.75  promo=16.65%
  EW:   OR=55.84  AND_pro=6.63  Agg=17.48  Total=79.95  promo=16.65%
  BS:   OR=33.53  AND_pro=4.68  Agg=11.97  Total=50.18  promo=16.65%
  BSA:  OR=20.67  AND_pro=1.78  Agg=11.31  Total=33.76  promo=16.65%
  CON:  OR=67.80  AND_pro=19.23  Agg=23.11  Total=110.14  promo=16.65%

--- Iteration 7/10 ---
  CB:   OR=9.25  AND_pro=1.59  Agg=25.15  Total=35.99  promo=16.65%
  CR:   OR=15.75  AND_pro=1.14  Agg=12.70  Total=29.59  promo=16.65%
  CRR:  OR=6.49  AND_pro=1.15  Agg=10.84  Total=18.48  promo=16.65%
  WAH:  OR=3.80  AND_pro=2.34  Agg=29.90  Total=36.04  promo=16.65%
  EW:   OR=55.60  AND_pro=6.70  Agg=16.13  Total=78.43  promo=16.65%
  BS:   OR=33.38  AND_pro=4.62  Agg=11.69  Total=49.70  promo=16.65%
  BSA:  OR=20.78  AND_pro=1.79  Agg=11.19  Total=33.76  promo=16.65%
  CON:  OR=67.72  AND_pro=19.26  Agg=23.70  Total=110.69  promo=16.65%

--- Iteration 8/10 ---
  CB:   OR=8.91  AND_pro=1.67  Agg=27.20  Total=37.77  promo=16.65%
  CR:   OR=15.68  AND_pro=1.17  Agg=15.05  Total=31.89  promo=16.65%
  CRR:  OR=6.47  AND_pro=1.17  Agg=14.11  Total=21.75  promo=16.65%
  WAH:  OR=3.84  AND_pro=2.17  Agg=32.15  Total=38.16  promo=16.65%
  EW:   OR=56.26  AND_pro=6.69  Agg=17.60  Total=80.56  promo=16.65%
  BS:   OR=33.60  AND_pro=4.67  Agg=12.26  Total=50.52  promo=16.65%
  BSA:  OR=20.68  AND_pro=1.75  Agg=11.63  Total=34.05  promo=16.65%
  CON:  OR=67.70  AND_pro=19.21  Agg=22.74  Total=109.65  promo=16.65%

--- Iteration 9/10 ---
  CB:   OR=8.99  AND_pro=2.05  Agg=26.20  Total=37.25  promo=16.65%
  CR:   OR=15.75  AND_pro=1.14  Agg=14.23  Total=31.12  promo=16.65%
  CRR:  OR=6.47  AND_pro=1.16  Agg=13.37  Total=20.99  promo=16.65%
  WAH:  OR=3.78  AND_pro=2.18  Agg=30.71  Total=36.67  promo=16.65%
  EW:   OR=56.18  AND_pro=6.64  Agg=16.14  Total=78.97  promo=16.65%
  BS:   OR=33.50  AND_pro=4.65  Agg=11.77  Total=49.92  promo=16.65%
  BSA:  OR=20.76  AND_pro=1.82  Agg=11.23  Total=33.81  promo=16.65%
  CON:  OR=67.89  AND_pro=19.29  Agg=23.50  Total=110.69  promo=16.65%

--- Iteration 10/10 ---
  CB:   OR=8.74  AND_pro=1.66  Agg=26.20  Total=36.60  promo=16.65%
  CR:   OR=15.71  AND_pro=1.14  Agg=13.96  Total=30.82  promo=16.65%
  CRR:  OR=6.47  AND_pro=1.16  Agg=13.38  Total=21.01  promo=16.65%
  WAH:  OR=3.82  AND_pro=2.21  Agg=31.84  Total=37.86  promo=16.65%
  EW:   OR=56.25  AND_pro=6.66  Agg=18.96  Total=81.88  promo=16.65%
  BS:   OR=33.44  AND_pro=4.62  Agg=12.30  Total=50.37  promo=16.65%
  BSA:  OR=20.95  AND_pro=1.81  Agg=11.77  Total=34.53  promo=16.65%
  CON:  OR=67.92  AND_pro=19.28  Agg=25.02  Total=112.23  promo=16.65%

================================================================
  Q14 Correctness Validation
================================================================
  Q14 Result (ComBit):
    promo_revenue = 16.6476  %  (promo_rev=45330799274176 total_rev=272296385352695)
  Consistency: ALL MATCH

[Baseline] DuckDB native SQL  (single run: 905.17 ms)
  SQL ground truth:  promo_revenue = 16.6476 %
[OK] all active backends match DuckDB SQL ground truth (promo_revenue within 0.0000).

================================================================
  Q14 RESULTS (8 measured iterations, median +/- stddev)
================================================================
                  CB (ms)         CR (ms)        CRR (ms)        WAH (ms)        EW (ms)
  -----------------------------------------------------------------------------------------
  OR_date           8.95 +/-  0.25     15.72 +/-  0.05      6.48 +/-  0.15      3.81 +/-  0.06     56.09 +/-  0.22
  AND_pro           1.66 +/-  0.14      1.14 +/-  0.02      1.16 +/-  0.01      2.27 +/-  0.35      6.66 +/-  0.04
  Agg              26.55 +/-  1.13     14.10 +/-  1.30     13.37 +/-  1.80     31.13 +/-  2.15     18.11 +/-  1.41
  -----------------------------------------------------------------------------------------
  TOTAL            37.23 +/-  1.06     30.97 +/-  1.28     21.00 +/-  1.90     37.23 +/-  2.15     80.85 +/-  1.52
================================================================

================================================================
  Q14 BASELINE BACKENDS (no compression / Concise)
================================================================
                  BS (ms)         BSA (ms)        Concise (ms)     BS vs WAH   BSA vs WAH   CON vs WAH
  ----------------------------------------------------------------------------------------------
  OR_date          33.46 +/-  0.11     20.77 +/-  0.09     67.85 +/-  0.16      0.11x      0.18x      0.06x
  AND_pro           4.65 +/-  0.02      1.79 +/-  0.03     19.26 +/-  0.03      0.49x      1.27x      0.12x
  Agg              12.09 +/-  0.25     11.61 +/-  0.25     23.74 +/-  1.28      2.57x      2.68x      1.31x
  ----------------------------------------------------------------------------------------------
  TOTAL            50.17 +/-  0.25     34.06 +/-  0.32    110.94 +/-  1.33      0.74x      1.09x      0.34x
================================================================

  [CSV] Results written to: q14_results_SF10.csv
┌────────────────────┐
│   promo_revenue    │
│       double       │
├────────────────────┤
│ 16.647594941615097 │
└────────────────────┘
  [Breakdown] ComBit   L1=6.19 MiB  L2=1.48 MiB  L3=0.71 MiB  L4=0.43 MiB  total=8.81 MiB
