# cwd=/home/lichenhang/lee/thesis/check/lee/duckdb-dev
# cmd=/home/lichenhang/lee/thesis/check/lee/duckdb-dev/build/release/duckdb /home/lichenhang/lee/thesis/check/lee/duckdb-dev/tpch_sf10.db -c PRAGMA bm_tpch(17);

================================================================
  TPC-H Q17 Benchmark — 8 backends (SF10)
  Single-bitmap two-pass aggregation over is_q17_part.
  TPC-H params: p_brand='Brand#23', p_container='MED BOX'
  Bitmap dirs: tpch_q17_combit tpch_q17_croaring tpch_q17_wah tpch_q17_ewah
  Iterations: 10 (first 2 = warm-up)
================================================================

[Pre-load] Loading 59986052 rows (partkey, quantity, extendedprice) ...
[Pre-load] 59986052 rows in 1348.19 ms  (max_partkey=2000000)

[Load] Loading is_q17_part bitmaps (mode=ALL)...
  WAH load:      0.625 ms
  ComBit load:   1.925 ms
  CRoaring load: 0.217 ms
  CRR load:      0.184 ms
  EWAH load:     0.511 ms
  Bitset load:   3.903 ms (shared by BS / BSA)
  Concise load:  1.074 ms
  WAH      on disk: 0.45 MiB
  ComBit   on disk: 0.27 MiB
  CRoaring on disk: 0.12 MiB (shared by CR / CRR)
  EWAH     on disk: 0.88 MiB

--- Iteration 1/10 (warm-up) ---
  CB:   Pass1=10.70  Pass2=3.70  Total=14.40  avg_yearly=3295493.51
  CR:   Pass1=6.71  Pass2=1.47  Total=8.18  avg_yearly=3295493.51
  CRR:  Pass1=6.51  Pass2=1.45  Total=7.96  avg_yearly=3295493.51
  WAH:  Pass1=7.64  Pass2=2.82  Total=10.46  avg_yearly=3295493.51
  EW:   Pass1=6.40  Pass2=1.57  Total=7.97  avg_yearly=3295493.51
  BS:   Pass1=7.41  Pass2=2.62  Total=10.02  avg_yearly=3295493.51
  BSA:  Pass1=7.22  Pass2=2.47  Total=9.70  avg_yearly=3295493.51
  CON:  Pass1=6.50  Pass2=1.98  Total=8.48  avg_yearly=3295493.51

--- Iteration 2/10 (warm-up) ---
  CB:   Pass1=6.65  Pass2=1.86  Total=8.51  avg_yearly=3295493.51
  CR:   Pass1=5.90  Pass2=1.45  Total=7.35  avg_yearly=3295493.51
  CRR:  Pass1=5.79  Pass2=1.44  Total=7.23  avg_yearly=3295493.51
  WAH:  Pass1=6.86  Pass2=2.81  Total=9.67  avg_yearly=3295493.51
  EW:   Pass1=5.78  Pass2=1.48  Total=7.26  avg_yearly=3295493.51
  BS:   Pass1=6.71  Pass2=2.48  Total=9.19  avg_yearly=3295493.51
  BSA:  Pass1=6.67  Pass2=2.47  Total=9.14  avg_yearly=3295493.51
  CON:  Pass1=6.05  Pass2=1.98  Total=8.03  avg_yearly=3295493.51

--- Iteration 3/10 ---
  CB:   Pass1=6.25  Pass2=1.82  Total=8.06  avg_yearly=3295493.51
  CR:   Pass1=5.54  Pass2=1.44  Total=6.98  avg_yearly=3295493.51
  CRR:  Pass1=5.57  Pass2=1.45  Total=7.02  avg_yearly=3295493.51
  WAH:  Pass1=6.85  Pass2=2.85  Total=9.70  avg_yearly=3295493.51
  EW:   Pass1=5.78  Pass2=1.49  Total=7.27  avg_yearly=3295493.51
  BS:   Pass1=6.70  Pass2=2.48  Total=9.18  avg_yearly=3295493.51
  BSA:  Pass1=6.67  Pass2=2.47  Total=9.14  avg_yearly=3295493.51
  CON:  Pass1=6.03  Pass2=1.98  Total=8.01  avg_yearly=3295493.51

--- Iteration 4/10 ---
  CB:   Pass1=6.22  Pass2=1.80  Total=8.02  avg_yearly=3295493.51
  CR:   Pass1=5.55  Pass2=1.42  Total=6.97  avg_yearly=3295493.51
  CRR:  Pass1=5.56  Pass2=1.44  Total=6.99  avg_yearly=3295493.51
  WAH:  Pass1=6.84  Pass2=2.80  Total=9.63  avg_yearly=3295493.51
  EW:   Pass1=5.75  Pass2=1.49  Total=7.23  avg_yearly=3295493.51
  BS:   Pass1=6.69  Pass2=2.47  Total=9.15  avg_yearly=3295493.51
  BSA:  Pass1=6.67  Pass2=2.46  Total=9.13  avg_yearly=3295493.51
  CON:  Pass1=6.04  Pass2=1.98  Total=8.02  avg_yearly=3295493.51

--- Iteration 5/10 ---
  CB:   Pass1=6.21  Pass2=1.80  Total=8.01  avg_yearly=3295493.51
  CR:   Pass1=5.58  Pass2=1.42  Total=7.00  avg_yearly=3295493.51
  CRR:  Pass1=5.56  Pass2=1.57  Total=7.13  avg_yearly=3295493.51
  WAH:  Pass1=6.88  Pass2=2.92  Total=9.80  avg_yearly=3295493.51
  EW:   Pass1=5.83  Pass2=1.50  Total=7.33  avg_yearly=3295493.51
  BS:   Pass1=6.72  Pass2=2.52  Total=9.24  avg_yearly=3295493.51
  BSA:  Pass1=6.75  Pass2=2.49  Total=9.24  avg_yearly=3295493.51
  CON:  Pass1=6.05  Pass2=1.99  Total=8.04  avg_yearly=3295493.51

--- Iteration 6/10 ---
  CB:   Pass1=6.24  Pass2=1.79  Total=8.03  avg_yearly=3295493.51
  CR:   Pass1=5.58  Pass2=1.42  Total=7.01  avg_yearly=3295493.51
  CRR:  Pass1=5.56  Pass2=1.45  Total=7.01  avg_yearly=3295493.51
  WAH:  Pass1=6.86  Pass2=2.80  Total=9.66  avg_yearly=3295493.51
  EW:   Pass1=5.78  Pass2=1.47  Total=7.25  avg_yearly=3295493.51
  BS:   Pass1=6.76  Pass2=2.48  Total=9.24  avg_yearly=3295493.51
  BSA:  Pass1=6.71  Pass2=2.48  Total=9.18  avg_yearly=3295493.51
  CON:  Pass1=5.93  Pass2=1.98  Total=7.92  avg_yearly=3295493.51

--- Iteration 7/10 ---
  CB:   Pass1=6.21  Pass2=1.80  Total=8.01  avg_yearly=3295493.51
  CR:   Pass1=5.54  Pass2=1.44  Total=6.98  avg_yearly=3295493.51
  CRR:  Pass1=5.54  Pass2=1.45  Total=6.99  avg_yearly=3295493.51
  WAH:  Pass1=6.83  Pass2=2.80  Total=9.63  avg_yearly=3295493.51
  EW:   Pass1=5.78  Pass2=1.49  Total=7.27  avg_yearly=3295493.51
  BS:   Pass1=6.69  Pass2=2.50  Total=9.19  avg_yearly=3295493.51
  BSA:  Pass1=6.68  Pass2=2.48  Total=9.16  avg_yearly=3295493.51
  CON:  Pass1=6.07  Pass2=1.98  Total=8.05  avg_yearly=3295493.51

--- Iteration 8/10 ---
  CB:   Pass1=6.26  Pass2=1.80  Total=8.06  avg_yearly=3295493.51
  CR:   Pass1=5.59  Pass2=1.44  Total=7.03  avg_yearly=3295493.51
  CRR:  Pass1=5.57  Pass2=1.44  Total=7.01  avg_yearly=3295493.51
  WAH:  Pass1=6.83  Pass2=2.82  Total=9.65  avg_yearly=3295493.51
  EW:   Pass1=5.76  Pass2=1.48  Total=7.24  avg_yearly=3295493.51
  BS:   Pass1=6.68  Pass2=2.47  Total=9.16  avg_yearly=3295493.51
  BSA:  Pass1=6.69  Pass2=2.47  Total=9.16  avg_yearly=3295493.51
  CON:  Pass1=6.05  Pass2=1.98  Total=8.03  avg_yearly=3295493.51

--- Iteration 9/10 ---
  CB:   Pass1=6.24  Pass2=1.79  Total=8.03  avg_yearly=3295493.51
  CR:   Pass1=5.55  Pass2=1.44  Total=6.99  avg_yearly=3295493.51
  CRR:  Pass1=5.64  Pass2=1.45  Total=7.08  avg_yearly=3295493.51
  WAH:  Pass1=6.84  Pass2=2.86  Total=9.69  avg_yearly=3295493.51
  EW:   Pass1=5.77  Pass2=1.49  Total=7.25  avg_yearly=3295493.51
  BS:   Pass1=6.67  Pass2=2.48  Total=9.15  avg_yearly=3295493.51
  BSA:  Pass1=6.71  Pass2=2.47  Total=9.18  avg_yearly=3295493.51
  CON:  Pass1=6.05  Pass2=1.98  Total=8.03  avg_yearly=3295493.51

--- Iteration 10/10 ---
  CB:   Pass1=6.19  Pass2=1.80  Total=7.99  avg_yearly=3295493.51
  CR:   Pass1=5.56  Pass2=1.43  Total=6.98  avg_yearly=3295493.51
  CRR:  Pass1=5.53  Pass2=1.43  Total=6.96  avg_yearly=3295493.51
  WAH:  Pass1=6.86  Pass2=2.82  Total=9.67  avg_yearly=3295493.51
  EW:   Pass1=5.74  Pass2=1.49  Total=7.23  avg_yearly=3295493.51
  BS:   Pass1=6.67  Pass2=2.46  Total=9.13  avg_yearly=3295493.51
  BSA:  Pass1=6.67  Pass2=2.46  Total=9.12  avg_yearly=3295493.51
  CON:  Pass1=6.04  Pass2=1.99  Total=8.03  avg_yearly=3295493.51

================================================================
  Q17 Correctness Validation
================================================================
  Q17 Result (ComBit):
    avg_yearly = 3295493.51   (sum_ep×100 = 2306845459)
  Consistency: ALL MATCH

[Baseline] DuckDB native SQL  (single run: 1313.93 ms)
  SQL ground truth:  avg_yearly = 3295493.51
[OK] all active backends match DuckDB SQL ground truth (avg_yearly within 0.00).

================================================================
  Q17 RESULTS (8 measured iterations, median +/- stddev)
================================================================
  CB    Pass1=6.23    +/- 0.02   Pass2=1.80    +/- 0.01   Total=8.02    +/- 0.02  (ms)
  CR    Pass1=5.55    +/- 0.02   Pass2=1.43    +/- 0.01   Total=6.99    +/- 0.02  (ms)
  CRR   Pass1=5.56    +/- 0.03   Pass2=1.45    +/- 0.04   Total=7.01    +/- 0.05  (ms)
  WAH   Pass1=6.84    +/- 0.02   Pass2=2.82    +/- 0.04   Total=9.67    +/- 0.05  (ms)
  EW    Pass1=5.77    +/- 0.02   Pass2=1.49    +/- 0.01   Total=7.25    +/- 0.03  (ms)
  BS    Pass1=6.69    +/- 0.03   Pass2=2.48    +/- 0.02   Total=9.17    +/- 0.04  (ms)
  BSA   Pass1=6.69    +/- 0.03   Pass2=2.47    +/- 0.01   Total=9.16    +/- 0.03  (ms)
  CON   Pass1=6.04    +/- 0.04   Pass2=1.98    +/- 0.00   Total=8.03    +/- 0.04  (ms)
================================================================

  [CSV] Results written to: q17_results_SF10.csv
┌───────────────────┐
│    avg_yearly     │
│      double       │
├───────────────────┤
│ 3295493.512857143 │
└───────────────────┘
  [Breakdown] ComBit   L1=0.06 MiB  L2=0.06 MiB  L3=0.05 MiB  L4=0.01 MiB  total=0.17 MiB
