# cwd=/home/lichenhang/lee/thesis/check/lee/duckdb-dev
# cmd=/home/lichenhang/lee/thesis/check/lee/duckdb-dev/build/release/duckdb /home/lichenhang/lee/thesis/check/lee/duckdb-dev/tpch_sf10.db -c PRAGMA bm_tpch(3);

================================================================
  TPC-H Q3 Benchmark — ComBit vs WAH vs CRoaring vs EWAH (SF10)
  Complement OR shipdate days 1..1169 -> NOT -> AND join_result -> Top-10
  TPC-H params: c_mktsegment='BUILDING', date=1995-03-15
  Iterations: 10 (first 2 = warm-up)
================================================================

[Side-load] orders_meta: 1461923 qualifying orders in 401.749 ms
[Pre-load] lineitem: 59986052 rows (l_orderkey, l_extendedprice, l_discount) in 526.772 ms

[Load] Loading bitmaps (mode=ALL)...
  WAH load:      268.257 ms
  ComBit load:   1493.25 ms
  CRoaring load: 131.549 ms
  CRR load:      165.106 ms
  EWAH load:     244.207 ms
  Bitset load:   4020.74 ms (shared by BS / BSA)
  Concise load:  793.802 ms (incl. universe build)

--- Iteration 1/10 (warm-up) ---
  CB:   OR=271.496  NOT=4.233  AND=0.729  Agg=35.438  Total=311.898  rows=302114
  CR:   OR=277.449  NOT=0.399  AND=12.791  Agg=27.121  Total=317.761  rows=302114
  CRR:  OR=107.337  NOT=0.409  AND=12.69  Agg=25.565  Total=146.003  rows=302114
  WAH:  OR=113.029  NOT=0.309  AND=6.537  Agg=40.512  Total=160.387  rows=302114
  EW:   OR=2711.97  NOT=0.825  AND=7.102  Agg=32.193  Total=2752.09  rows=302114
  BS:   OR=1143.79  NOT=0.325  AND=1.012  Agg=34.58  Total=1179.71  rows=302114
  BSA:  OR=749.806  NOT=0.284  AND=0.651  Agg=35.404  Total=786.147  rows=302114
  CON:  OR=3571.59  NOT=10.571  AND=22.813  Agg=36.354  Total=3641.33  rows=302114

--- Iteration 2/10 (warm-up) ---
  CB:   OR=271.174  NOT=1.124  AND=1.114  Agg=33.492  Total=306.906  rows=302114
  CR:   OR=284.524  NOT=0.439  AND=12.775  Agg=27.141  Total=324.88  rows=302114
  CRR:  OR=109.923  NOT=0.437  AND=12.754  Agg=26.008  Total=149.123  rows=302114
  WAH:  OR=115.488  NOT=0.332  AND=5.268  Agg=40.707  Total=161.797  rows=302114
  EW:   OR=2732.87  NOT=0.772  AND=7.061  Agg=32.096  Total=2772.8  rows=302114
  BS:   OR=1151.36  NOT=0.327  AND=1.012  Agg=34.908  Total=1187.6  rows=302114
  BSA:  OR=761.823  NOT=0.301  AND=0.654  Agg=36.016  Total=798.796  rows=302114
  CON:  OR=3565.16  NOT=11.263  AND=17.68  Agg=36.253  Total=3630.36  rows=302114

--- Iteration 3/10 ---
  CB:   OR=272.165  NOT=1.055  AND=0.693  Agg=33.312  Total=307.227  rows=302114
  CR:   OR=283.809  NOT=0.421  AND=12.735  Agg=27.455  Total=324.422  rows=302114
  CRR:  OR=111.117  NOT=0.438  AND=12.73  Agg=26.219  Total=150.506  rows=302114
  WAH:  OR=115.404  NOT=0.318  AND=5.148  Agg=40.936  Total=161.807  rows=302114
  EW:   OR=2714.89  NOT=0.667  AND=7.058  Agg=31.985  Total=2754.61  rows=302114
  BS:   OR=1151.85  NOT=0.335  AND=1.003  Agg=35.046  Total=1188.24  rows=302114
  BSA:  OR=759.677  NOT=0.304  AND=0.652  Agg=35.791  Total=796.426  rows=302114
  CON:  OR=3556.39  NOT=10.794  AND=22.241  Agg=36.554  Total=3625.98  rows=302114

--- Iteration 4/10 ---
  CB:   OR=273.692  NOT=1.172  AND=1.038  Agg=33.367  Total=309.27  rows=302114
  CR:   OR=283.676  NOT=0.424  AND=12.736  Agg=27.398  Total=324.235  rows=302114
  CRR:  OR=109.51  NOT=0.434  AND=12.72  Agg=25.757  Total=148.423  rows=302114
  WAH:  OR=115.742  NOT=0.33  AND=5.244  Agg=41.02  Total=162.338  rows=302114
  EW:   OR=2717.59  NOT=0.639  AND=7.069  Agg=31.947  Total=2757.24  rows=302114
  BS:   OR=1152.33  NOT=0.335  AND=0.992  Agg=35.165  Total=1188.82  rows=302114
  BSA:  OR=763.913  NOT=0.295  AND=0.662  Agg=35.713  Total=800.585  rows=302114
  CON:  OR=3558.85  NOT=10.77  AND=22.254  Agg=36.581  Total=3628.45  rows=302114

--- Iteration 5/10 ---
  CB:   OR=272.736  NOT=1.146  AND=1.149  Agg=33.558  Total=308.591  rows=302114
  CR:   OR=284.121  NOT=0.408  AND=12.731  Agg=27.374  Total=324.635  rows=302114
  CRR:  OR=109.39  NOT=0.423  AND=12.759  Agg=25.808  Total=148.382  rows=302114
  WAH:  OR=115.192  NOT=0.328  AND=5.325  Agg=40.876  Total=161.722  rows=302114
  EW:   OR=2737.45  NOT=0.64  AND=7.132  Agg=32.539  Total=2777.76  rows=302114
  BS:   OR=1152.23  NOT=0.352  AND=1.009  Agg=35.121  Total=1188.72  rows=302114
  BSA:  OR=763.753  NOT=0.294  AND=0.661  Agg=35.708  Total=800.418  rows=302114
  CON:  OR=3551.21  NOT=10.325  AND=17.91  Agg=36.549  Total=3616  rows=302114

--- Iteration 6/10 ---
  CB:   OR=272.341  NOT=1.097  AND=0.712  Agg=33.251  Total=307.402  rows=302114
  CR:   OR=283.169  NOT=0.412  AND=12.759  Agg=27.414  Total=323.756  rows=302114
  CRR:  OR=109.05  NOT=0.435  AND=12.72  Agg=25.842  Total=148.049  rows=302114
  WAH:  OR=115.618  NOT=0.315  AND=5.204  Agg=41.048  Total=162.187  rows=302114
  EW:   OR=2725.79  NOT=0.642  AND=7.771  Agg=31.86  Total=2766.06  rows=302114
  BS:   OR=1151.31  NOT=0.351  AND=1.017  Agg=34.745  Total=1187.43  rows=302114
  BSA:  OR=763.693  NOT=0.305  AND=0.654  Agg=35.797  Total=800.451  rows=302114
  CON:  OR=3560.64  NOT=10.412  AND=22.621  Agg=36.352  Total=3630.02  rows=302114

--- Iteration 7/10 ---
  CB:   OR=272.942  NOT=1.076  AND=1.067  Agg=33.238  Total=308.324  rows=302114
  CR:   OR=283.803  NOT=0.429  AND=12.792  Agg=27.571  Total=324.596  rows=302114
  CRR:  OR=109.273  NOT=0.436  AND=12.695  Agg=25.718  Total=148.124  rows=302114
  WAH:  OR=114.895  NOT=0.303  AND=5.222  Agg=41.005  Total=161.427  rows=302114
  EW:   OR=2731.7  NOT=0.894  AND=7.04  Agg=31.987  Total=2771.62  rows=302114
  BS:   OR=1150.39  NOT=0.333  AND=1.014  Agg=34.917  Total=1186.65  rows=302114
  BSA:  OR=764.07  NOT=0.299  AND=0.658  Agg=35.59  Total=800.618  rows=302114
  CON:  OR=3548.9  NOT=10.519  AND=17.803  Agg=36.627  Total=3613.85  rows=302114

--- Iteration 8/10 ---
  CB:   OR=272.021  NOT=1.131  AND=0.721  Agg=33.5  Total=307.375  rows=302114
  CR:   OR=283.37  NOT=0.415  AND=12.72  Agg=27.272  Total=323.778  rows=302114
  CRR:  OR=110.149  NOT=0.433  AND=12.725  Agg=25.914  Total=149.224  rows=302114
  WAH:  OR=114.37  NOT=0.329  AND=5.334  Agg=40.986  Total=161.02  rows=302114
  EW:   OR=2726.48  NOT=0.695  AND=7.162  Agg=31.998  Total=2766.33  rows=302114
  BS:   OR=1177.68  NOT=0.342  AND=1.008  Agg=35.091  Total=1214.12  rows=302114
  BSA:  OR=763.071  NOT=0.301  AND=0.654  Agg=35.827  Total=799.854  rows=302114
  CON:  OR=3549.71  NOT=10.396  AND=17.801  Agg=36.667  Total=3614.58  rows=302114

--- Iteration 9/10 ---
  CB:   OR=271.754  NOT=1.076  AND=1.055  Agg=33.765  Total=307.652  rows=302114
  CR:   OR=284.061  NOT=0.426  AND=12.821  Agg=27.703  Total=325.012  rows=302114
  CRR:  OR=110.113  NOT=0.441  AND=12.765  Agg=26.052  Total=149.372  rows=302114
  WAH:  OR=114.646  NOT=0.328  AND=5.2  Agg=40.983  Total=161.158  rows=302114
  EW:   OR=2728.89  NOT=0.662  AND=7.085  Agg=32.071  Total=2768.71  rows=302114
  BS:   OR=1149.41  NOT=0.333  AND=1.011  Agg=34.887  Total=1185.64  rows=302114
  BSA:  OR=762.598  NOT=0.293  AND=0.67  Agg=35.986  Total=799.548  rows=302114
  CON:  OR=3548.68  NOT=10.426  AND=17.637  Agg=36.434  Total=3613.18  rows=302114

--- Iteration 10/10 ---
  CB:   OR=271.549  NOT=1.076  AND=1.113  Agg=33.235  Total=306.975  rows=302114
  CR:   OR=283.599  NOT=0.416  AND=12.751  Agg=27.313  Total=324.08  rows=302114
  CRR:  OR=110.156  NOT=0.427  AND=12.743  Agg=25.765  Total=149.092  rows=302114
  WAH:  OR=114.393  NOT=0.32  AND=5.015  Agg=40.921  Total=160.65  rows=302114
  EW:   OR=2718.67  NOT=0.672  AND=7.09  Agg=32.072  Total=2758.51  rows=302114
  BS:   OR=1193.8  NOT=0.334  AND=1.006  Agg=34.857  Total=1230  rows=302114
  BSA:  OR=763.575  NOT=0.294  AND=0.678  Agg=35.841  Total=800.389  rows=302114
  CON:  OR=3546.84  NOT=10.705  AND=22.446  Agg=36.48  Total=3616.47  rows=302114

[Baseline] DuckDB native SQL Top-10  (single run: 302.97 ms)
[OK] all active backends match DuckDB SQL ground truth (Top-10, revenue within 0.01).

  Q3 Top-10 (revenue DESC, o_orderdate ASC, source=ComBit):
  l_orderkey           revenue  o_orderdate o_shippriority 
  4791171          440715.2185  1995-02-23  0              
  46678469         439855.3250  1995-01-27  0              
  23906758         432728.5737  1995-03-14  0              
  23861382         428739.1368  1995-03-09  0              
  59393639         426036.0662  1995-02-12  0              
  3355202          425100.6657  1995-03-04  0              
  9806272          425088.0568  1995-03-13  0              
  22810436         423231.9690  1995-01-02  0              
  16384100         421478.7294  1995-03-02  0              
  52974151         415367.1195  1995-02-05  0              

================================================================
  Q3 RESULTS (8 measured iterations, median +/- stddev)
================================================================
                  CB (ms)         CR (ms)        CRR (ms)        WAH (ms)        EW (ms)
  -----------------------------------------------------------------------------------------
  OR_ship       272.2530 +/- 0.6538  283.7395 +/- 0.3024  109.8115 +/- 0.6282  115.0435 +/- 0.5032  2726.1325 +/- 7.1986
  NOT             1.0865 +/- 0.0386    0.4185 +/- 0.0068    0.4345 +/- 0.0055    0.3240 +/- 0.0087    0.6645 +/- 0.0796
  AND             1.0465 +/- 0.1849   12.7435 +/- 0.0322   12.7275 +/- 0.0214    5.2130 +/- 0.0948    7.0875 +/- 0.2280
  Agg            33.3395 +/- 0.1777   27.4060 +/- 0.1312   25.8250 +/- 0.1608   40.9845 +/- 0.0531   31.9925 +/- 0.1927
  -----------------------------------------------------------------------------------------
  TOTAL         307.5270 +/- 0.7424  324.3285 +/- 0.4094  148.7575 +/- 0.7718  161.5745 +/- 0.5456  2766.1985 +/- 7.3616

  CB rows: 302114  CR rows: 302114  CRR rows: 302114  WAH rows: 302114  EW rows: 302114
================================================================


================================================================
  Q3 BASELINE BACKENDS (no compression / Concise)
================================================================
                  BS (ms)         BSA (ms)        Concise (ms)     BS vs WAH   BSA vs WAH   CON vs WAH
  ----------------------------------------------------------------------------------------------
  OR_ship       1152.0435 +/- 15.4954  763.6340 +/- 1.3486  3550.4635 +/- 4.8798     0.0999x     0.1507x     0.0324x
  NOT             0.3350 +/- 0.0075    0.2970 +/- 0.0045   10.4725 +/- 0.1737     0.9672x     1.0909x     0.0309x
  AND             1.0085 +/- 0.0072    0.6595 +/- 0.0084   20.0755 +/- 2.3050     5.1691x     7.9045x     0.2597x
  Agg            34.9815 +/- 0.1386   35.7940 +/- 0.1087   36.5515 +/- 0.0969     1.1716x     1.1450x     1.1213x
  ----------------------------------------------------------------------------------------------
  TOTAL         1188.4775 +/- 15.4813  800.4035 +/- 1.3175  3616.2355 +/- 6.6115     0.1360x     0.2019x     0.0447x

  BS rows: 302114  BSA rows: 302114  CON rows: 302114
================================================================

  [CSV] q3_results_SF10.csv
┌────────────┬───────────────┬─────────────┬────────────────┐
│ l_orderkey │    revenue    │ o_orderdate │ o_shippriority │
│   int64    │ decimal(38,4) │    date     │     int32      │
├────────────┼───────────────┼─────────────┼────────────────┤
│    4791171 │   440715.2185 │ 1995-02-23  │              0 │
│   46678469 │   439855.3250 │ 1995-01-27  │              0 │
│   23906758 │   432728.5737 │ 1995-03-14  │              0 │
│   23861382 │   428739.1368 │ 1995-03-09  │              0 │
│   59393639 │   426036.0662 │ 1995-02-12  │              0 │
│    3355202 │   425100.6657 │ 1995-03-04  │              0 │
│    9806272 │   425088.0568 │ 1995-03-13  │              0 │
│   22810436 │   423231.9690 │ 1995-01-02  │              0 │
│   16384100 │   421478.7294 │ 1995-03-02  │              0 │
│   52974151 │   415367.1195 │ 1995-02-05  │              0 │
├────────────┴───────────────┴─────────────┴────────────────┤
│ 10 rows                                         4 columns │
└───────────────────────────────────────────────────────────┘
  [Breakdown] ComBit   L1=27.78 MiB  L2=26.38 MiB  L3=23.56 MiB  L4=16.34 MiB  total=94.06 MiB
