# cwd=/home/lichenhang/lee/thesis/check/lee/duckdb-dev
# cmd=/home/lichenhang/lee/thesis/check/lee/duckdb-dev/build/release/duckdb /home/lichenhang/lee/thesis/check/lee/duckdb-dev/tpch_sf10.db -c PRAGMA bm_tpch(6);

================================================================
  SYSTEM INFORMATION
================================================================
  CPU: INTEL(R) XEON(R) PLATINUM 8576C
  CPU cores: 16
  Memory: 61.4 GB
  Compiler: 13.3.0
  Optimization: enabled (-O)
  AVX-512 VBMI2: enabled
  Sizeof(void*): 8 (64-bit)

================================================================
  TPC-H Q6 Benchmark — ComBit vs WAH vs CRoaring vs EWAH (SF10, in DuckDB)
  Equality encoding on ALL columns (publication-grade)
  Bitmap dirs: tpch_q6_wah tpch_q6_combit tpch_q6_croaring tpch_q6_ewah
  Iterations: 10 (first 2 = warm-up)
  OR discount: 3 bitmaps
  OR quantity: 23 bitmaps
  OR shipdate: 365 bitmaps
  TPC-H params: discount [0.05, 0.07], quantity < 24, shipdate [1994-01-01, 1995-01-01)
================================================================

[Load] Loading bitmaps (mode=ALL)...
  WAH load:         315.9 ms (391 files)
  ComBit load:      533.8 ms (391 files)
  CRoaring load:    90.2 ms (391 files)
  CRoar+Run load:   120.6 ms (391 files)
  EWAH load:        191.0 ms (391 files)
  Bitset load:      1493.0 ms (391 files, shared by BS / BSA)
  Concise load:     971.5 ms (391 files)
  WAH      on disk: 789.93 MiB
  ComBit   on disk: 654.01 MiB
  CRoaring on disk: 325.55 MiB (shared by CR / CRR)
  EWAH     on disk: 1288.04 MiB
  Bitset in mem:    2796.02 MiB (rebuilt from CRoaring at load)
  Concise in mem:   147.14 MiB (rebuilt from CRoaring at load)

================================================================
  COMPRESSION RATIO (Q6-relevant bitmaps only)
================================================================
                 Count    Raw(MB)   ComBit(MB)  WAH(MB)  CRoar(MB)  EWAH(MB)  CB ratio  WAH ratio  CR ratio  EW ratio
  ---------------------------------------------------------------------------------------------------------------
  Discount          3      21.45       14.58    22.08     21.48     21.45      0.68      1.03      1.00      1.00
  Quantity         23     164.47       43.05   121.25     52.79    152.08      0.26      0.74      0.32      0.92
  Shipdate        365    2610.08       74.06    67.54     19.91    133.24      0.03      0.03      0.01      0.05
  ---------------------------------------------------------------------------------------------------------------
  TOTAL           391    2796.00      131.69   210.88     94.17    306.77      0.05      0.08      0.03      0.11


--- Iteration 1/10 (warm-up) ---
  WAH:  OR_disc=15.11  OR_qty=95.02  OR_ship=2398.39  AND=3.92  Decode=35.34  Total=2547.78  rows=1139264
  CB:   OR_disc=2.04  OR_qty=12.05  OR_ship=88.14  AND=1.26  Decode=6.08  Total=109.57  rows=1139264
  CR:   OR_disc=2.22  OR_qty=32.96  OR_ship=204.86  AND=11.40  Decode=1.97  Total=253.42  rows=1139264
  CRR:  OR_disc=2.17  OR_qty=15.24  OR_ship=33.53  AND=10.89  Decode=4.19  Total=66.03  rows=1139264
  EW:   OR_disc=9.70  OR_qty=222.36  OR_ship=875.94  AND=11.18  Decode=16.98  Total=1136.16  rows=1139264
  BS:   OR_disc=3.39  OR_qty=24.27  OR_ship=362.15  AND=1.71  Decode=14.86  Total=406.39  rows=1139264
  BSA:  OR_disc=2.48  OR_qty=15.42  OR_ship=236.60  AND=1.21  Decode=14.77  Total=270.48  rows=1139264
  CON:  OR_disc=41.41  OR_qty=562.61  OR_ship=1139.58  AND=45.22  Decode=19.72  Total=1808.54  rows=1139264

--- Iteration 2/10 (warm-up) ---
  WAH:  OR_disc=11.23  OR_qty=91.91  OR_ship=2392.36  AND=3.89  Decode=35.35  Total=2534.73  rows=1139264
  CB:   OR_disc=2.17  OR_qty=11.98  OR_ship=87.12  AND=1.28  Decode=5.59  Total=108.15  rows=1139264
  CR:   OR_disc=2.22  OR_qty=33.35  OR_ship=204.52  AND=11.43  Decode=2.13  Total=253.65  rows=1139264
  CRR:  OR_disc=2.18  OR_qty=15.29  OR_ship=33.71  AND=10.90  Decode=2.13  Total=64.21  rows=1139264
  EW:   OR_disc=5.65  OR_qty=220.06  OR_ship=874.46  AND=10.96  Decode=12.82  Total=1123.94  rows=1139264
  BS:   OR_disc=3.10  OR_qty=23.10  OR_ship=362.18  AND=1.69  Decode=9.95  Total=400.02  rows=1139264
  BSA:  OR_disc=2.48  OR_qty=15.53  OR_ship=236.61  AND=1.16  Decode=9.58  Total=265.35  rows=1139264
  CON:  OR_disc=29.73  OR_qty=568.75  OR_ship=1143.87  AND=41.42  Decode=20.03  Total=1803.80  rows=1139264

--- Iteration 3/10 ---
  WAH:  OR_disc=10.85  OR_qty=91.81  OR_ship=2401.06  AND=3.87  Decode=35.23  Total=2542.82  rows=1139264
  CB:   OR_disc=2.23  OR_qty=11.98  OR_ship=87.60  AND=1.30  Decode=5.58  Total=108.69  rows=1139264
  CR:   OR_disc=2.21  OR_qty=33.19  OR_ship=204.85  AND=11.48  Decode=4.17  Total=255.90  rows=1139264
  CRR:  OR_disc=2.18  OR_qty=15.27  OR_ship=33.85  AND=10.91  Decode=2.10  Total=64.31  rows=1139264
  EW:   OR_disc=9.35  OR_qty=221.53  OR_ship=878.90  AND=10.90  Decode=12.99  Total=1133.67  rows=1139264
  BS:   OR_disc=3.11  OR_qty=23.04  OR_ship=362.80  AND=1.88  Decode=9.88  Total=400.72  rows=1139264
  BSA:  OR_disc=2.53  OR_qty=15.84  OR_ship=237.13  AND=1.22  Decode=9.63  Total=266.36  rows=1139264
  CON:  OR_disc=32.85  OR_qty=567.98  OR_ship=1142.06  AND=40.40  Decode=19.95  Total=1803.24  rows=1139264

--- Iteration 4/10 ---
  WAH:  OR_disc=10.84  OR_qty=91.72  OR_ship=2399.67  AND=3.91  Decode=35.29  Total=2541.43  rows=1139264
  CB:   OR_disc=2.27  OR_qty=12.02  OR_ship=87.28  AND=1.34  Decode=5.57  Total=108.49  rows=1139264
  CR:   OR_disc=2.16  OR_qty=33.30  OR_ship=204.67  AND=11.42  Decode=4.29  Total=255.84  rows=1139264
  CRR:  OR_disc=2.25  OR_qty=15.49  OR_ship=33.94  AND=11.09  Decode=2.18  Total=64.95  rows=1139264
  EW:   OR_disc=9.42  OR_qty=222.53  OR_ship=887.50  AND=10.96  Decode=16.59  Total=1147.01  rows=1139264
  BS:   OR_disc=3.07  OR_qty=23.14  OR_ship=361.73  AND=1.62  Decode=9.93  Total=399.49  rows=1139264
  BSA:  OR_disc=2.48  OR_qty=15.53  OR_ship=236.74  AND=1.20  Decode=9.52  Total=265.46  rows=1139264
  CON:  OR_disc=32.89  OR_qty=568.25  OR_ship=1145.23  AND=39.81  Decode=20.11  Total=1806.29  rows=1139264

--- Iteration 5/10 ---
  WAH:  OR_disc=11.77  OR_qty=91.62  OR_ship=2400.05  AND=3.89  Decode=35.23  Total=2542.56  rows=1139264
  CB:   OR_disc=2.29  OR_qty=12.04  OR_ship=87.44  AND=1.38  Decode=5.54  Total=108.71  rows=1139264
  CR:   OR_disc=2.23  OR_qty=33.33  OR_ship=204.91  AND=11.42  Decode=3.72  Total=255.62  rows=1139264
  CRR:  OR_disc=2.16  OR_qty=15.19  OR_ship=33.87  AND=10.91  Decode=2.15  Total=64.28  rows=1139264
  EW:   OR_disc=9.31  OR_qty=222.83  OR_ship=882.09  AND=11.00  Decode=19.06  Total=1144.29  rows=1139264
  BS:   OR_disc=3.40  OR_qty=23.00  OR_ship=362.21  AND=1.84  Decode=9.97  Total=400.42  rows=1139264
  BSA:  OR_disc=2.50  OR_qty=15.60  OR_ship=237.02  AND=1.20  Decode=9.51  Total=265.83  rows=1139264
  CON:  OR_disc=32.02  OR_qty=574.97  OR_ship=1146.32  AND=40.34  Decode=20.14  Total=1813.78  rows=1139264

--- Iteration 6/10 ---
  WAH:  OR_disc=11.73  OR_qty=94.55  OR_ship=2400.41  AND=3.90  Decode=35.46  Total=2546.06  rows=1139264
  CB:   OR_disc=2.29  OR_qty=11.96  OR_ship=87.94  AND=1.36  Decode=5.53  Total=109.08  rows=1139264
  CR:   OR_disc=2.23  OR_qty=33.46  OR_ship=205.07  AND=11.46  Decode=2.11  Total=254.33  rows=1139264
  CRR:  OR_disc=2.20  OR_qty=15.39  OR_ship=33.92  AND=10.98  Decode=2.11  Total=64.61  rows=1139264
  EW:   OR_disc=8.38  OR_qty=221.67  OR_ship=886.90  AND=10.99  Decode=19.17  Total=1147.12  rows=1139264
  BS:   OR_disc=3.38  OR_qty=22.97  OR_ship=362.81  AND=1.76  Decode=9.81  Total=400.74  rows=1139264
  BSA:  OR_disc=2.48  OR_qty=15.54  OR_ship=237.17  AND=1.26  Decode=9.63  Total=266.07  rows=1139264
  CON:  OR_disc=32.68  OR_qty=573.41  OR_ship=1148.58  AND=40.58  Decode=19.90  Total=1815.14  rows=1139264

--- Iteration 7/10 ---
  WAH:  OR_disc=11.81  OR_qty=94.34  OR_ship=2396.22  AND=3.90  Decode=35.52  Total=2541.80  rows=1139264
  CB:   OR_disc=2.29  OR_qty=12.07  OR_ship=88.32  AND=1.38  Decode=5.54  Total=109.60  rows=1139264
  CR:   OR_disc=2.43  OR_qty=33.34  OR_ship=204.73  AND=11.40  Decode=2.11  Total=254.02  rows=1139264
  CRR:  OR_disc=2.18  OR_qty=15.28  OR_ship=33.80  AND=10.89  Decode=2.14  Total=64.30  rows=1139264
  EW:   OR_disc=8.43  OR_qty=222.09  OR_ship=880.68  AND=10.89  Decode=13.16  Total=1135.26  rows=1139264
  BS:   OR_disc=3.10  OR_qty=23.15  OR_ship=361.93  AND=1.73  Decode=9.92  Total=399.82  rows=1139264
  BSA:  OR_disc=2.48  OR_qty=15.51  OR_ship=236.70  AND=1.15  Decode=9.56  Total=265.41  rows=1139264
  CON:  OR_disc=32.95  OR_qty=568.67  OR_ship=1144.79  AND=41.00  Decode=20.34  Total=1807.76  rows=1139264

--- Iteration 8/10 ---
  WAH:  OR_disc=11.09  OR_qty=92.11  OR_ship=2403.74  AND=3.88  Decode=35.33  Total=2546.16  rows=1139264
  CB:   OR_disc=2.31  OR_qty=12.01  OR_ship=87.72  AND=1.36  Decode=5.57  Total=108.96  rows=1139264
  CR:   OR_disc=2.23  OR_qty=33.41  OR_ship=204.86  AND=11.46  Decode=3.71  Total=255.67  rows=1139264
  CRR:  OR_disc=2.17  OR_qty=15.29  OR_ship=33.72  AND=10.92  Decode=2.13  Total=64.24  rows=1139264
  EW:   OR_disc=9.32  OR_qty=222.28  OR_ship=878.07  AND=10.90  Decode=16.34  Total=1136.90  rows=1139264
  BS:   OR_disc=3.09  OR_qty=23.10  OR_ship=365.01  AND=1.69  Decode=9.83  Total=402.72  rows=1139264
  BSA:  OR_disc=2.53  OR_qty=15.50  OR_ship=236.94  AND=1.20  Decode=9.54  Total=265.71  rows=1139264
  CON:  OR_disc=32.64  OR_qty=567.11  OR_ship=1146.68  AND=40.85  Decode=20.16  Total=1807.43  rows=1139264

--- Iteration 9/10 ---
  WAH:  OR_disc=11.62  OR_qty=92.05  OR_ship=2396.53  AND=3.87  Decode=35.30  Total=2539.37  rows=1139264
  CB:   OR_disc=2.29  OR_qty=12.10  OR_ship=87.53  AND=1.37  Decode=5.56  Total=108.84  rows=1139264
  CR:   OR_disc=2.25  OR_qty=33.40  OR_ship=204.86  AND=11.41  Decode=3.73  Total=255.66  rows=1139264
  CRR:  OR_disc=2.20  OR_qty=15.40  OR_ship=33.89  AND=10.93  Decode=2.10  Total=64.53  rows=1139264
  EW:   OR_disc=9.32  OR_qty=223.00  OR_ship=884.58  AND=11.02  Decode=16.70  Total=1144.62  rows=1139264
  BS:   OR_disc=3.14  OR_qty=23.19  OR_ship=362.94  AND=1.86  Decode=9.96  Total=401.10  rows=1139264
  BSA:  OR_disc=2.54  OR_qty=15.63  OR_ship=236.63  AND=1.17  Decode=9.61  Total=265.59  rows=1139264
  CON:  OR_disc=32.76  OR_qty=569.30  OR_ship=1145.21  AND=41.66  Decode=20.25  Total=1809.19  rows=1139264

--- Iteration 10/10 ---
  WAH:  OR_disc=11.37  OR_qty=91.83  OR_ship=2400.76  AND=3.87  Decode=35.68  Total=2543.51  rows=1139264
  CB:   OR_disc=2.28  OR_qty=12.03  OR_ship=87.66  AND=1.37  Decode=5.57  Total=108.91  rows=1139264
  CR:   OR_disc=2.21  OR_qty=33.40  OR_ship=204.92  AND=11.47  Decode=3.69  Total=255.69  rows=1139264
  CRR:  OR_disc=2.19  OR_qty=15.26  OR_ship=33.84  AND=10.91  Decode=2.13  Total=64.33  rows=1139264
  EW:   OR_disc=9.31  OR_qty=222.10  OR_ship=887.09  AND=10.98  Decode=13.07  Total=1142.56  rows=1139264
  BS:   OR_disc=3.16  OR_qty=23.45  OR_ship=362.30  AND=1.78  Decode=9.97  Total=400.66  rows=1139264
  BSA:  OR_disc=2.52  OR_qty=15.55  OR_ship=237.47  AND=1.17  Decode=9.53  Total=266.24  rows=1139264
  CON:  OR_disc=32.09  OR_qty=569.74  OR_ship=1146.13  AND=40.04  Decode=20.01  Total=1808.01  rows=1139264

[Baseline] DuckDB native SQL count(*) = 1139264  (single run: 503.35 ms)
[OK] all active backends match DuckDB SQL ground truth (1139264 rows).

================================================================
  RESULTS (8 measured iterations, median ± stddev)
================================================================
                       WAH (ms)              ComBit (ms)         CRoaring (ms)      CRoar+Run (ms)       EWAH (ms)          CB vs WAH   CR vs WAH  CRR vs WAH   EW vs WAH
  --------------------------------------------------------------------------------------------------------------------------------
  OR discount        11.50 ±   0.39         2.29 ±   0.02         2.23 ±   0.08         2.19 ±   0.03         9.31 ±   0.40      5.02x      5.16x      5.26x      1.23x
  OR quantity        91.94 ±   1.13        12.02 ±   0.04        33.37 ±   0.08        15.29 ±   0.09       222.19 ±   0.49      7.65x      2.76x      6.01x      0.41x
  OR shipdate      2400.23 ±   2.29        87.63 ±   0.30       204.86 ±   0.11        33.86 ±   0.06       883.33 ±   3.56     27.39x     11.72x     70.89x      2.72x
  AND (3-way)         3.89 ±   0.02         1.36 ±   0.02        11.44 ±   0.03        10.92 ±   0.06        10.97 ±   0.05      2.85x      0.34x      0.36x      0.35x
  Decode             35.31 ±   0.15         5.56 ±   0.02         3.71 ±   0.80         2.13 ±   0.03        16.46 ±   2.40      6.35x      9.51x     16.60x      2.15x
  --------------------------------------------------------------------------------------------------------------------------------
  TOTAL            2542.69 ±   2.15       108.88 ±   0.31       255.66 ±   0.68        64.32 ±   0.23      1143.42 ±   5.02     23.35x      9.95x     39.53x      2.22x

  WAH rows:        1139264
  ComBit rows:     1139264
  CRoaring rows:   1139264
  CRoar+Run rows:  1139264
  EWAH rows:       1139264
================================================================


================================================================
  Q6 BASELINE BACKENDS (no compression / Concise)
================================================================
                       BS (ms)              BSA (ms)            Concise (ms)        BS vs WAH   BSA vs WAH   CON vs WAH
  -------------------------------------------------------------------------------------------------------------
  OR discount         3.13 ±   0.12         2.51 ±   0.02        32.72 ±   0.34      3.68x      4.58x      0.35x
  OR quantity        23.12 ±   0.14        15.54 ±   0.11       568.99 ±   2.60      3.98x      5.91x      0.16x
  OR shipdate       362.55 ±   0.96       236.98 ±   0.26      1145.68 ±   1.74      6.62x     10.13x      2.10x
  AND (3-way)         1.77 ±   0.08         1.20 ±   0.03        40.49 ±   0.55      2.19x      3.24x      0.10x
  Decode              9.93 ±   0.06         9.55 ±   0.05        20.12 ±   0.14      3.56x      3.70x      1.76x
  -------------------------------------------------------------------------------------------------------------
  TOTAL             400.69 ±   0.91       265.77 ±   0.33      1807.88 ±   3.64      6.35x      9.57x      1.41x

  Bitset rows:         1139264
  Bitset+AVX512 rows:  1139264
  Concise rows:        1139264
================================================================

  [CSV] Results written to: q6_results_SF10.csv
  [CSV] Compression written to: q6_compression_SF10.csv
┌─────────────────┐
│     revenue     │
│  decimal(38,4)  │
├─────────────────┤
│ 1230113636.0101 │
└─────────────────┘
  [Breakdown] ComBit   L1=44.56 MiB  L2=26.02 MiB  L3=10.10 MiB  L4=5.46 MiB  total=86.13 MiB
