# cwd=/home/lichenhang/lee/thesis/check/lee/duckdb-dev
# cmd=/home/lichenhang/lee/thesis/check/lee/duckdb-dev/build/release/duckdb /home/lichenhang/lee/thesis/check/lee/duckdb-dev/tpch_sf10.db -c PRAGMA bm_tpch(8);

================================================================
  TPC-H Q8 Benchmark — ComBit vs WAH vs CRoaring vs EWAH (SF10)
  OR orderdate days 1096..1826 (731 bitmaps)
  AND join_result, then per-year split (1995, 1996), aggregate revenue
  TPC-H params: r_name='AMERICA', p_type='ECONOMY ANODIZED STEEL', BRAZIL nation numerator
  Bitmap dirs: tpch_q8_combit tpch_q8_croaring tpch_q8_wah tpch_q8_ewah
  Iterations: 10 (first 2 = warm-up)
================================================================

[Pre-load] Loading 59986052 rows (l_extendedprice, l_discount) ...
[Pre-load] Done in 792.81 ms

[Load] Loading bitmaps (mode=ALL)...
  WAH load:      80.61 ms
  ComBit load:   1748.84 ms (incl. year/brazil decompress+flatten)
  CRoaring load: 87.296 ms
  CRR load:      107.185 ms
  EWAH load:     58.834 ms
  Bitset load:   2699.6 ms (shared by BS / BSA)
  Concise load:  635.576 ms
  WAH      on disk: 57.41 MiB
  ComBit   on disk: 135.17 MiB
  CRoaring on disk: 42.86 MiB (shared by CR / CRR)
  EWAH     on disk: 93.17 MiB

--- Iteration 1/10 (warm-up) ---
  CB:   OR_date=104.54  AND+Agg=2.74  Total=107.28  rows=24254
  CR:   OR_date=1030.17  AND+Agg=4.55  Total=1034.71  rows=24254
  CRR:  OR_date=35.50  AND+Agg=4.23  Total=39.74  rows=24254
  WAH:  OR_date=17.67  AND+Agg=25.82  Total=43.49  rows=24254
  EW:   OR_date=627.50  AND+Agg=8.89  Total=636.39  rows=24254
  BS:   OR_date=737.74  AND+Agg=17.12  Total=754.87  rows=24254
  BSA:  OR_date=486.74  AND+Agg=14.36  Total=501.10  rows=24254
  CON:  OR_date=876.85  AND+Agg=59.39  Total=936.23  rows=24254

--- Iteration 2/10 (warm-up) ---
  CB:   OR_date=102.90  AND+Agg=2.74  Total=105.64  rows=24254
  CR:   OR_date=1038.75  AND+Agg=4.68  Total=1043.43  rows=24254
  CRR:  OR_date=36.03  AND+Agg=4.32  Total=40.35  rows=24254
  WAH:  OR_date=18.37  AND+Agg=23.64  Total=42.01  rows=24254
  EW:   OR_date=623.29  AND+Agg=8.90  Total=632.19  rows=24254
  BS:   OR_date=736.02  AND+Agg=17.06  Total=753.08  rows=24254
  BSA:  OR_date=485.18  AND+Agg=14.56  Total=499.74  rows=24254
  CON:  OR_date=872.11  AND+Agg=57.60  Total=929.71  rows=24254

--- Iteration 3/10 ---
  CB:   OR_date=102.67  AND+Agg=2.75  Total=105.43  rows=24254
  CR:   OR_date=1039.93  AND+Agg=4.67  Total=1044.60  rows=24254
  CRR:  OR_date=36.13  AND+Agg=4.42  Total=40.56  rows=24254
  WAH:  OR_date=18.35  AND+Agg=24.03  Total=42.38  rows=24254
  EW:   OR_date=624.85  AND+Agg=8.87  Total=633.72  rows=24254
  BS:   OR_date=738.75  AND+Agg=18.35  Total=757.10  rows=24254
  BSA:  OR_date=485.42  AND+Agg=14.28  Total=499.69  rows=24254
  CON:  OR_date=874.34  AND+Agg=57.30  Total=931.64  rows=24254

--- Iteration 4/10 ---
  CB:   OR_date=102.92  AND+Agg=2.71  Total=105.63  rows=24254
  CR:   OR_date=1029.48  AND+Agg=4.70  Total=1034.18  rows=24254
  CRR:  OR_date=35.93  AND+Agg=4.45  Total=40.38  rows=24254
  WAH:  OR_date=18.55  AND+Agg=25.75  Total=44.31  rows=24254
  EW:   OR_date=625.11  AND+Agg=9.04  Total=634.15  rows=24254
  BS:   OR_date=740.84  AND+Agg=17.76  Total=758.60  rows=24254
  BSA:  OR_date=491.26  AND+Agg=14.74  Total=506.00  rows=24254
  CON:  OR_date=886.14  AND+Agg=56.37  Total=942.51  rows=24254

--- Iteration 5/10 ---
  CB:   OR_date=102.39  AND+Agg=2.77  Total=105.16  rows=24254
  CR:   OR_date=1038.63  AND+Agg=4.63  Total=1043.26  rows=24254
  CRR:  OR_date=36.06  AND+Agg=4.39  Total=40.45  rows=24254
  WAH:  OR_date=18.48  AND+Agg=24.22  Total=42.70  rows=24254
  EW:   OR_date=627.81  AND+Agg=9.15  Total=636.96  rows=24254
  BS:   OR_date=739.89  AND+Agg=17.75  Total=757.64  rows=24254
  BSA:  OR_date=487.76  AND+Agg=14.24  Total=502.00  rows=24254
  CON:  OR_date=874.80  AND+Agg=57.16  Total=931.96  rows=24254

--- Iteration 6/10 ---
  CB:   OR_date=102.81  AND+Agg=2.74  Total=105.55  rows=24254
  CR:   OR_date=1043.55  AND+Agg=4.65  Total=1048.20  rows=24254
  CRR:  OR_date=36.32  AND+Agg=4.34  Total=40.67  rows=24254
  WAH:  OR_date=18.41  AND+Agg=23.76  Total=42.17  rows=24254
  EW:   OR_date=625.05  AND+Agg=9.01  Total=634.07  rows=24254
  BS:   OR_date=737.44  AND+Agg=17.58  Total=755.01  rows=24254
  BSA:  OR_date=486.06  AND+Agg=14.57  Total=500.63  rows=24254
  CON:  OR_date=876.04  AND+Agg=57.84  Total=933.88  rows=24254

--- Iteration 7/10 ---
  CB:   OR_date=102.75  AND+Agg=2.76  Total=105.51  rows=24254
  CR:   OR_date=1037.40  AND+Agg=4.74  Total=1042.14  rows=24254
  CRR:  OR_date=36.08  AND+Agg=4.39  Total=40.48  rows=24254
  WAH:  OR_date=18.43  AND+Agg=24.15  Total=42.59  rows=24254
  EW:   OR_date=624.39  AND+Agg=8.93  Total=633.32  rows=24254
  BS:   OR_date=738.33  AND+Agg=17.46  Total=755.80  rows=24254
  BSA:  OR_date=484.97  AND+Agg=14.90  Total=499.87  rows=24254
  CON:  OR_date=874.27  AND+Agg=57.73  Total=932.00  rows=24254

--- Iteration 8/10 ---
  CB:   OR_date=108.89  AND+Agg=2.77  Total=111.66  rows=24254
  CR:   OR_date=1040.15  AND+Agg=4.62  Total=1044.78  rows=24254
  CRR:  OR_date=36.03  AND+Agg=4.38  Total=40.42  rows=24254
  WAH:  OR_date=18.07  AND+Agg=23.81  Total=41.88  rows=24254
  EW:   OR_date=624.49  AND+Agg=8.95  Total=633.43  rows=24254
  BS:   OR_date=741.30  AND+Agg=17.63  Total=758.93  rows=24254
  BSA:  OR_date=485.35  AND+Agg=14.94  Total=500.29  rows=24254
  CON:  OR_date=873.99  AND+Agg=60.51  Total=934.50  rows=24254

--- Iteration 9/10 ---
  CB:   OR_date=102.83  AND+Agg=2.75  Total=105.58  rows=24254
  CR:   OR_date=1042.44  AND+Agg=4.64  Total=1047.08  rows=24254
  CRR:  OR_date=36.16  AND+Agg=4.36  Total=40.52  rows=24254
  WAH:  OR_date=18.41  AND+Agg=23.84  Total=42.25  rows=24254
  EW:   OR_date=624.07  AND+Agg=8.99  Total=633.06  rows=24254
  BS:   OR_date=739.37  AND+Agg=17.05  Total=756.42  rows=24254
  BSA:  OR_date=485.54  AND+Agg=15.02  Total=500.56  rows=24254
  CON:  OR_date=876.24  AND+Agg=57.48  Total=933.71  rows=24254

--- Iteration 10/10 ---
  CB:   OR_date=102.84  AND+Agg=2.74  Total=105.58  rows=24254
  CR:   OR_date=1036.43  AND+Agg=4.64  Total=1041.08  rows=24254
  CRR:  OR_date=36.19  AND+Agg=4.41  Total=40.60  rows=24254
  WAH:  OR_date=18.42  AND+Agg=24.21  Total=42.64  rows=24254
  EW:   OR_date=624.95  AND+Agg=8.97  Total=633.92  rows=24254
  BS:   OR_date=739.08  AND+Agg=17.71  Total=756.79  rows=24254
  BSA:  OR_date=485.27  AND+Agg=14.56  Total=499.83  rows=24254
  CON:  OR_date=875.46  AND+Agg=57.96  Total=933.42  rows=24254

================================================================
  Q8 Correctness Validation
================================================================
  Row counts: WAH=24254 CB=24254 CR=24254 CRR=24254 EW=24254 BS=24254 BSA=24254 CON=24254

  Q8 Results (mkt_share = sum(BRAZIL volume) / sum(volume), per year, ComBit values):
  year  mkt_share
  1995   0.038820
  1996   0.039490
  Consistency: ALL MATCH

[Baseline] DuckDB native SQL: 24254 rows total  (single run: 1983.21 ms)
  SQL ground truth mkt_share: 1995=0.038820  1996=0.039490
[OK] all active backends match DuckDB SQL ground truth (24254 rows total, mkt_share within 1e-6).

================================================================
  Q8 RESULTS (8 measured iterations, median +/- stddev)
================================================================
                  CB (ms)         CR (ms)        CRR (ms)        WAH (ms)        EW (ms)
  -----------------------------------------------------------------------------------------
  OR_date         102.82 +/-  2.04   1039.28 +/-  4.07     36.11 +/-  0.11     18.42 +/-  0.13    624.90 +/-  1.08
  AND+Agg           2.75 +/-  0.02      4.64 +/-  0.04      4.39 +/-  0.03     24.09 +/-  0.60      8.98 +/-  0.08
  -----------------------------------------------------------------------------------------
  TOTAL           105.56 +/-  2.05   1043.93 +/-  4.05     40.50 +/-  0.09     42.48 +/-  0.69    633.82 +/-  1.15

  CB rows:  24254  CR rows:  24254  CRR rows: 24254  WAH rows: 24254  EW rows:  24254
================================================================


================================================================
  Q8 BASELINE BACKENDS (no compression / Concise)
================================================================
                  BS (ms)         BSA (ms)        Concise (ms)     BS vs WAH   BSA vs WAH   CON vs WAH
  ----------------------------------------------------------------------------------------------
  OR_date         739.23 +/-  1.19    485.48 +/-  1.99    875.13 +/-  3.76      0.02x      0.04x      0.02x
  AND+Agg          17.67 +/-  0.34     14.65 +/-  0.28     57.60 +/-  1.13      1.36x      1.64x      0.42x
  ----------------------------------------------------------------------------------------------
  TOTAL           756.95 +/-  1.25    500.42 +/-  1.97    933.57 +/-  3.29      0.06x      0.08x      0.05x

  BS rows:  24254  BSA rows: 24254  CON rows: 24254
================================================================

  [CSV] Results written to: q8_results_SF10.csv
┌────────┬─────────────────────┐
│ o_year │      mkt_share      │
│ int64  │       double        │
├────────┼─────────────────────┤
│   1995 │  0.0388201425143322 │
│   1996 │ 0.03948968749183992 │
└────────┴─────────────────────┘
  [Breakdown] ComBit   L1=13.18 MiB  L2=7.10 MiB  L3=4.46 MiB  L4=10.27 MiB  total=35.01 MiB
